../acados/acados_solver_amon_model.c:94:29:amon_model_acados_create_capsule	0	static
../acados/acados_solver_amon_model.c:103:5:amon_model_acados_free_capsule	8	static
../acados/acados_solver_amon_model.c:118:5:amon_model_acados_update_time_steps	48	static
../acados/acados_solver_amon_model.c:146:6:amon_model_acados_create_set_plan	8	static
../acados/acados_solver_amon_model.c:319:6:amon_model_acados_create_setup_functions	40	static
../acados/acados_solver_amon_model.c:376:6:amon_model_acados_create_set_default_parameters	0	static
../acados/acados_solver_amon_model.c:389:6:amon_model_acados_setup_nlp_in	136	static
../acados/acados_solver_amon_model.c:889:6:amon_model_acados_set_nlp_out	64	static
../acados/acados_solver_amon_model.c:922:5:amon_model_acados_create_precompute	8	static
../acados/acados_solver_amon_model.c:934:5:amon_model_acados_create_with_discretization	280	static
../acados/acados_solver_amon_model.c:110:5:amon_model_acados_create	0	static
../acados/acados_solver_amon_model.c:989:5:amon_model_acados_update_qp_solver_cond_N	16	static
../acados/acados_solver_amon_model.c:1010:5:amon_model_acados_reset	72	static
../acados/acados_solver_amon_model.c:1053:5:amon_model_acados_update_params	16	static
../acados/acados_solver_amon_model.c:1069:5:amon_model_acados_update_params_sparse	24	static
../acados/acados_solver_amon_model.c:1077:5:amon_model_acados_set_p_global_and_precompute_dependencies	0	static
../acados/acados_solver_amon_model.c:1087:5:amon_model_acados_solve	0	static
../acados/acados_solver_amon_model.c:1097:5:amon_model_acados_setup_qp_matrices_and_factorize	0	static
../acados/acados_solver_amon_model.c:1109:5:amon_model_acados_free	24	static
../acados/acados_solver_amon_model.c:1151:6:amon_model_acados_print_stats	816	static
../acados/acados_solver_amon_model.c:1183:5:amon_model_acados_custom_update	8	static
../acados/acados_solver_amon_model.c:1196:13:amon_model_acados_get_nlp_in	0	static
../acados/acados_solver_amon_model.c:1197:14:amon_model_acados_get_nlp_out	0	static
../acados/acados_solver_amon_model.c:1198:14:amon_model_acados_get_sens_out	0	static
../acados/acados_solver_amon_model.c:1199:17:amon_model_acados_get_nlp_solver	0	static
../acados/acados_solver_amon_model.c:1200:17:amon_model_acados_get_nlp_config	0	static
../acados/acados_solver_amon_model.c:1201:7:amon_model_acados_get_nlp_opts	0	static
../acados/acados_solver_amon_model.c:1202:15:amon_model_acados_get_nlp_dims	0	static
../acados/acados_solver_amon_model.c:1203:17:amon_model_acados_get_nlp_plan	0	static
