../acados/acados_solver_amon_model.c:94:29:amon_model_acados_create_capsule	16	static
../acados/acados_solver_amon_model.c:103:5:amon_model_acados_free_capsule	16	static
../acados/acados_solver_amon_model.c:110:5:amon_model_acados_create	24	static
../acados/acados_solver_amon_model.c:118:5:amon_model_acados_update_time_steps	48	static
../acados/acados_solver_amon_model.c:146:6:amon_model_acados_create_set_plan	32	static
../acados/acados_solver_amon_model.c:184:22:amon_model_acados_create_setup_dimensions	136	static
../acados/acados_solver_amon_model.c:319:6:amon_model_acados_create_setup_functions	40	static
../acados/acados_solver_amon_model.c:376:6:amon_model_acados_create_set_default_parameters	16	static
../acados/acados_solver_amon_model.c:389:6:amon_model_acados_setup_nlp_in	168	static
../acados/acados_solver_amon_model.c:771:13:amon_model_acados_create_set_opts	368	static
../acados/acados_solver_amon_model.c:963:6:amon_model_acados_set_nlp_out	72	static
../acados/acados_solver_amon_model.c:994:5:amon_model_acados_create_precompute	24	static
../acados/acados_solver_amon_model.c:1006:5:amon_model_acados_create_with_discretization	56	static
../acados/acados_solver_amon_model.c:1060:5:amon_model_acados_update_qp_solver_cond_N	24	static
../acados/acados_solver_amon_model.c:1081:5:amon_model_acados_reset	72	static
../acados/acados_solver_amon_model.c:1124:5:amon_model_acados_update_params	40	static
../acados/acados_solver_amon_model.c:1140:5:amon_model_acados_update_params_sparse	40	static
../acados/acados_solver_amon_model.c:1148:5:amon_model_acados_set_p_global_and_precompute_dependencies	24	static
../acados/acados_solver_amon_model.c:1158:5:amon_model_acados_solve	24	static
../acados/acados_solver_amon_model.c:1168:5:amon_model_acados_setup_qp_matrices_and_factorize	24	static
../acados/acados_solver_amon_model.c:1180:5:amon_model_acados_free	24	static
../acados/acados_solver_amon_model.c:1218:6:amon_model_acados_print_stats	12976	static
../acados/acados_solver_amon_model.c:1260:5:amon_model_acados_custom_update	24	static
../acados/acados_solver_amon_model.c:1273:13:amon_model_acados_get_nlp_in	16	static
../acados/acados_solver_amon_model.c:1274:14:amon_model_acados_get_nlp_out	16	static
../acados/acados_solver_amon_model.c:1275:14:amon_model_acados_get_sens_out	16	static
../acados/acados_solver_amon_model.c:1276:17:amon_model_acados_get_nlp_solver	16	static
../acados/acados_solver_amon_model.c:1277:17:amon_model_acados_get_nlp_config	16	static
../acados/acados_solver_amon_model.c:1278:7:amon_model_acados_get_nlp_opts	16	static
../acados/acados_solver_amon_model.c:1279:15:amon_model_acados_get_nlp_dims	16	static
../acados/acados_solver_amon_model.c:1280:17:amon_model_acados_get_nlp_plan	16	static
