../acados/acados_solver_amon_model.c:94:29:amon_model_acados_create_capsule	0	static
../acados/acados_solver_amon_model.c:103:5:amon_model_acados_free_capsule	8	static
../acados/acados_solver_amon_model.c:118:5:amon_model_acados_update_time_steps	48	static
../acados/acados_solver_amon_model.c:146:6:amon_model_acados_create_set_plan	8	static
../acados/acados_solver_amon_model.c:319:6:amon_model_acados_create_setup_functions	40	static
../acados/acados_solver_amon_model.c:376:6:amon_model_acados_create_set_default_parameters	0	static
../acados/acados_solver_amon_model.c:389:6:amon_model_acados_setup_nlp_in	136	static
../acados/acados_solver_amon_model.c:886:6:amon_model_acados_set_nlp_out	64	static
../acados/acados_solver_amon_model.c:919:5:amon_model_acados_create_precompute	8	static
../acados/acados_solver_amon_model.c:931:5:amon_model_acados_create_with_discretization	280	static
../acados/acados_solver_amon_model.c:110:5:amon_model_acados_create	0	static
../acados/acados_solver_amon_model.c:985:5:amon_model_acados_update_qp_solver_cond_N	16	static
../acados/acados_solver_amon_model.c:1006:5:amon_model_acados_reset	72	static
../acados/acados_solver_amon_model.c:1049:5:amon_model_acados_update_params	16	static
../acados/acados_solver_amon_model.c:1065:5:amon_model_acados_update_params_sparse	24	static
../acados/acados_solver_amon_model.c:1073:5:amon_model_acados_set_p_global_and_precompute_dependencies	0	static
../acados/acados_solver_amon_model.c:1083:5:amon_model_acados_solve	0	static
../acados/acados_solver_amon_model.c:1093:5:amon_model_acados_setup_qp_matrices_and_factorize	0	static
../acados/acados_solver_amon_model.c:1105:5:amon_model_acados_free	24	static
../acados/acados_solver_amon_model.c:1143:6:amon_model_acados_print_stats	304	static
../acados/acados_solver_amon_model.c:1175:5:amon_model_acados_custom_update	8	static
../acados/acados_solver_amon_model.c:1188:13:amon_model_acados_get_nlp_in	0	static
../acados/acados_solver_amon_model.c:1189:14:amon_model_acados_get_nlp_out	0	static
../acados/acados_solver_amon_model.c:1190:14:amon_model_acados_get_sens_out	0	static
../acados/acados_solver_amon_model.c:1191:17:amon_model_acados_get_nlp_solver	0	static
../acados/acados_solver_amon_model.c:1192:17:amon_model_acados_get_nlp_config	0	static
../acados/acados_solver_amon_model.c:1193:7:amon_model_acados_get_nlp_opts	0	static
../acados/acados_solver_amon_model.c:1194:15:amon_model_acados_get_nlp_dims	0	static
../acados/acados_solver_amon_model.c:1195:17:amon_model_acados_get_nlp_plan	0	static
