../acados/acados_solver_amon_model.c:94:29:amon_model_acados_create_capsule	0	static
../acados/acados_solver_amon_model.c:103:5:amon_model_acados_free_capsule	8	static
../acados/acados_solver_amon_model.c:118:5:amon_model_acados_update_time_steps	48	static
../acados/acados_solver_amon_model.c:146:6:amon_model_acados_create_set_plan	8	static
../acados/acados_solver_amon_model.c:319:6:amon_model_acados_create_setup_functions	40	static
../acados/acados_solver_amon_model.c:397:6:amon_model_acados_setup_nlp_in	136	static
../acados/acados_solver_amon_model.c:931:6:amon_model_acados_set_nlp_out	64	static
../acados/acados_solver_amon_model.c:964:5:amon_model_acados_create_precompute	8	static
../acados/acados_solver_amon_model.c:1031:5:amon_model_acados_update_qp_solver_cond_N	8	static
../acados/acados_solver_amon_model.c:1038:5:amon_model_acados_reset	56	static
../acados/acados_solver_amon_model.c:1073:5:amon_model_acados_update_params	16	static
../acados/acados_solver_amon_model.c:376:6:amon_model_acados_create_set_default_parameters	24	static
../acados/acados_solver_amon_model.c:976:5:amon_model_acados_create_with_discretization	264	static
../acados/acados_solver_amon_model.c:110:5:amon_model_acados_create	0	static
../acados/acados_solver_amon_model.c:1089:5:amon_model_acados_update_params_sparse	24	static
../acados/acados_solver_amon_model.c:1097:5:amon_model_acados_set_p_global_and_precompute_dependencies	0	static
../acados/acados_solver_amon_model.c:1107:5:amon_model_acados_solve	0	static
../acados/acados_solver_amon_model.c:1117:5:amon_model_acados_setup_qp_matrices_and_factorize	0	static
../acados/acados_solver_amon_model.c:1129:5:amon_model_acados_free	24	static
../acados/acados_solver_amon_model.c:1171:6:amon_model_acados_print_stats	12984	static
../acados/acados_solver_amon_model.c:1203:5:amon_model_acados_custom_update	8	static
../acados/acados_solver_amon_model.c:1216:13:amon_model_acados_get_nlp_in	0	static
../acados/acados_solver_amon_model.c:1217:14:amon_model_acados_get_nlp_out	0	static
../acados/acados_solver_amon_model.c:1218:14:amon_model_acados_get_sens_out	0	static
../acados/acados_solver_amon_model.c:1219:17:amon_model_acados_get_nlp_solver	0	static
../acados/acados_solver_amon_model.c:1220:17:amon_model_acados_get_nlp_config	0	static
../acados/acados_solver_amon_model.c:1221:7:amon_model_acados_get_nlp_opts	0	static
../acados/acados_solver_amon_model.c:1222:15:amon_model_acados_get_nlp_dims	0	static
../acados/acados_solver_amon_model.c:1223:17:amon_model_acados_get_nlp_plan	0	static
