../acados/amon_model_expl_vde_adj.c:83:6:amon_model_expl_vde_adj_clear	12	static
../acados/amon_model_expl_vde_adj.c:90:6:amon_model_expl_vde_adj_copy	12	static
../acados/amon_model_expl_vde_adj.c:101:13:amon_model_expl_vde_adj_if_else	0	static
../acados/amon_model_expl_vde_adj.c:103:6:amon_model_expl_vde_adj_scal	0	static
../acados/amon_model_expl_vde_adj.c:109:13:amon_model_expl_vde_adj_dot	0	static
../acados/amon_model_expl_vde_adj.c:116:13:amon_model_expl_vde_adj_house	32	static
../acados/amon_model_expl_vde_adj.c:130:6:amon_model_expl_vde_adj_qr	80	static
../acados/amon_model_expl_vde_adj.c:159:6:amon_model_expl_vde_adj_qr_mv	48	static
../acados/amon_model_expl_vde_adj.c:174:6:amon_model_expl_vde_adj_qr_trs	24	static
../acados/amon_model_expl_vde_adj.c:203:6:amon_model_expl_vde_adj_qr_solve	64	static
../acados/amon_model_expl_vde_adj.c:330:12:amon_model_expl_vde_adj_f1.constprop	760	static
../acados/amon_model_expl_vde_adj.c:224:12:amon_model_expl_vde_adj_qr_singular	20	static
../acados/amon_model_expl_vde_adj.c:243:6:amon_model_expl_vde_adj_qr_colcomb	40	static
../acados/amon_model_expl_vde_adj.c:278:13:amon_model_expl_vde_adj_fmax	0	static
../acados/amon_model_expl_vde_adj.c:287:13:amon_model_expl_vde_adj_fmin	0	static
../acados/amon_model_expl_vde_adj.c:296:13:amon_model_expl_vde_adj_sq	0	static
../acados/amon_model_expl_vde_adj.c:2630:26:amon_model_expl_vde_adj	48	static
../acados/amon_model_expl_vde_adj.c:2634:26:amon_model_expl_vde_adj_alloc_mem	0	static
../acados/amon_model_expl_vde_adj.c:2638:26:amon_model_expl_vde_adj_init_mem	0	static
../acados/amon_model_expl_vde_adj.c:2642:27:amon_model_expl_vde_adj_free_mem	0	static
../acados/amon_model_expl_vde_adj.c:2645:26:amon_model_expl_vde_adj_checkout	0	static
../acados/amon_model_expl_vde_adj.c:2649:27:amon_model_expl_vde_adj_release	0	static
../acados/amon_model_expl_vde_adj.c:2652:27:amon_model_expl_vde_adj_incref	0	static
../acados/amon_model_expl_vde_adj.c:2655:27:amon_model_expl_vde_adj_decref	0	static
../acados/amon_model_expl_vde_adj.c:2658:33:amon_model_expl_vde_adj_n_in	0	static
../acados/amon_model_expl_vde_adj.c:2660:33:amon_model_expl_vde_adj_n_out	0	static
../acados/amon_model_expl_vde_adj.c:2662:34:amon_model_expl_vde_adj_default_in	0	static
../acados/amon_model_expl_vde_adj.c:2668:34:amon_model_expl_vde_adj_name_in	0	static
../acados/amon_model_expl_vde_adj.c:2678:34:amon_model_expl_vde_adj_name_out	0	static
../acados/amon_model_expl_vde_adj.c:2685:40:amon_model_expl_vde_adj_sparsity_in	0	static
../acados/amon_model_expl_vde_adj.c:2695:40:amon_model_expl_vde_adj_sparsity_out	0	static
../acados/amon_model_expl_vde_adj.c:2702:26:amon_model_expl_vde_adj_work	8	static
../acados/amon_model_expl_vde_adj.c:2710:26:amon_model_expl_vde_adj_work_bytes	8	static
