../acados/amon_model_expl_vde_adj.c:83:6:amon_model_expl_vde_adj_clear	12	static
../acados/amon_model_expl_vde_adj.c:90:6:amon_model_expl_vde_adj_copy	12	static
../acados/amon_model_expl_vde_adj.c:101:13:amon_model_expl_vde_adj_if_else	0	static
../acados/amon_model_expl_vde_adj.c:103:6:amon_model_expl_vde_adj_scal	0	static
../acados/amon_model_expl_vde_adj.c:109:13:amon_model_expl_vde_adj_dot	0	static
../acados/amon_model_expl_vde_adj.c:116:13:amon_model_expl_vde_adj_house	32	static
../acados/amon_model_expl_vde_adj.c:130:6:amon_model_expl_vde_adj_qr	80	static
../acados/amon_model_expl_vde_adj.c:159:6:amon_model_expl_vde_adj_qr_mv	48	static
../acados/amon_model_expl_vde_adj.c:174:6:amon_model_expl_vde_adj_qr_trs	24	static
../acados/amon_model_expl_vde_adj.c:203:6:amon_model_expl_vde_adj_qr_solve	64	static
../acados/amon_model_expl_vde_adj.c:330:12:amon_model_expl_vde_adj_f1.constprop	672	static
../acados/amon_model_expl_vde_adj.c:224:12:amon_model_expl_vde_adj_qr_singular	20	static
../acados/amon_model_expl_vde_adj.c:243:6:amon_model_expl_vde_adj_qr_colcomb	40	static
../acados/amon_model_expl_vde_adj.c:278:13:amon_model_expl_vde_adj_fmax	0	static
../acados/amon_model_expl_vde_adj.c:287:13:amon_model_expl_vde_adj_fmin	0	static
../acados/amon_model_expl_vde_adj.c:296:13:amon_model_expl_vde_adj_sq	0	static
../acados/amon_model_expl_vde_adj.c:2134:26:amon_model_expl_vde_adj	48	static
../acados/amon_model_expl_vde_adj.c:2138:26:amon_model_expl_vde_adj_alloc_mem	0	static
../acados/amon_model_expl_vde_adj.c:2142:26:amon_model_expl_vde_adj_init_mem	0	static
../acados/amon_model_expl_vde_adj.c:2146:27:amon_model_expl_vde_adj_free_mem	0	static
../acados/amon_model_expl_vde_adj.c:2149:26:amon_model_expl_vde_adj_checkout	0	static
../acados/amon_model_expl_vde_adj.c:2153:27:amon_model_expl_vde_adj_release	0	static
../acados/amon_model_expl_vde_adj.c:2156:27:amon_model_expl_vde_adj_incref	0	static
../acados/amon_model_expl_vde_adj.c:2159:27:amon_model_expl_vde_adj_decref	0	static
../acados/amon_model_expl_vde_adj.c:2162:33:amon_model_expl_vde_adj_n_in	0	static
../acados/amon_model_expl_vde_adj.c:2164:33:amon_model_expl_vde_adj_n_out	0	static
../acados/amon_model_expl_vde_adj.c:2166:34:amon_model_expl_vde_adj_default_in	0	static
../acados/amon_model_expl_vde_adj.c:2172:34:amon_model_expl_vde_adj_name_in	0	static
../acados/amon_model_expl_vde_adj.c:2182:34:amon_model_expl_vde_adj_name_out	0	static
../acados/amon_model_expl_vde_adj.c:2189:40:amon_model_expl_vde_adj_sparsity_in	0	static
../acados/amon_model_expl_vde_adj.c:2199:40:amon_model_expl_vde_adj_sparsity_out	0	static
../acados/amon_model_expl_vde_adj.c:2206:26:amon_model_expl_vde_adj_work	8	static
../acados/amon_model_expl_vde_adj.c:2214:26:amon_model_expl_vde_adj_work_bytes	8	static
