../acados/amon_model_expl_ode_fun.c:84:6:amon_model_expl_ode_fun_copy	12	static
../acados/amon_model_expl_ode_fun.c:95:6:amon_model_expl_ode_fun_clear	12	static
../acados/amon_model_expl_ode_fun.c:102:13:amon_model_expl_ode_fun_sq	0	static
../acados/amon_model_expl_ode_fun.c:104:13:amon_model_expl_ode_fun_if_else	0	static
../acados/amon_model_expl_ode_fun.c:106:6:amon_model_expl_ode_fun_scal	0	static
../acados/amon_model_expl_ode_fun.c:112:13:amon_model_expl_ode_fun_dot	0	static
../acados/amon_model_expl_ode_fun.c:119:13:amon_model_expl_ode_fun_house	32	static
../acados/amon_model_expl_ode_fun.c:133:6:amon_model_expl_ode_fun_qr	80	static
../acados/amon_model_expl_ode_fun.c:162:6:amon_model_expl_ode_fun_qr_mv	48	static
../acados/amon_model_expl_ode_fun.c:177:6:amon_model_expl_ode_fun_qr_trs	24	static
../acados/amon_model_expl_ode_fun.c:206:6:amon_model_expl_ode_fun_qr_solve	64	static
../acados/amon_model_expl_ode_fun.c:227:12:amon_model_expl_ode_fun_qr_singular	20	static
../acados/amon_model_expl_ode_fun.c:246:6:amon_model_expl_ode_fun_qr_colcomb	40	static
../acados/amon_model_expl_ode_fun.c:281:13:amon_model_expl_ode_fun_fmax	0	static
../acados/amon_model_expl_ode_fun.c:290:13:amon_model_expl_ode_fun_fmin	0	static
../acados/amon_model_expl_ode_fun.c:1478:26:amon_model_expl_ode_fun	424	static
../acados/amon_model_expl_ode_fun.c:1482:26:amon_model_expl_ode_fun_alloc_mem	0	static
../acados/amon_model_expl_ode_fun.c:1486:26:amon_model_expl_ode_fun_init_mem	0	static
../acados/amon_model_expl_ode_fun.c:1490:27:amon_model_expl_ode_fun_free_mem	0	static
../acados/amon_model_expl_ode_fun.c:1493:26:amon_model_expl_ode_fun_checkout	0	static
../acados/amon_model_expl_ode_fun.c:1497:27:amon_model_expl_ode_fun_release	0	static
../acados/amon_model_expl_ode_fun.c:1500:27:amon_model_expl_ode_fun_incref	0	static
../acados/amon_model_expl_ode_fun.c:1503:27:amon_model_expl_ode_fun_decref	0	static
../acados/amon_model_expl_ode_fun.c:1506:33:amon_model_expl_ode_fun_n_in	0	static
../acados/amon_model_expl_ode_fun.c:1508:33:amon_model_expl_ode_fun_n_out	0	static
../acados/amon_model_expl_ode_fun.c:1510:34:amon_model_expl_ode_fun_default_in	0	static
../acados/amon_model_expl_ode_fun.c:1516:34:amon_model_expl_ode_fun_name_in	0	static
../acados/amon_model_expl_ode_fun.c:1525:34:amon_model_expl_ode_fun_name_out	0	static
../acados/amon_model_expl_ode_fun.c:1532:40:amon_model_expl_ode_fun_sparsity_in	0	static
../acados/amon_model_expl_ode_fun.c:1541:40:amon_model_expl_ode_fun_sparsity_out	0	static
../acados/amon_model_expl_ode_fun.c:1548:26:amon_model_expl_ode_fun_work	8	static
../acados/amon_model_expl_ode_fun.c:1556:26:amon_model_expl_ode_fun_work_bytes	8	static
