../acados/amon_model_expl_ode_fun.c:83:6:amon_model_expl_ode_fun_copy	12	static
../acados/amon_model_expl_ode_fun.c:94:6:amon_model_expl_ode_fun_clear	12	static
../acados/amon_model_expl_ode_fun.c:101:13:amon_model_expl_ode_fun_sq	0	static
../acados/amon_model_expl_ode_fun.c:103:13:amon_model_expl_ode_fun_fmax	0	static
../acados/amon_model_expl_ode_fun.c:112:13:amon_model_expl_ode_fun_fmin	0	static
../acados/amon_model_expl_ode_fun.c:121:13:amon_model_expl_ode_fun_if_else	0	static
../acados/amon_model_expl_ode_fun.c:123:6:amon_model_expl_ode_fun_scal	0	static
../acados/amon_model_expl_ode_fun.c:129:13:amon_model_expl_ode_fun_dot	0	static
../acados/amon_model_expl_ode_fun.c:136:13:amon_model_expl_ode_fun_house	32	static
../acados/amon_model_expl_ode_fun.c:150:6:amon_model_expl_ode_fun_qr	80	static
../acados/amon_model_expl_ode_fun.c:179:6:amon_model_expl_ode_fun_qr_mv	48	static
../acados/amon_model_expl_ode_fun.c:194:6:amon_model_expl_ode_fun_qr_trs	24	static
../acados/amon_model_expl_ode_fun.c:223:6:amon_model_expl_ode_fun_qr_solve	64	static
../acados/amon_model_expl_ode_fun.c:244:12:amon_model_expl_ode_fun_qr_singular	20	static
../acados/amon_model_expl_ode_fun.c:263:6:amon_model_expl_ode_fun_qr_colcomb	40	static
../acados/amon_model_expl_ode_fun.c:1563:26:amon_model_expl_ode_fun	552	static
../acados/amon_model_expl_ode_fun.c:1567:26:amon_model_expl_ode_fun_alloc_mem	0	static
../acados/amon_model_expl_ode_fun.c:1571:26:amon_model_expl_ode_fun_init_mem	0	static
../acados/amon_model_expl_ode_fun.c:1575:27:amon_model_expl_ode_fun_free_mem	0	static
../acados/amon_model_expl_ode_fun.c:1578:26:amon_model_expl_ode_fun_checkout	0	static
../acados/amon_model_expl_ode_fun.c:1582:27:amon_model_expl_ode_fun_release	0	static
../acados/amon_model_expl_ode_fun.c:1585:27:amon_model_expl_ode_fun_incref	0	static
../acados/amon_model_expl_ode_fun.c:1588:27:amon_model_expl_ode_fun_decref	0	static
../acados/amon_model_expl_ode_fun.c:1591:33:amon_model_expl_ode_fun_n_in	0	static
../acados/amon_model_expl_ode_fun.c:1593:33:amon_model_expl_ode_fun_n_out	0	static
../acados/amon_model_expl_ode_fun.c:1595:34:amon_model_expl_ode_fun_default_in	0	static
../acados/amon_model_expl_ode_fun.c:1601:34:amon_model_expl_ode_fun_name_in	0	static
../acados/amon_model_expl_ode_fun.c:1610:34:amon_model_expl_ode_fun_name_out	0	static
../acados/amon_model_expl_ode_fun.c:1617:40:amon_model_expl_ode_fun_sparsity_in	0	static
../acados/amon_model_expl_ode_fun.c:1626:40:amon_model_expl_ode_fun_sparsity_out	0	static
../acados/amon_model_expl_ode_fun.c:1633:26:amon_model_expl_ode_fun_work	8	static
../acados/amon_model_expl_ode_fun.c:1641:26:amon_model_expl_ode_fun_work_bytes	8	static
