../acados/amon_model_expl_vde_forw.c:103:6:amon_model_expl_vde_forw_copy	32	static
../acados/amon_model_expl_vde_forw.c:114:6:amon_model_expl_vde_forw_clear	24	static
../acados/amon_model_expl_vde_forw.c:121:13:amon_model_expl_vde_forw_sq	16	static
../acados/amon_model_expl_vde_forw.c:123:13:amon_model_expl_vde_forw_fmax	24	static
../acados/amon_model_expl_vde_forw.c:132:13:amon_model_expl_vde_forw_fmin	24	static
../acados/amon_model_expl_vde_forw.c:141:13:amon_model_expl_vde_forw_if_else	32	static
../acados/amon_model_expl_vde_forw.c:143:6:amon_model_expl_vde_forw_scal	32	static
../acados/amon_model_expl_vde_forw.c:149:13:amon_model_expl_vde_forw_dot	40	static
../acados/amon_model_expl_vde_forw.c:156:13:amon_model_expl_vde_forw_house	72	static
../acados/amon_model_expl_vde_forw.c:170:6:amon_model_expl_vde_forw_qr	88	static
../acados/amon_model_expl_vde_forw.c:199:6:amon_model_expl_vde_forw_qr_mv	56	static
../acados/amon_model_expl_vde_forw.c:214:6:amon_model_expl_vde_forw_qr_trs	48	static
../acados/amon_model_expl_vde_forw.c:243:6:amon_model_expl_vde_forw_qr_solve	48	static
../acados/amon_model_expl_vde_forw.c:264:12:amon_model_expl_vde_forw_qr_singular	64	static
../acados/amon_model_expl_vde_forw.c:283:6:amon_model_expl_vde_forw_qr_colcomb	56	static
../acados/amon_model_expl_vde_forw.c:320:6:amon_model_expl_vde_forw_densify	48	static
../acados/amon_model_expl_vde_forw.c:344:6:amon_model_expl_vde_forw_trans	48	static
../acados/amon_model_expl_vde_forw.c:359:6:amon_model_expl_vde_forw_mtimes	88	static
../acados/amon_model_expl_vde_forw.c:603:12:amon_model_expl_vde_forw_f1	704	static
../acados/amon_model_expl_vde_forw.c:1818:12:amon_model_expl_vde_forw_f2	2744	static
../acados/amon_model_expl_vde_forw.c:21138:12:amon_model_expl_vde_forw_f3	1736	static
../acados/amon_model_expl_vde_forw.c:26225:12:amon_model_expl_vde_forw_f0	128	static
../acados/amon_model_expl_vde_forw.c:26325:26:amon_model_expl_vde_forw	32	static
../acados/amon_model_expl_vde_forw.c:26329:26:amon_model_expl_vde_forw_alloc_mem	4	static
../acados/amon_model_expl_vde_forw.c:26333:26:amon_model_expl_vde_forw_init_mem	16	static
../acados/amon_model_expl_vde_forw.c:26337:27:amon_model_expl_vde_forw_free_mem	16	static
../acados/amon_model_expl_vde_forw.c:26340:26:amon_model_expl_vde_forw_checkout	4	static
../acados/amon_model_expl_vde_forw.c:26344:27:amon_model_expl_vde_forw_release	16	static
../acados/amon_model_expl_vde_forw.c:26347:27:amon_model_expl_vde_forw_incref	4	static
../acados/amon_model_expl_vde_forw.c:26350:27:amon_model_expl_vde_forw_decref	4	static
../acados/amon_model_expl_vde_forw.c:26353:33:amon_model_expl_vde_forw_n_in	4	static
../acados/amon_model_expl_vde_forw.c:26355:33:amon_model_expl_vde_forw_n_out	4	static
../acados/amon_model_expl_vde_forw.c:26357:34:amon_model_expl_vde_forw_default_in	16	static
../acados/amon_model_expl_vde_forw.c:26363:34:amon_model_expl_vde_forw_name_in	16	static
../acados/amon_model_expl_vde_forw.c:26374:34:amon_model_expl_vde_forw_name_out	16	static
../acados/amon_model_expl_vde_forw.c:26383:40:amon_model_expl_vde_forw_sparsity_in	16	static
../acados/amon_model_expl_vde_forw.c:26394:40:amon_model_expl_vde_forw_sparsity_out	16	static
../acados/amon_model_expl_vde_forw.c:26403:26:amon_model_expl_vde_forw_work	24	static
../acados/amon_model_expl_vde_forw.c:26411:26:amon_model_expl_vde_forw_work_bytes	24	static
