../acados/amon_model_expl_vde_forw.c:96:6:amon_model_expl_vde_forw_copy	12	static
../acados/amon_model_expl_vde_forw.c:107:6:amon_model_expl_vde_forw_clear	12	static
../acados/amon_model_expl_vde_forw.c:114:13:amon_model_expl_vde_forw_sq	0	static
../acados/amon_model_expl_vde_forw.c:116:13:amon_model_expl_vde_forw_fmax	0	static
../acados/amon_model_expl_vde_forw.c:125:13:amon_model_expl_vde_forw_fmin	0	static
../acados/amon_model_expl_vde_forw.c:134:13:amon_model_expl_vde_forw_if_else	0	static
../acados/amon_model_expl_vde_forw.c:136:6:amon_model_expl_vde_forw_scal	0	static
../acados/amon_model_expl_vde_forw.c:142:13:amon_model_expl_vde_forw_dot	0	static
../acados/amon_model_expl_vde_forw.c:149:13:amon_model_expl_vde_forw_house	32	static
../acados/amon_model_expl_vde_forw.c:163:6:amon_model_expl_vde_forw_qr	80	static
../acados/amon_model_expl_vde_forw.c:192:6:amon_model_expl_vde_forw_qr_mv	48	static
../acados/amon_model_expl_vde_forw.c:207:6:amon_model_expl_vde_forw_qr_trs	24	static
../acados/amon_model_expl_vde_forw.c:236:6:amon_model_expl_vde_forw_qr_solve	64	static
../acados/amon_model_expl_vde_forw.c:473:12:amon_model_expl_vde_forw_f1.constprop.isra	432	static
../acados/amon_model_expl_vde_forw.c:257:12:amon_model_expl_vde_forw_qr_singular	20	static
../acados/amon_model_expl_vde_forw.c:276:6:amon_model_expl_vde_forw_qr_colcomb	40	static
../acados/amon_model_expl_vde_forw.c:313:6:amon_model_expl_vde_forw_densify	40	static
../acados/amon_model_expl_vde_forw.c:337:6:amon_model_expl_vde_forw_trans	28	static
../acados/amon_model_expl_vde_forw.c:352:6:amon_model_expl_vde_forw_mtimes	72	static
../acados/amon_model_expl_vde_forw.c:1478:12:amon_model_expl_vde_forw_f2.constprop.isra	1632	static
../acados/amon_model_expl_vde_forw.c:11907:12:amon_model_expl_vde_forw_f3.constprop.isra	1136	static
../acados/amon_model_expl_vde_forw.c:16598:26:amon_model_expl_vde_forw	72	static
../acados/amon_model_expl_vde_forw.c:16602:26:amon_model_expl_vde_forw_alloc_mem	0	static
../acados/amon_model_expl_vde_forw.c:16606:26:amon_model_expl_vde_forw_init_mem	0	static
../acados/amon_model_expl_vde_forw.c:16610:27:amon_model_expl_vde_forw_free_mem	0	static
../acados/amon_model_expl_vde_forw.c:16613:26:amon_model_expl_vde_forw_checkout	0	static
../acados/amon_model_expl_vde_forw.c:16617:27:amon_model_expl_vde_forw_release	0	static
../acados/amon_model_expl_vde_forw.c:16620:27:amon_model_expl_vde_forw_incref	0	static
../acados/amon_model_expl_vde_forw.c:16623:27:amon_model_expl_vde_forw_decref	0	static
../acados/amon_model_expl_vde_forw.c:16626:33:amon_model_expl_vde_forw_n_in	0	static
../acados/amon_model_expl_vde_forw.c:16628:33:amon_model_expl_vde_forw_n_out	0	static
../acados/amon_model_expl_vde_forw.c:16630:34:amon_model_expl_vde_forw_default_in	0	static
../acados/amon_model_expl_vde_forw.c:16636:34:amon_model_expl_vde_forw_name_in	0	static
../acados/amon_model_expl_vde_forw.c:16647:34:amon_model_expl_vde_forw_name_out	0	static
../acados/amon_model_expl_vde_forw.c:16656:40:amon_model_expl_vde_forw_sparsity_in	0	static
../acados/amon_model_expl_vde_forw.c:16667:40:amon_model_expl_vde_forw_sparsity_out	0	static
../acados/amon_model_expl_vde_forw.c:16676:26:amon_model_expl_vde_forw_work	8	static
../acados/amon_model_expl_vde_forw.c:16684:26:amon_model_expl_vde_forw_work_bytes	8	static
