../acados/amon_model_expl_vde_adj.c:84:6:amon_model_expl_vde_adj_clear	12	static
../acados/amon_model_expl_vde_adj.c:91:6:amon_model_expl_vde_adj_copy	12	static
../acados/amon_model_expl_vde_adj.c:102:13:amon_model_expl_vde_adj_if_else	0	static
../acados/amon_model_expl_vde_adj.c:104:6:amon_model_expl_vde_adj_scal	0	static
../acados/amon_model_expl_vde_adj.c:110:13:amon_model_expl_vde_adj_dot	0	static
../acados/amon_model_expl_vde_adj.c:117:13:amon_model_expl_vde_adj_house	32	static
../acados/amon_model_expl_vde_adj.c:131:6:amon_model_expl_vde_adj_qr	80	static
../acados/amon_model_expl_vde_adj.c:160:6:amon_model_expl_vde_adj_qr_mv	48	static
../acados/amon_model_expl_vde_adj.c:175:6:amon_model_expl_vde_adj_qr_trs	24	static
../acados/amon_model_expl_vde_adj.c:204:6:amon_model_expl_vde_adj_qr_solve	64	static
../acados/amon_model_expl_vde_adj.c:332:12:amon_model_expl_vde_adj_f1.constprop	760	static
../acados/amon_model_expl_vde_adj.c:225:12:amon_model_expl_vde_adj_qr_singular	20	static
../acados/amon_model_expl_vde_adj.c:244:6:amon_model_expl_vde_adj_qr_colcomb	40	static
../acados/amon_model_expl_vde_adj.c:279:13:amon_model_expl_vde_adj_fmax	0	static
../acados/amon_model_expl_vde_adj.c:288:13:amon_model_expl_vde_adj_fmin	0	static
../acados/amon_model_expl_vde_adj.c:297:13:amon_model_expl_vde_adj_sq	0	static
../acados/amon_model_expl_vde_adj.c:2649:26:amon_model_expl_vde_adj	48	static
../acados/amon_model_expl_vde_adj.c:2653:26:amon_model_expl_vde_adj_alloc_mem	0	static
../acados/amon_model_expl_vde_adj.c:2657:26:amon_model_expl_vde_adj_init_mem	0	static
../acados/amon_model_expl_vde_adj.c:2661:27:amon_model_expl_vde_adj_free_mem	0	static
../acados/amon_model_expl_vde_adj.c:2664:26:amon_model_expl_vde_adj_checkout	0	static
../acados/amon_model_expl_vde_adj.c:2668:27:amon_model_expl_vde_adj_release	0	static
../acados/amon_model_expl_vde_adj.c:2671:27:amon_model_expl_vde_adj_incref	0	static
../acados/amon_model_expl_vde_adj.c:2674:27:amon_model_expl_vde_adj_decref	0	static
../acados/amon_model_expl_vde_adj.c:2677:33:amon_model_expl_vde_adj_n_in	0	static
../acados/amon_model_expl_vde_adj.c:2679:33:amon_model_expl_vde_adj_n_out	0	static
../acados/amon_model_expl_vde_adj.c:2681:34:amon_model_expl_vde_adj_default_in	0	static
../acados/amon_model_expl_vde_adj.c:2687:34:amon_model_expl_vde_adj_name_in	0	static
../acados/amon_model_expl_vde_adj.c:2697:34:amon_model_expl_vde_adj_name_out	0	static
../acados/amon_model_expl_vde_adj.c:2704:40:amon_model_expl_vde_adj_sparsity_in	0	static
../acados/amon_model_expl_vde_adj.c:2714:40:amon_model_expl_vde_adj_sparsity_out	0	static
../acados/amon_model_expl_vde_adj.c:2721:26:amon_model_expl_vde_adj_work	8	static
../acados/amon_model_expl_vde_adj.c:2729:26:amon_model_expl_vde_adj_work_bytes	8	static
