../acados/amon_model_expl_vde_forw.c:99:6:amon_model_expl_vde_forw_copy	12	static
../acados/amon_model_expl_vde_forw.c:110:6:amon_model_expl_vde_forw_clear	12	static
../acados/amon_model_expl_vde_forw.c:117:13:amon_model_expl_vde_forw_sq	0	static
../acados/amon_model_expl_vde_forw.c:119:13:amon_model_expl_vde_forw_if_else	0	static
../acados/amon_model_expl_vde_forw.c:121:6:amon_model_expl_vde_forw_scal	0	static
../acados/amon_model_expl_vde_forw.c:127:13:amon_model_expl_vde_forw_dot	0	static
../acados/amon_model_expl_vde_forw.c:134:13:amon_model_expl_vde_forw_house	32	static
../acados/amon_model_expl_vde_forw.c:148:6:amon_model_expl_vde_forw_qr	80	static
../acados/amon_model_expl_vde_forw.c:177:6:amon_model_expl_vde_forw_qr_mv	48	static
../acados/amon_model_expl_vde_forw.c:192:6:amon_model_expl_vde_forw_qr_trs	24	static
../acados/amon_model_expl_vde_forw.c:221:6:amon_model_expl_vde_forw_qr_solve	64	static
../acados/amon_model_expl_vde_forw.c:242:12:amon_model_expl_vde_forw_qr_singular	20	static
../acados/amon_model_expl_vde_forw.c:261:6:amon_model_expl_vde_forw_qr_colcomb	40	static
../acados/amon_model_expl_vde_forw.c:296:13:amon_model_expl_vde_forw_fmax	0	static
../acados/amon_model_expl_vde_forw.c:305:13:amon_model_expl_vde_forw_fmin	0	static
../acados/amon_model_expl_vde_forw.c:316:6:amon_model_expl_vde_forw_densify	40	static
../acados/amon_model_expl_vde_forw.c:340:6:amon_model_expl_vde_forw_trans	28	static
../acados/amon_model_expl_vde_forw.c:355:6:amon_model_expl_vde_forw_mtimes	72	static
../acados/amon_model_expl_vde_forw.c:1619:12:amon_model_expl_vde_forw_f2.constprop.isra	1456	static
../acados/amon_model_expl_vde_forw.c:16789:12:amon_model_expl_vde_forw_f3.constprop.isra	536	static
../acados/amon_model_expl_vde_forw.c:18531:12:amon_model_expl_vde_forw_f4.constprop.isra	992	static
../acados/amon_model_expl_vde_forw.c:398:6:amon_model_expl_vde_forw_fill	0	static
../acados/amon_model_expl_vde_forw.c:23527:26:amon_model_expl_vde_forw	440	static
../acados/amon_model_expl_vde_forw.c:23531:26:amon_model_expl_vde_forw_alloc_mem	0	static
../acados/amon_model_expl_vde_forw.c:23535:26:amon_model_expl_vde_forw_init_mem	0	static
../acados/amon_model_expl_vde_forw.c:23539:27:amon_model_expl_vde_forw_free_mem	0	static
../acados/amon_model_expl_vde_forw.c:23542:26:amon_model_expl_vde_forw_checkout	0	static
../acados/amon_model_expl_vde_forw.c:23546:27:amon_model_expl_vde_forw_release	0	static
../acados/amon_model_expl_vde_forw.c:23549:27:amon_model_expl_vde_forw_incref	0	static
../acados/amon_model_expl_vde_forw.c:23552:27:amon_model_expl_vde_forw_decref	0	static
../acados/amon_model_expl_vde_forw.c:23555:33:amon_model_expl_vde_forw_n_in	0	static
../acados/amon_model_expl_vde_forw.c:23557:33:amon_model_expl_vde_forw_n_out	0	static
../acados/amon_model_expl_vde_forw.c:23559:34:amon_model_expl_vde_forw_default_in	0	static
../acados/amon_model_expl_vde_forw.c:23565:34:amon_model_expl_vde_forw_name_in	0	static
../acados/amon_model_expl_vde_forw.c:23576:34:amon_model_expl_vde_forw_name_out	0	static
../acados/amon_model_expl_vde_forw.c:23585:40:amon_model_expl_vde_forw_sparsity_in	0	static
../acados/amon_model_expl_vde_forw.c:23596:40:amon_model_expl_vde_forw_sparsity_out	0	static
../acados/amon_model_expl_vde_forw.c:23605:26:amon_model_expl_vde_forw_work	8	static
../acados/amon_model_expl_vde_forw.c:23613:26:amon_model_expl_vde_forw_work_bytes	8	static
