../acados/amon_model_expl_ode_fun.c:83:6:amon_model_expl_ode_fun_copy	12	static
../acados/amon_model_expl_ode_fun.c:94:6:amon_model_expl_ode_fun_clear	12	static
../acados/amon_model_expl_ode_fun.c:101:13:amon_model_expl_ode_fun_sq	0	static
../acados/amon_model_expl_ode_fun.c:103:13:amon_model_expl_ode_fun_fmax	0	static
../acados/amon_model_expl_ode_fun.c:112:13:amon_model_expl_ode_fun_fmin	0	static
../acados/amon_model_expl_ode_fun.c:121:13:amon_model_expl_ode_fun_if_else	0	static
../acados/amon_model_expl_ode_fun.c:123:6:amon_model_expl_ode_fun_scal	0	static
../acados/amon_model_expl_ode_fun.c:129:13:amon_model_expl_ode_fun_dot	0	static
../acados/amon_model_expl_ode_fun.c:136:13:amon_model_expl_ode_fun_house	32	static
../acados/amon_model_expl_ode_fun.c:150:6:amon_model_expl_ode_fun_qr	80	static
../acados/amon_model_expl_ode_fun.c:179:6:amon_model_expl_ode_fun_qr_mv	48	static
../acados/amon_model_expl_ode_fun.c:194:6:amon_model_expl_ode_fun_qr_trs	24	static
../acados/amon_model_expl_ode_fun.c:223:6:amon_model_expl_ode_fun_qr_solve	64	static
../acados/amon_model_expl_ode_fun.c:330:12:amon_model_expl_ode_fun_f1.constprop.isra	544	static
../acados/amon_model_expl_ode_fun.c:244:12:amon_model_expl_ode_fun_qr_singular	20	static
../acados/amon_model_expl_ode_fun.c:263:6:amon_model_expl_ode_fun_qr_colcomb	40	static
../acados/amon_model_expl_ode_fun.c:1568:26:amon_model_expl_ode_fun	32	static
../acados/amon_model_expl_ode_fun.c:1572:26:amon_model_expl_ode_fun_alloc_mem	0	static
../acados/amon_model_expl_ode_fun.c:1576:26:amon_model_expl_ode_fun_init_mem	0	static
../acados/amon_model_expl_ode_fun.c:1580:27:amon_model_expl_ode_fun_free_mem	0	static
../acados/amon_model_expl_ode_fun.c:1583:26:amon_model_expl_ode_fun_checkout	0	static
../acados/amon_model_expl_ode_fun.c:1587:27:amon_model_expl_ode_fun_release	0	static
../acados/amon_model_expl_ode_fun.c:1590:27:amon_model_expl_ode_fun_incref	0	static
../acados/amon_model_expl_ode_fun.c:1593:27:amon_model_expl_ode_fun_decref	0	static
../acados/amon_model_expl_ode_fun.c:1596:33:amon_model_expl_ode_fun_n_in	0	static
../acados/amon_model_expl_ode_fun.c:1598:33:amon_model_expl_ode_fun_n_out	0	static
../acados/amon_model_expl_ode_fun.c:1600:34:amon_model_expl_ode_fun_default_in	0	static
../acados/amon_model_expl_ode_fun.c:1606:34:amon_model_expl_ode_fun_name_in	0	static
../acados/amon_model_expl_ode_fun.c:1615:34:amon_model_expl_ode_fun_name_out	0	static
../acados/amon_model_expl_ode_fun.c:1622:40:amon_model_expl_ode_fun_sparsity_in	0	static
../acados/amon_model_expl_ode_fun.c:1631:40:amon_model_expl_ode_fun_sparsity_out	0	static
../acados/amon_model_expl_ode_fun.c:1638:26:amon_model_expl_ode_fun_work	8	static
../acados/amon_model_expl_ode_fun.c:1646:26:amon_model_expl_ode_fun_work_bytes	8	static
