../acados/amon_model_expl_vde_forw.c:96:6:amon_model_expl_vde_forw_copy	12	static
../acados/amon_model_expl_vde_forw.c:107:6:amon_model_expl_vde_forw_clear	12	static
../acados/amon_model_expl_vde_forw.c:114:13:amon_model_expl_vde_forw_sq	0	static
../acados/amon_model_expl_vde_forw.c:116:13:amon_model_expl_vde_forw_fmax	0	static
../acados/amon_model_expl_vde_forw.c:125:13:amon_model_expl_vde_forw_fmin	0	static
../acados/amon_model_expl_vde_forw.c:134:13:amon_model_expl_vde_forw_if_else	0	static
../acados/amon_model_expl_vde_forw.c:136:6:amon_model_expl_vde_forw_scal	0	static
../acados/amon_model_expl_vde_forw.c:142:13:amon_model_expl_vde_forw_dot	0	static
../acados/amon_model_expl_vde_forw.c:149:13:amon_model_expl_vde_forw_house	32	static
../acados/amon_model_expl_vde_forw.c:163:6:amon_model_expl_vde_forw_qr	80	static
../acados/amon_model_expl_vde_forw.c:192:6:amon_model_expl_vde_forw_qr_mv	48	static
../acados/amon_model_expl_vde_forw.c:207:6:amon_model_expl_vde_forw_qr_trs	24	static
../acados/amon_model_expl_vde_forw.c:236:6:amon_model_expl_vde_forw_qr_solve	64	static
../acados/amon_model_expl_vde_forw.c:473:12:amon_model_expl_vde_forw_f1.constprop.isra	544	static
../acados/amon_model_expl_vde_forw.c:257:12:amon_model_expl_vde_forw_qr_singular	20	static
../acados/amon_model_expl_vde_forw.c:276:6:amon_model_expl_vde_forw_qr_colcomb	40	static
../acados/amon_model_expl_vde_forw.c:313:6:amon_model_expl_vde_forw_densify	40	static
../acados/amon_model_expl_vde_forw.c:337:6:amon_model_expl_vde_forw_trans	28	static
../acados/amon_model_expl_vde_forw.c:352:6:amon_model_expl_vde_forw_mtimes	72	static
../acados/amon_model_expl_vde_forw.c:1694:12:amon_model_expl_vde_forw_f2.constprop.isra	1816	static
../acados/amon_model_expl_vde_forw.c:13067:12:amon_model_expl_vde_forw_f3.constprop.isra	1256	static
../acados/amon_model_expl_vde_forw.c:18254:26:amon_model_expl_vde_forw	72	static
../acados/amon_model_expl_vde_forw.c:18258:26:amon_model_expl_vde_forw_alloc_mem	0	static
../acados/amon_model_expl_vde_forw.c:18262:26:amon_model_expl_vde_forw_init_mem	0	static
../acados/amon_model_expl_vde_forw.c:18266:27:amon_model_expl_vde_forw_free_mem	0	static
../acados/amon_model_expl_vde_forw.c:18269:26:amon_model_expl_vde_forw_checkout	0	static
../acados/amon_model_expl_vde_forw.c:18273:27:amon_model_expl_vde_forw_release	0	static
../acados/amon_model_expl_vde_forw.c:18276:27:amon_model_expl_vde_forw_incref	0	static
../acados/amon_model_expl_vde_forw.c:18279:27:amon_model_expl_vde_forw_decref	0	static
../acados/amon_model_expl_vde_forw.c:18282:33:amon_model_expl_vde_forw_n_in	0	static
../acados/amon_model_expl_vde_forw.c:18284:33:amon_model_expl_vde_forw_n_out	0	static
../acados/amon_model_expl_vde_forw.c:18286:34:amon_model_expl_vde_forw_default_in	0	static
../acados/amon_model_expl_vde_forw.c:18292:34:amon_model_expl_vde_forw_name_in	0	static
../acados/amon_model_expl_vde_forw.c:18303:34:amon_model_expl_vde_forw_name_out	0	static
../acados/amon_model_expl_vde_forw.c:18312:40:amon_model_expl_vde_forw_sparsity_in	0	static
../acados/amon_model_expl_vde_forw.c:18323:40:amon_model_expl_vde_forw_sparsity_out	0	static
../acados/amon_model_expl_vde_forw.c:18332:26:amon_model_expl_vde_forw_work	8	static
../acados/amon_model_expl_vde_forw.c:18340:26:amon_model_expl_vde_forw_work_bytes	8	static
