../acados/amon_model_expl_ode_fun.c:84:6:amon_model_expl_ode_fun_copy	12	static
../acados/amon_model_expl_ode_fun.c:95:6:amon_model_expl_ode_fun_clear	12	static
../acados/amon_model_expl_ode_fun.c:102:13:amon_model_expl_ode_fun_sq	0	static
../acados/amon_model_expl_ode_fun.c:104:13:amon_model_expl_ode_fun_fmax	0	static
../acados/amon_model_expl_ode_fun.c:113:13:amon_model_expl_ode_fun_fmin	0	static
../acados/amon_model_expl_ode_fun.c:122:13:amon_model_expl_ode_fun_if_else	0	static
../acados/amon_model_expl_ode_fun.c:124:6:amon_model_expl_ode_fun_scal	0	static
../acados/amon_model_expl_ode_fun.c:130:13:amon_model_expl_ode_fun_dot	0	static
../acados/amon_model_expl_ode_fun.c:137:13:amon_model_expl_ode_fun_house	32	static
../acados/amon_model_expl_ode_fun.c:151:6:amon_model_expl_ode_fun_qr	80	static
../acados/amon_model_expl_ode_fun.c:180:6:amon_model_expl_ode_fun_qr_mv	48	static
../acados/amon_model_expl_ode_fun.c:195:6:amon_model_expl_ode_fun_qr_trs	24	static
../acados/amon_model_expl_ode_fun.c:224:6:amon_model_expl_ode_fun_qr_solve	64	static
../acados/amon_model_expl_ode_fun.c:332:12:amon_model_expl_ode_fun_f1.constprop.isra	544	static
../acados/amon_model_expl_ode_fun.c:245:12:amon_model_expl_ode_fun_qr_singular	20	static
../acados/amon_model_expl_ode_fun.c:264:6:amon_model_expl_ode_fun_qr_colcomb	40	static
../acados/amon_model_expl_ode_fun.c:1591:26:amon_model_expl_ode_fun	32	static
../acados/amon_model_expl_ode_fun.c:1595:26:amon_model_expl_ode_fun_alloc_mem	0	static
../acados/amon_model_expl_ode_fun.c:1599:26:amon_model_expl_ode_fun_init_mem	0	static
../acados/amon_model_expl_ode_fun.c:1603:27:amon_model_expl_ode_fun_free_mem	0	static
../acados/amon_model_expl_ode_fun.c:1606:26:amon_model_expl_ode_fun_checkout	0	static
../acados/amon_model_expl_ode_fun.c:1610:27:amon_model_expl_ode_fun_release	0	static
../acados/amon_model_expl_ode_fun.c:1613:27:amon_model_expl_ode_fun_incref	0	static
../acados/amon_model_expl_ode_fun.c:1616:27:amon_model_expl_ode_fun_decref	0	static
../acados/amon_model_expl_ode_fun.c:1619:33:amon_model_expl_ode_fun_n_in	0	static
../acados/amon_model_expl_ode_fun.c:1621:33:amon_model_expl_ode_fun_n_out	0	static
../acados/amon_model_expl_ode_fun.c:1623:34:amon_model_expl_ode_fun_default_in	0	static
../acados/amon_model_expl_ode_fun.c:1629:34:amon_model_expl_ode_fun_name_in	0	static
../acados/amon_model_expl_ode_fun.c:1638:34:amon_model_expl_ode_fun_name_out	0	static
../acados/amon_model_expl_ode_fun.c:1645:40:amon_model_expl_ode_fun_sparsity_in	0	static
../acados/amon_model_expl_ode_fun.c:1654:40:amon_model_expl_ode_fun_sparsity_out	0	static
../acados/amon_model_expl_ode_fun.c:1661:26:amon_model_expl_ode_fun_work	8	static
../acados/amon_model_expl_ode_fun.c:1669:26:amon_model_expl_ode_fun_work_bytes	8	static
