../acados/amon_model_expl_vde_adj.c:83:6:amon_model_expl_vde_adj_clear	24	static
../acados/amon_model_expl_vde_adj.c:90:6:amon_model_expl_vde_adj_copy	32	static
../acados/amon_model_expl_vde_adj.c:101:13:amon_model_expl_vde_adj_if_else	32	static
../acados/amon_model_expl_vde_adj.c:103:6:amon_model_expl_vde_adj_scal	32	static
../acados/amon_model_expl_vde_adj.c:109:13:amon_model_expl_vde_adj_dot	40	static
../acados/amon_model_expl_vde_adj.c:116:13:amon_model_expl_vde_adj_house	72	static
../acados/amon_model_expl_vde_adj.c:130:6:amon_model_expl_vde_adj_qr	88	static
../acados/amon_model_expl_vde_adj.c:159:6:amon_model_expl_vde_adj_qr_mv	56	static
../acados/amon_model_expl_vde_adj.c:174:6:amon_model_expl_vde_adj_qr_trs	48	static
../acados/amon_model_expl_vde_adj.c:203:6:amon_model_expl_vde_adj_qr_solve	48	static
../acados/amon_model_expl_vde_adj.c:224:12:amon_model_expl_vde_adj_qr_singular	64	static
../acados/amon_model_expl_vde_adj.c:243:6:amon_model_expl_vde_adj_qr_colcomb	56	static
../acados/amon_model_expl_vde_adj.c:278:13:amon_model_expl_vde_adj_fmax	24	static
../acados/amon_model_expl_vde_adj.c:287:13:amon_model_expl_vde_adj_fmin	24	static
../acados/amon_model_expl_vde_adj.c:296:13:amon_model_expl_vde_adj_sq	16	static
../acados/amon_model_expl_vde_adj.c:331:12:amon_model_expl_vde_adj_f1	1256	static
../acados/amon_model_expl_vde_adj.c:2582:12:amon_model_expl_vde_adj_f0	64	static
../acados/amon_model_expl_vde_adj.c:2607:26:amon_model_expl_vde_adj	32	static
../acados/amon_model_expl_vde_adj.c:2611:26:amon_model_expl_vde_adj_alloc_mem	4	static
../acados/amon_model_expl_vde_adj.c:2615:26:amon_model_expl_vde_adj_init_mem	16	static
../acados/amon_model_expl_vde_adj.c:2619:27:amon_model_expl_vde_adj_free_mem	16	static
../acados/amon_model_expl_vde_adj.c:2622:26:amon_model_expl_vde_adj_checkout	4	static
../acados/amon_model_expl_vde_adj.c:2626:27:amon_model_expl_vde_adj_release	16	static
../acados/amon_model_expl_vde_adj.c:2629:27:amon_model_expl_vde_adj_incref	4	static
../acados/amon_model_expl_vde_adj.c:2632:27:amon_model_expl_vde_adj_decref	4	static
../acados/amon_model_expl_vde_adj.c:2635:33:amon_model_expl_vde_adj_n_in	4	static
../acados/amon_model_expl_vde_adj.c:2637:33:amon_model_expl_vde_adj_n_out	4	static
../acados/amon_model_expl_vde_adj.c:2639:34:amon_model_expl_vde_adj_default_in	16	static
../acados/amon_model_expl_vde_adj.c:2645:34:amon_model_expl_vde_adj_name_in	16	static
../acados/amon_model_expl_vde_adj.c:2655:34:amon_model_expl_vde_adj_name_out	16	static
../acados/amon_model_expl_vde_adj.c:2662:40:amon_model_expl_vde_adj_sparsity_in	16	static
../acados/amon_model_expl_vde_adj.c:2672:40:amon_model_expl_vde_adj_sparsity_out	16	static
../acados/amon_model_expl_vde_adj.c:2679:26:amon_model_expl_vde_adj_work	24	static
../acados/amon_model_expl_vde_adj.c:2687:26:amon_model_expl_vde_adj_work_bytes	24	static
