../acados/acados_c/dense_qp_interface.c:60:19:dense_qp_config_create	16	static
../acados/acados_c/dense_qp_interface.c:102:16:dense_qp_dims_create	8	static
../acados/acados_c/dense_qp_interface.c:113:14:dense_qp_in_create	8	static
../acados/acados_c/dense_qp_interface.c:124:15:dense_qp_out_create	8	static
../acados/acados_c/dense_qp_interface.c:135:7:dense_qp_opts_create	16	static
../acados/acados_c/dense_qp_interface.c:148:15:dense_qp_calculate_size	24	static
../acados/acados_c/dense_qp_interface.c:158:18:dense_qp_assign	32	static
../acados/acados_c/dense_qp_interface.c:181:18:dense_qp_create	16	static
../acados/acados_c/dense_qp_interface.c:192:5:dense_qp_solve	16	static
../acados/acados_c/dense_qp_interface.c:217:6:dense_qp_inf_norm_residuals	24	static
../acados/acados_c/dense_qp_interface.c:229:6:dense_qp_set_field_double_array	16	static
../acados/acados_c/dense_qp_interface.c:292:6:dense_qp_set_field_int_array	16	static
../acados/acados_c/dense_qp_interface.c:311:6:dense_qp_get_field_double_array	16	static
../acados/acados_c/dense_qp_interface.c:373:6:dense_qp_get_field_int_array	16	static
