C:/DATA/Projects/Amon_Board/Firmware/Amon_board_firmware-STM32H743/acados/acados/utils/strsep.h:42:20:extract_module_name	32	static
../acados/acados_c/ocp_nlp_interface.c:76:22:ocp_nlp_plan_calculate_size	24	static
../acados/acados_c/ocp_nlp_interface.c:89:24:ocp_nlp_plan_assign	24	static
../acados/acados_c/ocp_nlp_interface.c:115:13:ocp_nlp_plan_initialize_default	24	static
../acados/acados_c/ocp_nlp_interface.c:158:17:ocp_nlp_plan_create	32	static
../acados/acados_c/ocp_nlp_interface.c:173:6:ocp_nlp_plan_destroy	16	static
../acados/acados_c/ocp_nlp_interface.c:184:17:ocp_nlp_config_create	40	static
../acados/acados_c/ocp_nlp_interface.c:374:6:ocp_nlp_config_destroy	16	static
../acados/acados_c/ocp_nlp_interface.c:384:15:ocp_nlp_dims_create	32	static
../acados/acados_c/ocp_nlp_interface.c:401:6:ocp_nlp_dims_destroy	24	static
../acados/acados_c/ocp_nlp_interface.c:413:13:ocp_nlp_in_create	32	static
../acados/acados_c/ocp_nlp_interface.c:428:6:ocp_nlp_in_destroy	24	static
../acados/acados_c/ocp_nlp_interface.c:436:6:ocp_nlp_in_set	40	static
../acados/acados_c/ocp_nlp_interface.c:461:6:ocp_nlp_in_set_params_sparse	32	static
../acados/acados_c/ocp_nlp_interface.c:475:6:ocp_nlp_in_get	40	static
../acados/acados_c/ocp_nlp_interface.c:505:5:ocp_nlp_dynamics_model_set	48	static
../acados/acados_c/ocp_nlp_interface.c:517:5:ocp_nlp_cost_model_set	48	static
../acados/acados_c/ocp_nlp_interface.c:524:5:ocp_nlp_cost_model_get	48	static
../acados/acados_c/ocp_nlp_interface.c:531:5:ocp_nlp_constraints_model_set	56	static
../acados/acados_c/ocp_nlp_interface.c:546:5:ocp_nlp_dynamics_model_set_external_param_fun	48	static
../acados/acados_c/ocp_nlp_interface.c:564:5:ocp_nlp_cost_model_set_external_param_fun	48	static
../acados/acados_c/ocp_nlp_interface.c:581:5:ocp_nlp_constraints_model_set_external_param_fun	48	static
../acados/acados_c/ocp_nlp_interface.c:598:6:ocp_nlp_constraints_model_get	48	static
../acados/acados_c/ocp_nlp_interface.c:615:14:ocp_nlp_out_create	32	static
../acados/acados_c/ocp_nlp_interface.c:630:6:ocp_nlp_out_destroy	24	static
../acados/acados_c/ocp_nlp_interface.c:638:6:ocp_nlp_out_set	56	static
../acados/acados_c/ocp_nlp_interface.c:682:6:ocp_nlp_out_set_values_to_zero	32	static
../acados/acados_c/ocp_nlp_interface.c:695:6:ocp_nlp_out_get	72	static
../acados/acados_c/ocp_nlp_interface.c:748:5:ocp_nlp_dims_get_total_from_attr	24	static
../acados/acados_c/ocp_nlp_interface.c:814:5:ocp_nlp_dims_get_from_attr	40	static
../acados/acados_c/ocp_nlp_interface.c:929:6:ocp_nlp_constraint_dims_get_from_attr	32	static
../acados/acados_c/ocp_nlp_interface.c:999:6:ocp_nlp_qp_dims_get_from_attr	56	static
../acados/acados_c/ocp_nlp_interface.c:1230:6:ocp_nlp_cost_dims_get_from_attr	32	static
../acados/acados_c/ocp_nlp_interface.c:1293:7:ocp_nlp_solver_opts_create	32	static
../acados/acados_c/ocp_nlp_interface.c:1309:6:ocp_nlp_solver_opts_set	32	static
../acados/acados_c/ocp_nlp_interface.c:1315:6:ocp_nlp_solver_opts_get	32	static
../acados/acados_c/ocp_nlp_interface.c:1321:6:ocp_nlp_solver_opts_set_at_stage	40	static
../acados/acados_c/ocp_nlp_interface.c:1327:6:ocp_nlp_solver_opts_destroy	16	static
../acados/acados_c/ocp_nlp_interface.c:1338:22:ocp_nlp_calculate_size	40	static
../acados/acados_c/ocp_nlp_interface.c:1350:24:ocp_nlp_assign	48	static
../acados/acados_c/ocp_nlp_interface.c:1376:17:ocp_nlp_solver_create	48	static
../acados/acados_c/ocp_nlp_interface.c:1391:6:ocp_nlp_solver_destroy	16	static
../acados/acados_c/ocp_nlp_interface.c:1398:6:ocp_nlp_solver_reset_qp_memory	48	static
../acados/acados_c/ocp_nlp_interface.c:1405:5:ocp_nlp_solve	48	static
../acados/acados_c/ocp_nlp_interface.c:1412:5:ocp_nlp_setup_qp_matrices_and_factorize	48	static
../acados/acados_c/ocp_nlp_interface.c:1419:5:ocp_nlp_precompute	48	static
../acados/acados_c/ocp_nlp_interface.c:1427:6:ocp_nlp_eval_param_sens	64	static
../acados/acados_c/ocp_nlp_interface.c:1435:6:ocp_nlp_eval_lagrange_grad_p	56	static
../acados/acados_c/ocp_nlp_interface.c:1441:6:ocp_nlp_eval_residuals	56	static
../acados/acados_c/ocp_nlp_interface.c:1448:6:ocp_nlp_eval_cost	72	static
../acados/acados_c/ocp_nlp_interface.c:1463:6:ocp_nlp_eval_constraints	72	static
../acados/acados_c/ocp_nlp_interface.c:1479:6:ocp_nlp_eval_params_jac	64	static
../acados/acados_c/ocp_nlp_interface.c:1495:6:ocp_nlp_eval_solution_sens_adj_p	64	static
../acados/acados_c/ocp_nlp_interface.c:1501:6:ocp_nlp_get	40	static
../acados/acados_c/ocp_nlp_interface.c:1508:13:get_from_qp_in	160	static
../acados/acados_c/ocp_nlp_interface.c:1688:6:ocp_nlp_get_at_stage	424	static
../acados/acados_c/ocp_nlp_interface.c:1878:6:ocp_nlp_get_from_iterate	56	static
../acados/acados_c/ocp_nlp_interface.c:1898:6:ocp_nlp_get_all	64	static
../acados/acados_c/ocp_nlp_interface.c:2002:6:ocp_nlp_set_all	80	static
../acados/acados_c/ocp_nlp_interface.c:2105:6:ocp_nlp_set	80	static
../acados/acados_c/ocp_nlp_interface.c:2149:6:_write_json	40	static
../acados/acados_c/ocp_nlp_interface.c:2197:6:ocp_nlp_dump_last_qp_to_json	504	static
