../acados/acados_c/ocp_qp_interface.c:91:6:ocp_qp_xcond_solver_config_initialize_from_plan	8	static
../acados/acados_c/ocp_qp_interface.c:262:29:ocp_qp_xcond_solver_config_create	16	static
../acados/acados_c/ocp_qp_interface.c:185:29:ocp_qp_xcond_solver_config_create_from_name	8	static
../acados/acados_c/ocp_qp_interface.c:275:6:ocp_qp_xcond_solver_config_free	0	static
../acados/acados_c/ocp_qp_interface.c:284:14:ocp_qp_dims_create	8	static
../acados/acados_c/ocp_qp_interface.c:298:6:ocp_qp_dims_free	0	static
../acados/acados_c/ocp_qp_interface.c:304:27:ocp_qp_xcond_solver_dims_create	16	static
../acados/acados_c/ocp_qp_interface.c:317:6:ocp_qp_xcond_solver_dims_set	0	static
../acados/acados_c/ocp_qp_interface.c:325:27:ocp_qp_xcond_solver_dims_create_from_ocp_qp_dims	56	static
../acados/acados_c/ocp_qp_interface.c:361:6:ocp_qp_xcond_solver_dims_free	0	static
../acados/acados_c/ocp_qp_interface.c:378:12:ocp_qp_in_create	8	static
../acados/acados_c/ocp_qp_interface.c:370:12:ocp_qp_in_create_from_xcond_dims	0	static
../acados/acados_c/ocp_qp_interface.c:390:6:ocp_qp_in_set	4	static
../acados/acados_c/ocp_qp_interface.c:398:6:ocp_qp_in_free	0	static
../acados/acados_c/ocp_qp_interface.c:416:13:ocp_qp_out_create	8	static
../acados/acados_c/ocp_qp_interface.c:408:13:ocp_qp_out_create_from_xcond_dims	0	static
../acados/acados_c/ocp_qp_interface.c:429:6:ocp_qp_out_free	0	static
../acados/acados_c/ocp_qp_interface.c:435:6:ocp_qp_out_get	32	static
../acados/acados_c/ocp_qp_interface.c:484:7:ocp_qp_xcond_solver_opts_create	16	static
../acados/acados_c/ocp_qp_interface.c:499:6:ocp_qp_xcond_solver_opts_free	0	static
../acados/acados_c/ocp_qp_interface.c:505:6:ocp_qp_xcond_solver_opts_set	0	static
../acados/acados_c/ocp_qp_interface.c:513:15:ocp_qp_calculate_size	24	static
../acados/acados_c/ocp_qp_interface.c:525:16:ocp_qp_assign	32	static
../acados/acados_c/ocp_qp_interface.c:550:16:ocp_qp_create	16	static
../acados/acados_c/ocp_qp_interface.c:567:5:ocp_qp_solve	32	static
../acados/acados_c/ocp_qp_interface.c:573:6:ocp_qp_xcond_solver_get_scalar	32	static
../acados/acados_c/ocp_qp_interface.c:598:6:ocp_qp_solver_destroy	0	static
../acados/acados_c/ocp_qp_interface.c:628:6:ocp_qp_inf_norm_residuals	24	static
