../acados/acados_c/sim_interface.c:53:13:sim_config_create	32	static
../acados/acados_c/sim_interface.c:92:6:sim_config_destroy	16	static
../acados/acados_c/sim_interface.c:103:7:sim_dims_create	32	static
../acados/acados_c/sim_interface.c:118:6:sim_dims_destroy	16	static
../acados/acados_c/sim_interface.c:125:6:sim_dims_set	32	static
../acados/acados_c/sim_interface.c:132:6:sim_dims_get	32	static
../acados/acados_c/sim_interface.c:138:6:sim_dims_get_from_attr	32	static
../acados/acados_c/sim_interface.c:219:9:sim_in_create	32	static
../acados/acados_c/sim_interface.c:232:6:sim_in_destroy	16	static
../acados/acados_c/sim_interface.c:239:5:sim_in_set	32	static
../acados/acados_c/sim_interface.c:251:10:sim_out_create	32	static
../acados/acados_c/sim_interface.c:264:6:sim_out_destroy	16	static
../acados/acados_c/sim_interface.c:271:5:sim_out_get	32	static
../acados/acados_c/sim_interface.c:281:7:sim_opts_create	32	static
../acados/acados_c/sim_interface.c:296:6:sim_opts_destroy	16	static
../acados/acados_c/sim_interface.c:302:6:sim_opts_set	32	static
../acados/acados_c/sim_interface.c:308:6:sim_opts_get	32	static
../acados/acados_c/sim_interface.c:314:6:sim_memory_get	40	static
../acados/acados_c/sim_interface.c:323:15:sim_calculate_size	40	static
../acados/acados_c/sim_interface.c:336:13:sim_assign	48	static
../acados/acados_c/sim_interface.c:363:13:sim_solver_create	48	static
../acados/acados_c/sim_interface.c:378:6:sim_solver_destroy	16	static
../acados/acados_c/sim_interface.c:385:5:sim_solve	48	static
../acados/acados_c/sim_interface.c:392:5:sim_precompute	40	static
../acados/acados_c/sim_interface.c:399:5:sim_solver_set	40	static
