../acados/acados/ocp_nlp/ocp_nlp_sqp_rti.c:1222:6:ocp_nlp_sqp_rti_memory_reset_qp_solver	8	static
../acados/acados/ocp_nlp/ocp_nlp_sqp_rti.c:1426:6:ocp_nlp_sqp_rti_terminate	0	static
../acados/acados/ocp_nlp/ocp_nlp_sqp_rti.c:1436:6:ocp_nlp_sqp_rti_is_real_time_algorithm	0	static
../acados/acados/ocp_nlp/ocp_nlp_sqp_rti.c:1441:6:ocp_nlp_sqp_rti_config_initialize_default	0	static
../acados/acados/ocp_nlp/ocp_nlp_sqp_rti.c:68:15:ocp_nlp_sqp_rti_opts_calculate_size	8	static
../acados/acados/ocp_nlp/ocp_nlp_sqp_rti.c:105:6:ocp_nlp_sqp_rti_opts_initialize_default	8	static
../acados/acados/ocp_nlp/ocp_nlp_sqp_rti.c:129:6:ocp_nlp_sqp_rti_opts_update	4	static
../acados/acados/ocp_nlp/ocp_nlp_sqp_rti.c:217:6:ocp_nlp_sqp_rti_opts_set_at_stage	0	static
../acados/acados/ocp_nlp/ocp_nlp_sqp_rti.c:232:15:ocp_nlp_sqp_rti_memory_calculate_size	24	static
../acados/acados/ocp_nlp/ocp_nlp_sqp_rti.c:266:7:ocp_nlp_sqp_rti_memory_assign	56	static
../acados/acados/ocp_nlp/ocp_nlp_sqp_rti.c:317:15:ocp_nlp_sqp_rti_workspace_calculate_size	8	static
../acados/acados/ocp_nlp/ocp_nlp_sqp_rti.c:1134:5:ocp_nlp_sqp_rti_setup_qp_matrices_and_factorize	4	static
../acados/acados/ocp_nlp/ocp_nlp_sqp_rti.c:1201:6:ocp_nlp_sqp_rti_eval_kkt_residual	48	static
../acados/acados/ocp_nlp/ocp_nlp_sqp_rti.c:1264:6:ocp_nlp_sqp_rti_eval_param_sens	80	static
../acados/acados/ocp_nlp/ocp_nlp_sqp_rti.c:1290:6:ocp_nlp_sqp_rti_eval_lagr_grad_p	4	static
../acados/acados/ocp_nlp/ocp_nlp_sqp_rti.c:1309:6:ocp_nlp_sqp_rti_eval_solution_sens_adj_p	4	static
../acados/acados/ocp_nlp/ocp_nlp_sqp_rti.c:84:7:ocp_nlp_sqp_rti_opts_assign	24	static
../acados/acados/ocp_nlp/ocp_nlp_sqp_rti.c:1382:6:ocp_nlp_sqp_rti_opts_get	16	static
../acados/acados/ocp_nlp/ocp_nlp_sqp_rti.c:1407:6:ocp_nlp_sqp_rti_work_get	16	static
C:/DATA/Projects/Amon_Board/Firmware/Amon_board_firmware-STM32H743/acados/acados/utils/strsep.h:42:20:extract_module_name.constprop	24	static
../acados/acados/ocp_nlp/ocp_nlp_sqp_rti.c:1327:6:ocp_nlp_sqp_rti_get	304	static
../acados/acados/ocp_nlp/ocp_nlp_sqp_rti.c:149:6:ocp_nlp_sqp_rti_opts_set	288	static
../acados/acados/ocp_nlp/ocp_nlp_sqp_rti.c:396:13:prepare_full_residual_computation.isra	96	static
../acados/acados/ocp_nlp/ocp_nlp_sqp_rti.c:375:13:rti_store_residuals_in_stats.isra	20	static
../acados/acados/ocp_nlp/ocp_nlp_sqp_rti.c:523:13:ocp_nlp_sqp_rti_feedback_step.isra	144	static
../acados/acados/ocp_nlp/ocp_nlp_sqp_rti.c:362:13:reset_stats_and_sub_timers.isra	12	static
../acados/acados/ocp_nlp/ocp_nlp_sqp_rti.c:461:13:ocp_nlp_sqp_rti_preparation_step.isra	112	static
../acados/acados/ocp_nlp/ocp_nlp_sqp_rti.c:1146:5:ocp_nlp_sqp_rti	216	static
../acados/acados/ocp_nlp/ocp_nlp_sqp_rti.c:1242:5:ocp_nlp_sqp_rti_precompute	56	static
