C:/DATA/Projects/Amon_Board/Firmware/Amon_board_firmware-STM32H743/acados/acados/utils/strsep.h:42:20:extract_module_name	32	static
../acados/acados/ocp_nlp/ocp_nlp_ddp.c:64:15:ocp_nlp_ddp_opts_calculate_size	32	static
../acados/acados/ocp_nlp/ocp_nlp_ddp.c:80:7:ocp_nlp_ddp_opts_assign	40	static
../acados/acados/ocp_nlp/ocp_nlp_ddp.c:100:6:ocp_nlp_ddp_opts_initialize_default	40	static
../acados/acados/ocp_nlp/ocp_nlp_ddp.c:118:6:ocp_nlp_ddp_opts_update	40	static
../acados/acados/ocp_nlp/ocp_nlp_ddp.c:132:6:ocp_nlp_ddp_opts_set	312	static
../acados/acados/ocp_nlp/ocp_nlp_ddp.c:159:6:ocp_nlp_ddp_opts_set_at_stage	48	static
../acados/acados/ocp_nlp/ocp_nlp_ddp.c:175:15:ocp_nlp_ddp_memory_calculate_size	80	static
../acados/acados/ocp_nlp/ocp_nlp_ddp.c:223:7:ocp_nlp_ddp_memory_assign	88	static
../acados/acados/ocp_nlp/ocp_nlp_ddp.c:289:15:ocp_nlp_ddp_workspace_calculate_size	48	static
../acados/acados/ocp_nlp/ocp_nlp_ddp.c:310:13:ocp_nlp_ddp_cast_workspace	48	static
../acados/acados/ocp_nlp/ocp_nlp_ddp.c:334:6:ocp_nlp_ddp_compute_trial_iterate	168	static
../acados/acados/ocp_nlp/ocp_nlp_ddp.c:436:13:check_termination	32	static
../acados/acados/ocp_nlp/ocp_nlp_ddp.c:513:13:print_iteration	56	static
../acados/acados/ocp_nlp/ocp_nlp_ddp.c:536:6:ocp_nlp_ddp_setup_qp_matrices_and_factorize	56	static
../acados/acados/ocp_nlp/ocp_nlp_ddp.c:548:5:ocp_nlp_ddp	240	static
../acados/acados/ocp_nlp/ocp_nlp_ddp.c:825:6:ocp_nlp_ddp_eval_kkt_residual	80	static
../acados/acados/ocp_nlp/ocp_nlp_ddp.c:846:6:ocp_nlp_ddp_memory_reset_qp_solver	88	static
../acados/acados/ocp_nlp/ocp_nlp_ddp.c:865:5:ocp_nlp_ddp_precompute	96	static
../acados/acados/ocp_nlp/ocp_nlp_ddp.c:908:6:ocp_nlp_ddp_eval_param_sens	120	static
../acados/acados/ocp_nlp/ocp_nlp_ddp.c:933:6:ocp_nlp_ddp_eval_lagr_grad_p	72	static
../acados/acados/ocp_nlp/ocp_nlp_ddp.c:953:6:ocp_nlp_ddp_eval_solution_sens_adj_p	80	static
../acados/acados/ocp_nlp/ocp_nlp_ddp.c:970:6:ocp_nlp_ddp_get	344	static
../acados/acados/ocp_nlp/ocp_nlp_ddp.c:1024:6:ocp_nlp_ddp_opts_get	32	static
../acados/acados/ocp_nlp/ocp_nlp_ddp.c:1042:6:ocp_nlp_ddp_work_get	32	static
../acados/acados/ocp_nlp/ocp_nlp_ddp.c:1060:6:ocp_nlp_ddp_terminate	40	static
../acados/acados/ocp_nlp/ocp_nlp_ddp.c:1070:6:ocp_nlp_ddp_is_real_time_algorithm	4	static
../acados/acados/ocp_nlp/ocp_nlp_ddp.c:1075:6:ocp_nlp_ddp_config_initialize_default	24	static
