C:/DATA/Projects/Amon_Board/Firmware/Amon_board_firmware-STM32H743/acados/acados/utils/strsep.h:42:20:extract_module_name	32	static
../acados/acados/ocp_nlp/ocp_nlp_sqp_rti.c:68:15:ocp_nlp_sqp_rti_opts_calculate_size	32	static
../acados/acados/ocp_nlp/ocp_nlp_sqp_rti.c:84:7:ocp_nlp_sqp_rti_opts_assign	40	static
../acados/acados/ocp_nlp/ocp_nlp_sqp_rti.c:105:6:ocp_nlp_sqp_rti_opts_initialize_default	40	static
../acados/acados/ocp_nlp/ocp_nlp_sqp_rti.c:129:6:ocp_nlp_sqp_rti_opts_update	40	static
../acados/acados/ocp_nlp/ocp_nlp_sqp_rti.c:149:6:ocp_nlp_sqp_rti_opts_set	328	static
../acados/acados/ocp_nlp/ocp_nlp_sqp_rti.c:217:6:ocp_nlp_sqp_rti_opts_set_at_stage	48	static
../acados/acados/ocp_nlp/ocp_nlp_sqp_rti.c:232:15:ocp_nlp_sqp_rti_memory_calculate_size	56	static
../acados/acados/ocp_nlp/ocp_nlp_sqp_rti.c:266:7:ocp_nlp_sqp_rti_memory_assign	64	static
../acados/acados/ocp_nlp/ocp_nlp_sqp_rti.c:317:15:ocp_nlp_sqp_rti_workspace_calculate_size	48	static
../acados/acados/ocp_nlp/ocp_nlp_sqp_rti.c:338:13:ocp_nlp_sqp_rti_cast_workspace	48	static
../acados/acados/ocp_nlp/ocp_nlp_sqp_rti.c:362:13:reset_stats_and_sub_timers	16	static
../acados/acados/ocp_nlp/ocp_nlp_sqp_rti.c:375:13:rti_store_residuals_in_stats	32	static
../acados/acados/ocp_nlp/ocp_nlp_sqp_rti.c:396:13:prepare_full_residual_computation	112	static
../acados/acados/ocp_nlp/ocp_nlp_sqp_rti.c:461:13:ocp_nlp_sqp_rti_preparation_step	128	static
../acados/acados/ocp_nlp/ocp_nlp_sqp_rti.c:523:13:ocp_nlp_sqp_rti_feedback_step	152	static
../acados/acados/ocp_nlp/ocp_nlp_sqp_rti.c:669:13:as_rti_sanity_checks	56	static
../acados/acados/ocp_nlp/ocp_nlp_sqp_rti.c:711:13:as_rti_advance_problem	64	static
../acados/acados/ocp_nlp/ocp_nlp_sqp_rti.c:742:13:level_c_prepare_residual_computation	104	static
../acados/acados/ocp_nlp/ocp_nlp_sqp_rti.c:797:13:ocp_nlp_sqp_rti_preparation_advanced_step	184	static
../acados/acados/ocp_nlp/ocp_nlp_sqp_rti.c:1134:5:ocp_nlp_sqp_rti_setup_qp_matrices_and_factorize	56	static
../acados/acados/ocp_nlp/ocp_nlp_sqp_rti.c:1146:5:ocp_nlp_sqp_rti	144	static
../acados/acados/ocp_nlp/ocp_nlp_sqp_rti.c:1201:6:ocp_nlp_sqp_rti_eval_kkt_residual	80	static
../acados/acados/ocp_nlp/ocp_nlp_sqp_rti.c:1222:6:ocp_nlp_sqp_rti_memory_reset_qp_solver	88	static
../acados/acados/ocp_nlp/ocp_nlp_sqp_rti.c:1242:5:ocp_nlp_sqp_rti_precompute	80	static
../acados/acados/ocp_nlp/ocp_nlp_sqp_rti.c:1264:6:ocp_nlp_sqp_rti_eval_param_sens	120	static
../acados/acados/ocp_nlp/ocp_nlp_sqp_rti.c:1290:6:ocp_nlp_sqp_rti_eval_lagr_grad_p	72	static
../acados/acados/ocp_nlp/ocp_nlp_sqp_rti.c:1309:6:ocp_nlp_sqp_rti_eval_solution_sens_adj_p	80	static
../acados/acados/ocp_nlp/ocp_nlp_sqp_rti.c:1327:6:ocp_nlp_sqp_rti_get	344	static
../acados/acados/ocp_nlp/ocp_nlp_sqp_rti.c:1382:6:ocp_nlp_sqp_rti_opts_get	40	static
../acados/acados/ocp_nlp/ocp_nlp_sqp_rti.c:1407:6:ocp_nlp_sqp_rti_work_get	32	static
../acados/acados/ocp_nlp/ocp_nlp_sqp_rti.c:1426:6:ocp_nlp_sqp_rti_terminate	40	static
../acados/acados/ocp_nlp/ocp_nlp_sqp_rti.c:1436:6:ocp_nlp_sqp_rti_is_real_time_algorithm	4	static
../acados/acados/ocp_nlp/ocp_nlp_sqp_rti.c:1441:6:ocp_nlp_sqp_rti_config_initialize_default	24	static
