../acados/acados/ocp_nlp/ocp_nlp_cost_nls.c:52:15:ocp_nlp_cost_nls_dims_calculate_size	24	static
../acados/acados/ocp_nlp/ocp_nlp_cost_nls.c:61:7:ocp_nlp_cost_nls_dims_assign	24	static
../acados/acados/ocp_nlp/ocp_nlp_cost_nls.c:75:6:ocp_nlp_cost_nls_dims_set	32	static
../acados/acados/ocp_nlp/ocp_nlp_cost_nls.c:116:13:ocp_nlp_cost_nls_get_ny	32	static
../acados/acados/ocp_nlp/ocp_nlp_cost_nls.c:124:6:ocp_nlp_cost_nls_dims_get	24	static
../acados/acados/ocp_nlp/ocp_nlp_cost_nls.c:143:15:ocp_nlp_cost_nls_model_calculate_size	32	static
../acados/acados/ocp_nlp/ocp_nlp_cost_nls.c:168:7:ocp_nlp_cost_nls_model_assign	48	static
../acados/acados/ocp_nlp/ocp_nlp_cost_nls.c:220:5:ocp_nlp_cost_nls_model_set	112	static
../acados/acados/ocp_nlp/ocp_nlp_cost_nls.c:333:5:ocp_nlp_cost_nls_model_get	64	static
../acados/acados/ocp_nlp/ocp_nlp_cost_nls.c:388:9:ocp_nlp_cost_nls_model_get_scaling_ptr	24	static
../acados/acados/ocp_nlp/ocp_nlp_cost_nls.c:398:15:ocp_nlp_cost_nls_opts_calculate_size	24	static
../acados/acados/ocp_nlp/ocp_nlp_cost_nls.c:412:7:ocp_nlp_cost_nls_opts_assign	32	static
../acados/acados/ocp_nlp/ocp_nlp_cost_nls.c:428:6:ocp_nlp_cost_nls_opts_initialize_default	32	static
../acados/acados/ocp_nlp/ocp_nlp_cost_nls.c:441:6:ocp_nlp_cost_nls_opts_update	24	static
../acados/acados/ocp_nlp/ocp_nlp_cost_nls.c:451:6:ocp_nlp_cost_nls_opts_set	48	static
../acados/acados/ocp_nlp/ocp_nlp_cost_nls.c:500:6:ocp_nlp_cost_nls_opts_get_add_hess_contribution_ptr	24	static
../acados/acados/ocp_nlp/ocp_nlp_cost_nls.c:513:15:ocp_nlp_cost_nls_memory_calculate_size	48	static
../acados/acados/ocp_nlp/ocp_nlp_cost_nls.c:542:7:ocp_nlp_cost_nls_memory_assign	56	static
../acados/acados/ocp_nlp/ocp_nlp_cost_nls.c:582:9:ocp_nlp_cost_nls_memory_get_fun_ptr	24	static
../acados/acados/ocp_nlp/ocp_nlp_cost_nls.c:590:22:ocp_nlp_cost_nls_memory_get_W_chol_ptr	24	static
../acados/acados/ocp_nlp/ocp_nlp_cost_nls.c:598:22:ocp_nlp_cost_nls_memory_get_W_chol_diag_ptr	24	static
../acados/acados/ocp_nlp/ocp_nlp_cost_nls.c:606:9:ocp_nlp_cost_nls_get_outer_hess_is_diag_ptr	24	static
../acados/acados/ocp_nlp/ocp_nlp_cost_nls.c:617:22:ocp_nlp_cost_nls_model_get_y_ref_ptr	24	static
../acados/acados/ocp_nlp/ocp_nlp_cost_nls.c:624:22:ocp_nlp_cost_nls_memory_get_grad_ptr	24	static
../acados/acados/ocp_nlp/ocp_nlp_cost_nls.c:633:6:ocp_nlp_cost_nls_memory_set_RSQrq_ptr	24	static
../acados/acados/ocp_nlp/ocp_nlp_cost_nls.c:644:6:ocp_nlp_cost_nls_memory_set_Z_ptr	24	static
../acados/acados/ocp_nlp/ocp_nlp_cost_nls.c:655:6:ocp_nlp_cost_nls_memory_set_ux_ptr	24	static
../acados/acados/ocp_nlp/ocp_nlp_cost_nls.c:666:6:ocp_nlp_cost_nls_memory_set_z_alg_ptr	24	static
../acados/acados/ocp_nlp/ocp_nlp_cost_nls.c:675:6:ocp_nlp_cost_nls_memory_set_dzdux_tran_ptr	24	static
../acados/acados/ocp_nlp/ocp_nlp_cost_nls.c:688:15:ocp_nlp_cost_nls_workspace_calculate_size	56	static
../acados/acados/ocp_nlp/ocp_nlp_cost_nls.c:721:13:ocp_nlp_cost_nls_cast_workspace	56	static
../acados/acados/ocp_nlp/ocp_nlp_cost_nls.c:771:13:ocp_nlp_cost_nls_update_W_factorization	72	static
../acados/acados/ocp_nlp/ocp_nlp_cost_nls.c:802:6:ocp_nlp_cost_nls_precompute	40	static
../acados/acados/ocp_nlp/ocp_nlp_cost_nls.c:812:6:ocp_nlp_cost_nls_initialize	48	static
../acados/acados/ocp_nlp/ocp_nlp_cost_nls.c:830:6:ocp_nlp_cost_nls_update_qp_matrices	200	static
../acados/acados/ocp_nlp/ocp_nlp_cost_nls.c:1036:6:ocp_nlp_cost_nls_compute_gradient	24	static
../acados/acados/ocp_nlp/ocp_nlp_cost_nls.c:1045:6:ocp_nlp_cost_nls_compute_fun	136	static
../acados/acados/ocp_nlp/ocp_nlp_cost_nls.c:1136:6:ocp_nlp_cost_nls_compute_jac_p	24	static
../acados/acados/ocp_nlp/ocp_nlp_cost_nls.c:1143:6:ocp_nlp_cost_nls_eval_grad_p	24	static
../acados/acados/ocp_nlp/ocp_nlp_cost_nls.c:1150:8:ocp_nlp_cost_nls_get_external_fun_workspace_requirement	40	static
../acados/acados/ocp_nlp/ocp_nlp_cost_nls.c:1168:6:ocp_nlp_cost_nls_set_external_fun_workspaces	32	static
../acados/acados/ocp_nlp/ocp_nlp_cost_nls.c:1177:6:ocp_nlp_cost_nls_config_initialize_default	24	static
