../acados/acados/ocp_nlp/ocp_nlp_cost_external.c:52:15:ocp_nlp_cost_external_dims_calculate_size	0	static
../acados/acados/ocp_nlp/ocp_nlp_cost_external.c:61:7:ocp_nlp_cost_external_dims_assign	0	static
../acados/acados/ocp_nlp/ocp_nlp_cost_external.c:341:9:ocp_nlp_cost_external_model_get_scaling_ptr	0	static
../acados/acados/ocp_nlp/ocp_nlp_cost_external.c:382:6:ocp_nlp_cost_external_opts_initialize_default	0	static
../acados/acados/ocp_nlp/ocp_nlp_cost_external.c:396:6:ocp_nlp_cost_external_opts_update	0	static
../acados/acados/ocp_nlp/ocp_nlp_cost_external.c:442:6:ocp_nlp_cost_external_opts_get_add_hess_contribution_ptr	0	static
../acados/acados/ocp_nlp/ocp_nlp_cost_external.c:506:9:ocp_nlp_cost_external_memory_get_fun_ptr	0	static
../acados/acados/ocp_nlp/ocp_nlp_cost_external.c:515:22:ocp_nlp_cost_external_memory_get_grad_ptr	0	static
../acados/acados/ocp_nlp/ocp_nlp_cost_external.c:524:6:ocp_nlp_cost_external_memory_set_RSQrq_ptr	0	static
../acados/acados/ocp_nlp/ocp_nlp_cost_external.c:535:6:ocp_nlp_cost_external_memory_set_Z_ptr	0	static
../acados/acados/ocp_nlp/ocp_nlp_cost_external.c:544:6:ocp_nlp_cost_external_memory_set_ux_ptr	0	static
../acados/acados/ocp_nlp/ocp_nlp_cost_external.c:554:6:ocp_nlp_cost_external_memory_set_z_alg_ptr	0	static
../acados/acados/ocp_nlp/ocp_nlp_cost_external.c:563:6:ocp_nlp_cost_external_memory_set_dzdux_tran_ptr	0	static
../acados/acados/ocp_nlp/ocp_nlp_cost_external.c:572:6:ocp_nlp_cost_external_memory_set_jac_lag_stat_p_global_ptr	0	static
../acados/acados/ocp_nlp/ocp_nlp_cost_external.c:670:6:ocp_nlp_cost_external_precompute	0	static
../acados/acados/ocp_nlp/ocp_nlp_cost_external.c:1122:6:ocp_nlp_cost_external_config_initialize_default	0	static
../acados/acados/ocp_nlp/ocp_nlp_cost_external.c:139:15:ocp_nlp_cost_external_model_calculate_size	16	static
../acados/acados/ocp_nlp/ocp_nlp_cost_external.c:453:15:ocp_nlp_cost_external_memory_calculate_size	8	static
../acados/acados/ocp_nlp/ocp_nlp_cost_external.c:584:15:ocp_nlp_cost_external_workspace_calculate_size	32	static
../acados/acados/ocp_nlp/ocp_nlp_cost_external.c:161:7:ocp_nlp_cost_external_model_assign	40	static
../acados/acados/ocp_nlp/ocp_nlp_cost_external.c:475:7:ocp_nlp_cost_external_memory_assign	40	static
../acados/acados/ocp_nlp/ocp_nlp_cost_external.c:618:13:ocp_nlp_cost_external_cast_workspace	56	static
../acados/acados/ocp_nlp/ocp_nlp_cost_external.c:198:5:ocp_nlp_cost_external_model_set	48	static
../acados/acados/ocp_nlp/ocp_nlp_cost_external.c:288:5:ocp_nlp_cost_external_model_get	48	static
../acados/acados/ocp_nlp/ocp_nlp_cost_external.c:351:15:ocp_nlp_cost_external_opts_calculate_size	16	static
../acados/acados/ocp_nlp/ocp_nlp_cost_external.c:677:6:ocp_nlp_cost_external_initialize	4	static
../acados/acados/ocp_nlp/ocp_nlp_cost_external.c:972:6:ocp_nlp_cost_external_compute_jac_p	96	static
../acados/acados/ocp_nlp/ocp_nlp_cost_external.c:906:6:ocp_nlp_cost_external_compute_fun	96	static
../acados/acados/ocp_nlp/ocp_nlp_cost_external.c:695:6:ocp_nlp_cost_external_update_qp_matrices	176	static
../acados/acados/ocp_nlp/ocp_nlp_cost_external.c:830:6:ocp_nlp_cost_external_compute_gradient	128	static
../acados/acados/ocp_nlp/ocp_nlp_cost_external.c:1031:6:ocp_nlp_cost_external_eval_grad_p	72	static
../acados/acados/ocp_nlp/ocp_nlp_cost_external.c:1086:8:ocp_nlp_cost_external_get_external_fun_workspace_requirement	16	static
../acados/acados/ocp_nlp/ocp_nlp_cost_external.c:1108:6:ocp_nlp_cost_external_set_external_fun_workspaces	16	static
../acados/acados/ocp_nlp/ocp_nlp_cost_external.c:80:6:ocp_nlp_cost_external_dims_set	16	static
../acados/acados/ocp_nlp/ocp_nlp_cost_external.c:119:6:ocp_nlp_cost_external_dims_get	16	static
../acados/acados/ocp_nlp/ocp_nlp_cost_external.c:408:6:ocp_nlp_cost_external_opts_set	16	static
../acados/acados/ocp_nlp/ocp_nlp_cost_external.c:365:7:ocp_nlp_cost_external_opts_assign	8	static
