../acados/acados/ocp_nlp/ocp_nlp_qpscaling.c:54:15:ocp_nlp_qpscaling_dims_calculate_size	16	static
../acados/acados/ocp_nlp/ocp_nlp_qpscaling.c:68:25:ocp_nlp_qpscaling_dims_assign	24	static
../acados/acados/ocp_nlp/ocp_nlp_qpscaling.c:96:15:ocp_nlp_qpscaling_opts_calculate_size	0	static
../acados/acados/ocp_nlp/ocp_nlp_qpscaling.c:103:7:ocp_nlp_qpscaling_opts_assign	0	static
../acados/acados/ocp_nlp/ocp_nlp_qpscaling.c:110:6:ocp_nlp_qpscaling_opts_initialize_default	0	static
../acados/acados/ocp_nlp/ocp_nlp_qpscaling.c:124:6:ocp_nlp_qpscaling_opts_set	16	static
../acados/acados/ocp_nlp/ocp_nlp_qpscaling.c:164:15:ocp_nlp_qpscaling_memory_calculate_size	24	static
../acados/acados/ocp_nlp/ocp_nlp_qpscaling.c:198:7:ocp_nlp_qpscaling_memory_assign	48	static
../acados/acados/ocp_nlp/ocp_nlp_qpscaling.c:242:7:ocp_nlp_qpscaling_get_constraints_scaling_ptr	0	static
../acados/acados/ocp_nlp/ocp_nlp_qpscaling.c:253:6:ocp_nlp_qpscaling_memory_get	24	static
../acados/acados/ocp_nlp/ocp_nlp_qpscaling.c:415:6:ocp_nlp_qpscaling_precompute	56	static
../acados/acados/ocp_nlp/ocp_nlp_qpscaling.c:483:6:ocp_nlp_qpscaling_compute_obj_scaling_factor	88	static
../acados/acados/ocp_nlp/ocp_nlp_qpscaling.c:545:6:ocp_nlp_qpscaling_scale_constraints	136	static
../acados/acados/ocp_nlp/ocp_nlp_qpscaling.c:638:6:ocp_nlp_qpscaling_scale_qp	72	static
../acados/acados/ocp_nlp/ocp_nlp_qpscaling.c:668:6:ocp_nlp_qpscaling_rescale_solution	88	static
