../acados/acados/ocp_nlp/ocp_nlp_globalization_fixed_step.c:56:15:ocp_nlp_globalization_fixed_step_opts_calculate_size	32	static
../acados/acados/ocp_nlp/ocp_nlp_globalization_fixed_step.c:70:6:ocp_nlp_globalization_fixed_step_opts_initialize_default	40	static
../acados/acados/ocp_nlp/ocp_nlp_globalization_fixed_step.c:83:6:ocp_nlp_globalization_fixed_step_opts_set	40	static
../acados/acados/ocp_nlp/ocp_nlp_globalization_fixed_step.c:105:7:ocp_nlp_globalization_fixed_step_opts_assign	40	static
../acados/acados/ocp_nlp/ocp_nlp_globalization_fixed_step.c:128:15:ocp_nlp_globalization_fixed_step_memory_calculate_size	24	static
../acados/acados/ocp_nlp/ocp_nlp_globalization_fixed_step.c:138:7:ocp_nlp_globalization_fixed_step_memory_assign	32	static
../acados/acados/ocp_nlp/ocp_nlp_globalization_fixed_step.c:159:5:ocp_nlp_globalization_fixed_step_find_acceptable_iterate	120	static
../acados/acados/ocp_nlp/ocp_nlp_globalization_fixed_step.c:222:6:ocp_nlp_globalization_fixed_step_print_iteration_header	8	static
../acados/acados/ocp_nlp/ocp_nlp_globalization_fixed_step.c:227:6:ocp_nlp_globalization_fixed_step_print_iteration	32	static
../acados/acados/ocp_nlp/ocp_nlp_globalization_fixed_step.c:235:5:ocp_nlp_globalization_fixed_step_needs_objective_value	4	static
../acados/acados/ocp_nlp/ocp_nlp_globalization_fixed_step.c:240:5:ocp_nlp_globalization_fixed_step_needs_qp_objective_value	4	static
../acados/acados/ocp_nlp/ocp_nlp_globalization_fixed_step.c:245:6:ocp_nlp_globalization_fixed_step_initialize_memory	24	static
../acados/acados/ocp_nlp/ocp_nlp_globalization_fixed_step.c:250:6:ocp_nlp_globalization_fixed_step_config_initialize_default	16	static
