../acados/acados/ocp_nlp/ocp_nlp_constraints_bgp.c:49:15:ocp_nlp_constraints_bgp_dims_calculate_size	0	static
../acados/acados/ocp_nlp/ocp_nlp_constraints_bgp.c:58:7:ocp_nlp_constraints_bgp_dims_assign	0	static
../acados/acados/ocp_nlp/ocp_nlp_constraints_bgp.c:96:13:bgp_dims_update_ns	0	static
../acados/acados/ocp_nlp/ocp_nlp_constraints_bgp.c:766:15:ocp_nlp_constraints_bgp_opts_calculate_size	0	static
../acados/acados/ocp_nlp/ocp_nlp_constraints_bgp.c:777:7:ocp_nlp_constraints_bgp_opts_assign	0	static
../acados/acados/ocp_nlp/ocp_nlp_constraints_bgp.c:792:6:ocp_nlp_constraints_bgp_opts_initialize_default	0	static
../acados/acados/ocp_nlp/ocp_nlp_constraints_bgp.c:804:6:ocp_nlp_constraints_bgp_opts_update	0	static
../acados/acados/ocp_nlp/ocp_nlp_constraints_bgp.c:912:6:ocp_nlp_constraints_bgp_model_set_dmask_ptr	0	static
../acados/acados/ocp_nlp/ocp_nlp_constraints_bgp.c:919:22:ocp_nlp_constraints_bgp_memory_get_fun_ptr	0	static
../acados/acados/ocp_nlp/ocp_nlp_constraints_bgp.c:928:22:ocp_nlp_constraints_bgp_memory_get_adj_ptr	0	static
../acados/acados/ocp_nlp/ocp_nlp_constraints_bgp.c:937:6:ocp_nlp_constraints_bgp_memory_set_ux_ptr	0	static
../acados/acados/ocp_nlp/ocp_nlp_constraints_bgp.c:945:6:ocp_nlp_constraints_bgp_memory_set_lam_ptr	0	static
../acados/acados/ocp_nlp/ocp_nlp_constraints_bgp.c:955:6:ocp_nlp_constraints_bgp_memory_set_DCt_ptr	0	static
../acados/acados/ocp_nlp/ocp_nlp_constraints_bgp.c:963:6:ocp_nlp_constraints_bgp_memory_set_RSQrq_ptr	0	static
../acados/acados/ocp_nlp/ocp_nlp_constraints_bgp.c:972:6:ocp_nlp_constraints_bgp_memory_set_z_alg_ptr	0	static
../acados/acados/ocp_nlp/ocp_nlp_constraints_bgp.c:981:6:ocp_nlp_constraints_bgp_memory_set_dzduxt_ptr	0	static
../acados/acados/ocp_nlp/ocp_nlp_constraints_bgp.c:991:6:ocp_nlp_constraints_bgp_memory_set_idxb_ptr	0	static
../acados/acados/ocp_nlp/ocp_nlp_constraints_bgp.c:1000:6:ocp_nlp_constraints_bgp_memory_set_idxs_rev_ptr	0	static
../acados/acados/ocp_nlp/ocp_nlp_constraints_bgp.c:1009:6:ocp_nlp_constraints_bgp_memory_set_idxe_ptr	0	static
../acados/acados/ocp_nlp/ocp_nlp_constraints_bgp.c:1017:6:ocp_nlp_constraints_bgp_memory_set_jac_lag_stat_p_global_ptr	0	static
../acados/acados/ocp_nlp/ocp_nlp_constraints_bgp.c:1608:6:ocp_nlp_constraints_bgp_config_initialize_default	0	static
../acados/acados/ocp_nlp/ocp_nlp_constraints_bgp.c:1534:6:ocp_nlp_constraints_bgp_precompute	24	static
../acados/acados/ocp_nlp/ocp_nlp_constraints_bgp.c:848:15:ocp_nlp_constraints_bgp_memory_calculate_size	24	static
../acados/acados/ocp_nlp/ocp_nlp_constraints_bgp.c:296:15:ocp_nlp_constraints_bgp_model_calculate_size	32	static
../acados/acados/ocp_nlp/ocp_nlp_constraints_bgp.c:1032:15:ocp_nlp_constraints_bgp_workspace_calculate_size	32	static
../acados/acados/ocp_nlp/ocp_nlp_constraints_bgp.c:875:7:ocp_nlp_constraints_bgp_memory_assign	56	static
../acados/acados/ocp_nlp/ocp_nlp_constraints_bgp.c:1068:13:ocp_nlp_constraints_bgp_cast_workspace	64	static
../acados/acados/ocp_nlp/ocp_nlp_constraints_bgp.c:331:7:ocp_nlp_constraints_bgp_model_assign	72	static
../acados/acados/ocp_nlp/ocp_nlp_constraints_bgp.c:1517:6:ocp_nlp_constraints_bgp_compute_jac_hess_p	8	static
../acados/acados/ocp_nlp/ocp_nlp_constraints_bgp.c:1525:6:ocp_nlp_constraints_bgp_compute_adj_p	8	static
../acados/acados/ocp_nlp/ocp_nlp_constraints_bgp.c:658:6:ocp_nlp_constraints_bgp_model_get	72	static
../acados/acados/ocp_nlp/ocp_nlp_constraints_bgp.c:1111:6:ocp_nlp_constraints_bgp_initialize	64	static
../acados/acados/ocp_nlp/ocp_nlp_constraints_bgp.c:1170:6:ocp_nlp_constraints_bgp_update_qp_matrices	256	static
../acados/acados/ocp_nlp/ocp_nlp_constraints_bgp.c:1344:6:ocp_nlp_constraints_bgp_compute_fun	152	static
../acados/acados/ocp_nlp/ocp_nlp_constraints_bgp.c:1458:6:ocp_nlp_constraints_bgp_update_qp_vectors	64	static
../acados/acados/ocp_nlp/ocp_nlp_constraints_bgp.c:1581:8:ocp_nlp_constraints_bgp_get_external_fun_workspace_requirement	16	static
../acados/acados/ocp_nlp/ocp_nlp_constraints_bgp.c:1599:6:ocp_nlp_constraints_bgp_set_external_fun_workspaces	16	static
../acados/acados/ocp_nlp/ocp_nlp_constraints_bgp.c:193:6:ocp_nlp_constraints_bgp_dims_get	16	static
../acados/acados/ocp_nlp/ocp_nlp_constraints_bgp.c:813:6:ocp_nlp_constraints_bgp_opts_set	16	static
../acados/acados/ocp_nlp/ocp_nlp_constraints_bgp.c:1023:6:ocp_nlp_constraints_bgp_memory_set_jac_ineq_p_global_ptr	0	static
../acados/acados/ocp_nlp/ocp_nlp_constraints_bgp.c:102:6:ocp_nlp_constraints_bgp_dims_set	16	static
../acados/acados/ocp_nlp/ocp_nlp_constraints_bgp.c:391:6:ocp_nlp_constraints_bgp_update_mask_lower	12	static
../acados/acados/ocp_nlp/ocp_nlp_constraints_bgp.c:403:6:ocp_nlp_constraints_bgp_update_mask_upper	12	static
../acados/acados/ocp_nlp/ocp_nlp_constraints_bgp.c:416:5:ocp_nlp_constraints_bgp_model_set	104	static
