../acados/acados/ocp_nlp/ocp_nlp_dynamics_cont.c:51:15:ocp_nlp_dynamics_cont_dims_calculate_size	8	static
../acados/acados/ocp_nlp/ocp_nlp_dynamics_cont.c:223:15:ocp_nlp_dynamics_cont_opts_calculate_size	8	static
../acados/acados/ocp_nlp/ocp_nlp_dynamics_cont.c:261:6:ocp_nlp_dynamics_cont_opts_initialize_default	32	static
../acados/acados/ocp_nlp/ocp_nlp_dynamics_cont.c:289:6:ocp_nlp_dynamics_cont_opts_update	0	static
../acados/acados/ocp_nlp/ocp_nlp_dynamics_cont.c:448:22:ocp_nlp_dynamics_cont_memory_get_fun_ptr	0	static
../acados/acados/ocp_nlp/ocp_nlp_dynamics_cont.c:457:22:ocp_nlp_dynamics_cont_memory_get_adj_ptr	0	static
../acados/acados/ocp_nlp/ocp_nlp_dynamics_cont.c:466:6:ocp_nlp_dynamics_cont_memory_set_ux_ptr	0	static
../acados/acados/ocp_nlp/ocp_nlp_dynamics_cont.c:477:6:ocp_nlp_dynamics_cont_memory_set_ux1_ptr	0	static
../acados/acados/ocp_nlp/ocp_nlp_dynamics_cont.c:487:6:ocp_nlp_dynamics_cont_memory_set_pi_ptr	0	static
../acados/acados/ocp_nlp/ocp_nlp_dynamics_cont.c:498:6:ocp_nlp_dynamics_cont_memory_set_BAbt_ptr	0	static
../acados/acados/ocp_nlp/ocp_nlp_dynamics_cont.c:509:6:ocp_nlp_dynamics_cont_memory_set_RSQrq_ptr	0	static
../acados/acados/ocp_nlp/ocp_nlp_dynamics_cont.c:520:6:ocp_nlp_dynamics_cont_memory_set_dzduxt_ptr	0	static
../acados/acados/ocp_nlp/ocp_nlp_dynamics_cont.c:531:6:ocp_nlp_dynamics_cont_memory_set_sim_guess_ptr	0	static
../acados/acados/ocp_nlp/ocp_nlp_dynamics_cont.c:543:6:ocp_nlp_dynamics_cont_memory_set_z_alg_ptr	0	static
../acados/acados/ocp_nlp/ocp_nlp_dynamics_cont.c:608:6:ocp_nlp_dynamics_cont_memory_set_dyn_jac_p_global_ptr	0	static
../acados/acados/ocp_nlp/ocp_nlp_dynamics_cont.c:776:6:ocp_nlp_dynamics_cont_initialize	0	static
../acados/acados/ocp_nlp/ocp_nlp_dynamics_cont.c:1116:8:ocp_nlp_dynamics_cont_get_external_fun_workspace_requirement	4	static
../acados/acados/ocp_nlp/ocp_nlp_dynamics_cont.c:1127:6:ocp_nlp_dynamics_cont_set_external_fun_workspaces	4	static
../acados/acados/ocp_nlp/ocp_nlp_dynamics_cont.c:1138:6:ocp_nlp_dynamics_cont_config_initialize_default	0	static
../acados/acados/ocp_nlp/ocp_nlp_dynamics_cont.c:67:7:ocp_nlp_dynamics_cont_dims_assign	32	static
../acados/acados/ocp_nlp/ocp_nlp_dynamics_cont.c:240:7:ocp_nlp_dynamics_cont_opts_assign	24	static
../acados/acados/ocp_nlp/ocp_nlp_dynamics_cont.c:308:6:ocp_nlp_dynamics_cont_opts_set	32	static
../acados/acados/ocp_nlp/ocp_nlp_dynamics_cont.c:348:6:ocp_nlp_dynamics_cont_opts_get	24	static
../acados/acados/ocp_nlp/ocp_nlp_dynamics_cont.c:375:15:ocp_nlp_dynamics_cont_memory_calculate_size	32	static
../acados/acados/ocp_nlp/ocp_nlp_dynamics_cont.c:697:15:ocp_nlp_dynamics_cont_model_calculate_size	16	static
../acados/acados/ocp_nlp/ocp_nlp_dynamics_cont.c:719:7:ocp_nlp_dynamics_cont_model_assign	24	static
../acados/acados/ocp_nlp/ocp_nlp_dynamics_cont.c:406:7:ocp_nlp_dynamics_cont_memory_assign	48	static
../acados/acados/ocp_nlp/ocp_nlp_dynamics_cont.c:553:6:ocp_nlp_dynamics_cont_memory_set	24	static
../acados/acados/ocp_nlp/ocp_nlp_dynamics_cont.c:583:6:ocp_nlp_dynamics_cont_memory_get	24	static
../acados/acados/ocp_nlp/ocp_nlp_dynamics_cont.c:745:6:ocp_nlp_dynamics_cont_model_set	24	static
../acados/acados/ocp_nlp/ocp_nlp_dynamics_cont.c:626:15:ocp_nlp_dynamics_cont_workspace_calculate_size	32	static
../acados/acados/ocp_nlp/ocp_nlp_dynamics_cont.c:1103:6:ocp_nlp_dynamics_cont_compute_jac_hess_p	8	static
../acados/acados/ocp_nlp/ocp_nlp_dynamics_cont.c:1109:6:ocp_nlp_dynamics_cont_compute_adj_p	8	static
../acados/acados/ocp_nlp/ocp_nlp_dynamics_cont.c:146:6:ocp_nlp_dynamics_cont_dims_set	24	static
../acados/acados/ocp_nlp/ocp_nlp_dynamics_cont.c:185:6:ocp_nlp_dynamics_cont_dims_get	24	static
../acados/acados/ocp_nlp/ocp_nlp_dynamics_cont.c:654:13:ocp_nlp_dynamics_cont_cast_workspace.isra	40	static
../acados/acados/ocp_nlp/ocp_nlp_dynamics_cont.c:1075:5:ocp_nlp_dynamics_cont_precompute	40	static
../acados/acados/ocp_nlp/ocp_nlp_dynamics_cont.c:995:6:ocp_nlp_dynamics_cont_compute_fun_and_adj	88	static
../acados/acados/ocp_nlp/ocp_nlp_dynamics_cont.c:922:6:ocp_nlp_dynamics_cont_compute_fun	80	static
../acados/acados/ocp_nlp/ocp_nlp_dynamics_cont.c:783:6:ocp_nlp_dynamics_cont_update_qp_matrices	96	static
../acados/acados/ocp_nlp/ocp_nlp_dynamics_cont.c:614:6:ocp_nlp_dynamics_cont_memory_set_jac_lag_stat_p_global_ptr	0	static
