../acados/acados/ocp_nlp/ocp_nlp_common.c:631:13:ocp_nlp_update_relaxed_qp_solver_ns_from_constraints_module	48	static
../acados/acados/ocp_nlp/ocp_nlp_common.c:2744:13:ocp_nlp_regularize_set_qp_in_ptrs	24	static
../acados/acados/ocp_nlp/ocp_nlp_common.c:2754:13:ocp_nlp_regularize_set_qp_out_ptrs	24	static
../acados/acados/ocp_nlp/ocp_nlp_common.c:165:22:ocp_nlp_dims_calculate_size_self	16	static
C:/DATA/Projects/Amon_Board/Firmware/Amon_board_firmware-STM32H743/acados/acados/utils/strsep.h:42:20:extract_module_name.constprop	24	static
../acados/acados/ocp_nlp/ocp_nlp_common.c:61:15:ocp_nlp_config_calculate_size	24	static
../acados/acados/ocp_nlp/ocp_nlp_common.c:100:17:ocp_nlp_config_assign	32	static
../acados/acados/ocp_nlp/ocp_nlp_common.c:203:15:ocp_nlp_dims_calculate_size	24	static
../acados/acados/ocp_nlp/ocp_nlp_common.c:341:15:ocp_nlp_dims_assign	40	static
../acados/acados/ocp_nlp/ocp_nlp_common.c:390:6:ocp_nlp_dims_set_global	40	static
../acados/acados/ocp_nlp/ocp_nlp_common.c:427:6:ocp_nlp_dims_set_opt_vars	48	static
../acados/acados/ocp_nlp/ocp_nlp_common.c:659:6:ocp_nlp_dims_set_constraints	48	static
../acados/acados/ocp_nlp/ocp_nlp_common.c:745:6:ocp_nlp_dims_set_cost	8	static
../acados/acados/ocp_nlp/ocp_nlp_common.c:759:6:ocp_nlp_dims_set_dynamics	8	static
../acados/acados/ocp_nlp/ocp_nlp_common.c:778:15:ocp_nlp_in_calculate_size	32	static
../acados/acados/ocp_nlp/ocp_nlp_common.c:839:13:ocp_nlp_in_assign	56	static
../acados/acados/ocp_nlp/ocp_nlp_common.c:949:15:ocp_nlp_out_calculate_size	40	static
../acados/acados/ocp_nlp/ocp_nlp_common.c:986:14:ocp_nlp_out_assign	72	static
../acados/acados/ocp_nlp/ocp_nlp_common.c:1065:15:ocp_nlp_opts_calculate_size	48	static
../acados/acados/ocp_nlp/ocp_nlp_common.c:1114:7:ocp_nlp_opts_assign	56	static
../acados/acados/ocp_nlp/ocp_nlp_common.c:1184:6:ocp_nlp_opts_initialize_default	56	static
../acados/acados/ocp_nlp/ocp_nlp_common.c:1299:6:ocp_nlp_opts_update	32	static
../acados/acados/ocp_nlp/ocp_nlp_common.c:1337:6:ocp_nlp_opts_set	312	static
../acados/acados/ocp_nlp/ocp_nlp_common.c:1675:6:ocp_nlp_opts_set_at_stage	296	static
../acados/acados/ocp_nlp/ocp_nlp_common.c:2118:15:ocp_nlp_workspace_calculate_size	80	static
../acados/acados/ocp_nlp/ocp_nlp_common.c:2346:20:ocp_nlp_workspace_assign	88	static
../acados/acados/ocp_nlp/ocp_nlp_common.c:2600:8:ocp_nlp_compute_gradient_directional_derivative	64	static
../acados/acados/ocp_nlp/ocp_nlp_common.c:2620:8:ocp_nlp_compute_qp_objective_value	88	static
../acados/acados/ocp_nlp/ocp_nlp_common.c:2652:8:ocp_nlp_compute_dual_pi_norm_inf	20	static
../acados/acados/ocp_nlp/ocp_nlp_common.c:2670:8:ocp_nlp_compute_dual_lam_norm_inf	20	static
../acados/acados/ocp_nlp/ocp_nlp_common.c:2688:8:ocp_nlp_get_l1_infeasibility	48	static
../acados/acados/ocp_nlp/ocp_nlp_common.c:2726:6:ocp_nlp_set_primal_variable_pointers_in_submodules	32	static
../acados/acados/ocp_nlp/ocp_nlp_common.c:2762:6:ocp_nlp_alias_memory_to_submodules	88	static
../acados/acados/ocp_nlp/ocp_nlp_common.c:2888:6:ocp_nlp_initialize_submodules	56	static
../acados/acados/ocp_nlp/ocp_nlp_common.c:2943:6:ocp_nlp_add_levenberg_marquardt_term	64	static
../acados/acados/ocp_nlp/ocp_nlp_common.c:2988:6:ocp_nlp_approximate_qp_matrices	104	static
../acados/acados/ocp_nlp/ocp_nlp_common.c:3078:6:ocp_nlp_approximate_qp_vectors_sqp	72	static
../acados/acados/ocp_nlp/ocp_nlp_common.c:3114:6:ocp_nlp_zero_order_qp_update	88	static
../acados/acados/ocp_nlp/ocp_nlp_common.c:3166:6:ocp_nlp_level_c_update	104	static
../acados/acados/ocp_nlp/ocp_nlp_common.c:3264:6:ocp_nlp_update_variables_sqp	112	static
../acados/acados/ocp_nlp/ocp_nlp_common.c:3325:6:ocp_nlp_initialize_qp_from_nlp	72	static
../acados/acados/ocp_nlp/ocp_nlp_common.c:3348:8:ocp_nlp_compute_anderson_gamma	24	static
../acados/acados/ocp_nlp/ocp_nlp_common.c:3356:6:ocp_nlp_convert_primaldelta_absdual_step_to_delta_step	56	static
../acados/acados/ocp_nlp/ocp_nlp_common.c:3379:6:ocp_nlp_update_variables_sqp_delta_primal_dual	96	static
../acados/acados/ocp_nlp/ocp_nlp_common.c:3416:5:ocp_nlp_precompute_common	72	static
../acados/acados/ocp_nlp/ocp_nlp_common.c:3552:15:ocp_nlp_res_calculate_size	32	static
../acados/acados/ocp_nlp/ocp_nlp_common.c:1718:15:ocp_nlp_memory_calculate_size	88	static
../acados/acados/ocp_nlp/ocp_nlp_common.c:3587:14:ocp_nlp_res_assign	56	static
../acados/acados/ocp_nlp/ocp_nlp_common.c:3652:6:ocp_nlp_res_compute	104	static
../acados/acados/ocp_nlp/ocp_nlp_common.c:3756:6:ocp_nlp_res_get_inf_norm	0	static
../acados/acados/ocp_nlp/ocp_nlp_common.c:3769:8:ocp_nlp_compute_delta_dual_norm_inf	96	static
../acados/acados/ocp_nlp/ocp_nlp_common.c:3795:6:copy_ocp_nlp_out	64	static
../acados/acados/ocp_nlp/ocp_nlp_common.c:3817:6:ocp_nlp_get_cost_value_from_submodules	32	static
../acados/acados/ocp_nlp/ocp_nlp_common.c:3834:6:ocp_nlp_cost_compute	72	static
../acados/acados/ocp_nlp/ocp_nlp_common.c:3869:6:ocp_nlp_eval_constraints_common	56	static
../acados/acados/ocp_nlp/ocp_nlp_common.c:3960:6:ocp_nlp_params_jac_compute	88	static
../acados/acados/ocp_nlp/ocp_nlp_common.c:4011:6:ocp_nlp_common_eval_param_sens	112	static
../acados/acados/ocp_nlp/ocp_nlp_common.c:4080:6:ocp_nlp_common_eval_solution_sens_adj_p	152	static
../acados/acados/ocp_nlp/ocp_nlp_common.c:4155:6:ocp_nlp_common_eval_lagr_grad_p	80	static
../acados/acados/ocp_nlp/ocp_nlp_common.c:4201:5:ocp_nlp_perform_second_order_correction	120	static
../acados/acados/ocp_nlp/ocp_nlp_common.c:4355:5:ocp_nlp_solve_qp_and_correct_dual	152	static
../acados/acados/ocp_nlp/ocp_nlp_common.c:4543:5:ocp_nlp_solve_qp	88	static
../acados/acados/ocp_nlp/ocp_nlp_common.c:4581:6:ocp_nlp_dump_qp_in_to_file	120	static
../acados/acados/ocp_nlp/ocp_nlp_common.c:4595:6:ocp_nlp_dump_qp_out_to_file	120	static
../acados/acados/ocp_nlp/ocp_nlp_common.c:4608:6:ocp_nlp_common_print_iteration_header	16	static
../acados/acados/ocp_nlp/ocp_nlp_common.c:4613:6:ocp_nlp_common_print_iteration	32	static
../acados/acados/ocp_nlp/ocp_nlp_common.c:4623:6:ocp_nlp_timings_get	24	static
../acados/acados/ocp_nlp/ocp_nlp_common.c:4696:6:ocp_nlp_memory_get	32	static
../acados/acados/ocp_nlp/ocp_nlp_common.c:4822:6:ocp_nlp_memory_get_at_stage	32	static
../acados/acados/ocp_nlp/ocp_nlp_common.c:4852:6:ocp_nlp_timings_reset	0	static
../acados/acados/ocp_nlp/ocp_nlp_common.c:1862:17:ocp_nlp_memory_assign	104	static
../acados/acados/ocp_nlp/ocp_nlp_common.c:3886:5:ocp_nlp_common_setup_qp_matrices_and_factorize	176	static
