../acados/acados/ocp_nlp/ocp_nlp_globalization_fixed_step.c:128:15:ocp_nlp_globalization_fixed_step_memory_calculate_size	0	static
../acados/acados/ocp_nlp/ocp_nlp_globalization_fixed_step.c:235:5:ocp_nlp_globalization_fixed_step_needs_objective_value	0	static
../acados/acados/ocp_nlp/ocp_nlp_globalization_fixed_step.c:245:6:ocp_nlp_globalization_fixed_step_initialize_memory	0	static
../acados/acados/ocp_nlp/ocp_nlp_globalization_fixed_step.c:56:15:ocp_nlp_globalization_fixed_step_opts_calculate_size	8	static
../acados/acados/ocp_nlp/ocp_nlp_globalization_fixed_step.c:70:6:ocp_nlp_globalization_fixed_step_opts_initialize_default	8	static
../acados/acados/ocp_nlp/ocp_nlp_globalization_fixed_step.c:222:6:ocp_nlp_globalization_fixed_step_print_iteration_header	0	static
../acados/acados/ocp_nlp/ocp_nlp_globalization_fixed_step.c:227:6:ocp_nlp_globalization_fixed_step_print_iteration	0	static
../acados/acados/ocp_nlp/ocp_nlp_globalization_fixed_step.c:159:5:ocp_nlp_globalization_fixed_step_find_acceptable_iterate	88	static
../acados/acados/ocp_nlp/ocp_nlp_globalization_fixed_step.c:83:6:ocp_nlp_globalization_fixed_step_opts_set	24	static
../acados/acados/ocp_nlp/ocp_nlp_globalization_fixed_step.c:105:7:ocp_nlp_globalization_fixed_step_opts_assign	24	static
../acados/acados/ocp_nlp/ocp_nlp_globalization_fixed_step.c:138:7:ocp_nlp_globalization_fixed_step_memory_assign	24	static
../acados/acados/ocp_nlp/ocp_nlp_globalization_fixed_step.c:240:5:ocp_nlp_globalization_fixed_step_needs_qp_objective_value	0	static
../acados/acados/ocp_nlp/ocp_nlp_globalization_fixed_step.c:250:6:ocp_nlp_globalization_fixed_step_config_initialize_default	0	static
