../acados/acados/ocp_nlp/ocp_nlp_globalization_merit_backtracking.c:58:15:ocp_nlp_globalization_merit_backtracking_opts_calculate_size	32	static
../acados/acados/ocp_nlp/ocp_nlp_globalization_merit_backtracking.c:72:6:ocp_nlp_globalization_merit_backtracking_opts_initialize_default	40	static
../acados/acados/ocp_nlp/ocp_nlp_globalization_merit_backtracking.c:84:6:ocp_nlp_globalization_merit_backtracking_opts_set	32	static
../acados/acados/ocp_nlp/ocp_nlp_globalization_merit_backtracking.c:94:7:ocp_nlp_globalization_merit_backtracking_opts_assign	40	static
../acados/acados/ocp_nlp/ocp_nlp_globalization_merit_backtracking.c:117:15:ocp_nlp_globalization_merit_backtracking_memory_calculate_size	24	static
../acados/acados/ocp_nlp/ocp_nlp_globalization_merit_backtracking.c:127:7:ocp_nlp_globalization_merit_backtracking_memory_assign	32	static
../acados/acados/ocp_nlp/ocp_nlp_globalization_merit_backtracking.c:148:15:ocp_nlp_compute_merit_gradient	240	static
../acados/acados/ocp_nlp/ocp_nlp_globalization_merit_backtracking.c:290:12:ocp_nlp_line_search	136	static
../acados/acados/ocp_nlp/ocp_nlp_globalization_merit_backtracking.c:411:6:ocp_nlp_globalization_merit_backtracking_print_iteration_header	8	static
../acados/acados/ocp_nlp/ocp_nlp_globalization_merit_backtracking.c:416:6:ocp_nlp_globalization_merit_backtracking_print_iteration	32	static
../acados/acados/ocp_nlp/ocp_nlp_globalization_merit_backtracking.c:424:15:ocp_nlp_get_violation_inf_norm	64	static
../acados/acados/ocp_nlp/ocp_nlp_globalization_merit_backtracking.c:461:13:copy_multipliers_nlp_to_qp	64	static
../acados/acados/ocp_nlp/ocp_nlp_globalization_merit_backtracking.c:477:13:copy_multipliers_qp_to_nlp	64	static
../acados/acados/ocp_nlp/ocp_nlp_globalization_merit_backtracking.c:493:12:ocp_nlp_line_search_merit_check_full_step	120	static
../acados/acados/ocp_nlp/ocp_nlp_globalization_merit_backtracking.c:566:13:ocp_nlp_soc_line_search	72	static
../acados/acados/ocp_nlp/ocp_nlp_globalization_merit_backtracking.c:606:8:ocp_nlp_evaluate_merit_fun	168	static
../acados/acados/ocp_nlp/ocp_nlp_globalization_merit_backtracking.c:705:6:merit_backtracking_initialize_weights	64	static
../acados/acados/ocp_nlp/ocp_nlp_globalization_merit_backtracking.c:725:6:merit_backtracking_update_weights	72	static
../acados/acados/ocp_nlp/ocp_nlp_globalization_merit_backtracking.c:758:12:ocp_nlp_ddp_backtracking_line_search	144	static
../acados/acados/ocp_nlp/ocp_nlp_globalization_merit_backtracking.c:827:5:ocp_nlp_globalization_merit_backtracking_find_acceptable_iterate_for_ddp	80	static
../acados/acados/ocp_nlp/ocp_nlp_globalization_merit_backtracking.c:858:5:ocp_nlp_globalization_merit_backtracking_find_acceptable_iterate	112	static
../acados/acados/ocp_nlp/ocp_nlp_globalization_merit_backtracking.c:899:5:ocp_nlp_globalization_merit_backtracking_needs_objective_value	4	static
../acados/acados/ocp_nlp/ocp_nlp_globalization_merit_backtracking.c:904:5:ocp_nlp_globalization_merit_backtracking_needs_qp_objective_value	4	static
../acados/acados/ocp_nlp/ocp_nlp_globalization_merit_backtracking.c:909:5:ocp_nlp_globalization_merit_backtracking_ddp_needs_qp_objective_value	4	static
../acados/acados/ocp_nlp/ocp_nlp_globalization_merit_backtracking.c:914:6:ocp_nlp_globalization_merit_backtracking_initialize_memory	24	static
../acados/acados/ocp_nlp/ocp_nlp_globalization_merit_backtracking.c:920:6:ocp_nlp_globalization_merit_backtracking_config_initialize_default	16	static
