../acados/acados/ocp_nlp/ocp_nlp_reg_noreg.c:51:15:ocp_nlp_reg_noreg_opts_calculate_size	16	static
../acados/acados/ocp_nlp/ocp_nlp_reg_noreg.c:60:7:ocp_nlp_reg_noreg_opts_assign	16	static
../acados/acados/ocp_nlp/ocp_nlp_reg_noreg.c:67:6:ocp_nlp_reg_noreg_opts_initialize_default	24	static
../acados/acados/ocp_nlp/ocp_nlp_reg_noreg.c:75:6:ocp_nlp_reg_noreg_opts_set	24	static
../acados/acados/ocp_nlp/ocp_nlp_reg_noreg.c:89:15:ocp_nlp_reg_noreg_memory_calculate_size	32	static
../acados/acados/ocp_nlp/ocp_nlp_reg_noreg.c:98:7:ocp_nlp_reg_noreg_memory_assign	24	static
../acados/acados/ocp_nlp/ocp_nlp_reg_noreg.c:105:6:ocp_nlp_reg_noreg_memory_set_RSQrq_ptr	24	static
../acados/acados/ocp_nlp/ocp_nlp_reg_noreg.c:112:6:ocp_nlp_reg_noreg_memory_set_rq_ptr	24	static
../acados/acados/ocp_nlp/ocp_nlp_reg_noreg.c:119:6:ocp_nlp_reg_noreg_memory_set_BAbt_ptr	24	static
../acados/acados/ocp_nlp/ocp_nlp_reg_noreg.c:126:6:ocp_nlp_reg_noreg_memory_set_b_ptr	24	static
../acados/acados/ocp_nlp/ocp_nlp_reg_noreg.c:133:6:ocp_nlp_reg_noreg_memory_set_idxb_ptr	24	static
../acados/acados/ocp_nlp/ocp_nlp_reg_noreg.c:140:6:ocp_nlp_reg_noreg_memory_set_DCt_ptr	24	static
../acados/acados/ocp_nlp/ocp_nlp_reg_noreg.c:147:6:ocp_nlp_reg_noreg_memory_set_ux_ptr	24	static
../acados/acados/ocp_nlp/ocp_nlp_reg_noreg.c:154:6:ocp_nlp_reg_noreg_memory_set_pi_ptr	24	static
../acados/acados/ocp_nlp/ocp_nlp_reg_noreg.c:161:6:ocp_nlp_reg_noreg_memory_set_lam_ptr	24	static
../acados/acados/ocp_nlp/ocp_nlp_reg_noreg.c:168:6:ocp_nlp_reg_noreg_memory_set	24	static
../acados/acados/ocp_nlp/ocp_nlp_reg_noreg.c:183:6:ocp_nlp_reg_noreg_regularize	24	static
../acados/acados/ocp_nlp/ocp_nlp_reg_noreg.c:189:6:ocp_nlp_reg_noreg_regularize_lhs	24	static
../acados/acados/ocp_nlp/ocp_nlp_reg_noreg.c:195:6:ocp_nlp_reg_noreg_regularize_rhs	24	static
../acados/acados/ocp_nlp/ocp_nlp_reg_noreg.c:200:6:ocp_nlp_reg_noreg_correct_dual_sol	24	static
../acados/acados/ocp_nlp/ocp_nlp_reg_noreg.c:207:6:ocp_nlp_reg_noreg_config_initialize_default	16	static
