../acados/acados/ocp_nlp/ocp_nlp_globalization_merit_backtracking.c:117:15:ocp_nlp_globalization_merit_backtracking_memory_calculate_size	0	static
../acados/acados/ocp_nlp/ocp_nlp_globalization_merit_backtracking.c:899:5:ocp_nlp_globalization_merit_backtracking_needs_objective_value	0	static
../acados/acados/ocp_nlp/ocp_nlp_globalization_merit_backtracking.c:904:5:ocp_nlp_globalization_merit_backtracking_needs_qp_objective_value	0	static
../acados/acados/ocp_nlp/ocp_nlp_globalization_merit_backtracking.c:914:6:ocp_nlp_globalization_merit_backtracking_initialize_memory	0	static
../acados/acados/ocp_nlp/ocp_nlp_globalization_merit_backtracking.c:58:15:ocp_nlp_globalization_merit_backtracking_opts_calculate_size	8	static
../acados/acados/ocp_nlp/ocp_nlp_globalization_merit_backtracking.c:72:6:ocp_nlp_globalization_merit_backtracking_opts_initialize_default	0	static
../acados/acados/ocp_nlp/ocp_nlp_globalization_merit_backtracking.c:84:6:ocp_nlp_globalization_merit_backtracking_opts_set	0	static
../acados/acados/ocp_nlp/ocp_nlp_globalization_merit_backtracking.c:411:6:ocp_nlp_globalization_merit_backtracking_print_iteration_header	0	static
../acados/acados/ocp_nlp/ocp_nlp_globalization_merit_backtracking.c:416:6:ocp_nlp_globalization_merit_backtracking_print_iteration	0	static
../acados/acados/ocp_nlp/ocp_nlp_globalization_merit_backtracking.c:477:13:copy_multipliers_qp_to_nlp	48	static
../acados/acados/ocp_nlp/ocp_nlp_globalization_merit_backtracking.c:94:7:ocp_nlp_globalization_merit_backtracking_opts_assign	24	static
../acados/acados/ocp_nlp/ocp_nlp_globalization_merit_backtracking.c:127:7:ocp_nlp_globalization_merit_backtracking_memory_assign	24	static
../acados/acados/ocp_nlp/ocp_nlp_globalization_merit_backtracking.c:424:15:ocp_nlp_get_violation_inf_norm.isra	40	static
../acados/acados/ocp_nlp/ocp_nlp_globalization_merit_backtracking.c:606:8:ocp_nlp_evaluate_merit_fun	88	static
../acados/acados/ocp_nlp/ocp_nlp_globalization_merit_backtracking.c:705:6:merit_backtracking_initialize_weights	40	static
../acados/acados/ocp_nlp/ocp_nlp_globalization_merit_backtracking.c:725:6:merit_backtracking_update_weights	24	static
../acados/acados/ocp_nlp/ocp_nlp_globalization_merit_backtracking.c:858:5:ocp_nlp_globalization_merit_backtracking_find_acceptable_iterate	256	static
../acados/acados/ocp_nlp/ocp_nlp_globalization_merit_backtracking.c:827:5:ocp_nlp_globalization_merit_backtracking_find_acceptable_iterate_for_ddp	128	static
../acados/acados/ocp_nlp/ocp_nlp_globalization_merit_backtracking.c:909:5:ocp_nlp_globalization_merit_backtracking_ddp_needs_qp_objective_value	0	static
../acados/acados/ocp_nlp/ocp_nlp_globalization_merit_backtracking.c:920:6:ocp_nlp_globalization_merit_backtracking_config_initialize_default	0	static
