../acados/acados/ocp_nlp/ocp_nlp_sqp_with_feasible_qp.c:1050:13:log_qp_stats	0	static
../acados/acados/ocp_nlp/ocp_nlp_sqp_with_feasible_qp.c:1754:6:ocp_nlp_sqp_wfqp_memory_reset_qp_solver	40	static
../acados/acados/ocp_nlp/ocp_nlp_sqp_with_feasible_qp.c:2041:6:ocp_nlp_sqp_wfqp_terminate	0	static
../acados/acados/ocp_nlp/ocp_nlp_sqp_with_feasible_qp.c:2052:6:ocp_nlp_sqp_wfqp_is_real_time_algorithm	0	static
../acados/acados/ocp_nlp/ocp_nlp_sqp_with_feasible_qp.c:2059:6:ocp_nlp_sqp_wfqp_config_initialize_default	0	static
../acados/acados/ocp_nlp/ocp_nlp_sqp_with_feasible_qp.c:66:15:ocp_nlp_sqp_wfqp_opts_calculate_size	8	static
../acados/acados/ocp_nlp/ocp_nlp_sqp_with_feasible_qp.c:100:6:ocp_nlp_sqp_wfqp_opts_initialize_default	8	static
../acados/acados/ocp_nlp/ocp_nlp_sqp_with_feasible_qp.c:130:6:ocp_nlp_sqp_wfqp_opts_update	0	static
../acados/acados/ocp_nlp/ocp_nlp_sqp_with_feasible_qp.c:144:6:ocp_nlp_sqp_wfqp_opts_set	280	static
../acados/acados/ocp_nlp/ocp_nlp_sqp_with_feasible_qp.c:202:6:ocp_nlp_sqp_wfqp_opts_set_at_stage	0	static
../acados/acados/ocp_nlp/ocp_nlp_sqp_with_feasible_qp.c:238:15:ocp_nlp_sqp_wfqp_memory_calculate_size	64	static
../acados/acados/ocp_nlp/ocp_nlp_sqp_with_feasible_qp.c:446:15:ocp_nlp_sqp_wfqp_workspace_calculate_size	8	static
../acados/acados/ocp_nlp/ocp_nlp_sqp_with_feasible_qp.c:1791:6:ocp_nlp_sqp_wfqp_eval_kkt_residual	48	static
../acados/acados/ocp_nlp/ocp_nlp_sqp_with_feasible_qp.c:926:12:prepare_and_solve_QP	128	static
../acados/acados/ocp_nlp/ocp_nlp_sqp_with_feasible_qp.c:1780:5:ocp_nlp_sqp_wfqp_setup_qp_matrices_and_factorize	4	static
../acados/acados/ocp_nlp/ocp_nlp_sqp_with_feasible_qp.c:1907:6:ocp_nlp_sqp_wfqp_eval_param_sens	80	static
../acados/acados/ocp_nlp/ocp_nlp_sqp_with_feasible_qp.c:1933:6:ocp_nlp_sqp_wfqp_eval_lagr_grad_p	4	static
../acados/acados/ocp_nlp/ocp_nlp_sqp_with_feasible_qp.c:1953:6:ocp_nlp_sqp_wfqp_eval_solution_sens_adj_p	4	static
../acados/acados/ocp_nlp/ocp_nlp_sqp_with_feasible_qp.c:1970:6:ocp_nlp_sqp_wfqp_get	296	static
../acados/acados/ocp_nlp/ocp_nlp_sqp_with_feasible_qp.c:81:7:ocp_nlp_sqp_wfqp_opts_assign	24	static
../acados/acados/ocp_nlp/ocp_nlp_sqp_with_feasible_qp.c:216:6:ocp_nlp_sqp_wfqp_opts_get	16	static
../acados/acados/ocp_nlp/ocp_nlp_sqp_with_feasible_qp.c:488:6:ocp_nlp_sqp_wfqp_work_get	16	static
../acados/acados/ocp_nlp/ocp_nlp_sqp_with_feasible_qp.c:1818:5:ocp_nlp_sqp_wfqp_precompute	88	static
../acados/acados/ocp_nlp/ocp_nlp_sqp_with_feasible_qp.c:1267:6:set_relaxed_qp_in_matrix_pointers	0	static
../acados/acados/ocp_nlp/ocp_nlp_sqp_with_feasible_qp.c:321:7:ocp_nlp_sqp_wfqp_memory_assign	80	static
../acados/acados/ocp_nlp/ocp_nlp_sqp_with_feasible_qp.c:1299:6:ocp_nlp_sqp_wfqp_approximate_feasibility_qp_constraint_vectors	64	static
../acados/acados/ocp_nlp/ocp_nlp_sqp_with_feasible_qp.c:1530:5:ocp_nlp_sqp_wfqp	424	static
