../acados/acados/ocp_nlp/ocp_nlp_sqp.c:844:6:ocp_nlp_sqp_memory_reset_qp_solver	4	static
../acados/acados/ocp_nlp/ocp_nlp_sqp.c:1002:6:ocp_nlp_sqp_terminate	0	static
../acados/acados/ocp_nlp/ocp_nlp_sqp.c:1011:6:ocp_nlp_sqp_is_real_time_algorithm	0	static
../acados/acados/ocp_nlp/ocp_nlp_sqp.c:1016:6:ocp_nlp_sqp_config_initialize_default	0	static
../acados/acados/ocp_nlp/ocp_nlp_sqp.c:67:15:ocp_nlp_sqp_opts_calculate_size	8	static
../acados/acados/ocp_nlp/ocp_nlp_sqp.c:103:6:ocp_nlp_sqp_opts_initialize_default	8	static
../acados/acados/ocp_nlp/ocp_nlp_sqp.c:123:6:ocp_nlp_sqp_opts_update	0	static
../acados/acados/ocp_nlp/ocp_nlp_sqp.c:173:6:ocp_nlp_sqp_opts_set_at_stage	0	static
../acados/acados/ocp_nlp/ocp_nlp_sqp.c:207:15:ocp_nlp_sqp_memory_calculate_size	24	static
../acados/acados/ocp_nlp/ocp_nlp_sqp.c:236:7:ocp_nlp_sqp_memory_assign	56	static
../acados/acados/ocp_nlp/ocp_nlp_sqp.c:289:15:ocp_nlp_sqp_workspace_calculate_size	8	static
../acados/acados/ocp_nlp/ocp_nlp_sqp.c:823:6:ocp_nlp_sqp_eval_kkt_residual	48	static
../acados/acados/ocp_nlp/ocp_nlp_sqp.c:812:5:ocp_nlp_sqp_setup_qp_matrices_and_factorize	4	static
../acados/acados/ocp_nlp/ocp_nlp_sqp.c:884:6:ocp_nlp_sqp_eval_param_sens	80	static
../acados/acados/ocp_nlp/ocp_nlp_sqp.c:909:6:ocp_nlp_sqp_eval_lagr_grad_p	4	static
../acados/acados/ocp_nlp/ocp_nlp_sqp.c:930:6:ocp_nlp_sqp_eval_solution_sens_adj_p	4	static
../acados/acados/ocp_nlp/ocp_nlp_sqp.c:83:7:ocp_nlp_sqp_opts_assign	24	static
../acados/acados/ocp_nlp/ocp_nlp_sqp.c:185:6:ocp_nlp_sqp_opts_get	16	static
../acados/acados/ocp_nlp/ocp_nlp_sqp.c:329:6:ocp_nlp_sqp_work_get	16	static
C:/DATA/Projects/Amon_Board/Firmware/Amon_board_firmware-STM32H743/acados/acados/utils/strsep.h:42:20:extract_module_name.constprop	24	static
../acados/acados/ocp_nlp/ocp_nlp_sqp.c:947:6:ocp_nlp_sqp_get	304	static
../acados/acados/ocp_nlp/ocp_nlp_sqp.c:137:6:ocp_nlp_sqp_opts_set	288	static
../acados/acados/ocp_nlp/ocp_nlp_sqp.c:474:5:ocp_nlp_sqp	208	static
../acados/acados/ocp_nlp/ocp_nlp_sqp.c:863:5:ocp_nlp_sqp_precompute	56	static
