../acados/acados/ocp_nlp/ocp_nlp_sqp_with_feasible_qp.c:66:15:ocp_nlp_sqp_wfqp_opts_calculate_size	32	static
../acados/acados/ocp_nlp/ocp_nlp_sqp_with_feasible_qp.c:81:7:ocp_nlp_sqp_wfqp_opts_assign	40	static
../acados/acados/ocp_nlp/ocp_nlp_sqp_with_feasible_qp.c:100:6:ocp_nlp_sqp_wfqp_opts_initialize_default	40	static
../acados/acados/ocp_nlp/ocp_nlp_sqp_with_feasible_qp.c:130:6:ocp_nlp_sqp_wfqp_opts_update	40	static
../acados/acados/ocp_nlp/ocp_nlp_sqp_with_feasible_qp.c:144:6:ocp_nlp_sqp_wfqp_opts_set	336	static
../acados/acados/ocp_nlp/ocp_nlp_sqp_with_feasible_qp.c:202:6:ocp_nlp_sqp_wfqp_opts_set_at_stage	48	static
../acados/acados/ocp_nlp/ocp_nlp_sqp_with_feasible_qp.c:216:6:ocp_nlp_sqp_wfqp_opts_get	32	static
../acados/acados/ocp_nlp/ocp_nlp_sqp_with_feasible_qp.c:238:15:ocp_nlp_sqp_wfqp_memory_calculate_size	96	static
../acados/acados/ocp_nlp/ocp_nlp_sqp_with_feasible_qp.c:321:7:ocp_nlp_sqp_wfqp_memory_assign	112	static
../acados/acados/ocp_nlp/ocp_nlp_sqp_with_feasible_qp.c:446:15:ocp_nlp_sqp_wfqp_workspace_calculate_size	48	static
../acados/acados/ocp_nlp/ocp_nlp_sqp_with_feasible_qp.c:467:13:ocp_nlp_sqp_wfqp_cast_workspace	48	static
../acados/acados/ocp_nlp/ocp_nlp_sqp_with_feasible_qp.c:488:6:ocp_nlp_sqp_wfqp_work_get	32	static
../acados/acados/ocp_nlp/ocp_nlp_sqp_with_feasible_qp.c:512:13:check_termination	32	static
../acados/acados/ocp_nlp/ocp_nlp_sqp_with_feasible_qp.c:599:13:print_iteration	88	static
../acados/acados/ocp_nlp/ocp_nlp_sqp_with_feasible_qp.c:624:13:print_indices	64	static
../acados/acados/ocp_nlp/ocp_nlp_sqp_with_feasible_qp.c:656:15:calculate_pred_l1_inf	24	static
../acados/acados/ocp_nlp/ocp_nlp_sqp_with_feasible_qp.c:679:15:calculate_qp_l1_infeasibility_from_slacks	80	static
../acados/acados/ocp_nlp/ocp_nlp_sqp_with_feasible_qp.c:719:15:calculate_qp_l1_infeasibility_manually	152	static
../acados/acados/ocp_nlp/ocp_nlp_sqp_with_feasible_qp.c:808:15:calculate_qp_l1_infeasibility	40	static
../acados/acados/ocp_nlp/ocp_nlp_sqp_with_feasible_qp.c:833:13:set_pointers_for_hessian_evaluation	80	static
../acados/acados/ocp_nlp/ocp_nlp_sqp_with_feasible_qp.c:884:13:setup_hessian_matrices_for_qps	96	static
../acados/acados/ocp_nlp/ocp_nlp_sqp_with_feasible_qp.c:926:12:prepare_and_solve_QP	120	static
../acados/acados/ocp_nlp/ocp_nlp_sqp_with_feasible_qp.c:1050:13:log_qp_stats	32	static
../acados/acados/ocp_nlp/ocp_nlp_sqp_with_feasible_qp.c:1077:13:log_multiplier_norms	32	static
../acados/acados/ocp_nlp/ocp_nlp_sqp_with_feasible_qp.c:1099:13:setup_byrd_omojokun_bounds	96	static
../acados/acados/ocp_nlp/ocp_nlp_sqp_with_feasible_qp.c:1145:12:byrd_omojokun_direction_computation	168	static
../acados/acados/ocp_nlp/ocp_nlp_sqp_with_feasible_qp.c:1267:6:set_relaxed_qp_in_matrix_pointers	24	static
../acados/acados/ocp_nlp/ocp_nlp_sqp_with_feasible_qp.c:1281:13:set_relaxed_scaled_qp_in_matrix_pointers	24	static
../acados/acados/ocp_nlp/ocp_nlp_sqp_with_feasible_qp.c:1299:6:ocp_nlp_sqp_wfqp_approximate_feasibility_qp_constraint_vectors	96	static
../acados/acados/ocp_nlp/ocp_nlp_sqp_with_feasible_qp.c:1351:13:initial_setup_feasibility_qp_objective	72	static
../acados/acados/ocp_nlp/ocp_nlp_sqp_with_feasible_qp.c:1429:12:calculate_search_direction	160	static
../acados/acados/ocp_nlp/ocp_nlp_sqp_with_feasible_qp.c:1530:5:ocp_nlp_sqp_wfqp	224	static
../acados/acados/ocp_nlp/ocp_nlp_sqp_with_feasible_qp.c:1754:6:ocp_nlp_sqp_wfqp_memory_reset_qp_solver	120	static
../acados/acados/ocp_nlp/ocp_nlp_sqp_with_feasible_qp.c:1780:5:ocp_nlp_sqp_wfqp_setup_qp_matrices_and_factorize	56	static
../acados/acados/ocp_nlp/ocp_nlp_sqp_with_feasible_qp.c:1791:6:ocp_nlp_sqp_wfqp_eval_kkt_residual	80	static
../acados/acados/ocp_nlp/ocp_nlp_sqp_with_feasible_qp.c:1818:5:ocp_nlp_sqp_wfqp_precompute	152	static
../acados/acados/ocp_nlp/ocp_nlp_sqp_with_feasible_qp.c:1907:6:ocp_nlp_sqp_wfqp_eval_param_sens	120	static
../acados/acados/ocp_nlp/ocp_nlp_sqp_with_feasible_qp.c:1933:6:ocp_nlp_sqp_wfqp_eval_lagr_grad_p	72	static
../acados/acados/ocp_nlp/ocp_nlp_sqp_with_feasible_qp.c:1953:6:ocp_nlp_sqp_wfqp_eval_solution_sens_adj_p	80	static
../acados/acados/ocp_nlp/ocp_nlp_sqp_with_feasible_qp.c:1970:6:ocp_nlp_sqp_wfqp_get	360	static
../acados/acados/ocp_nlp/ocp_nlp_sqp_with_feasible_qp.c:2041:6:ocp_nlp_sqp_wfqp_terminate	40	static
../acados/acados/ocp_nlp/ocp_nlp_sqp_with_feasible_qp.c:2052:6:ocp_nlp_sqp_wfqp_is_real_time_algorithm	4	static
../acados/acados/ocp_nlp/ocp_nlp_sqp_with_feasible_qp.c:2059:6:ocp_nlp_sqp_wfqp_config_initialize_default	24	static
