../acados/acados/ocp_nlp/ocp_nlp_qpscaling.c:54:15:ocp_nlp_qpscaling_dims_calculate_size	24	static
../acados/acados/ocp_nlp/ocp_nlp_qpscaling.c:68:25:ocp_nlp_qpscaling_dims_assign	24	static
../acados/acados/ocp_nlp/ocp_nlp_qpscaling.c:96:15:ocp_nlp_qpscaling_opts_calculate_size	4	static
../acados/acados/ocp_nlp/ocp_nlp_qpscaling.c:103:7:ocp_nlp_qpscaling_opts_assign	16	static
../acados/acados/ocp_nlp/ocp_nlp_qpscaling.c:110:6:ocp_nlp_qpscaling_opts_initialize_default	24	static
../acados/acados/ocp_nlp/ocp_nlp_qpscaling.c:124:6:ocp_nlp_qpscaling_opts_set	48	static
../acados/acados/ocp_nlp/ocp_nlp_qpscaling.c:164:15:ocp_nlp_qpscaling_memory_calculate_size	40	static
../acados/acados/ocp_nlp/ocp_nlp_qpscaling.c:198:7:ocp_nlp_qpscaling_memory_assign	48	static
../acados/acados/ocp_nlp/ocp_nlp_qpscaling.c:242:7:ocp_nlp_qpscaling_get_constraints_scaling_ptr	24	static
../acados/acados/ocp_nlp/ocp_nlp_qpscaling.c:253:6:ocp_nlp_qpscaling_memory_get	96	static
../acados/acados/ocp_nlp/ocp_nlp_qpscaling.c:314:15:norm_inf_matrix_col	48	static
../acados/acados/ocp_nlp/ocp_nlp_qpscaling.c:327:13:rescale_solution_constraint_scaling	88	static
../acados/acados/ocp_nlp/ocp_nlp_qpscaling.c:379:13:ocp_qp_scale_objective	64	static
../acados/acados/ocp_nlp/ocp_nlp_qpscaling.c:396:13:ocp_qp_out_scale_duals	48	static
../acados/acados/ocp_nlp/ocp_nlp_qpscaling.c:415:6:ocp_nlp_qpscaling_precompute	32	static
../acados/acados/ocp_nlp/ocp_nlp_qpscaling.c:483:6:ocp_nlp_qpscaling_compute_obj_scaling_factor	96	static
../acados/acados/ocp_nlp/ocp_nlp_qpscaling.c:545:6:ocp_nlp_qpscaling_scale_constraints	144	static
../acados/acados/ocp_nlp/ocp_nlp_qpscaling.c:621:13:print_qp_scaling_factors_constr	32	static
../acados/acados/ocp_nlp/ocp_nlp_qpscaling.c:638:6:ocp_nlp_qpscaling_scale_qp	32	static
../acados/acados/ocp_nlp/ocp_nlp_qpscaling.c:668:6:ocp_nlp_qpscaling_rescale_solution	40	static
