../acados/acados/ocp_nlp/ocp_nlp_constraints_bgh.c:97:13:bgh_dims_update_ns	0	static
../acados/acados/ocp_nlp/ocp_nlp_constraints_bgh.c:776:15:ocp_nlp_constraints_bgh_opts_calculate_size	0	static
../acados/acados/ocp_nlp/ocp_nlp_constraints_bgh.c:787:7:ocp_nlp_constraints_bgh_opts_assign	0	static
../acados/acados/ocp_nlp/ocp_nlp_constraints_bgh.c:802:6:ocp_nlp_constraints_bgh_opts_initialize_default	0	static
../acados/acados/ocp_nlp/ocp_nlp_constraints_bgh.c:814:6:ocp_nlp_constraints_bgh_opts_update	0	static
../acados/acados/ocp_nlp/ocp_nlp_constraints_bgh.c:929:6:ocp_nlp_constraints_bgh_model_set_dmask_ptr	0	static
../acados/acados/ocp_nlp/ocp_nlp_constraints_bgh.c:938:22:ocp_nlp_constraints_bgh_memory_get_fun_ptr	0	static
../acados/acados/ocp_nlp/ocp_nlp_constraints_bgh.c:947:22:ocp_nlp_constraints_bgh_memory_get_adj_ptr	0	static
../acados/acados/ocp_nlp/ocp_nlp_constraints_bgh.c:956:6:ocp_nlp_constraints_bgh_memory_set_ux_ptr	0	static
../acados/acados/ocp_nlp/ocp_nlp_constraints_bgh.c:966:6:ocp_nlp_constraints_bgh_memory_set_lam_ptr	0	static
../acados/acados/ocp_nlp/ocp_nlp_constraints_bgh.c:976:6:ocp_nlp_constraints_bgh_memory_set_DCt_ptr	0	static
../acados/acados/ocp_nlp/ocp_nlp_constraints_bgh.c:985:6:ocp_nlp_constraints_bgh_memory_set_RSQrq_ptr	0	static
../acados/acados/ocp_nlp/ocp_nlp_constraints_bgh.c:995:6:ocp_nlp_constraints_bgh_memory_set_z_alg_ptr	0	static
../acados/acados/ocp_nlp/ocp_nlp_constraints_bgh.c:1003:6:ocp_nlp_constraints_bgh_memory_set_dzduxt_ptr	0	static
../acados/acados/ocp_nlp/ocp_nlp_constraints_bgh.c:1012:6:ocp_nlp_constraints_bgh_memory_set_idxb_ptr	0	static
../acados/acados/ocp_nlp/ocp_nlp_constraints_bgh.c:1021:6:ocp_nlp_constraints_bgh_memory_set_idxs_rev_ptr	0	static
../acados/acados/ocp_nlp/ocp_nlp_constraints_bgh.c:1030:6:ocp_nlp_constraints_bgh_memory_set_idxe_ptr	0	static
../acados/acados/ocp_nlp/ocp_nlp_constraints_bgh.c:1038:6:ocp_nlp_constraints_bgh_memory_set_jac_lag_stat_p_global_ptr	0	static
../acados/acados/ocp_nlp/ocp_nlp_constraints_bgh.c:1044:6:ocp_nlp_constraints_bgh_memory_set_jac_ineq_p_global_ptr	0	static
../acados/acados/ocp_nlp/ocp_nlp_constraints_bgh.c:1841:6:ocp_nlp_constraints_bgh_config_initialize_default	0	static
../acados/acados/ocp_nlp/ocp_nlp_constraints_bgh.c:51:15:ocp_nlp_constraints_bgh_dims_calculate_size	16	static
../acados/acados/ocp_nlp/ocp_nlp_constraints_bgh.c:61:7:ocp_nlp_constraints_bgh_dims_assign	8	static
../acados/acados/ocp_nlp/ocp_nlp_constraints_bgh.c:1621:6:ocp_nlp_constraints_bgh_precompute	24	static
../acados/acados/ocp_nlp/ocp_nlp_constraints_bgh.c:859:15:ocp_nlp_constraints_bgh_memory_calculate_size	32	static
../acados/acados/ocp_nlp/ocp_nlp_constraints_bgh.c:286:15:ocp_nlp_constraints_bgh_model_calculate_size	32	static
../acados/acados/ocp_nlp/ocp_nlp_constraints_bgh.c:1055:15:ocp_nlp_constraints_bgh_workspace_calculate_size	48	static
../acados/acados/ocp_nlp/ocp_nlp_constraints_bgh.c:889:7:ocp_nlp_constraints_bgh_memory_assign	64	static
../acados/acados/ocp_nlp/ocp_nlp_constraints_bgh.c:1098:13:ocp_nlp_constraints_bgh_cast_workspace	64	static
../acados/acados/ocp_nlp/ocp_nlp_constraints_bgh.c:323:7:ocp_nlp_constraints_bgh_model_assign	72	static
../acados/acados/ocp_nlp/ocp_nlp_constraints_bgh.c:664:6:ocp_nlp_constraints_bgh_model_get	72	static
../acados/acados/ocp_nlp/ocp_nlp_constraints_bgh.c:1161:6:ocp_nlp_constraints_bgh_initialize	64	static
../acados/acados/ocp_nlp/ocp_nlp_constraints_bgh.c:1776:6:ocp_nlp_constraints_bgh_compute_adj_p	88	static
../acados/acados/ocp_nlp/ocp_nlp_constraints_bgh.c:1700:6:ocp_nlp_constraints_bgh_compute_jac_hess_p	112	static
../acados/acados/ocp_nlp/ocp_nlp_constraints_bgh.c:1219:6:ocp_nlp_constraints_bgh_update_qp_matrices	240	static
../acados/acados/ocp_nlp/ocp_nlp_constraints_bgh.c:1447:6:ocp_nlp_constraints_bgh_compute_fun	152	static
../acados/acados/ocp_nlp/ocp_nlp_constraints_bgh.c:1563:6:ocp_nlp_constraints_bgh_update_qp_vectors	64	static
../acados/acados/ocp_nlp/ocp_nlp_constraints_bgh.c:1667:8:ocp_nlp_constraints_bgh_get_external_fun_workspace_requirement	16	static
../acados/acados/ocp_nlp/ocp_nlp_constraints_bgh.c:1689:6:ocp_nlp_constraints_bgh_set_external_fun_workspaces	16	static
../acados/acados/ocp_nlp/ocp_nlp_constraints_bgh.c:189:6:ocp_nlp_constraints_bgh_dims_get	16	static
../acados/acados/ocp_nlp/ocp_nlp_constraints_bgh.c:823:6:ocp_nlp_constraints_bgh_opts_set	16	static
../acados/acados/ocp_nlp/ocp_nlp_constraints_bgh.c:102:6:ocp_nlp_constraints_bgh_dims_set	16	static
../acados/acados/ocp_nlp/ocp_nlp_constraints_bgh.c:388:6:ocp_nlp_constraints_bgh_update_mask_lower	12	static
../acados/acados/ocp_nlp/ocp_nlp_constraints_bgh.c:400:6:ocp_nlp_constraints_bgh_update_mask_upper	12	static
../acados/acados/ocp_nlp/ocp_nlp_constraints_bgh.c:412:5:ocp_nlp_constraints_bgh_model_set	104	static
