../acados/acados/ocp_nlp/ocp_nlp_ddp.c:846:6:ocp_nlp_ddp_memory_reset_qp_solver	4	static
../acados/acados/ocp_nlp/ocp_nlp_ddp.c:1060:6:ocp_nlp_ddp_terminate	0	static
../acados/acados/ocp_nlp/ocp_nlp_ddp.c:1070:6:ocp_nlp_ddp_is_real_time_algorithm	0	static
../acados/acados/ocp_nlp/ocp_nlp_ddp.c:1075:6:ocp_nlp_ddp_config_initialize_default	0	static
../acados/acados/ocp_nlp/ocp_nlp_ddp.c:64:15:ocp_nlp_ddp_opts_calculate_size	8	static
../acados/acados/ocp_nlp/ocp_nlp_ddp.c:100:6:ocp_nlp_ddp_opts_initialize_default	8	static
../acados/acados/ocp_nlp/ocp_nlp_ddp.c:118:6:ocp_nlp_ddp_opts_update	0	static
../acados/acados/ocp_nlp/ocp_nlp_ddp.c:159:6:ocp_nlp_ddp_opts_set_at_stage	0	static
../acados/acados/ocp_nlp/ocp_nlp_ddp.c:175:15:ocp_nlp_ddp_memory_calculate_size	40	static
../acados/acados/ocp_nlp/ocp_nlp_ddp.c:223:7:ocp_nlp_ddp_memory_assign	64	static
../acados/acados/ocp_nlp/ocp_nlp_ddp.c:289:15:ocp_nlp_ddp_workspace_calculate_size	8	static
../acados/acados/ocp_nlp/ocp_nlp_ddp.c:334:6:ocp_nlp_ddp_compute_trial_iterate	144	static
../acados/acados/ocp_nlp/ocp_nlp_ddp.c:536:6:ocp_nlp_ddp_setup_qp_matrices_and_factorize	4	static
../acados/acados/ocp_nlp/ocp_nlp_ddp.c:825:6:ocp_nlp_ddp_eval_kkt_residual	48	static
../acados/acados/ocp_nlp/ocp_nlp_ddp.c:548:5:ocp_nlp_ddp	200	static
../acados/acados/ocp_nlp/ocp_nlp_ddp.c:908:6:ocp_nlp_ddp_eval_param_sens	80	static
../acados/acados/ocp_nlp/ocp_nlp_ddp.c:933:6:ocp_nlp_ddp_eval_lagr_grad_p	4	static
../acados/acados/ocp_nlp/ocp_nlp_ddp.c:953:6:ocp_nlp_ddp_eval_solution_sens_adj_p	4	static
../acados/acados/ocp_nlp/ocp_nlp_ddp.c:80:7:ocp_nlp_ddp_opts_assign	24	static
../acados/acados/ocp_nlp/ocp_nlp_ddp.c:1024:6:ocp_nlp_ddp_opts_get	16	static
../acados/acados/ocp_nlp/ocp_nlp_ddp.c:1042:6:ocp_nlp_ddp_work_get	16	static
C:/DATA/Projects/Amon_Board/Firmware/Amon_board_firmware-STM32H743/acados/acados/utils/strsep.h:42:20:extract_module_name.constprop	24	static
../acados/acados/ocp_nlp/ocp_nlp_ddp.c:970:6:ocp_nlp_ddp_get	304	static
../acados/acados/ocp_nlp/ocp_nlp_ddp.c:132:6:ocp_nlp_ddp_opts_set	288	static
../acados/acados/ocp_nlp/ocp_nlp_ddp.c:865:5:ocp_nlp_ddp_precompute	72	static
