../acados/acados/ocp_nlp/ocp_nlp_reg_convexify.c:52:15:ocp_nlp_reg_convexify_opts_calculate_size	4	static
../acados/acados/ocp_nlp/ocp_nlp_reg_convexify.c:59:7:ocp_nlp_reg_convexify_opts_assign	16	static
../acados/acados/ocp_nlp/ocp_nlp_reg_convexify.c:66:6:ocp_nlp_reg_convexify_opts_initialize_default	32	static
../acados/acados/ocp_nlp/ocp_nlp_reg_convexify.c:78:6:ocp_nlp_reg_convexify_opts_set	40	static
../acados/acados/ocp_nlp/ocp_nlp_reg_convexify.c:108:15:ocp_nlp_reg_convexify_memory_calculate_size	72	static
../acados/acados/ocp_nlp/ocp_nlp_reg_convexify.c:183:7:ocp_nlp_reg_convexify_assign_memory	88	static
../acados/acados/ocp_nlp/ocp_nlp_reg_convexify.c:298:6:ocp_nlp_reg_convexify_memory_set_RSQrq_ptr	40	static
../acados/acados/ocp_nlp/ocp_nlp_reg_convexify.c:315:6:ocp_nlp_reg_convexify_memory_set_rq_ptr	40	static
../acados/acados/ocp_nlp/ocp_nlp_reg_convexify.c:332:6:ocp_nlp_reg_convexify_memory_set_BAbt_ptr	40	static
../acados/acados/ocp_nlp/ocp_nlp_reg_convexify.c:349:6:ocp_nlp_reg_convexify_memory_set_b_ptr	40	static
../acados/acados/ocp_nlp/ocp_nlp_reg_convexify.c:366:6:ocp_nlp_reg_convexify_memory_set_idxb_ptr	40	static
../acados/acados/ocp_nlp/ocp_nlp_reg_convexify.c:383:6:ocp_nlp_reg_convexify_memory_set_DCt_ptr	40	static
../acados/acados/ocp_nlp/ocp_nlp_reg_convexify.c:400:6:ocp_nlp_reg_convexify_memory_set_ux_ptr	40	static
../acados/acados/ocp_nlp/ocp_nlp_reg_convexify.c:417:6:ocp_nlp_reg_convexify_memory_set_pi_ptr	40	static
../acados/acados/ocp_nlp/ocp_nlp_reg_convexify.c:434:6:ocp_nlp_reg_convexify_memory_set_lam_ptr	40	static
../acados/acados/ocp_nlp/ocp_nlp_reg_convexify.c:451:6:ocp_nlp_reg_convexify_memory_set	64	static
../acados/acados/ocp_nlp/ocp_nlp_reg_convexify.c:516:6:ocp_nlp_reg_convexify_regularize	136	static
../acados/acados/ocp_nlp/ocp_nlp_reg_convexify.c:655:6:ocp_nlp_reg_convexify_regularize_lhs	136	static
../acados/acados/ocp_nlp/ocp_nlp_reg_convexify.c:742:6:ocp_nlp_reg_convexify_regularize_rhs	136	static
../acados/acados/ocp_nlp/ocp_nlp_reg_convexify.c:835:6:ocp_nlp_reg_convexify_correct_dual_sol	120	static
../acados/acados/ocp_nlp/ocp_nlp_reg_convexify.c:906:6:ocp_nlp_reg_convexify_config_initialize_default	16	static
