../acados/acados/ocp_nlp/ocp_nlp_globalization_funnel.c:59:15:ocp_nlp_globalization_funnel_opts_calculate_size	32	static
../acados/acados/ocp_nlp/ocp_nlp_globalization_funnel.c:73:6:ocp_nlp_globalization_funnel_opts_initialize_default	40	static
../acados/acados/ocp_nlp/ocp_nlp_globalization_funnel.c:98:6:ocp_nlp_globalization_funnel_opts_set	64	static
../acados/acados/ocp_nlp/ocp_nlp_globalization_funnel.c:175:7:ocp_nlp_globalization_funnel_opts_assign	40	static
../acados/acados/ocp_nlp/ocp_nlp_globalization_funnel.c:198:15:ocp_nlp_globalization_funnel_memory_calculate_size	24	static
../acados/acados/ocp_nlp/ocp_nlp_globalization_funnel.c:208:7:ocp_nlp_globalization_funnel_memory_assign	32	static
../acados/acados/ocp_nlp/ocp_nlp_globalization_funnel.c:229:6:initialize_funnel_width	24	static
../acados/acados/ocp_nlp/ocp_nlp_globalization_funnel.c:235:6:initialize_funnel_penalty_parameter	16	static
../acados/acados/ocp_nlp/ocp_nlp_globalization_funnel.c:240:6:update_funnel_penalty_parameter	40	static
../acados/acados/ocp_nlp/ocp_nlp_globalization_funnel.c:265:6:decrease_funnel	32	static
../acados/acados/ocp_nlp/ocp_nlp_globalization_funnel.c:270:6:is_iterate_inside_of_funnel	24	static
../acados/acados/ocp_nlp/ocp_nlp_globalization_funnel.c:282:6:is_funnel_sufficient_decrease_satisfied	24	static
../acados/acados/ocp_nlp/ocp_nlp_globalization_funnel.c:294:6:is_switching_condition_satisfied	40	static
../acados/acados/ocp_nlp/ocp_nlp_globalization_funnel.c:306:6:is_armijo_condition_satisfied	40	static
../acados/acados/ocp_nlp/ocp_nlp_globalization_funnel.c:319:6:is_trial_iterate_acceptable_to_funnel	96	static
../acados/acados/ocp_nlp/ocp_nlp_globalization_funnel.c:415:5:backtracking_line_search	200	static
../acados/acados/ocp_nlp/ocp_nlp_globalization_funnel.c:536:5:ocp_nlp_globalization_funnel_find_acceptable_iterate	80	static
../acados/acados/ocp_nlp/ocp_nlp_globalization_funnel.c:561:6:ocp_nlp_globalization_funnel_print_iteration_header	16	static
../acados/acados/ocp_nlp/ocp_nlp_globalization_funnel.c:566:6:ocp_nlp_globalization_funnel_print_iteration	80	static
../acados/acados/ocp_nlp/ocp_nlp_globalization_funnel.c:577:5:ocp_nlp_globalization_funnel_needs_objective_value	4	static
../acados/acados/ocp_nlp/ocp_nlp_globalization_funnel.c:582:5:ocp_nlp_globalization_funnel_needs_qp_objective_value	4	static
../acados/acados/ocp_nlp/ocp_nlp_globalization_funnel.c:588:6:ocp_nlp_globalization_funnel_initialize_memory	48	static
../acados/acados/ocp_nlp/ocp_nlp_globalization_funnel.c:607:6:ocp_nlp_globalization_funnel_config_initialize_default	16	static
