../acados/acados/ocp_nlp/ocp_nlp_reg_mirror.c:51:15:ocp_nlp_reg_mirror_opts_calculate_size	0	static
../acados/acados/ocp_nlp/ocp_nlp_reg_mirror.c:58:7:ocp_nlp_reg_mirror_opts_assign	0	static
../acados/acados/ocp_nlp/ocp_nlp_reg_mirror.c:65:6:ocp_nlp_reg_mirror_opts_initialize_default	0	static
../acados/acados/ocp_nlp/ocp_nlp_reg_mirror.c:119:15:ocp_nlp_reg_mirror_memory_calculate_size	16	static
../acados/acados/ocp_nlp/ocp_nlp_reg_mirror.c:188:6:ocp_nlp_reg_mirror_memory_set_RSQrq_ptr	16	static
../acados/acados/ocp_nlp/ocp_nlp_reg_mirror.c:209:6:ocp_nlp_reg_mirror_memory_set_rq_ptr	0	static
../acados/acados/ocp_nlp/ocp_nlp_reg_mirror.c:327:6:ocp_nlp_reg_mirror_regularize_rhs	0	static
../acados/acados/ocp_nlp/ocp_nlp_reg_mirror.c:147:7:ocp_nlp_reg_mirror_memory_assign	32	static
../acados/acados/ocp_nlp/ocp_nlp_reg_mirror.c:288:6:ocp_nlp_reg_mirror_regularize	56	static
../acados/acados/ocp_nlp/ocp_nlp_reg_mirror.c:320:6:ocp_nlp_reg_mirror_regularize_lhs	0	static
../acados/acados/ocp_nlp/ocp_nlp_reg_mirror.c:79:6:ocp_nlp_reg_mirror_opts_set	16	static
../acados/acados/ocp_nlp/ocp_nlp_reg_mirror.c:265:6:ocp_nlp_reg_mirror_memory_set	24	static
../acados/acados/ocp_nlp/ocp_nlp_reg_mirror.c:333:6:ocp_nlp_reg_mirror_correct_dual_sol	0	static
../acados/acados/ocp_nlp/ocp_nlp_reg_mirror.c:258:6:ocp_nlp_reg_mirror_memory_set_lam_ptr	0	static
../acados/acados/ocp_nlp/ocp_nlp_reg_mirror.c:216:6:ocp_nlp_reg_mirror_memory_set_BAbt_ptr	0	static
../acados/acados/ocp_nlp/ocp_nlp_reg_mirror.c:223:6:ocp_nlp_reg_mirror_memory_set_b_ptr	0	static
../acados/acados/ocp_nlp/ocp_nlp_reg_mirror.c:230:6:ocp_nlp_reg_mirror_memory_set_idxb_ptr	0	static
../acados/acados/ocp_nlp/ocp_nlp_reg_mirror.c:237:6:ocp_nlp_reg_mirror_memory_set_DCt_ptr	0	static
../acados/acados/ocp_nlp/ocp_nlp_reg_mirror.c:244:6:ocp_nlp_reg_mirror_memory_set_ux_ptr	0	static
../acados/acados/ocp_nlp/ocp_nlp_reg_mirror.c:251:6:ocp_nlp_reg_mirror_memory_set_pi_ptr	0	static
../acados/acados/ocp_nlp/ocp_nlp_reg_mirror.c:340:6:ocp_nlp_reg_mirror_config_initialize_default	0	static
