../acados/acados/dense_qp/dense_qp_hpipm.c:122:6:dense_qp_hpipm_opts_update	0	static
../acados/acados/dense_qp/dense_qp_hpipm.c:268:15:dense_qp_hpipm_workspace_calculate_size	0	static
../acados/acados/dense_qp/dense_qp_hpipm.c:53:15:dense_qp_hpipm_opts_calculate_size	16	static
../acados/acados/dense_qp/dense_qp_hpipm.c:70:7:dense_qp_hpipm_opts_assign	24	static
../acados/acados/dense_qp/dense_qp_hpipm.c:175:6:dense_qp_hpipm_opts_get	0	static
../acados/acados/dense_qp/dense_qp_hpipm.c:190:15:dense_qp_hpipm_memory_calculate_size	16	static
../acados/acados/dense_qp/dense_qp_hpipm.c:208:7:dense_qp_hpipm_memory_assign	32	static
../acados/acados/dense_qp/dense_qp_hpipm.c:376:6:dense_qp_hpipm_memory_reset	8	static
../acados/acados/dense_qp/dense_qp_hpipm.c:382:6:dense_qp_hpipm_solver_get	8	static
../acados/acados/dense_qp/dense_qp_hpipm.c:279:5:dense_qp_hpipm	104	static
../acados/acados/dense_qp/dense_qp_hpipm.c:347:6:dense_qp_hpipm_eval_forw_sens	4	static
../acados/acados/dense_qp/dense_qp_hpipm.c:361:6:dense_qp_hpipm_eval_adj_sens	4	static
../acados/acados/dense_qp/dense_qp_hpipm.c:237:6:dense_qp_hpipm_memory_get	16	static
../acados/acados/dense_qp/dense_qp_hpipm.c:389:6:dense_qp_hpipm_terminate	0	static
../acados/acados/dense_qp/dense_qp_hpipm.c:93:13:dense_qp_hpipm_opts_overwrite_mode_opts.isra	0	static
../acados/acados/dense_qp/dense_qp_hpipm.c:130:6:dense_qp_hpipm_opts_set	16	static
../acados/acados/dense_qp/dense_qp_hpipm.c:107:6:dense_qp_hpipm_opts_initialize_default	8	static
../acados/acados/dense_qp/dense_qp_hpipm.c:395:6:dense_qp_hpipm_config_initialize_default	0	static
