../acados/acados/dense_qp/dense_qp_common.c:64:15:dense_qp_solver_config_calculate_size	16	static
../acados/acados/dense_qp/dense_qp_common.c:75:19:dense_qp_solver_config_assign	24	static
../acados/acados/dense_qp/dense_qp_common.c:91:15:dense_qp_dims_calculate_size	16	static
../acados/acados/dense_qp/dense_qp_common.c:102:16:dense_qp_dims_assign	24	static
../acados/acados/dense_qp/dense_qp_common.c:118:6:dense_qp_dims_set	32	static
../acados/acados/dense_qp/dense_qp_common.c:131:6:dense_qp_dims_get	32	static
../acados/acados/dense_qp/dense_qp_common.c:156:15:dense_qp_in_calculate_size	24	static
../acados/acados/dense_qp/dense_qp_common.c:169:14:dense_qp_in_assign	24	static
../acados/acados/dense_qp/dense_qp_common.c:200:15:dense_qp_out_calculate_size	24	static
../acados/acados/dense_qp/dense_qp_common.c:213:15:dense_qp_out_assign	24	static
../acados/acados/dense_qp/dense_qp_common.c:234:6:dense_qp_out_get	32	static
../acados/acados/dense_qp/dense_qp_common.c:254:15:dense_qp_seed_calculate_size	24	static
../acados/acados/dense_qp/dense_qp_common.c:265:16:dense_qp_seed_assign	24	static
../acados/acados/dense_qp/dense_qp_common.c:285:15:dense_qp_res_calculate_size	24	static
../acados/acados/dense_qp/dense_qp_common.c:296:15:dense_qp_res_assign	24	static
../acados/acados/dense_qp/dense_qp_common.c:313:15:dense_qp_res_workspace_calculate_size	24	static
../acados/acados/dense_qp/dense_qp_common.c:325:18:dense_qp_res_workspace_assign	24	static
../acados/acados/dense_qp/dense_qp_common.c:344:6:dense_qp_compute_t	104	static
../acados/acados/dense_qp/dense_qp_common.c:388:6:dense_qp_res_compute	32	static
../acados/acados/dense_qp/dense_qp_common.c:419:6:dense_qp_res_compute_nrm_inf	40	static
../acados/acados/dense_qp/dense_qp_common.c:435:6:dense_qp_stack_slacks_dims_upperbound	16	static
../acados/acados/dense_qp/dense_qp_common.c:446:6:dense_qp_stack_slacks_recover_nsb_nsg_from_idxs_rev	32	static
../acados/acados/dense_qp/dense_qp_common.c:469:6:dense_qp_stack_slacks_dims_from_idxs_rev	32	static
../acados/acados/dense_qp/dense_qp_common.c:482:6:dense_qp_stack_slacks	152	static
../acados/acados/dense_qp/dense_qp_common.c:639:6:dense_qp_unstack_slacks	144	static
