Archive member included to satisfy reference by file (symbol)

C:/ST/STM32CubeIDE_1.18.1/STM32CubeIDE/plugins/com.st.stm32cube.ide.mcu.externaltools.gnu-tools-for-stm32.13.3.rel1.win32_1.0.0.202411081344/tools/bin/../lib/gcc/arm-none-eabi/13.3.1/../../../../arm-none-eabi/lib/thumb/v7e-m+fp/hard\libm.a(libm_a-w_pow.o)
                              ./Core/Src/MPU6050.o (pow)
C:/ST/STM32CubeIDE_1.18.1/STM32CubeIDE/plugins/com.st.stm32cube.ide.mcu.externaltools.gnu-tools-for-stm32.13.3.rel1.win32_1.0.0.202411081344/tools/bin/../lib/gcc/arm-none-eabi/13.3.1/../../../../arm-none-eabi/lib/thumb/v7e-m+fp/hard\libm.a(libm_a-s_atan.o)
                              ./Core/Src/MPU6050.o (atan)
C:/ST/STM32CubeIDE_1.18.1/STM32CubeIDE/plugins/com.st.stm32cube.ide.mcu.externaltools.gnu-tools-for-stm32.13.3.rel1.win32_1.0.0.202411081344/tools/bin/../lib/gcc/arm-none-eabi/13.3.1/../../../../arm-none-eabi/lib/thumb/v7e-m+fp/hard\libm.a(libm_a-s_fabs.o)
                              C:/ST/STM32CubeIDE_1.18.1/STM32CubeIDE/plugins/com.st.stm32cube.ide.mcu.externaltools.gnu-tools-for-stm32.13.3.rel1.win32_1.0.0.202411081344/tools/bin/../lib/gcc/arm-none-eabi/13.3.1/../../../../arm-none-eabi/lib/thumb/v7e-m+fp/hard\libm.a(libm_a-s_atan.o) (fabs)
C:/ST/STM32CubeIDE_1.18.1/STM32CubeIDE/plugins/com.st.stm32cube.ide.mcu.externaltools.gnu-tools-for-stm32.13.3.rel1.win32_1.0.0.202411081344/tools/bin/../lib/gcc/arm-none-eabi/13.3.1/../../../../arm-none-eabi/lib/thumb/v7e-m+fp/hard\libm.a(libm_a-wf_sqrt.o)
                              ./Core/Src/MPU6050.o (sqrtf)
C:/ST/STM32CubeIDE_1.18.1/STM32CubeIDE/plugins/com.st.stm32cube.ide.mcu.externaltools.gnu-tools-for-stm32.13.3.rel1.win32_1.0.0.202411081344/tools/bin/../lib/gcc/arm-none-eabi/13.3.1/../../../../arm-none-eabi/lib/thumb/v7e-m+fp/hard\libm.a(libm_a-s_finite.o)
                              C:/ST/STM32CubeIDE_1.18.1/STM32CubeIDE/plugins/com.st.stm32cube.ide.mcu.externaltools.gnu-tools-for-stm32.13.3.rel1.win32_1.0.0.202411081344/tools/bin/../lib/gcc/arm-none-eabi/13.3.1/../../../../arm-none-eabi/lib/thumb/v7e-m+fp/hard\libm.a(libm_a-w_pow.o) (finite)
C:/ST/STM32CubeIDE_1.18.1/STM32CubeIDE/plugins/com.st.stm32cube.ide.mcu.externaltools.gnu-tools-for-stm32.13.3.rel1.win32_1.0.0.202411081344/tools/bin/../lib/gcc/arm-none-eabi/13.3.1/../../../../arm-none-eabi/lib/thumb/v7e-m+fp/hard\libm.a(libm_a-ef_sqrt.o)
                              C:/ST/STM32CubeIDE_1.18.1/STM32CubeIDE/plugins/com.st.stm32cube.ide.mcu.externaltools.gnu-tools-for-stm32.13.3.rel1.win32_1.0.0.202411081344/tools/bin/../lib/gcc/arm-none-eabi/13.3.1/../../../../arm-none-eabi/lib/thumb/v7e-m+fp/hard\libm.a(libm_a-wf_sqrt.o) (__ieee754_sqrtf)
C:/ST/STM32CubeIDE_1.18.1/STM32CubeIDE/plugins/com.st.stm32cube.ide.mcu.externaltools.gnu-tools-for-stm32.13.3.rel1.win32_1.0.0.202411081344/tools/bin/../lib/gcc/arm-none-eabi/13.3.1/../../../../arm-none-eabi/lib/thumb/v7e-m+fp/hard\libm.a(libm_a-e_pow.o)
                              C:/ST/STM32CubeIDE_1.18.1/STM32CubeIDE/plugins/com.st.stm32cube.ide.mcu.externaltools.gnu-tools-for-stm32.13.3.rel1.win32_1.0.0.202411081344/tools/bin/../lib/gcc/arm-none-eabi/13.3.1/../../../../arm-none-eabi/lib/thumb/v7e-m+fp/hard\libm.a(libm_a-w_pow.o) (__ieee754_pow)
C:/ST/STM32CubeIDE_1.18.1/STM32CubeIDE/plugins/com.st.stm32cube.ide.mcu.externaltools.gnu-tools-for-stm32.13.3.rel1.win32_1.0.0.202411081344/tools/bin/../lib/gcc/arm-none-eabi/13.3.1/../../../../arm-none-eabi/lib/thumb/v7e-m+fp/hard\libm.a(libm_a-s_scalbn.o)
                              C:/ST/STM32CubeIDE_1.18.1/STM32CubeIDE/plugins/com.st.stm32cube.ide.mcu.externaltools.gnu-tools-for-stm32.13.3.rel1.win32_1.0.0.202411081344/tools/bin/../lib/gcc/arm-none-eabi/13.3.1/../../../../arm-none-eabi/lib/thumb/v7e-m+fp/hard\libm.a(libm_a-e_pow.o) (scalbn)
C:/ST/STM32CubeIDE_1.18.1/STM32CubeIDE/plugins/com.st.stm32cube.ide.mcu.externaltools.gnu-tools-for-stm32.13.3.rel1.win32_1.0.0.202411081344/tools/bin/../lib/gcc/arm-none-eabi/13.3.1/../../../../arm-none-eabi/lib/thumb/v7e-m+fp/hard\libm.a(libm_a-math_err.o)
                              C:/ST/STM32CubeIDE_1.18.1/STM32CubeIDE/plugins/com.st.stm32cube.ide.mcu.externaltools.gnu-tools-for-stm32.13.3.rel1.win32_1.0.0.202411081344/tools/bin/../lib/gcc/arm-none-eabi/13.3.1/../../../../arm-none-eabi/lib/thumb/v7e-m+fp/hard\libm.a(libm_a-e_pow.o) (__math_uflow)
C:/ST/STM32CubeIDE_1.18.1/STM32CubeIDE/plugins/com.st.stm32cube.ide.mcu.externaltools.gnu-tools-for-stm32.13.3.rel1.win32_1.0.0.202411081344/tools/bin/../lib/gcc/arm-none-eabi/13.3.1/../../../../arm-none-eabi/lib/thumb/v7e-m+fp/hard\libm.a(libm_a-e_sqrt.o)
                              C:/ST/STM32CubeIDE_1.18.1/STM32CubeIDE/plugins/com.st.stm32cube.ide.mcu.externaltools.gnu-tools-for-stm32.13.3.rel1.win32_1.0.0.202411081344/tools/bin/../lib/gcc/arm-none-eabi/13.3.1/../../../../arm-none-eabi/lib/thumb/v7e-m+fp/hard\libm.a(libm_a-e_pow.o) (__ieee754_sqrt)
[...]
Memory Configuration

Name             Origin             Length             Attributes
CCMRAM           0x10000000         0x00010000         xrw
RAM              0x20000000         0x00020000         xrw
FLASH            0x08000000         0x00100000         xr
*default*        0x00000000         0xffffffff

Linker script and memory map

LOAD C:/ST/STM32CubeIDE_1.18.1/STM32CubeIDE/plugins/com.st.stm32cube.ide.mcu.externaltools.gnu-tools-for-stm32.13.3.rel1.win32_1.0.0.202411081344/tools/bin/../lib/gcc/arm-none-eabi/13.3.1/thumb/v7e-m+fp/hard/crti.o
LOAD C:/ST/STM32CubeIDE_1.18.1/STM32CubeIDE/plugins/com.st.stm32cube.ide.mcu.externaltools.gnu-tools-for-stm32.13.3.rel1.win32_1.0.0.202411081344/tools/bin/../lib/gcc/arm-none-eabi/13.3.1/thumb/v7e-m+fp/hard/crtbegin.o
LOAD C:/ST/STM32CubeIDE_1.18.1/STM32CubeIDE/plugins/com.st.stm32cube.ide.mcu.externaltools.gnu-tools-for-stm32.13.3.rel1.win32_1.0.0.202411081344/tools/bin/../lib/gcc/arm-none-eabi/13.3.1/../../../../arm-none-eabi/lib/thumb/v7e-m+fp/hard/crt0.o
LOAD ./Core/Src/BME280.o
LOAD ./Core/Src/GNSS.o
LOAD ./Core/Src/MPU6050.o
LOAD ./Core/Src/NRF24L01.o
LOAD ./Core/Src/PWM.o
LOAD ./Core/Src/data_transcode.o
LOAD ./Core/Src/drone_data.o
LOAD ./Core/Src/main.o
LOAD ./Core/Src/regulators.o
LOAD ./Core/Src/stm32f4xx_hal_msp.o
LOAD ./Core/Src/stm32f4xx_it.o
LOAD ./Core/Src/syscalls.o
LOAD ./Core/Src/sysmem.o
LOAD ./Core/Src/system_stm32f4xx.o
LOAD ./Core/Startup/startup_stm32f405rgtx.o
LOAD ./Drivers/STM32F4xx_HAL_Driver/Src/stm32f4xx_hal.o
LOAD ./Drivers/STM32F4xx_HAL_Driver/Src/stm32f4xx_hal_adc.o
LOAD ./Drivers/STM32F4xx_HAL_Driver/Src/stm32f4xx_hal_adc_ex.o
LOAD ./Drivers/STM32F4xx_HAL_Driver/Src/stm32f4xx_hal_cortex.o
LOAD ./Drivers/STM32F4xx_HAL_Driver/Src/stm32f4xx_hal_dma.o
LOAD ./Drivers/STM32F4xx_HAL_Driver/Src/stm32f4xx_hal_dma_ex.o
LOAD ./Drivers/STM32F4xx_HAL_Driver/Src/stm32f4xx_hal_exti.o
LOAD ./Drivers/STM32F4xx_HAL_Driver/Src/stm32f4xx_hal_flash.o
LOAD ./Drivers/STM32F4xx_HAL_Driver/Src/stm32f4xx_hal_flash_ex.o
LOAD ./Drivers/STM32F4xx_HAL_Driver/Src/stm32f4xx_hal_flash_ramfunc.o
LOAD ./Drivers/STM32F4xx_HAL_Driver/Src/stm32f4xx_hal_gpio.o
LOAD ./Drivers/STM32F4xx_HAL_Driver/Src/stm32f4xx_hal_i2c.o
LOAD ./Drivers/STM32F4xx_HAL_Driver/Src/stm32f4xx_hal_i2c_ex.o
LOAD ./Drivers/STM32F4xx_HAL_Driver/Src/stm32f4xx_hal_pcd.o
LOAD ./Drivers/STM32F4xx_HAL_Driver/Src/stm32f4xx_hal_pcd_ex.o
LOAD ./Drivers/STM32F4xx_HAL_Driver/Src/stm32f4xx_hal_pwr.o
LOAD ./Drivers/STM32F4xx_HAL_Driver/Src/stm32f4xx_hal_pwr_ex.o
LOAD ./Drivers/STM32F4xx_HAL_Driver/Src/stm32f4xx_hal_rcc.o
LOAD ./Drivers/STM32F4xx_HAL_Driver/Src/stm32f4xx_hal_rcc_ex.o
LOAD ./Drivers/STM32F4xx_HAL_Driver/Src/stm32f4xx_hal_spi.o
LOAD ./Drivers/STM32F4xx_HAL_Driver/Src/stm32f4xx_hal_tim.o
LOAD ./Drivers/STM32F4xx_HAL_Driver/Src/stm32f4xx_hal_tim_ex.o
LOAD ./Drivers/STM32F4xx_HAL_Driver/Src/stm32f4xx_hal_uart.o
LOAD ./Drivers/STM32F4xx_HAL_Driver/Src/stm32f4xx_ll_adc.o
LOAD ./Drivers/STM32F4xx_HAL_Driver/Src/stm32f4xx_ll_usb.o
LOAD ./Drivers/vl53l1x/core/VL53L1X_api.o
LOAD ./Drivers/vl53l1x/core/VL53L1X_calibration.o
LOAD ./Drivers/vl53l1x/platform/vl53l1_platform.o
LOAD ./FATFS/App/fatfs.o
LOAD ./FATFS/Target/user_diskio.o
LOAD ./Middlewares/ST/STM32_USB_Device_Library/Class/CDC/Src/usbd_cdc.o
LOAD ./Middlewares/ST/STM32_USB_Device_Library/Core/Src/usbd_core.o
LOAD ./Middlewares/ST/STM32_USB_Device_Library/Core/Src/usbd_ctlreq.o
LOAD ./Middlewares/ST/STM32_USB_Device_Library/Core/Src/usbd_ioreq.o
LOAD ./Middlewares/Third_Party/FatFs/src/diskio.o
LOAD ./Middlewares/Third_Party/FatFs/src/ff.o
LOAD ./Middlewares/Third_Party/FatFs/src/ff_gen_drv.o
LOAD ./Middlewares/Third_Party/FatFs/src/option/syscall.o
LOAD ./USB_DEVICE/App/usb_device.o
LOAD ./USB_DEVICE/App/usbd_cdc_if.o
LOAD ./USB_DEVICE/App/usbd_desc.o
LOAD ./USB_DEVICE/Target/usbd_conf.o
START GROUP
LOAD C:/ST/STM32CubeIDE_1.18.1/STM32CubeIDE/plugins/com.st.stm32cube.ide.mcu.externaltools.gnu-tools-for-stm32.13.3.rel1.win32_1.0.0.202411081344/tools/bin/../lib/gcc/arm-none-eabi/13.3.1/../../../../arm-none-eabi/lib/thumb/v7e-m+fp/hard\libstdc++_nano.a
LOAD C:/ST/STM32CubeIDE_1.18.1/STM32CubeIDE/plugins/com.st.stm32cube.ide.mcu.externaltools.gnu-tools-for-stm32.13.3.rel1.win32_1.0.0.202411081344/tools/bin/../lib/gcc/arm-none-eabi/13.3.1/../../../../arm-none-eabi/lib/thumb/v7e-m+fp/hard\libsupc++_nano.a
END GROUP
LOAD C:/ST/STM32CubeIDE_1.18.1/STM32CubeIDE/plugins/com.st.stm32cube.ide.mcu.externaltools.gnu-tools-for-stm32.13.3.rel1.win32_1.0.0.202411081344/tools/bin/../lib/gcc/arm-none-eabi/13.3.1/../../../../arm-none-eabi/lib/thumb/v7e-m+fp/hard\libstdc++_nano.a
LOAD C:/ST/STM32CubeIDE_1.18.1/STM32CubeIDE/plugins/com.st.stm32cube.ide.mcu.externaltools.gnu-tools-for-stm32.13.3.rel1.win32_1.0.0.202411081344/tools/bin/../lib/gcc/arm-none-eabi/13.3.1/../../../../arm-none-eabi/lib/thumb/v7e-m+fp/hard\libm.a
LOAD C:/ST/STM32CubeIDE_1.18.1/STM32CubeIDE/plugins/com.st.stm32cube.ide.mcu.externaltools.gnu-tools-for-stm32.13.3.rel1.win32_1.0.0.202411081344/tools/bin/../lib/gcc/arm-none-eabi/13.3.1/../../../../arm-none-eabi/lib/thumb/v7e-m+fp/hard\libc_nano.a
START GROUP
LOAD C:/ST/STM32CubeIDE_1.18.1/STM32CubeIDE/plugins/com.st.stm32cube.ide.mcu.externaltools.gnu-tools-for-stm32.13.3.rel1.win32_1.0.0.202411081344/tools/bin/../lib/gcc/arm-none-eabi/13.3.1/thumb/v7e-m+fp/hard\libgcc.a
LOAD C:/ST/STM32CubeIDE_1.18.1/STM32CubeIDE/plugins/com.st.stm32cube.ide.mcu.externaltools.gnu-tools-for-stm32.13.3.rel1.win32_1.0.0.202411081344/tools/bin/../lib/gcc/arm-none-eabi/13.3.1/../../../../arm-none-eabi/lib/thumb/v7e-m+fp/hard\libc_nano.a
END GROUP
START GROUP
LOAD C:/ST/STM32CubeIDE_1.18.1/STM32CubeIDE/plugins/com.st.stm32cube.ide.mcu.externaltools.gnu-tools-for-stm32.13.3.rel1.win32_1.0.0.202411081344/tools/bin/../lib/gcc/arm-none-eabi/13.3.1/thumb/v7e-m+fp/hard\libgcc.a
LOAD C:/ST/STM32CubeIDE_1.18.1/STM32CubeIDE/plugins/com.st.stm32cube.ide.mcu.externaltools.gnu-tools-for-stm32.13.3.rel1.win32_1.0.0.202411081344/tools/bin/../lib/gcc/arm-none-eabi/13.3.1/../../../../arm-none-eabi/lib/thumb/v7e-m+fp/hard\libc_nano.a
LOAD C:/ST/STM32CubeIDE_1.18.1/STM32CubeIDE/plugins/com.st.stm32cube.ide.mcu.externaltools.gnu-tools-for-stm32.13.3.rel1.win32_1.0.0.202411081344/tools/bin/../lib/gcc/arm-none-eabi/13.3.1/../../../../arm-none-eabi/lib/thumb/v7e-m+fp/hard\libnosys.a
END GROUP
START GROUP
LOAD C:/ST/STM32CubeIDE_1.18.1/STM32CubeIDE/plugins/com.st.stm32cube.ide.mcu.externaltools.gnu-tools-for-stm32.13.3.rel1.win32_1.0.0.202411081344/tools/bin/../lib/gcc/arm-none-eabi/13.3.1/thumb/v7e-m+fp/hard\libgcc.a
LOAD C:/ST/STM32CubeIDE_1.18.1/STM32CubeIDE/plugins/com.st.stm32cube.ide.mcu.externaltools.gnu-tools-for-stm32.13.3.rel1.win32_1.0.0.202411081344/tools/bin/../lib/gcc/arm-none-eabi/13.3.1/../../../../arm-none-eabi/lib/thumb/v7e-m+fp/hard\libc_nano.a
LOAD C:/ST/STM32CubeIDE_1.18.1/STM32CubeIDE/plugins/com.st.stm32cube.ide.mcu.externaltools.gnu-tools-for-stm32.13.3.rel1.win32_1.0.0.202411081344/tools/bin/../lib/gcc/arm-none-eabi/13.3.1/../../../../arm-none-eabi/lib/thumb/v7e-m+fp/hard\libnosys.a
END GROUP
LOAD C:/ST/STM32CubeIDE_1.18.1/STM32CubeIDE/plugins/com.st.stm32cube.ide.mcu.externaltools.gnu-tools-for-stm32.13.3.rel1.win32_1.0.0.202411081344/tools/bin/../lib/gcc/arm-none-eabi/13.3.1/thumb/v7e-m+fp/hard/crtend.o
LOAD C:/ST/STM32CubeIDE_1.18.1/STM32CubeIDE/plugins/com.st.stm32cube.ide.mcu.externaltools.gnu-tools-for-stm32.13.3.rel1.win32_1.0.0.202411081344/tools/bin/../lib/gcc/arm-none-eabi/13.3.1/thumb/v7e-m+fp/hard/crtn.o
                0x20020000                        _estack = (ORIGIN (RAM) + LENGTH (RAM))
                0x00000200                        _Min_Heap_Size = 0x200
                0x00000400                        _Min_Stack_Size = 0x400

.isr_vector     0x08000000      0x188
                0x08000000                        . = ALIGN (0x4)
 *(.isr_vector)
 .isr_vector    0x08000000      0x188 ./Core/Startup/startup_stm32f405rgtx.o
                0x08000000                g_pfnVectors
                0x08000188                        . = ALIGN (0x4)

.text           0x08000190    0x149bc
                0x08000190                        . = ALIGN (0x4)
 *(.text)
 .text          0x08000190       0x40 C:/ST/STM32CubeIDE_1.18.1/STM32CubeIDE/plugins/com.st.stm32cube.ide.mcu.externaltools.gnu-tools-for-stm32.13.3.rel1.win32_1.0.0.202411081344/tools/bin/../lib/gcc/arm-none-eabi/13.3.1/thumb/v7e-m+fp/hard/crtbegin.o
 .text          0x080001d0       0xa0 C:/ST/STM32CubeIDE_1.18.1/STM32CubeIDE/plugins/com.st.stm32cube.ide.mcu.externaltools.gnu-tools-for-stm32.13.3.rel1.win32_1.0.0.202411081344/tools/bin/../lib/gcc/arm-none-eabi/13.3.1/../../../../arm-none-eabi/lib/thumb/v7e-m+fp/hard\libc_nano.a(libc_a-memchr.o)
                0x080001d0                memchr
 .text          0x08000270       0x10 C:/ST/STM32CubeIDE_1.18.1/STM32CubeIDE/plugins/com.st.stm32cube.ide.mcu.externaltools.gnu-tools-for-stm32.13.3.rel1.win32_1.0.0.202411081344/tools/bin/../lib/gcc/arm-none-eabi/13.3.1/../../../../arm-none-eabi/lib/thumb/v7e-m+fp/hard\libc_nano.a(libc_a-strlen.o)
                0x08000270                strlen
 .text          0x08000280      0x378 C:/ST/STM32CubeIDE_1.18.1/STM32CubeIDE/plugins/com.st.stm32cube.ide.mcu.externaltools.gnu-tools-for-stm32.13.3.rel1.win32_1.0.0.202411081344/tools/bin/../lib/gcc/arm-none-eabi/13.3.1/thumb/v7e-m+fp/hard\libgcc.a(_arm_addsubdf3.o)
                0x08000280                __aeabi_drsub
                0x08000288                __aeabi_dsub
                0x08000288                __subdf3
                0x0800028c                __aeabi_dadd
                0x0800028c                __adddf3
                0x08000504                __floatunsidf
                0x08000504                __aeabi_ui2d
                0x08000524                __floatsidf
                0x08000524                __aeabi_i2d
                0x08000548                __aeabi_f2d
                0x08000548                __extendsfdf2
                0x0800058c                __floatundidf
                0x0800058c                __aeabi_ul2d
                0x0800059c                __floatdidf
                0x0800059c                __aeabi_l2d
 .text          0x080005f8      0x424 C:/ST/STM32CubeIDE_1.18.1/STM32CubeIDE/plugins/com.st.stm32cube.ide.mcu.externaltools.gnu-tools-for-stm32.13.3.rel1.win32_1.0.0.202411081344/tools/bin/../lib/gcc/arm-none-eabi/13.3.1/thumb/v7e-m+fp/hard\libgcc.a(_arm_muldivdf3.o)
                0x080005f8                __aeabi_dmul
                0x080005f8                __muldf3
                0x0800084c                __divdf3
                0x0800084c                __aeabi_ddiv
 .text          0x08000a1c      0x110 C:/ST/STM32CubeIDE_1.18.1/STM32CubeIDE/plugins/com.st.stm32cube.ide.mcu.externaltools.gnu-tools-for-stm32.13.3.rel1.win32_1.0.0.202411081344/tools/bin/../lib/gcc/arm-none-eabi/13.3.1/thumb/v7e-m+fp/hard\libgcc.a(_arm_cmpdf2.o)
                0x08000a1c                __gtdf2
                0x08000a1c                __gedf2
                0x08000a24                __ltdf2
                0x08000a24                __ledf2
                0x08000a2c                __nedf2
                0x08000a2c                __eqdf2
                0x08000a2c                __cmpdf2
                0x08000aa8                __aeabi_cdrcmple
                0x08000ab8                __aeabi_cdcmpeq
                0x08000ab8                __aeabi_cdcmple
                0x08000ac8                __aeabi_dcmpeq
                0x08000adc                __aeabi_dcmplt
                0x08000af0                __aeabi_dcmple
                0x08000b04                __aeabi_dcmpge
                0x08000b18                __aeabi_dcmpgt
 .text          0x08000b2c       0x2c C:/ST/STM32CubeIDE_1.18.1/STM32CubeIDE/plugins/com.st.stm32cube.ide.mcu.externaltools.gnu-tools-for-stm32.13.3.rel1.win32_1.0.0.202411081344/tools/bin/../lib/gcc/arm-none-eabi/13.3.1/thumb/v7e-m+fp/hard\libgcc.a(_arm_unorddf2.o)
                0x08000b2c                __unorddf2
                0x08000b2c                __aeabi_dcmpun
 .text          0x08000b58       0x50 C:/ST/STM32CubeIDE_1.18.1/STM32CubeIDE/plugins/com.st.stm32cube.ide.mcu.externaltools.gnu-tools-for-stm32.13.3.rel1.win32_1.0.0.202411081344/tools/bin/../lib/gcc/arm-none-eabi/13.3.1/thumb/v7e-m+fp/hard\libgcc.a(_arm_fixdfsi.o)
                0x08000b58                __aeabi_d2iz
                0x08000b58                __fixdfsi
 .text          0x08000ba8       0xa0 C:/ST/STM32CubeIDE_1.18.1/STM32CubeIDE/plugins/com.st.stm32cube.ide.mcu.externaltools.gnu-tools-for-stm32.13.3.rel1.win32_1.0.0.202411081344/tools/bin/../lib/gcc/arm-none-eabi/13.3.1/thumb/v7e-m+fp/hard\libgcc.a(_arm_truncdfsf2.o)
                0x08000ba8                __truncdfsf2
                0x08000ba8                __aeabi_d2f
 .text          0x08000c48       0xa0 C:/ST/STM32CubeIDE_1.18.1/STM32CubeIDE/plugins/com.st.stm32cube.ide.mcu.externaltools.gnu-tools-for-stm32.13.3.rel1.win32_1.0.0.202411081344/tools/bin/../lib/gcc/arm-none-eabi/13.3.1/thumb/v7e-m+fp/hard\libgcc.a(_aeabi_ldivmod.o)
                0x08000c48                __aeabi_ldivmod
 .text          0x08000ce8       0x30 C:/ST/STM32CubeIDE_1.18.1/STM32CubeIDE/plugins/com.st.stm32cube.ide.mcu.externaltools.gnu-tools-for-stm32.13.3.rel1.win32_1.0.0.202411081344/tools/bin/../lib/gcc/arm-none-eabi/13.3.1/thumb/v7e-m+fp/hard\libgcc.a(_aeabi_uldivmod.o)
                0x08000ce8                __aeabi_uldivmod
 .text          0x08000d18      0x2f8 C:/ST/STM32CubeIDE_1.18.1/STM32CubeIDE/plugins/com.st.stm32cube.ide.mcu.externaltools.gnu-tools-for-stm32.13.3.rel1.win32_1.0.0.202411081344/tools/bin/../lib/gcc/arm-none-eabi/13.3.1/thumb/v7e-m+fp/hard\libgcc.a(_udivmoddi4.o)
                0x08000d18                __udivmoddi4
 .text          0x08001010        0x4 C:/ST/STM32CubeIDE_1.18.1/STM32CubeIDE/plugins/com.st.stm32cube.ide.mcu.externaltools.gnu-tools-for-stm32.13.3.rel1.win32_1.0.0.202411081344/tools/bin/../lib/gcc/arm-none-eabi/13.3.1/thumb/v7e-m+fp/hard\libgcc.a(_dvmd_tls.o)
                0x08001010                __aeabi_idiv0
                0x08001010                __aeabi_ldiv0
 *(.text*)
 .text.BME280_ReadDeviceID
                0x08001014       0x36 ./Core/Src/BME280.o
                0x08001014                BME280_ReadDeviceID
 .text.BME280_Reset
                0x0800104a       0xc0 ./Core/Src/BME280.o
                0x0800104a                BME280_Reset
 *fill*         0x0800110a        0x2 
 .text.BME280_Init
                0x0800110c       0x7c ./Core/Src/BME280.o
                0x0800110c                BME280_Init
 .text.BME280_ReadCalibData
                0x08001188      0x1bc ./Core/Src/BME280.o
                0x08001188                BME280_ReadCalibData
 .text.BME280_TemperatureCompesation
                0x08001344       0x74 ./Core/Src/BME280.o
 .text.BME280_PressureCompesation
                0x080013b8      0x57a ./Core/Src/BME280.o
 .text.BME280_HumidityCompesation
                0x08001932       0xc2 ./Core/Src/BME280.o
 .text.BME280_ReadAllData
                0x080019f4       0xda ./Core/Src/BME280.o
                0x080019f4                BME280_ReadAllData
 .text.BME280_ReadRegister
                0x08001ace       0x34 ./Core/Src/BME280.o
 .text.BME280_ReadRegisters
                0x08001b02       0x3c ./Core/Src/BME280.o
 .text.BME280_WriteRegister
                0x08001b3e       0x36 ./Core/Src/BME280.o
 .text.GPS_Decode_GGA
                0x08001b74       0x18 ./Core/Src/GNSS.o
                0x08001b74                GPS_Decode_GGA
 .text.GPS_Decode_GLL
                0x08001b8c       0x18 ./Core/Src/GNSS.o
                0x08001b8c                GPS_Decode_GLL
 .text.GPS_Decode_GSA
                0x08001ba4       0x18 ./Core/Src/GNSS.o
                0x08001ba4                GPS_Decode_GSA
 .text.GPS_Decode_GSV
                0x08001bbc       0x18 ./Core/Src/GNSS.o
                0x08001bbc                GPS_Decode_GSV
 .text.GPS_Decode_RMC
                0x08001bd4       0x18 ./Core/Src/GNSS.o
                0x08001bd4                GPS_Decode_RMC
 .text.GPS_Decode_VTG
                0x08001bec       0x18 ./Core/Src/GNSS.o
                0x08001bec                GPS_Decode_VTG
 .text.MPU6050_ReadDeviceID
                0x08001c04       0x40 ./Core/Src/MPU6050.o
                0x08001c04                MPU6050_ReadDeviceID
 .text.MPU6050_Reset
                0x08001c44       0xb6 ./Core/Src/MPU6050.o
                0x08001c44                MPU6050_Reset
 .text.MPU6050_Init
                0x08001cfa       0xda ./Core/Src/MPU6050.o
                0x08001cfa                MPU6050_Init
 *fill*         0x08001dd4        0x4 
 .text.MPU6050_ReadFactoryTrim
                0x08001dd8      0x314 ./Core/Src/MPU6050.o
                0x08001dd8                MPU6050_ReadFactoryTrim
 *fill*         0x080020ec        0x4 
 .text.MPU6050_RawToDeg
                0x080020f0      0x2a0 ./Core/Src/MPU6050.o
                0x080020f0                MPU6050_RawToDeg
 .text.MPU6050_SelfTest
                0x08002390      0x4c8 ./Core/Src/MPU6050.o
                0x08002390                MPU6050_SelfTest
 .text.MPU6050_ReadAllDirect
                0x08002858      0x1d0 ./Core/Src/MPU6050.o
                0x08002858                MPU6050_ReadAllDirect
 .text.MPU6050_ReadRegister
                0x08002a28       0x34 ./Core/Src/MPU6050.o
                0x08002a28                MPU6050_ReadRegister
 .text.MPU6050_ReadRegisters
                0x08002a5c       0x3a ./Core/Src/MPU6050.o
                0x08002a5c                MPU6050_ReadRegisters
 .text.MPU6050_WriteRegister
                0x08002a96       0x36 ./Core/Src/MPU6050.o
                0x08002a96                MPU6050_WriteRegister
 .text.nrf_cs_low
                0x08002acc       0x20 ./Core/Src/NRF24L01.o
 .text.nrf_cs_high
                0x08002aec       0x20 ./Core/Src/NRF24L01.o
 .text.nrf_ce_low
                0x08002b0c       0x20 ./Core/Src/NRF24L01.o
 .text.nrf_ce_high
                0x08002b2c       0x20 ./Core/Src/NRF24L01.o
 .text.nrf_spi_txrx
                0x08002b4c       0x2c ./Core/Src/NRF24L01.o
 .text.NRF24_pin_config
                0x08002b78       0x40 ./Core/Src/NRF24L01.o
                0x08002b78                NRF24_pin_config
 .text.NRF24_SPI_Write
                0x08002bb8       0x48 ./Core/Src/NRF24L01.o
                0x08002bb8                NRF24_SPI_Write
 .text.NRF24_ReadRegister
                0x08002c00       0x56 ./Core/Src/NRF24L01.o
                0x08002c00                NRF24_ReadRegister
 .text.NRF24_WriteRegister
                0x08002c56       0x5c ./Core/Src/NRF24L01.o
                0x08002c56                NRF24_WriteRegister
 .text.NRF24_ReadStatus
                0x08002cb2       0x30 ./Core/Src/NRF24L01.o
                0x08002cb2                NRF24_ReadStatus
 .text.NRF24_HandleIRQ
                0x08002ce2       0x8e ./Core/Src/NRF24L01.o
                0x08002ce2                NRF24_HandleIRQ
 .text.NRF24_init
                0x08002d70      0x258 ./Core/Src/NRF24L01.o
                0x08002d70                NRF24_init
 .text.NRF24_Send
                0x08002fc8       0xe8 ./Core/Src/NRF24L01.o
                0x08002fc8                NRF24_Send
 .text.NRF24_ReadRXPayload
                0x080030b0       0xf8 ./Core/Src/NRF24L01.o
                0x080030b0                NRF24_ReadRXPayload
 .text.NRF24_SetTXAddress
                0x080031a8       0x98 ./Core/Src/NRF24L01.o
                0x080031a8                NRF24_SetTXAddress
 .text.NRF24_SetRXAddress
                0x08003240       0x88 ./Core/Src/NRF24L01.o
                0x08003240                NRF24_SetRXAddress
 .text.DegresToCCR
                0x080032c8       0xc0 ./Core/Src/PWM.o
                0x080032c8                DegresToCCR
 .text.SetPWMValue
                0x08003388       0x6c ./Core/Src/PWM.o
                0x08003388                SetPWMValue
 .text.packetDataReset
                0x080033f4       0xe8 ./Core/Src/data_transcode.o
 .text.RF_packet_parse
                0x080034dc       0x7c ./Core/Src/data_transcode.o
 .text.RF_decode
                0x08003558       0xe0 ./Core/Src/data_transcode.o
                0x08003558                RF_decode
 .text.RF_encode
                0x08003638       0xa6 ./Core/Src/data_transcode.o
                0x08003638                RF_encode
 *fill*         0x080036de        0x2 
 .text.RF_packet_decode
                0x080036e0       0x50 ./Core/Src/drone_data.o
                0x080036e0                RF_packet_decode
 .text.decode_opcode
                0x08003730      0x164 ./Core/Src/drone_data.o
 .text.packet_create_pair_start
                0x08003894       0x44 ./Core/Src/drone_data.o
 .text.packet_create_pair_status
                0x080038d8       0x50 ./Core/Src/drone_data.o
 .text.packet_create_ping_pong
                0x08003928       0x44 ./Core/Src/drone_data.o
 .text.packet_create_telemetry
                0x0800396c      0x1a4 ./Core/Src/drone_data.o
                0x0800396c                packet_create_telemetry
 .text.main     0x08003b10      0x9ac ./Core/Src/main.o
                0x08003b10                main
 .text.SystemClock_Config
                0x080044bc       0xd4 ./Core/Src/main.o
                0x080044bc                SystemClock_Config
 .text.MX_ADC1_Init
                0x08004590       0xc0 ./Core/Src/main.o
 .text.MX_I2C3_Init
                0x08004650       0x5c ./Core/Src/main.o
 .text.MX_SPI1_Init
                0x080046ac       0x6c ./Core/Src/main.o
 .text.MX_TIM1_Init
                0x08004718      0x15c ./Core/Src/main.o
 .text.MX_TIM2_Init
                0x08004874      0x108 ./Core/Src/main.o
 .text.MX_TIM3_Init
                0x0800497c      0x130 ./Core/Src/main.o
 .text.MX_TIM4_Init
                0x08004aac       0x9c ./Core/Src/main.o
 .text.MX_TIM5_Init
                0x08004b48       0x9c ./Core/Src/main.o
 .text.MX_TIM6_Init
                0x08004be4       0x6c ./Core/Src/main.o
 .text.MX_UART4_Init
                0x08004c50       0x54 ./Core/Src/main.o
 .text.MX_DMA_Init
                0x08004ca4       0x6c ./Core/Src/main.o
 .text.MX_GPIO_Init
                0x08004d10      0x188 ./Core/Src/main.o
 .text.HAL_UART_RxCpltCallback
                0x08004e98       0x30 ./Core/Src/main.o
                0x08004e98                HAL_UART_RxCpltCallback
 .text.HAL_GPIO_EXTI_Callback
                0x08004ec8       0x38 ./Core/Src/main.o
                0x08004ec8                HAL_GPIO_EXTI_Callback
 .text.TVCServoEnable
                0x08004f00       0x78 ./Core/Src/main.o
                0x08004f00                TVCServoEnable
 .text.TVCServoDisable
                0x08004f78       0x78 ./Core/Src/main.o
                0x08004f78                TVCServoDisable
 .text.EDFEnable
                0x08004ff0       0x2c ./Core/Src/main.o
                0x08004ff0                EDFEnable
 .text.EDFDisable
                0x0800501c       0x2c ./Core/Src/main.o
                0x0800501c                EDFDisable
 .text.StatusLED
                0x08005048      0x134 ./Core/Src/main.o
                0x08005048                StatusLED
 *fill*         0x0800517c        0x4 
 .text.ADC_Read_Main_Battery
                0x08005180       0x90 ./Core/Src/main.o
                0x08005180                ADC_Read_Main_Battery
 .text.ADC_Read_EDF_Battery
                0x08005210       0x90 ./Core/Src/main.o
                0x08005210                ADC_Read_EDF_Battery
 .text.HAL_ADC_ConvCpltCallback
                0x080052a0       0x20 ./Core/Src/main.o
                0x080052a0                HAL_ADC_ConvCpltCallback
 .text.HAL_TIM_PeriodElapsedCallback
                0x080052c0      0x288 ./Core/Src/main.o
                0x080052c0                HAL_TIM_PeriodElapsedCallback
 .text.Error_Handler
                0x08005548        0xc ./Core/Src/main.o
                0x08005548                Error_Handler
 .text.HAL_MspInit
                0x08005554       0x50 ./Core/Src/stm32f4xx_hal_msp.o
                0x08005554                HAL_MspInit
 .text.HAL_ADC_MspInit
                0x080055a4       0xf0 ./Core/Src/stm32f4xx_hal_msp.o
                0x080055a4                HAL_ADC_MspInit
 .text.HAL_I2C_MspInit
                0x08005694       0xd4 ./Core/Src/stm32f4xx_hal_msp.o
                0x08005694                HAL_I2C_MspInit
 .text.HAL_SPI_MspInit
                0x08005768       0x90 ./Core/Src/stm32f4xx_hal_msp.o
                0x08005768                HAL_SPI_MspInit
 .text.HAL_TIM_Base_MspInit
                0x080057f8      0x138 ./Core/Src/stm32f4xx_hal_msp.o
                0x080057f8                HAL_TIM_Base_MspInit
 .text.HAL_TIM_MspPostInit
                0x08005930      0x18c ./Core/Src/stm32f4xx_hal_msp.o
                0x08005930                HAL_TIM_MspPostInit
 .text.HAL_UART_MspInit
                0x08005abc      0x104 ./Core/Src/stm32f4xx_hal_msp.o
                0x08005abc                HAL_UART_MspInit
 .text.NMI_Handler
                0x08005bc0        0x8 ./Core/Src/stm32f4xx_it.o
                0x08005bc0                NMI_Handler
 .text.HardFault_Handler
                0x08005bc8        0x8 ./Core/Src/stm32f4xx_it.o
                0x08005bc8                HardFault_Handler
 .text.MemManage_Handler
                0x08005bd0        0x8 ./Core/Src/stm32f4xx_it.o
                0x08005bd0                MemManage_Handler
 .text.BusFault_Handler
                0x08005bd8        0x8 ./Core/Src/stm32f4xx_it.o
                0x08005bd8                BusFault_Handler
 .text.UsageFault_Handler
                0x08005be0        0x8 ./Core/Src/stm32f4xx_it.o
                0x08005be0                UsageFault_Handler
 .text.SVC_Handler
                0x08005be8        0xe ./Core/Src/stm32f4xx_it.o
                0x08005be8                SVC_Handler
 .text.DebugMon_Handler
                0x08005bf6        0xe ./Core/Src/stm32f4xx_it.o
                0x08005bf6                DebugMon_Handler
 .text.PendSV_Handler
                0x08005c04        0xe ./Core/Src/stm32f4xx_it.o
                0x08005c04                PendSV_Handler
 .text.SysTick_Handler
                0x08005c12        0xc ./Core/Src/stm32f4xx_it.o
                0x08005c12                SysTick_Handler
 .text.EXTI2_IRQHandler
                0x08005c1e        0xe ./Core/Src/stm32f4xx_it.o
                0x08005c1e                EXTI2_IRQHandler
 .text.DMA1_Stream2_IRQHandler
                0x08005c2c       0x14 ./Core/Src/stm32f4xx_it.o
                0x08005c2c                DMA1_Stream2_IRQHandler
 .text.EXTI9_5_IRQHandler
                0x08005c40        0xe ./Core/Src/stm32f4xx_it.o
                0x08005c40                EXTI9_5_IRQHandler
 *fill*         0x08005c4e        0x2 
 .text.TIM4_IRQHandler
                0x08005c50       0x14 ./Core/Src/stm32f4xx_it.o
                0x08005c50                TIM4_IRQHandler
 .text.TIM5_IRQHandler
                0x08005c64       0x14 ./Core/Src/stm32f4xx_it.o
                0x08005c64                TIM5_IRQHandler
 .text.UART4_IRQHandler
                0x08005c78       0x14 ./Core/Src/stm32f4xx_it.o
                0x08005c78                UART4_IRQHandler
 .text.DMA2_Stream0_IRQHandler
                0x08005c8c       0x14 ./Core/Src/stm32f4xx_it.o
                0x08005c8c                DMA2_Stream0_IRQHandler
 .text.OTG_FS_IRQHandler
                0x08005ca0       0x14 ./Core/Src/stm32f4xx_it.o
                0x08005ca0                OTG_FS_IRQHandler
 .text._getpid  0x08005cb4       0x10 ./Core/Src/syscalls.o
                0x08005cb4                _getpid
 .text._kill    0x08005cc4       0x20 ./Core/Src/syscalls.o
                0x08005cc4                _kill
 .text._exit    0x08005ce4       0x16 ./Core/Src/syscalls.o
                0x08005ce4                _exit
 .text._read    0x08005cfa       0x3a ./Core/Src/syscalls.o
                0x08005cfa                _read
 .text._write   0x08005d34       0x38 ./Core/Src/syscalls.o
                0x08005d34                _write
 .text._close   0x08005d6c       0x18 ./Core/Src/syscalls.o
                0x08005d6c                _close
 .text._fstat   0x08005d84       0x20 ./Core/Src/syscalls.o
                0x08005d84                _fstat
 .text._isatty  0x08005da4       0x16 ./Core/Src/syscalls.o
                0x08005da4                _isatty
 .text._lseek   0x08005dba       0x1a ./Core/Src/syscalls.o
                0x08005dba                _lseek
 .text._sbrk    0x08005dd4       0x6c ./Core/Src/sysmem.o
                0x08005dd4                _sbrk
 .text.SystemInit
                0x08005e40       0x24 ./Core/Src/system_stm32f4xx.o
                0x08005e40                SystemInit
 .text.Reset_Handler
                0x08005e64       0x50 ./Core/Startup/startup_stm32f405rgtx.o
                0x08005e64                Reset_Handler
 .text.Default_Handler
                0x08005eb4        0x2 ./Core/Startup/startup_stm32f405rgtx.o
                0x08005eb4                RTC_Alarm_IRQHandler
                0x08005eb4                HASH_RNG_IRQHandler
                0x08005eb4                TIM8_CC_IRQHandler
                0x08005eb4                TIM1_CC_IRQHandler
                0x08005eb4                DMA2_Stream5_IRQHandler
                0x08005eb4                DMA1_Stream5_IRQHandler
                0x08005eb4                PVD_IRQHandler
                0x08005eb4                SDIO_IRQHandler
                0x08005eb4                TAMP_STAMP_IRQHandler
                0x08005eb4                CAN2_RX1_IRQHandler
                0x08005eb4                EXTI3_IRQHandler
                0x08005eb4                TIM8_TRG_COM_TIM14_IRQHandler
                0x08005eb4                TIM1_UP_TIM10_IRQHandler
                0x08005eb4                TIM8_UP_TIM13_IRQHandler
                0x08005eb4                I2C3_ER_IRQHandler
                0x08005eb4                EXTI0_IRQHandler
                0x08005eb4                I2C2_EV_IRQHandler
                0x08005eb4                CAN1_RX0_IRQHandler
                0x08005eb4                FPU_IRQHandler
                0x08005eb4                OTG_HS_WKUP_IRQHandler
                0x08005eb4                CAN2_SCE_IRQHandler
                0x08005eb4                DMA2_Stream2_IRQHandler
                0x08005eb4                SPI1_IRQHandler
                0x08005eb4                TIM6_DAC_IRQHandler
                0x08005eb4                TIM1_BRK_TIM9_IRQHandler
                0x08005eb4                CAN2_RX0_IRQHandler
                0x08005eb4                DMA2_Stream3_IRQHandler
                0x08005eb4                USART6_IRQHandler
                0x08005eb4                USART3_IRQHandler
                0x08005eb4                CAN1_RX1_IRQHandler
                0x08005eb4                UART5_IRQHandler
                0x08005eb4                I2C1_EV_IRQHandler
                0x08005eb4                DMA1_Stream6_IRQHandler
                0x08005eb4                DMA1_Stream1_IRQHandler
                0x08005eb4                TIM3_IRQHandler
                0x08005eb4                RCC_IRQHandler
                0x08005eb4                TIM8_BRK_TIM12_IRQHandler
                0x08005eb4                Default_Handler
                0x08005eb4                EXTI15_10_IRQHandler
                0x08005eb4                ADC_IRQHandler
                0x08005eb4                DMA1_Stream7_IRQHandler
                0x08005eb4                TIM7_IRQHandler
                0x08005eb4                CAN2_TX_IRQHandler
                0x08005eb4                DMA2_Stream7_IRQHandler
                0x08005eb4                I2C3_EV_IRQHandler
                0x08005eb4                RTC_WKUP_IRQHandler
                0x08005eb4                SPI2_IRQHandler
                0x08005eb4                OTG_HS_EP1_IN_IRQHandler
                0x08005eb4                DMA1_Stream0_IRQHandler
                0x08005eb4                CAN1_TX_IRQHandler
                0x08005eb4                EXTI4_IRQHandler
                0x08005eb4                FSMC_IRQHandler
                0x08005eb4                OTG_HS_EP1_OUT_IRQHandler
                0x08005eb4                WWDG_IRQHandler
                0x08005eb4                TIM2_IRQHandler
                0x08005eb4                OTG_FS_WKUP_IRQHandler
                0x08005eb4                TIM1_TRG_COM_TIM11_IRQHandler
                0x08005eb4                OTG_HS_IRQHandler
                0x08005eb4                EXTI1_IRQHandler
                0x08005eb4                USART2_IRQHandler
                0x08005eb4                I2C2_ER_IRQHandler
                0x08005eb4                DMA2_Stream1_IRQHandler
                0x08005eb4                CAN1_SCE_IRQHandler
                0x08005eb4                FLASH_IRQHandler
                0x08005eb4                DMA2_Stream4_IRQHandler
                0x08005eb4                USART1_IRQHandler
                0x08005eb4                SPI3_IRQHandler
                0x08005eb4                DMA1_Stream4_IRQHandler
                0x08005eb4                I2C1_ER_IRQHandler
                0x08005eb4                DMA2_Stream6_IRQHandler
                0x08005eb4                DMA1_Stream3_IRQHandler
 *fill*         0x08005eb6        0x2 
 .text.HAL_Init
                0x08005eb8       0x44 ./Drivers/STM32F4xx_HAL_Driver/Src/stm32f4xx_hal.o
                0x08005eb8                HAL_Init
 .text.HAL_InitTick
                0x08005efc       0x60 ./Drivers/STM32F4xx_HAL_Driver/Src/stm32f4xx_hal.o
                0x08005efc                HAL_InitTick
 .text.HAL_IncTick
                0x08005f5c       0x28 ./Drivers/STM32F4xx_HAL_Driver/Src/stm32f4xx_hal.o
                0x08005f5c                HAL_IncTick
 .text.HAL_GetTick
                0x08005f84       0x18 ./Drivers/STM32F4xx_HAL_Driver/Src/stm32f4xx_hal.o
                0x08005f84                HAL_GetTick
 .text.HAL_Delay
                0x08005f9c       0x48 ./Drivers/STM32F4xx_HAL_Driver/Src/stm32f4xx_hal.o
                0x08005f9c                HAL_Delay
 .text.HAL_ADC_Init
                0x08005fe4       0x86 ./Drivers/STM32F4xx_HAL_Driver/Src/stm32f4xx_hal_adc.o
                0x08005fe4                HAL_ADC_Init
 *fill*         0x0800606a        0x2 
 .text.HAL_ADC_Start_DMA
                0x0800606c      0x228 ./Drivers/STM32F4xx_HAL_Driver/Src/stm32f4xx_hal_adc.o
                0x0800606c                HAL_ADC_Start_DMA
 .text.HAL_ADC_ConvHalfCpltCallback
                0x08006294       0x14 ./Drivers/STM32F4xx_HAL_Driver/Src/stm32f4xx_hal_adc.o
                0x08006294                HAL_ADC_ConvHalfCpltCallback
 .text.HAL_ADC_ErrorCallback
                0x080062a8       0x14 ./Drivers/STM32F4xx_HAL_Driver/Src/stm32f4xx_hal_adc.o
                0x080062a8                HAL_ADC_ErrorCallback
 .text.HAL_ADC_ConfigChannel
                0x080062bc      0x244 ./Drivers/STM32F4xx_HAL_Driver/Src/stm32f4xx_hal_adc.o
                0x080062bc                HAL_ADC_ConfigChannel
 .text.ADC_Init
                0x08006500      0x1f8 ./Drivers/STM32F4xx_HAL_Driver/Src/stm32f4xx_hal_adc.o
 .text.ADC_DMAConvCplt
                0x080066f8       0xba ./Drivers/STM32F4xx_HAL_Driver/Src/stm32f4xx_hal_adc.o
 .text.ADC_DMAHalfConvCplt
                0x080067b2       0x1c ./Drivers/STM32F4xx_HAL_Driver/Src/stm32f4xx_hal_adc.o
 .text.ADC_DMAError
                0x080067ce       0x2e ./Drivers/STM32F4xx_HAL_Driver/Src/stm32f4xx_hal_adc.o
 .text.__NVIC_SetPriorityGrouping
                0x080067fc       0x48 ./Drivers/STM32F4xx_HAL_Driver/Src/stm32f4xx_hal_cortex.o
 .text.__NVIC_GetPriorityGrouping
                0x08006844       0x1c ./Drivers/STM32F4xx_HAL_Driver/Src/stm32f4xx_hal_cortex.o
 .text.__NVIC_EnableIRQ
                0x08006860       0x3c ./Drivers/STM32F4xx_HAL_Driver/Src/stm32f4xx_hal_cortex.o
 .text.__NVIC_SetPriority
                0x0800689c       0x54 ./Drivers/STM32F4xx_HAL_Driver/Src/stm32f4xx_hal_cortex.o
 .text.NVIC_EncodePriority
                0x080068f0       0x66 ./Drivers/STM32F4xx_HAL_Driver/Src/stm32f4xx_hal_cortex.o
 *fill*         0x08006956        0x2 
 .text.SysTick_Config
                0x08006958       0x44 ./Drivers/STM32F4xx_HAL_Driver/Src/stm32f4xx_hal_cortex.o
 .text.HAL_NVIC_SetPriorityGrouping
                0x0800699c       0x16 ./Drivers/STM32F4xx_HAL_Driver/Src/stm32f4xx_hal_cortex.o
                0x0800699c                HAL_NVIC_SetPriorityGrouping
 .text.HAL_NVIC_SetPriority
                0x080069b2       0x38 ./Drivers/STM32F4xx_HAL_Driver/Src/stm32f4xx_hal_cortex.o
                0x080069b2                HAL_NVIC_SetPriority
 .text.HAL_NVIC_EnableIRQ
                0x080069ea       0x1c ./Drivers/STM32F4xx_HAL_Driver/Src/stm32f4xx_hal_cortex.o
                0x080069ea                HAL_NVIC_EnableIRQ
 .text.HAL_SYSTICK_Config
                0x08006a06       0x18 ./Drivers/STM32F4xx_HAL_Driver/Src/stm32f4xx_hal_cortex.o
                0x08006a06                HAL_SYSTICK_Config
 *fill*         0x08006a1e        0x2 
 .text.HAL_DMA_Init
                0x08006a20      0x15c ./Drivers/STM32F4xx_HAL_Driver/Src/stm32f4xx_hal_dma.o
                0x08006a20                HAL_DMA_Init
 .text.HAL_DMA_Start_IT
                0x08006b7c       0xb0 ./Drivers/STM32F4xx_HAL_Driver/Src/stm32f4xx_hal_dma.o
                0x08006b7c                HAL_DMA_Start_IT
 .text.HAL_DMA_Abort
                0x08006c2c       0xe0 ./Drivers/STM32F4xx_HAL_Driver/Src/stm32f4xx_hal_dma.o
                0x08006c2c                HAL_DMA_Abort
 .text.HAL_DMA_Abort_IT
                0x08006d0c       0x44 ./Drivers/STM32F4xx_HAL_Driver/Src/stm32f4xx_hal_dma.o
                0x08006d0c                HAL_DMA_Abort_IT
 .text.HAL_DMA_IRQHandler
                0x08006d50      0x314 ./Drivers/STM32F4xx_HAL_Driver/Src/stm32f4xx_hal_dma.o
                0x08006d50                HAL_DMA_IRQHandler
 .text.DMA_SetConfig
                0x08007064       0x5c ./Drivers/STM32F4xx_HAL_Driver/Src/stm32f4xx_hal_dma.o
 .text.DMA_CalcBaseAndBitshift
                0x080070c0       0x6c ./Drivers/STM32F4xx_HAL_Driver/Src/stm32f4xx_hal_dma.o
 .text.DMA_CheckFifoParam
                0x0800712c       0xf8 ./Drivers/STM32F4xx_HAL_Driver/Src/stm32f4xx_hal_dma.o
 .text.HAL_GPIO_Init
                0x08007224      0x338 ./Drivers/STM32F4xx_HAL_Driver/Src/stm32f4xx_hal_gpio.o
                0x08007224                HAL_GPIO_Init
 .text.HAL_GPIO_WritePin
                0x0800755c       0x32 ./Drivers/STM32F4xx_HAL_Driver/Src/stm32f4xx_hal_gpio.o
                0x0800755c                HAL_GPIO_WritePin
 *fill*         0x0800758e        0x2 
 .text.HAL_GPIO_EXTI_IRQHandler
                0x08007590       0x30 ./Drivers/STM32F4xx_HAL_Driver/Src/stm32f4xx_hal_gpio.o
                0x08007590                HAL_GPIO_EXTI_IRQHandler
 .text.HAL_I2C_Init
                0x080075c0      0x288 ./Drivers/STM32F4xx_HAL_Driver/Src/stm32f4xx_hal_i2c.o
                0x080075c0                HAL_I2C_Init
 .text.HAL_I2C_Mem_Write
                0x08007848      0x1f4 ./Drivers/STM32F4xx_HAL_Driver/Src/stm32f4xx_hal_i2c.o
                0x08007848                HAL_I2C_Mem_Write
 .text.HAL_I2C_Mem_Read
                0x08007a3c      0x464 ./Drivers/STM32F4xx_HAL_Driver/Src/stm32f4xx_hal_i2c.o
                0x08007a3c                HAL_I2C_Mem_Read
 .text.I2C_RequestMemoryWrite
                0x08007ea0      0x12c ./Drivers/STM32F4xx_HAL_Driver/Src/stm32f4xx_hal_i2c.o
 .text.I2C_RequestMemoryRead
                0x08007fcc      0x1d0 ./Drivers/STM32F4xx_HAL_Driver/Src/stm32f4xx_hal_i2c.o
 .text.I2C_WaitOnFlagUntilTimeout
                0x0800819c       0xf4 ./Drivers/STM32F4xx_HAL_Driver/Src/stm32f4xx_hal_i2c.o
 .text.I2C_WaitOnMasterAddressFlagUntilTimeout
                0x08008290      0x140 ./Drivers/STM32F4xx_HAL_Driver/Src/stm32f4xx_hal_i2c.o
 .text.I2C_WaitOnTXEFlagUntilTimeout
                0x080083d0       0x90 ./Drivers/STM32F4xx_HAL_Driver/Src/stm32f4xx_hal_i2c.o
 .text.I2C_WaitOnBTFFlagUntilTimeout
                0x08008460       0x90 ./Drivers/STM32F4xx_HAL_Driver/Src/stm32f4xx_hal_i2c.o
 .text.I2C_WaitOnRXNEFlagUntilTimeout
                0x080084f0       0xba ./Drivers/STM32F4xx_HAL_Driver/Src/stm32f4xx_hal_i2c.o
 .text.I2C_IsAcknowledgeFailed
                0x080085aa       0x5e ./Drivers/STM32F4xx_HAL_Driver/Src/stm32f4xx_hal_i2c.o
 .text.HAL_PCD_Init
                0x08008608      0x21e ./Drivers/STM32F4xx_HAL_Driver/Src/stm32f4xx_hal_pcd.o
                0x08008608                HAL_PCD_Init
 .text.HAL_PCD_Start
                0x08008826       0x6a ./Drivers/STM32F4xx_HAL_Driver/Src/stm32f4xx_hal_pcd.o
                0x08008826                HAL_PCD_Start
 .text.HAL_PCD_IRQHandler
                0x08008890      0x942 ./Drivers/STM32F4xx_HAL_Driver/Src/stm32f4xx_hal_pcd.o
                0x08008890                HAL_PCD_IRQHandler
 .text.HAL_PCD_SetAddress
                0x080091d2       0x48 ./Drivers/STM32F4xx_HAL_Driver/Src/stm32f4xx_hal_pcd.o
                0x080091d2                HAL_PCD_SetAddress
 .text.HAL_PCD_EP_Open
                0x0800921a       0xd4 ./Drivers/STM32F4xx_HAL_Driver/Src/stm32f4xx_hal_pcd.o
                0x0800921a                HAL_PCD_EP_Open
 .text.HAL_PCD_EP_Close
                0x080092ee       0x94 ./Drivers/STM32F4xx_HAL_Driver/Src/stm32f4xx_hal_pcd.o
                0x080092ee                HAL_PCD_EP_Close
 .text.HAL_PCD_EP_Receive
                0x08009382       0x76 ./Drivers/STM32F4xx_HAL_Driver/Src/stm32f4xx_hal_pcd.o
                0x08009382                HAL_PCD_EP_Receive
 .text.HAL_PCD_EP_GetRxCount
                0x080093f8       0x30 ./Drivers/STM32F4xx_HAL_Driver/Src/stm32f4xx_hal_pcd.o
                0x080093f8                HAL_PCD_EP_GetRxCount
 .text.HAL_PCD_EP_Transmit
                0x08009428       0x74 ./Drivers/STM32F4xx_HAL_Driver/Src/stm32f4xx_hal_pcd.o
                0x08009428                HAL_PCD_EP_Transmit
 .text.HAL_PCD_EP_SetStall
                0x0800949c       0xc6 ./Drivers/STM32F4xx_HAL_Driver/Src/stm32f4xx_hal_pcd.o
                0x0800949c                HAL_PCD_EP_SetStall
 .text.HAL_PCD_EP_ClrStall
                0x08009562       0xac ./Drivers/STM32F4xx_HAL_Driver/Src/stm32f4xx_hal_pcd.o
                0x08009562                HAL_PCD_EP_ClrStall
 .text.HAL_PCD_EP_Abort
                0x0800960e       0x62 ./Drivers/STM32F4xx_HAL_Driver/Src/stm32f4xx_hal_pcd.o
                0x0800960e                HAL_PCD_EP_Abort
 .text.PCD_WriteEmptyTxFifo
                0x08009670      0x118 ./Drivers/STM32F4xx_HAL_Driver/Src/stm32f4xx_hal_pcd.o
 .text.PCD_EP_OutXfrComplete_int
                0x08009788      0x1d0 ./Drivers/STM32F4xx_HAL_Driver/Src/stm32f4xx_hal_pcd.o
 .text.PCD_EP_OutSetupPacket_int
                0x08009958       0x8c ./Drivers/STM32F4xx_HAL_Driver/Src/stm32f4xx_hal_pcd.o
 .text.HAL_PCDEx_SetTxFiFo
                0x080099e4       0x8e ./Drivers/STM32F4xx_HAL_Driver/Src/stm32f4xx_hal_pcd_ex.o
                0x080099e4                HAL_PCDEx_SetTxFiFo
 .text.HAL_PCDEx_SetRxFiFo
                0x08009a72       0x22 ./Drivers/STM32F4xx_HAL_Driver/Src/stm32f4xx_hal_pcd_ex.o
                0x08009a72                HAL_PCDEx_SetRxFiFo
 .text.HAL_PCDEx_LPM_Callback
                0x08009a94       0x18 ./Drivers/STM32F4xx_HAL_Driver/Src/stm32f4xx_hal_pcd_ex.o
                0x08009a94                HAL_PCDEx_LPM_Callback
 .text.HAL_RCC_OscConfig
                0x08009aac      0x4f0 ./Drivers/STM32F4xx_HAL_Driver/Src/stm32f4xx_hal_rcc.o
                0x08009aac                HAL_RCC_OscConfig
 .text.HAL_RCC_ClockConfig
                0x08009f9c      0x1cc ./Drivers/STM32F4xx_HAL_Driver/Src/stm32f4xx_hal_rcc.o
                0x08009f9c                HAL_RCC_ClockConfig
 .text.HAL_RCC_GetSysClockFreq
                0x0800a168      0x18c ./Drivers/STM32F4xx_HAL_Driver/Src/stm32f4xx_hal_rcc.o
                0x0800a168                HAL_RCC_GetSysClockFreq
 .text.HAL_RCC_GetHCLKFreq
                0x0800a2f4       0x18 ./Drivers/STM32F4xx_HAL_Driver/Src/stm32f4xx_hal_rcc.o
                0x0800a2f4                HAL_RCC_GetHCLKFreq
 .text.HAL_RCC_GetPCLK1Freq
                0x0800a30c       0x28 ./Drivers/STM32F4xx_HAL_Driver/Src/stm32f4xx_hal_rcc.o
                0x0800a30c                HAL_RCC_GetPCLK1Freq
 .text.HAL_RCC_GetPCLK2Freq
                0x0800a334       0x28 ./Drivers/STM32F4xx_HAL_Driver/Src/stm32f4xx_hal_rcc.o
                0x0800a334                HAL_RCC_GetPCLK2Freq
 .text.HAL_SPI_Init
                0x0800a35c      0x112 ./Drivers/STM32F4xx_HAL_Driver/Src/stm32f4xx_hal_spi.o
                0x0800a35c                HAL_SPI_Init
 .text.HAL_SPI_TransmitReceive
                0x0800a46e      0x352 ./Drivers/STM32F4xx_HAL_Driver/Src/stm32f4xx_hal_spi.o
                0x0800a46e                HAL_SPI_TransmitReceive
 .text.SPI_WaitFlagStateUntilTimeout
                0x0800a7c0      0x110 ./Drivers/STM32F4xx_HAL_Driver/Src/stm32f4xx_hal_spi.o
 .text.SPI_EndRxTxTransaction
                0x0800a8d0       0xa8 ./Drivers/STM32F4xx_HAL_Driver/Src/stm32f4xx_hal_spi.o
 .text.HAL_TIM_Base_Init
                0x0800a978       0x9e ./Drivers/STM32F4xx_HAL_Driver/Src/stm32f4xx_hal_tim.o
                0x0800a978                HAL_TIM_Base_Init
 *fill*         0x0800aa16        0x2 
 .text.HAL_TIM_Base_Start_IT
                0x0800aa18       0xe0 ./Drivers/STM32F4xx_HAL_Driver/Src/stm32f4xx_hal_tim.o
                0x0800aa18                HAL_TIM_Base_Start_IT
 .text.HAL_TIM_PWM_Init
                0x0800aaf8       0x9e ./Drivers/STM32F4xx_HAL_Driver/Src/stm32f4xx_hal_tim.o
                0x0800aaf8                HAL_TIM_PWM_Init
 .text.HAL_TIM_PWM_MspInit
                0x0800ab96       0x14 ./Drivers/STM32F4xx_HAL_Driver/Src/stm32f4xx_hal_tim.o
                0x0800ab96                HAL_TIM_PWM_MspInit
 *fill*         0x0800abaa        0x2 
 .text.HAL_TIM_PWM_Start
                0x0800abac      0x190 ./Drivers/STM32F4xx_HAL_Driver/Src/stm32f4xx_hal_tim.o
                0x0800abac                HAL_TIM_PWM_Start
 .text.HAL_TIM_PWM_Stop
                0x0800ad3c       0xe0 ./Drivers/STM32F4xx_HAL_Driver/Src/stm32f4xx_hal_tim.o
                0x0800ad3c                HAL_TIM_PWM_Stop
 .text.HAL_TIM_IRQHandler
                0x0800ae1c      0x1e0 ./Drivers/STM32F4xx_HAL_Driver/Src/stm32f4xx_hal_tim.o
                0x0800ae1c                HAL_TIM_IRQHandler
 .text.HAL_TIM_PWM_ConfigChannel
                0x0800affc      0x184 ./Drivers/STM32F4xx_HAL_Driver/Src/stm32f4xx_hal_tim.o
                0x0800affc                HAL_TIM_PWM_ConfigChannel
 .text.HAL_TIM_ConfigClockSource
                0x0800b180      0x18e ./Drivers/STM32F4xx_HAL_Driver/Src/stm32f4xx_hal_tim.o
                0x0800b180                HAL_TIM_ConfigClockSource
 .text.HAL_TIM_OC_DelayElapsedCallback
                0x0800b30e       0x14 ./Drivers/STM32F4xx_HAL_Driver/Src/stm32f4xx_hal_tim.o
                0x0800b30e                HAL_TIM_OC_DelayElapsedCallback
 .text.HAL_TIM_IC_CaptureCallback
                0x0800b322       0x14 ./Drivers/STM32F4xx_HAL_Driver/Src/stm32f4xx_hal_tim.o
                0x0800b322                HAL_TIM_IC_CaptureCallback
 .text.HAL_TIM_PWM_PulseFinishedCallback
                0x0800b336       0x14 ./Drivers/STM32F4xx_HAL_Driver/Src/stm32f4xx_hal_tim.o
                0x0800b336                HAL_TIM_PWM_PulseFinishedCallback
 .text.HAL_TIM_TriggerCallback
                0x0800b34a       0x14 ./Drivers/STM32F4xx_HAL_Driver/Src/stm32f4xx_hal_tim.o
                0x0800b34a                HAL_TIM_TriggerCallback
 *fill*         0x0800b35e        0x2 
 .text.TIM_Base_SetConfig
                0x0800b360      0x14c ./Drivers/STM32F4xx_HAL_Driver/Src/stm32f4xx_hal_tim.o
                0x0800b360                TIM_Base_SetConfig
 .text.TIM_OC1_SetConfig
                0x0800b4ac       0xe0 ./Drivers/STM32F4xx_HAL_Driver/Src/stm32f4xx_hal_tim.o
 .text.TIM_OC2_SetConfig
                0x0800b58c       0xec ./Drivers/STM32F4xx_HAL_Driver/Src/stm32f4xx_hal_tim.o
                0x0800b58c                TIM_OC2_SetConfig
 .text.TIM_OC3_SetConfig
                0x0800b678       0xe8 ./Drivers/STM32F4xx_HAL_Driver/Src/stm32f4xx_hal_tim.o
 .text.TIM_OC4_SetConfig
                0x0800b760       0xac ./Drivers/STM32F4xx_HAL_Driver/Src/stm32f4xx_hal_tim.o
 .text.TIM_TI1_ConfigInputStage
                0x0800b80c       0x5e ./Drivers/STM32F4xx_HAL_Driver/Src/stm32f4xx_hal_tim.o
 .text.TIM_TI2_ConfigInputStage
                0x0800b86a       0x60 ./Drivers/STM32F4xx_HAL_Driver/Src/stm32f4xx_hal_tim.o
 .text.TIM_ITRx_SetConfig
                0x0800b8ca       0x36 ./Drivers/STM32F4xx_HAL_Driver/Src/stm32f4xx_hal_tim.o
 .text.TIM_ETR_SetConfig
                0x0800b900       0x40 ./Drivers/STM32F4xx_HAL_Driver/Src/stm32f4xx_hal_tim.o
                0x0800b900                TIM_ETR_SetConfig
 .text.TIM_CCxChannelCmd
                0x0800b940       0x4a ./Drivers/STM32F4xx_HAL_Driver/Src/stm32f4xx_hal_tim.o
                0x0800b940                TIM_CCxChannelCmd
 *fill*         0x0800b98a        0x2 
 .text.HAL_TIMEx_MasterConfigSynchronization
                0x0800b98c       0xf8 ./Drivers/STM32F4xx_HAL_Driver/Src/stm32f4xx_hal_tim_ex.o
                0x0800b98c                HAL_TIMEx_MasterConfigSynchronization
 .text.HAL_TIMEx_ConfigBreakDeadTime
                0x0800ba84       0xa4 ./Drivers/STM32F4xx_HAL_Driver/Src/stm32f4xx_hal_tim_ex.o
                0x0800ba84                HAL_TIMEx_ConfigBreakDeadTime
 .text.HAL_TIMEx_CommutCallback
                0x0800bb28       0x14 ./Drivers/STM32F4xx_HAL_Driver/Src/stm32f4xx_hal_tim_ex.o
                0x0800bb28                HAL_TIMEx_CommutCallback
 .text.HAL_TIMEx_BreakCallback
                0x0800bb3c       0x14 ./Drivers/STM32F4xx_HAL_Driver/Src/stm32f4xx_hal_tim_ex.o
                0x0800bb3c                HAL_TIMEx_BreakCallback
 .text.HAL_UART_Init
                0x0800bb50       0xa0 ./Drivers/STM32F4xx_HAL_Driver/Src/stm32f4xx_hal_uart.o
                0x0800bb50                HAL_UART_Init
 .text.HAL_UART_Receive_DMA
                0x0800bbf0       0x4a ./Drivers/STM32F4xx_HAL_Driver/Src/stm32f4xx_hal_uart.o
                0x0800bbf0                HAL_UART_Receive_DMA
 *fill*         0x0800bc3a        0x2 
 .text.HAL_UART_IRQHandler
                0x0800bc3c      0x554 ./Drivers/STM32F4xx_HAL_Driver/Src/stm32f4xx_hal_uart.o
                0x0800bc3c                HAL_UART_IRQHandler
 .text.HAL_UART_TxCpltCallback
                0x0800c190       0x14 ./Drivers/STM32F4xx_HAL_Driver/Src/stm32f4xx_hal_uart.o
                0x0800c190                HAL_UART_TxCpltCallback
 .text.HAL_UART_RxHalfCpltCallback
                0x0800c1a4       0x14 ./Drivers/STM32F4xx_HAL_Driver/Src/stm32f4xx_hal_uart.o
                0x0800c1a4                HAL_UART_RxHalfCpltCallback
 .text.HAL_UART_ErrorCallback
                0x0800c1b8       0x14 ./Drivers/STM32F4xx_HAL_Driver/Src/stm32f4xx_hal_uart.o
                0x0800c1b8                HAL_UART_ErrorCallback
 .text.HAL_UARTEx_RxEventCallback
                0x0800c1cc       0x18 ./Drivers/STM32F4xx_HAL_Driver/Src/stm32f4xx_hal_uart.o
                0x0800c1cc                HAL_UARTEx_RxEventCallback
 .text.UART_DMAReceiveCplt
                0x0800c1e4      0x12c ./Drivers/STM32F4xx_HAL_Driver/Src/stm32f4xx_hal_uart.o
 .text.UART_DMARxHalfCplt
                0x0800c310       0x3c ./Drivers/STM32F4xx_HAL_Driver/Src/stm32f4xx_hal_uart.o
 .text.UART_DMAError
                0x0800c34c       0x94 ./Drivers/STM32F4xx_HAL_Driver/Src/stm32f4xx_hal_uart.o
 .text.UART_Start_Receive_DMA
                0x0800c3e0      0x14c ./Drivers/STM32F4xx_HAL_Driver/Src/stm32f4xx_hal_uart.o
                0x0800c3e0                UART_Start_Receive_DMA
 .text.UART_EndTxTransfer
                0x0800c52c       0x50 ./Drivers/STM32F4xx_HAL_Driver/Src/stm32f4xx_hal_uart.o
 .text.UART_EndRxTransfer
                0x0800c57c       0xc6 ./Drivers/STM32F4xx_HAL_Driver/Src/stm32f4xx_hal_uart.o
 .text.UART_DMAAbortOnError
                0x0800c642       0x22 ./Drivers/STM32F4xx_HAL_Driver/Src/stm32f4xx_hal_uart.o
 .text.UART_Transmit_IT
                0x0800c664       0xa0 ./Drivers/STM32F4xx_HAL_Driver/Src/stm32f4xx_hal_uart.o
 .text.UART_EndTransmit_IT
                0x0800c704       0x30 ./Drivers/STM32F4xx_HAL_Driver/Src/stm32f4xx_hal_uart.o
 .text.UART_Receive_IT
                0x0800c734      0x17c ./Drivers/STM32F4xx_HAL_Driver/Src/stm32f4xx_hal_uart.o
 .text.UART_SetConfig
                0x0800c8b0      0x4e8 ./Drivers/STM32F4xx_HAL_Driver/Src/stm32f4xx_hal_uart.o
 .text.USB_CoreInit
                0x0800cd98       0xc8 ./Drivers/STM32F4xx_HAL_Driver/Src/stm32f4xx_ll_usb.o
                0x0800cd98                USB_CoreInit
 .text.USB_SetTurnaroundTime
                0x0800ce60      0x144 ./Drivers/STM32F4xx_HAL_Driver/Src/stm32f4xx_ll_usb.o
                0x0800ce60                USB_SetTurnaroundTime
 .text.USB_EnableGlobalInt
                0x0800cfa4       0x22 ./Drivers/STM32F4xx_HAL_Driver/Src/stm32f4xx_ll_usb.o
                0x0800cfa4                USB_EnableGlobalInt
 .text.USB_DisableGlobalInt
                0x0800cfc6       0x22 ./Drivers/STM32F4xx_HAL_Driver/Src/stm32f4xx_ll_usb.o
                0x0800cfc6                USB_DisableGlobalInt
 .text.USB_SetCurrentMode
                0x0800cfe8       0x98 ./Drivers/STM32F4xx_HAL_Driver/Src/stm32f4xx_ll_usb.o
                0x0800cfe8                USB_SetCurrentMode
 .text.USB_DevInit
                0x0800d080      0x2c8 ./Drivers/STM32F4xx_HAL_Driver/Src/stm32f4xx_ll_usb.o
                0x0800d080                USB_DevInit
 .text.USB_FlushTxFifo
                0x0800d348       0x64 ./Drivers/STM32F4xx_HAL_Driver/Src/stm32f4xx_ll_usb.o
                0x0800d348                USB_FlushTxFifo
 .text.USB_FlushRxFifo
                0x0800d3ac       0x5c ./Drivers/STM32F4xx_HAL_Driver/Src/stm32f4xx_ll_usb.o
                0x0800d3ac                USB_FlushRxFifo
 .text.USB_SetDevSpeed
                0x0800d408       0x32 ./Drivers/STM32F4xx_HAL_Driver/Src/stm32f4xx_ll_usb.o
                0x0800d408                USB_SetDevSpeed
 .text.USB_GetDevSpeed
                0x0800d43a       0x4a ./Drivers/STM32F4xx_HAL_Driver/Src/stm32f4xx_ll_usb.o
                0x0800d43a                USB_GetDevSpeed
 .text.USB_ActivateEndpoint
                0x0800d484      0x10e ./Drivers/STM32F4xx_HAL_Driver/Src/stm32f4xx_ll_usb.o
                0x0800d484                USB_ActivateEndpoint
 *fill*         0x0800d592        0x2 
 .text.USB_DeactivateEndpoint
                0x0800d594      0x1b8 ./Drivers/STM32F4xx_HAL_Driver/Src/stm32f4xx_ll_usb.o
                0x0800d594                USB_DeactivateEndpoint
 .text.USB_EPStartXfer
                0x0800d74c      0x53c ./Drivers/STM32F4xx_HAL_Driver/Src/stm32f4xx_ll_usb.o
                0x0800d74c                USB_EPStartXfer
 .text.USB_EPStopXfer
                0x0800dc88      0x154 ./Drivers/STM32F4xx_HAL_Driver/Src/stm32f4xx_ll_usb.o
                0x0800dc88                USB_EPStopXfer
 .text.USB_WritePacket
                0x0800dddc       0x7c ./Drivers/STM32F4xx_HAL_Driver/Src/stm32f4xx_ll_usb.o
                0x0800dddc                USB_WritePacket
 .text.USB_ReadPacket
                0x0800de58       0xb0 ./Drivers/STM32F4xx_HAL_Driver/Src/stm32f4xx_ll_usb.o
                0x0800de58                USB_ReadPacket
 .text.USB_EPSetStall
                0x0800df08       0xdc ./Drivers/STM32F4xx_HAL_Driver/Src/stm32f4xx_ll_usb.o
                0x0800df08                USB_EPSetStall
 .text.USB_EPClearStall
                0x0800dfe4       0xcc ./Drivers/STM32F4xx_HAL_Driver/Src/stm32f4xx_ll_usb.o
                0x0800dfe4                USB_EPClearStall
 .text.USB_SetDevAddress
                0x0800e0b0       0x4c ./Drivers/STM32F4xx_HAL_Driver/Src/stm32f4xx_ll_usb.o
                0x0800e0b0                USB_SetDevAddress
 .text.USB_DevConnect
                0x0800e0fc       0x42 ./Drivers/STM32F4xx_HAL_Driver/Src/stm32f4xx_ll_usb.o
                0x0800e0fc                USB_DevConnect
 .text.USB_DevDisconnect
                0x0800e13e       0x42 ./Drivers/STM32F4xx_HAL_Driver/Src/stm32f4xx_ll_usb.o
                0x0800e13e                USB_DevDisconnect
 .text.USB_ReadInterrupts
                0x0800e180       0x26 ./Drivers/STM32F4xx_HAL_Driver/Src/stm32f4xx_ll_usb.o
                0x0800e180                USB_ReadInterrupts
 .text.USB_ReadDevAllOutEpInterrupt
                0x0800e1a6       0x34 ./Drivers/STM32F4xx_HAL_Driver/Src/stm32f4xx_ll_usb.o
                0x0800e1a6                USB_ReadDevAllOutEpInterrupt
 .text.USB_ReadDevAllInEpInterrupt
                0x0800e1da       0x34 ./Drivers/STM32F4xx_HAL_Driver/Src/stm32f4xx_ll_usb.o
                0x0800e1da                USB_ReadDevAllInEpInterrupt
 .text.USB_ReadDevOutEPInterrupt
                0x0800e20e       0x3c ./Drivers/STM32F4xx_HAL_Driver/Src/stm32f4xx_ll_usb.o
                0x0800e20e                USB_ReadDevOutEPInterrupt
 .text.USB_ReadDevInEPInterrupt
                0x0800e24a       0x5c ./Drivers/STM32F4xx_HAL_Driver/Src/stm32f4xx_ll_usb.o
                0x0800e24a                USB_ReadDevInEPInterrupt
 .text.USB_GetMode
                0x0800e2a6       0x1c ./Drivers/STM32F4xx_HAL_Driver/Src/stm32f4xx_ll_usb.o
                0x0800e2a6                USB_GetMode
 .text.USB_ActivateSetup
                0x0800e2c2       0x46 ./Drivers/STM32F4xx_HAL_Driver/Src/stm32f4xx_ll_usb.o
                0x0800e2c2                USB_ActivateSetup
 .text.USB_EP0_OutStart
                0x0800e308       0xbc ./Drivers/STM32F4xx_HAL_Driver/Src/stm32f4xx_ll_usb.o
                0x0800e308                USB_EP0_OutStart
 .text.USB_CoreReset
                0x0800e3c4       0x70 ./Drivers/STM32F4xx_HAL_Driver/Src/stm32f4xx_ll_usb.o
 .text.MX_FATFS_Init
                0x0800e434       0x24 ./FATFS/App/fatfs.o
                0x0800e434                MX_FATFS_Init
 .text.USER_initialize
                0x0800e458       0x28 ./FATFS/Target/user_diskio.o
                0x0800e458                USER_initialize
 .text.USER_status
                0x0800e480       0x28 ./FATFS/Target/user_diskio.o
                0x0800e480                USER_status
 .text.USER_read
                0x0800e4a8       0x1e ./FATFS/Target/user_diskio.o
                0x0800e4a8                USER_read
 .text.USER_write
                0x0800e4c6       0x1e ./FATFS/Target/user_diskio.o
                0x0800e4c6                USER_write
 .text.USER_ioctl
                0x0800e4e4       0x22 ./FATFS/Target/user_diskio.o
                0x0800e4e4                USER_ioctl
 *fill*         0x0800e506        0x2 
 .text.USBD_CDC_Init
                0x0800e508      0x1f0 ./Middlewares/ST/STM32_USB_Device_Library/Class/CDC/Src/usbd_cdc.o
 .text.USBD_CDC_DeInit
                0x0800e6f8      0x104 ./Middlewares/ST/STM32_USB_Device_Library/Class/CDC/Src/usbd_cdc.o
 .text.USBD_CDC_Setup
                0x0800e7fc      0x1b8 ./Middlewares/ST/STM32_USB_Device_Library/Class/CDC/Src/usbd_cdc.o
 .text.USBD_CDC_DataIn
                0x0800e9b4       0xfe ./Middlewares/ST/STM32_USB_Device_Library/Class/CDC/Src/usbd_cdc.o
 .text.USBD_CDC_DataOut
                0x0800eab2       0x70 ./Middlewares/ST/STM32_USB_Device_Library/Class/CDC/Src/usbd_cdc.o
 .text.USBD_CDC_EP0_RxReady
                0x0800eb22       0x74 ./Middlewares/ST/STM32_USB_Device_Library/Class/CDC/Src/usbd_cdc.o
 *fill*         0x0800eb96        0x2 
 .text.USBD_CDC_GetFSCfgDesc
                0x0800eb98       0x70 ./Middlewares/ST/STM32_USB_Device_Library/Class/CDC/Src/usbd_cdc.o
 .text.USBD_CDC_GetHSCfgDesc
                0x0800ec08       0x70 ./Middlewares/ST/STM32_USB_Device_Library/Class/CDC/Src/usbd_cdc.o
 .text.USBD_CDC_GetOtherSpeedCfgDesc
                0x0800ec78       0x70 ./Middlewares/ST/STM32_USB_Device_Library/Class/CDC/Src/usbd_cdc.o
 .text.USBD_CDC_GetDeviceQualifierDescriptor
                0x0800ece8       0x20 ./Middlewares/ST/STM32_USB_Device_Library/Class/CDC/Src/usbd_cdc.o
                0x0800ece8                USBD_CDC_GetDeviceQualifierDescriptor
 .text.USBD_CDC_RegisterInterface
                0x0800ed08       0x34 ./Middlewares/ST/STM32_USB_Device_Library/Class/CDC/Src/usbd_cdc.o
                0x0800ed08                USBD_CDC_RegisterInterface
 .text.USBD_CDC_SetTxBuffer
                0x0800ed3c       0x44 ./Middlewares/ST/STM32_USB_Device_Library/Class/CDC/Src/usbd_cdc.o
                0x0800ed3c                USBD_CDC_SetTxBuffer
 .text.USBD_CDC_SetRxBuffer
                0x0800ed80       0x3a ./Middlewares/ST/STM32_USB_Device_Library/Class/CDC/Src/usbd_cdc.o
                0x0800ed80                USBD_CDC_SetRxBuffer
 *fill*         0x0800edba        0x2 
 .text.USBD_CDC_ReceivePacket
                0x0800edbc       0x6c ./Middlewares/ST/STM32_USB_Device_Library/Class/CDC/Src/usbd_cdc.o
                0x0800edbc                USBD_CDC_ReceivePacket
 .text.USBD_Init
                0x0800ee28       0x7c ./Middlewares/ST/STM32_USB_Device_Library/Core/Src/usbd_core.o
                0x0800ee28                USBD_Init
 .text.USBD_RegisterClass
                0x0800eea4       0x88 ./Middlewares/ST/STM32_USB_Device_Library/Core/Src/usbd_core.o
                0x0800eea4                USBD_RegisterClass
 .text.USBD_Start
                0x0800ef2c       0x18 ./Middlewares/ST/STM32_USB_Device_Library/Core/Src/usbd_core.o
                0x0800ef2c                USBD_Start
 .text.USBD_RunTestMode
                0x0800ef44       0x16 ./Middlewares/ST/STM32_USB_Device_Library/Core/Src/usbd_core.o
                0x0800ef44                USBD_RunTestMode
 .text.USBD_SetClassConfig
                0x0800ef5a       0x38 ./Middlewares/ST/STM32_USB_Device_Library/Core/Src/usbd_core.o
                0x0800ef5a                USBD_SetClassConfig
 .text.USBD_ClrClassConfig
                0x0800ef92       0x34 ./Middlewares/ST/STM32_USB_Device_Library/Core/Src/usbd_core.o
                0x0800ef92                USBD_ClrClassConfig
 .text.USBD_LL_SetupStage
                0x0800efc6       0xaa ./Middlewares/ST/STM32_USB_Device_Library/Core/Src/usbd_core.o
                0x0800efc6                USBD_LL_SetupStage
 .text.USBD_LL_DataOutStage
                0x0800f070      0x178 ./Middlewares/ST/STM32_USB_Device_Library/Core/Src/usbd_core.o
                0x0800f070                USBD_LL_DataOutStage
 .text.USBD_LL_DataInStage
                0x0800f1e8      0x176 ./Middlewares/ST/STM32_USB_Device_Library/Core/Src/usbd_core.o
                0x0800f1e8                USBD_LL_DataInStage
 .text.USBD_LL_Reset
                0x0800f35e       0xa6 ./Middlewares/ST/STM32_USB_Device_Library/Core/Src/usbd_core.o
                0x0800f35e                USBD_LL_Reset
 .text.USBD_LL_SetSpeed
                0x0800f404       0x20 ./Middlewares/ST/STM32_USB_Device_Library/Core/Src/usbd_core.o
                0x0800f404                USBD_LL_SetSpeed
 .text.USBD_LL_Suspend
                0x0800f424       0x38 ./Middlewares/ST/STM32_USB_Device_Library/Core/Src/usbd_core.o
                0x0800f424                USBD_LL_Suspend
 .text.USBD_LL_Resume
                0x0800f45c       0x30 ./Middlewares/ST/STM32_USB_Device_Library/Core/Src/usbd_core.o
                0x0800f45c                USBD_LL_Resume
 .text.USBD_LL_SOF
                0x0800f48c       0x40 ./Middlewares/ST/STM32_USB_Device_Library/Core/Src/usbd_core.o
                0x0800f48c                USBD_LL_SOF
 .text.USBD_LL_IsoINIncomplete
                0x0800f4cc       0x64 ./Middlewares/ST/STM32_USB_Device_Library/Core/Src/usbd_core.o
                0x0800f4cc                USBD_LL_IsoINIncomplete
 .text.USBD_LL_IsoOUTIncomplete
                0x0800f530       0x64 ./Middlewares/ST/STM32_USB_Device_Library/Core/Src/usbd_core.o
                0x0800f530                USBD_LL_IsoOUTIncomplete
 .text.USBD_LL_DevConnected
                0x0800f594       0x16 ./Middlewares/ST/STM32_USB_Device_Library/Core/Src/usbd_core.o
                0x0800f594                USBD_LL_DevConnected
 .text.USBD_LL_DevDisconnected
                0x0800f5aa       0x46 ./Middlewares/ST/STM32_USB_Device_Library/Core/Src/usbd_core.o
                0x0800f5aa                USBD_LL_DevDisconnected
 .text.USBD_CoreFindIF
                0x0800f5f0       0x1a ./Middlewares/ST/STM32_USB_Device_Library/Core/Src/usbd_core.o
                0x0800f5f0                USBD_CoreFindIF
 .text.USBD_CoreFindEP
                0x0800f60a       0x1a ./Middlewares/ST/STM32_USB_Device_Library/Core/Src/usbd_core.o
                0x0800f60a                USBD_CoreFindEP
 .text.USBD_GetEpDesc
                0x0800f624       0x70 ./Middlewares/ST/STM32_USB_Device_Library/Core/Src/usbd_core.o
                0x0800f624                USBD_GetEpDesc
 .text.USBD_GetNextDesc
                0x0800f694       0x38 ./Middlewares/ST/STM32_USB_Device_Library/Core/Src/usbd_core.o
                0x0800f694                USBD_GetNextDesc
 .text.SWAPBYTE
                0x0800f6cc       0x3e ./Middlewares/ST/STM32_USB_Device_Library/Core/Src/usbd_ctlreq.o
 *fill*         0x0800f70a        0x2 
 .text.USBD_StdDevReq
                0x0800f70c       0xe4 ./Middlewares/ST/STM32_USB_Device_Library/Core/Src/usbd_ctlreq.o
                0x0800f70c                USBD_StdDevReq
 .text.USBD_StdItfReq
                0x0800f7f0       0xd8 ./Middlewares/ST/STM32_USB_Device_Library/Core/Src/usbd_ctlreq.o
                0x0800f7f0                USBD_StdItfReq
 .text.USBD_StdEPReq
                0x0800f8c8      0x33e ./Middlewares/ST/STM32_USB_Device_Library/Core/Src/usbd_ctlreq.o
                0x0800f8c8                USBD_StdEPReq
 *fill*         0x0800fc06        0x2 
 .text.USBD_GetDescriptor
                0x0800fc08      0x2d4 ./Middlewares/ST/STM32_USB_Device_Library/Core/Src/usbd_ctlreq.o
 .text.USBD_SetAddress
                0x0800fedc       0x88 ./Middlewares/ST/STM32_USB_Device_Library/Core/Src/usbd_ctlreq.o
 .text.USBD_SetConfig
                0x0800ff64      0x154 ./Middlewares/ST/STM32_USB_Device_Library/Core/Src/usbd_ctlreq.o
 .text.USBD_GetConfig
                0x080100b8       0x6c ./Middlewares/ST/STM32_USB_Device_Library/Core/Src/usbd_ctlreq.o
 .text.USBD_GetStatus
                0x08010124       0x68 ./Middlewares/ST/STM32_USB_Device_Library/Core/Src/usbd_ctlreq.o
 .text.USBD_SetFeature
                0x0801018c       0x52 ./Middlewares/ST/STM32_USB_Device_Library/Core/Src/usbd_ctlreq.o
 .text.USBD_ClrFeature
                0x080101de       0x44 ./Middlewares/ST/STM32_USB_Device_Library/Core/Src/usbd_ctlreq.o
 .text.USBD_ParseSetupRequest
                0x08010222       0x74 ./Middlewares/ST/STM32_USB_Device_Library/Core/Src/usbd_ctlreq.o
                0x08010222                USBD_ParseSetupRequest
 .text.USBD_CtlError
                0x08010296       0x22 ./Middlewares/ST/STM32_USB_Device_Library/Core/Src/usbd_ctlreq.o
                0x08010296                USBD_CtlError
 .text.USBD_GetString
                0x080102b8       0xa4 ./Middlewares/ST/STM32_USB_Device_Library/Core/Src/usbd_ctlreq.o
                0x080102b8                USBD_GetString
 .text.USBD_GetLen
                0x0801035c       0x34 ./Middlewares/ST/STM32_USB_Device_Library/Core/Src/usbd_ctlreq.o
 .text.USBD_CtlSendData
                0x08010390       0x3c ./Middlewares/ST/STM32_USB_Device_Library/Core/Src/usbd_ioreq.o
                0x08010390                USBD_CtlSendData
 .text.USBD_CtlContinueSendData
                0x080103cc       0x22 ./Middlewares/ST/STM32_USB_Device_Library/Core/Src/usbd_ioreq.o
                0x080103cc                USBD_CtlContinueSendData
 .text.USBD_CtlPrepareRx
                0x080103ee       0x42 ./Middlewares/ST/STM32_USB_Device_Library/Core/Src/usbd_ioreq.o
                0x080103ee                USBD_CtlPrepareRx
 .text.USBD_CtlContinueRx
                0x08010430       0x22 ./Middlewares/ST/STM32_USB_Device_Library/Core/Src/usbd_ioreq.o
                0x08010430                USBD_CtlContinueRx
 .text.USBD_CtlSendStatus
                0x08010452       0x26 ./Middlewares/ST/STM32_USB_Device_Library/Core/Src/usbd_ioreq.o
                0x08010452                USBD_CtlSendStatus
 .text.USBD_CtlReceiveStatus
                0x08010478       0x26 ./Middlewares/ST/STM32_USB_Device_Library/Core/Src/usbd_ioreq.o
                0x08010478                USBD_CtlReceiveStatus
 *fill*         0x0801049e        0x2 
 .text.FATFS_LinkDriverEx
                0x080104a0       0x98 ./Middlewares/Third_Party/FatFs/src/ff_gen_drv.o
                0x080104a0                FATFS_LinkDriverEx
 .text.FATFS_LinkDriver
                0x08010538       0x1e ./Middlewares/Third_Party/FatFs/src/ff_gen_drv.o
                0x08010538                FATFS_LinkDriver
 *fill*         0x08010556        0x2 
 .text.MX_USB_DEVICE_Init
                0x08010558       0x60 ./USB_DEVICE/App/usb_device.o
                0x08010558                MX_USB_DEVICE_Init
 .text.CDC_Init_FS
                0x080105b8       0x28 ./USB_DEVICE/App/usbd_cdc_if.o
 .text.CDC_DeInit_FS
                0x080105e0       0x10 ./USB_DEVICE/App/usbd_cdc_if.o
 .text.CDC_Control_FS
                0x080105f0       0xe4 ./USB_DEVICE/App/usbd_cdc_if.o
 .text.CDC_Receive_FS
                0x080106d4       0x28 ./USB_DEVICE/App/usbd_cdc_if.o
 .text.CDC_TransmitCplt_FS
                0x080106fc       0x22 ./USB_DEVICE/App/usbd_cdc_if.o
 *fill*         0x0801071e        0x2 
 .text.USBD_FS_DeviceDescriptor
                0x08010720       0x24 ./USB_DEVICE/App/usbd_desc.o
                0x08010720                USBD_FS_DeviceDescriptor
 .text.USBD_FS_LangIDStrDescriptor
                0x08010744       0x24 ./USB_DEVICE/App/usbd_desc.o
                0x08010744                USBD_FS_LangIDStrDescriptor
 .text.USBD_FS_ProductStrDescriptor
                0x08010768       0x3c ./USB_DEVICE/App/usbd_desc.o
                0x08010768                USBD_FS_ProductStrDescriptor
 .text.USBD_FS_ManufacturerStrDescriptor
                0x080107a4       0x28 ./USB_DEVICE/App/usbd_desc.o
                0x080107a4                USBD_FS_ManufacturerStrDescriptor
 .text.USBD_FS_SerialStrDescriptor
                0x080107cc       0x24 ./USB_DEVICE/App/usbd_desc.o
                0x080107cc                USBD_FS_SerialStrDescriptor
 .text.USBD_FS_ConfigStrDescriptor
                0x080107f0       0x3c ./USB_DEVICE/App/usbd_desc.o
                0x080107f0                USBD_FS_ConfigStrDescriptor
 .text.USBD_FS_InterfaceStrDescriptor
                0x0801082c       0x3c ./USB_DEVICE/App/usbd_desc.o
                0x0801082c                USBD_FS_InterfaceStrDescriptor
 .text.Get_SerialNum
                0x08010868       0x58 ./USB_DEVICE/App/usbd_desc.o
 .text.IntToUnicode
                0x080108c0       0x7e ./USB_DEVICE/App/usbd_desc.o
 *fill*         0x0801093e        0x2 
 .text.HAL_PCD_MspInit
                0x08010940       0xa8 ./USB_DEVICE/Target/usbd_conf.o
                0x08010940                HAL_PCD_MspInit
 .text.HAL_PCD_SetupStageCallback
                0x080109e8       0x24 ./USB_DEVICE/Target/usbd_conf.o
                0x080109e8                HAL_PCD_SetupStageCallback
 .text.HAL_PCD_DataOutStageCallback
                0x08010a0c       0x36 ./USB_DEVICE/Target/usbd_conf.o
                0x08010a0c                HAL_PCD_DataOutStageCallback
 .text.HAL_PCD_DataInStageCallback
                0x08010a42       0x34 ./USB_DEVICE/Target/usbd_conf.o
                0x08010a42                HAL_PCD_DataInStageCallback
 .text.HAL_PCD_SOFCallback
                0x08010a76       0x1c ./USB_DEVICE/Target/usbd_conf.o
                0x08010a76                HAL_PCD_SOFCallback
 .text.HAL_PCD_ResetCallback
                0x08010a92       0x50 ./USB_DEVICE/Target/usbd_conf.o
                0x08010a92                HAL_PCD_ResetCallback
 *fill*         0x08010ae2        0x2 
 .text.HAL_PCD_SuspendCallback
                0x08010ae4       0x4c ./USB_DEVICE/Target/usbd_conf.o
                0x08010ae4                HAL_PCD_SuspendCallback
 .text.HAL_PCD_ResumeCallback
                0x08010b30       0x1c ./USB_DEVICE/Target/usbd_conf.o
                0x08010b30                HAL_PCD_ResumeCallback
 .text.HAL_PCD_ISOOUTIncompleteCallback
                0x08010b4c       0x24 ./USB_DEVICE/Target/usbd_conf.o
                0x08010b4c                HAL_PCD_ISOOUTIncompleteCallback
 .text.HAL_PCD_ISOINIncompleteCallback
                0x08010b70       0x24 ./USB_DEVICE/Target/usbd_conf.o
                0x08010b70                HAL_PCD_ISOINIncompleteCallback
 .text.HAL_PCD_ConnectCallback
                0x08010b94       0x1c ./USB_DEVICE/Target/usbd_conf.o
                0x08010b94                HAL_PCD_ConnectCallback
 .text.HAL_PCD_DisconnectCallback
                0x08010bb0       0x1c ./USB_DEVICE/Target/usbd_conf.o
                0x08010bb0                HAL_PCD_DisconnectCallback
 .text.USBD_LL_Init
                0x08010bcc       0x98 ./USB_DEVICE/Target/usbd_conf.o
                0x08010bcc                USBD_LL_Init
 .text.USBD_LL_Start
                0x08010c64       0x36 ./USB_DEVICE/Target/usbd_conf.o
                0x08010c64                USBD_LL_Start
 .text.USBD_LL_OpenEP
                0x08010c9a       0x4c ./USB_DEVICE/Target/usbd_conf.o
                0x08010c9a                USBD_LL_OpenEP
 .text.USBD_LL_CloseEP
                0x08010ce6       0x3e ./USB_DEVICE/Target/usbd_conf.o
                0x08010ce6                USBD_LL_CloseEP
 .text.USBD_LL_StallEP
                0x08010d24       0x3e ./USB_DEVICE/Target/usbd_conf.o
                0x08010d24                USBD_LL_StallEP
 .text.USBD_LL_ClearStallEP
                0x08010d62       0x3e ./USB_DEVICE/Target/usbd_conf.o
                0x08010d62                USBD_LL_ClearStallEP
 .text.USBD_LL_IsStallEP
                0x08010da0       0x58 ./USB_DEVICE/Target/usbd_conf.o
                0x08010da0                USBD_LL_IsStallEP
 .text.USBD_LL_SetUSBAddress
                0x08010df8       0x3e ./USB_DEVICE/Target/usbd_conf.o
                0x08010df8                USBD_LL_SetUSBAddress
 .text.USBD_LL_Transmit
                0x08010e36       0x42 ./USB_DEVICE/Target/usbd_conf.o
                0x08010e36                USBD_LL_Transmit
 .text.USBD_LL_PrepareReceive
                0x08010e78       0x42 ./USB_DEVICE/Target/usbd_conf.o
                0x08010e78                USBD_LL_PrepareReceive
 .text.USBD_LL_GetRxDataSize
                0x08010eba       0x26 ./USB_DEVICE/Target/usbd_conf.o
                0x08010eba                USBD_LL_GetRxDataSize
 .text.USBD_static_malloc
                0x08010ee0       0x1c ./USB_DEVICE/Target/usbd_conf.o
                0x08010ee0                USBD_static_malloc
 .text.USBD_static_free
                0x08010efc       0x14 ./USB_DEVICE/Target/usbd_conf.o
                0x08010efc                USBD_static_free
 .text.USBD_Get_USB_Status
                0x08010f10       0x58 ./USB_DEVICE/Target/usbd_conf.o
                0x08010f10                USBD_Get_USB_Status
 .text.pow      0x08010f68       0xe0 C:/ST/STM32CubeIDE_1.18.1/STM32CubeIDE/plugins/com.st.stm32cube.ide.mcu.externaltools.gnu-tools-for-stm32.13.3.rel1.win32_1.0.0.202411081344/tools/bin/../lib/gcc/arm-none-eabi/13.3.1/../../../../arm-none-eabi/lib/thumb/v7e-m+fp/hard\libm.a(libm_a-w_pow.o)
                0x08010f68                pow
 .text.atan     0x08011048      0x330 C:/ST/STM32CubeIDE_1.18.1/STM32CubeIDE/plugins/com.st.stm32cube.ide.mcu.externaltools.gnu-tools-for-stm32.13.3.rel1.win32_1.0.0.202411081344/tools/bin/../lib/gcc/arm-none-eabi/13.3.1/../../../../arm-none-eabi/lib/thumb/v7e-m+fp/hard\libm.a(libm_a-s_atan.o)
                0x08011048                atan
 .text.fabs     0x08011378       0x10 C:/ST/STM32CubeIDE_1.18.1/STM32CubeIDE/plugins/com.st.stm32cube.ide.mcu.externaltools.gnu-tools-for-stm32.13.3.rel1.win32_1.0.0.202411081344/tools/bin/../lib/gcc/arm-none-eabi/13.3.1/../../../../arm-none-eabi/lib/thumb/v7e-m+fp/hard\libm.a(libm_a-s_fabs.o)
                0x08011378                fabs
 .text.sqrtf    0x08011388       0x3c C:/ST/STM32CubeIDE_1.18.1/STM32CubeIDE/plugins/com.st.stm32cube.ide.mcu.externaltools.gnu-tools-for-stm32.13.3.rel1.win32_1.0.0.202411081344/tools/bin/../lib/gcc/arm-none-eabi/13.3.1/../../../../arm-none-eabi/lib/thumb/v7e-m+fp/hard\libm.a(libm_a-wf_sqrt.o)
                0x08011388                sqrtf
 .text.finite   0x080113c4       0x16 C:/ST/STM32CubeIDE_1.18.1/STM32CubeIDE/plugins/com.st.stm32cube.ide.mcu.externaltools.gnu-tools-for-stm32.13.3.rel1.win32_1.0.0.202411081344/tools/bin/../lib/gcc/arm-none-eabi/13.3.1/../../../../arm-none-eabi/lib/thumb/v7e-m+fp/hard\libm.a(libm_a-s_finite.o)
                0x080113c4                finite
 .text.__ieee754_sqrtf
                0x080113da        0x6 C:/ST/STM32CubeIDE_1.18.1/STM32CubeIDE/plugins/com.st.stm32cube.ide.mcu.externaltools.gnu-tools-for-stm32.13.3.rel1.win32_1.0.0.202411081344/tools/bin/../lib/gcc/arm-none-eabi/13.3.1/../../../../arm-none-eabi/lib/thumb/v7e-m+fp/hard\libm.a(libm_a-ef_sqrt.o)
                0x080113da                __ieee754_sqrtf
 .text.__ieee754_pow
                0x080113e0      0xa94 C:/ST/STM32CubeIDE_1.18.1/STM32CubeIDE/plugins/com.st.stm32cube.ide.mcu.externaltools.gnu-tools-for-stm32.13.3.rel1.win32_1.0.0.202411081344/tools/bin/../lib/gcc/arm-none-eabi/13.3.1/../../../../arm-none-eabi/lib/thumb/v7e-m+fp/hard\libm.a(libm_a-e_pow.o)
                0x080113e0                __ieee754_pow
 *fill*         0x08011e74        0x4 
 .text.scalbn   0x08011e78       0xf4 C:/ST/STM32CubeIDE_1.18.1/STM32CubeIDE/plugins/com.st.stm32cube.ide.mcu.externaltools.gnu-tools-for-stm32.13.3.rel1.win32_1.0.0.202411081344/tools/bin/../lib/gcc/arm-none-eabi/13.3.1/../../../../arm-none-eabi/lib/thumb/v7e-m+fp/hard\libm.a(libm_a-s_scalbn.o)
                0x08011e78                scalbn
 .text.with_errno
                0x08011f6c       0x24 C:/ST/STM32CubeIDE_1.18.1/STM32CubeIDE/plugins/com.st.stm32cube.ide.mcu.externaltools.gnu-tools-for-stm32.13.3.rel1.win32_1.0.0.202411081344/tools/bin/../lib/gcc/arm-none-eabi/13.3.1/../../../../arm-none-eabi/lib/thumb/v7e-m+fp/hard\libm.a(libm_a-math_err.o)
 .text.xflow    0x08011f90       0x32 C:/ST/STM32CubeIDE_1.18.1/STM32CubeIDE/plugins/com.st.stm32cube.ide.mcu.externaltools.gnu-tools-for-stm32.13.3.rel1.win32_1.0.0.202411081344/tools/bin/../lib/gcc/arm-none-eabi/13.3.1/../../../../arm-none-eabi/lib/thumb/v7e-m+fp/hard\libm.a(libm_a-math_err.o)
 *fill*         0x08011fc2        0x6 
 .text.__math_uflow
                0x08011fc8       0x10 C:/ST/STM32CubeIDE_1.18.1/STM32CubeIDE/plugins/com.st.stm32cube.ide.mcu.externaltools.gnu-tools-for-stm32.13.3.rel1.win32_1.0.0.202411081344/tools/bin/../lib/gcc/arm-none-eabi/13.3.1/../../../../arm-none-eabi/lib/thumb/v7e-m+fp/hard\libm.a(libm_a-math_err.o)
                0x08011fc8                __math_uflow
 .text.__math_oflow
                0x08011fd8       0x10 C:/ST/STM32CubeIDE_1.18.1/STM32CubeIDE/plugins/com.st.stm32cube.ide.mcu.externaltools.gnu-tools-for-stm32.13.3.rel1.win32_1.0.0.202411081344/tools/bin/../lib/gcc/arm-none-eabi/13.3.1/../../../../arm-none-eabi/lib/thumb/v7e-m+fp/hard\libm.a(libm_a-math_err.o)
                0x08011fd8                __math_oflow
 .text.__ieee754_sqrt
                0x08011fe8      0x1ac C:/ST/STM32CubeIDE_1.18.1/STM32CubeIDE/plugins/com.st.stm32cube.ide.mcu.externaltools.gnu-tools-for-stm32.13.3.rel1.win32_1.0.0.202411081344/tools/bin/../lib/gcc/arm-none-eabi/13.3.1/../../../../arm-none-eabi/lib/thumb/v7e-m+fp/hard\libm.a(libm_a-e_sqrt.o)
                0x08011fe8                __ieee754_sqrt
 .text.__cvt    0x08012194       0xca C:/ST/STM32CubeIDE_1.18.1/STM32CubeIDE/plugins/com.st.stm32cube.ide.mcu.externaltools.gnu-tools-for-stm32.13.3.rel1.win32_1.0.0.202411081344/tools/bin/../lib/gcc/arm-none-eabi/13.3.1/../../../../arm-none-eabi/lib/thumb/v7e-m+fp/hard\libc_nano.a(libc_a-nano-vfprintf_float.o)
                0x08012194                __cvt
 .text.__exponent
                0x0801225e       0x74 C:/ST/STM32CubeIDE_1.18.1/STM32CubeIDE/plugins/com.st.stm32cube.ide.mcu.externaltools.gnu-tools-for-stm32.13.3.rel1.win32_1.0.0.202411081344/tools/bin/../lib/gcc/arm-none-eabi/13.3.1/../../../../arm-none-eabi/lib/thumb/v7e-m+fp/hard\libc_nano.a(libc_a-nano-vfprintf_float.o)
                0x0801225e                __exponent
 *fill*         0x080122d2        0x2 
 .text._printf_float
                0x080122d4      0x454 C:/ST/STM32CubeIDE_1.18.1/STM32CubeIDE/plugins/com.st.stm32cube.ide.mcu.externaltools.gnu-tools-for-stm32.13.3.rel1.win32_1.0.0.202411081344/tools/bin/../lib/gcc/arm-none-eabi/13.3.1/../../../../arm-none-eabi/lib/thumb/v7e-m+fp/hard\libc_nano.a(libc_a-nano-vfprintf_float.o)
                0x080122d4                _printf_float
 .text._printf_common
                0x08012728       0xda C:/ST/STM32CubeIDE_1.18.1/STM32CubeIDE/plugins/com.st.stm32cube.ide.mcu.externaltools.gnu-tools-for-stm32.13.3.rel1.win32_1.0.0.202411081344/tools/bin/../lib/gcc/arm-none-eabi/13.3.1/../../../../arm-none-eabi/lib/thumb/v7e-m+fp/hard\libc_nano.a(libc_a-nano-vfprintf_i.o)
                0x08012728                _printf_common
 *fill*         0x08012802        0x2 
 .text._printf_i
                0x08012804      0x23c C:/ST/STM32CubeIDE_1.18.1/STM32CubeIDE/plugins/com.st.stm32cube.ide.mcu.externaltools.gnu-tools-for-stm32.13.3.rel1.win32_1.0.0.202411081344/tools/bin/../lib/gcc/arm-none-eabi/13.3.1/../../../../arm-none-eabi/lib/thumb/v7e-m+fp/hard\libc_nano.a(libc_a-nano-vfprintf_i.o)
                0x08012804                _printf_i
 .text.std      0x08012a40       0x6c C:/ST/STM32CubeIDE_1.18.1/STM32CubeIDE/plugins/com.st.stm32cube.ide.mcu.externaltools.gnu-tools-for-stm32.13.3.rel1.win32_1.0.0.202411081344/tools/bin/../lib/gcc/arm-none-eabi/13.3.1/../../../../arm-none-eabi/lib/thumb/v7e-m+fp/hard\libc_nano.a(libc_a-findfp.o)
 .text.stdio_exit_handler
                0x08012aac       0x18 C:/ST/STM32CubeIDE_1.18.1/STM32CubeIDE/plugins/com.st.stm32cube.ide.mcu.externaltools.gnu-tools-for-stm32.13.3.rel1.win32_1.0.0.202411081344/tools/bin/../lib/gcc/arm-none-eabi/13.3.1/../../../../arm-none-eabi/lib/thumb/v7e-m+fp/hard\libc_nano.a(libc_a-findfp.o)
 .text.cleanup_stdio
                0x08012ac4       0x40 C:/ST/STM32CubeIDE_1.18.1/STM32CubeIDE/plugins/com.st.stm32cube.ide.mcu.externaltools.gnu-tools-for-stm32.13.3.rel1.win32_1.0.0.202411081344/tools/bin/../lib/gcc/arm-none-eabi/13.3.1/../../../../arm-none-eabi/lib/thumb/v7e-m+fp/hard\libc_nano.a(libc_a-findfp.o)
 .text.global_stdio_init.part.0
                0x08012b04       0x3c C:/ST/STM32CubeIDE_1.18.1/STM32CubeIDE/plugins/com.st.stm32cube.ide.mcu.externaltools.gnu-tools-for-stm32.13.3.rel1.win32_1.0.0.202411081344/tools/bin/../lib/gcc/arm-none-eabi/13.3.1/../../../../arm-none-eabi/lib/thumb/v7e-m+fp/hard\libc_nano.a(libc_a-findfp.o)
 .text.__sfp_lock_acquire
                0x08012b40        0xc C:/ST/STM32CubeIDE_1.18.1/STM32CubeIDE/plugins/com.st.stm32cube.ide.mcu.externaltools.gnu-tools-for-stm32.13.3.rel1.win32_1.0.0.202411081344/tools/bin/../lib/gcc/arm-none-eabi/13.3.1/../../../../arm-none-eabi/lib/thumb/v7e-m+fp/hard\libc_nano.a(libc_a-findfp.o)
                0x08012b40                __sfp_lock_acquire
 .text.__sfp_lock_release
                0x08012b4c        0xc C:/ST/STM32CubeIDE_1.18.1/STM32CubeIDE/plugins/com.st.stm32cube.ide.mcu.externaltools.gnu-tools-for-stm32.13.3.rel1.win32_1.0.0.202411081344/tools/bin/../lib/gcc/arm-none-eabi/13.3.1/../../../../arm-none-eabi/lib/thumb/v7e-m+fp/hard\libc_nano.a(libc_a-findfp.o)
                0x08012b4c                __sfp_lock_release
 .text.__sinit  0x08012b58       0x30 C:/ST/STM32CubeIDE_1.18.1/STM32CubeIDE/plugins/com.st.stm32cube.ide.mcu.externaltools.gnu-tools-for-stm32.13.3.rel1.win32_1.0.0.202411081344/tools/bin/../lib/gcc/arm-none-eabi/13.3.1/../../../../arm-none-eabi/lib/thumb/v7e-m+fp/hard\libc_nano.a(libc_a-findfp.o)
                0x08012b58                __sinit
 .text._fwalk_sglue
                0x08012b88       0x3c C:/ST/STM32CubeIDE_1.18.1/STM32CubeIDE/plugins/com.st.stm32cube.ide.mcu.externaltools.gnu-tools-for-stm32.13.3.rel1.win32_1.0.0.202411081344/tools/bin/../lib/gcc/arm-none-eabi/13.3.1/../../../../arm-none-eabi/lib/thumb/v7e-m+fp/hard\libc_nano.a(libc_a-fwalk.o)
                0x08012b88                _fwalk_sglue
 .text.printf   0x08012bc4       0x24 C:/ST/STM32CubeIDE_1.18.1/STM32CubeIDE/plugins/com.st.stm32cube.ide.mcu.externaltools.gnu-tools-for-stm32.13.3.rel1.win32_1.0.0.202411081344/tools/bin/../lib/gcc/arm-none-eabi/13.3.1/../../../../arm-none-eabi/lib/thumb/v7e-m+fp/hard\libc_nano.a(libc_a-printf.o)
                0x08012bc4                iprintf
                0x08012bc4                printf
 .text.putchar  0x08012be8       0x10 C:/ST/STM32CubeIDE_1.18.1/STM32CubeIDE/plugins/com.st.stm32cube.ide.mcu.externaltools.gnu-tools-for-stm32.13.3.rel1.win32_1.0.0.202411081344/tools/bin/../lib/gcc/arm-none-eabi/13.3.1/../../../../arm-none-eabi/lib/thumb/v7e-m+fp/hard\libc_nano.a(libc_a-putchar.o)
                0x08012be8                putchar
 .text.__sread  0x08012bf8       0x22 C:/ST/STM32CubeIDE_1.18.1/STM32CubeIDE/plugins/com.st.stm32cube.ide.mcu.externaltools.gnu-tools-for-stm32.13.3.rel1.win32_1.0.0.202411081344/tools/bin/../lib/gcc/arm-none-eabi/13.3.1/../../../../arm-none-eabi/lib/thumb/v7e-m+fp/hard\libc_nano.a(libc_a-stdio.o)
                0x08012bf8                __sread
 .text.__swrite
                0x08012c1a       0x38 C:/ST/STM32CubeIDE_1.18.1/STM32CubeIDE/plugins/com.st.stm32cube.ide.mcu.externaltools.gnu-tools-for-stm32.13.3.rel1.win32_1.0.0.202411081344/tools/bin/../lib/gcc/arm-none-eabi/13.3.1/../../../../arm-none-eabi/lib/thumb/v7e-m+fp/hard\libc_nano.a(libc_a-stdio.o)
                0x08012c1a                __swrite
 .text.__sseek  0x08012c52       0x24 C:/ST/STM32CubeIDE_1.18.1/STM32CubeIDE/plugins/com.st.stm32cube.ide.mcu.externaltools.gnu-tools-for-stm32.13.3.rel1.win32_1.0.0.202411081344/tools/bin/../lib/gcc/arm-none-eabi/13.3.1/../../../../arm-none-eabi/lib/thumb/v7e-m+fp/hard\libc_nano.a(libc_a-stdio.o)
                0x08012c52                __sseek
 .text.__sclose
                0x08012c76        0x8 C:/ST/STM32CubeIDE_1.18.1/STM32CubeIDE/plugins/com.st.stm32cube.ide.mcu.externaltools.gnu-tools-for-stm32.13.3.rel1.win32_1.0.0.202411081344/tools/bin/../lib/gcc/arm-none-eabi/13.3.1/../../../../arm-none-eabi/lib/thumb/v7e-m+fp/hard\libc_nano.a(libc_a-stdio.o)
                0x08012c76                __sclose
 .text.memset   0x08012c7e       0x10 C:/ST/STM32CubeIDE_1.18.1/STM32CubeIDE/plugins/com.st.stm32cube.ide.mcu.externaltools.gnu-tools-for-stm32.13.3.rel1.win32_1.0.0.202411081344/tools/bin/../lib/gcc/arm-none-eabi/13.3.1/../../../../arm-none-eabi/lib/thumb/v7e-m+fp/hard\libc_nano.a(libc_a-memset.o)
                0x08012c7e                memset
 *fill*         0x08012c8e        0x2 
 .text._localeconv_r
                0x08012c90        0x8 C:/ST/STM32CubeIDE_1.18.1/STM32CubeIDE/plugins/com.st.stm32cube.ide.mcu.externaltools.gnu-tools-for-stm32.13.3.rel1.win32_1.0.0.202411081344/tools/bin/../lib/gcc/arm-none-eabi/13.3.1/../../../../arm-none-eabi/lib/thumb/v7e-m+fp/hard\libc_nano.a(libc_a-localeconv.o)
                0x08012c90                _localeconv_r
 .text._close_r
                0x08012c98       0x20 C:/ST/STM32CubeIDE_1.18.1/STM32CubeIDE/plugins/com.st.stm32cube.ide.mcu.externaltools.gnu-tools-for-stm32.13.3.rel1.win32_1.0.0.202411081344/tools/bin/../lib/gcc/arm-none-eabi/13.3.1/../../../../arm-none-eabi/lib/thumb/v7e-m+fp/hard\libc_nano.a(libc_a-closer.o)
                0x08012c98                _close_r
 .text._lseek_r
                0x08012cb8       0x24 C:/ST/STM32CubeIDE_1.18.1/STM32CubeIDE/plugins/com.st.stm32cube.ide.mcu.externaltools.gnu-tools-for-stm32.13.3.rel1.win32_1.0.0.202411081344/tools/bin/../lib/gcc/arm-none-eabi/13.3.1/../../../../arm-none-eabi/lib/thumb/v7e-m+fp/hard\libc_nano.a(libc_a-lseekr.o)
                0x08012cb8                _lseek_r
 .text._read_r  0x08012cdc       0x24 C:/ST/STM32CubeIDE_1.18.1/STM32CubeIDE/plugins/com.st.stm32cube.ide.mcu.externaltools.gnu-tools-for-stm32.13.3.rel1.win32_1.0.0.202411081344/tools/bin/../lib/gcc/arm-none-eabi/13.3.1/../../../../arm-none-eabi/lib/thumb/v7e-m+fp/hard\libc_nano.a(libc_a-readr.o)
                0x08012cdc                _read_r
 .text._write_r
                0x08012d00       0x24 C:/ST/STM32CubeIDE_1.18.1/STM32CubeIDE/plugins/com.st.stm32cube.ide.mcu.externaltools.gnu-tools-for-stm32.13.3.rel1.win32_1.0.0.202411081344/tools/bin/../lib/gcc/arm-none-eabi/13.3.1/../../../../arm-none-eabi/lib/thumb/v7e-m+fp/hard\libc_nano.a(libc_a-writer.o)
                0x08012d00                _write_r
 .text.__errno  0x08012d24        0xc C:/ST/STM32CubeIDE_1.18.1/STM32CubeIDE/plugins/com.st.stm32cube.ide.mcu.externaltools.gnu-tools-for-stm32.13.3.rel1.win32_1.0.0.202411081344/tools/bin/../lib/gcc/arm-none-eabi/13.3.1/../../../../arm-none-eabi/lib/thumb/v7e-m+fp/hard\libc_nano.a(libc_a-errno.o)
                0x08012d24                __errno
 .text.__libc_init_array
                0x08012d30       0x48 C:/ST/STM32CubeIDE_1.18.1/STM32CubeIDE/plugins/com.st.stm32cube.ide.mcu.externaltools.gnu-tools-for-stm32.13.3.rel1.win32_1.0.0.202411081344/tools/bin/../lib/gcc/arm-none-eabi/13.3.1/../../../../arm-none-eabi/lib/thumb/v7e-m+fp/hard\libc_nano.a(libc_a-init.o)
                0x08012d30                __libc_init_array
 .text.__retarget_lock_init_recursive
                0x08012d78        0x2 C:/ST/STM32CubeIDE_1.18.1/STM32CubeIDE/plugins/com.st.stm32cube.ide.mcu.externaltools.gnu-tools-for-stm32.13.3.rel1.win32_1.0.0.202411081344/tools/bin/../lib/gcc/arm-none-eabi/13.3.1/../../../../arm-none-eabi/lib/thumb/v7e-m+fp/hard\libc_nano.a(libc_a-lock.o)
                0x08012d78                __retarget_lock_init_recursive
 .text.__retarget_lock_acquire_recursive
                0x08012d7a        0x2 C:/ST/STM32CubeIDE_1.18.1/STM32CubeIDE/plugins/com.st.stm32cube.ide.mcu.externaltools.gnu-tools-for-stm32.13.3.rel1.win32_1.0.0.202411081344/tools/bin/../lib/gcc/arm-none-eabi/13.3.1/../../../../arm-none-eabi/lib/thumb/v7e-m+fp/hard\libc_nano.a(libc_a-lock.o)
                0x08012d7a                __retarget_lock_acquire_recursive
 .text.__retarget_lock_release_recursive
                0x08012d7c        0x2 C:/ST/STM32CubeIDE_1.18.1/STM32CubeIDE/plugins/com.st.stm32cube.ide.mcu.externaltools.gnu-tools-for-stm32.13.3.rel1.win32_1.0.0.202411081344/tools/bin/../lib/gcc/arm-none-eabi/13.3.1/../../../../arm-none-eabi/lib/thumb/v7e-m+fp/hard\libc_nano.a(libc_a-lock.o)
                0x08012d7c                __retarget_lock_release_recursive
 .text.quorem   0x08012d7e      0x110 C:/ST/STM32CubeIDE_1.18.1/STM32CubeIDE/plugins/com.st.stm32cube.ide.mcu.externaltools.gnu-tools-for-stm32.13.3.rel1.win32_1.0.0.202411081344/tools/bin/../lib/gcc/arm-none-eabi/13.3.1/../../../../arm-none-eabi/lib/thumb/v7e-m+fp/hard\libc_nano.a(libc_a-dtoa.o)
 *fill*         0x08012e8e        0x2 
 .text._dtoa_r  0x08012e90      0xba0 C:/ST/STM32CubeIDE_1.18.1/STM32CubeIDE/plugins/com.st.stm32cube.ide.mcu.externaltools.gnu-tools-for-stm32.13.3.rel1.win32_1.0.0.202411081344/tools/bin/../lib/gcc/arm-none-eabi/13.3.1/../../../../arm-none-eabi/lib/thumb/v7e-m+fp/hard\libc_nano.a(libc_a-dtoa.o)
                0x08012e90                _dtoa_r
 .text._free_r  0x08013a30       0x94 C:/ST/STM32CubeIDE_1.18.1/STM32CubeIDE/plugins/com.st.stm32cube.ide.mcu.externaltools.gnu-tools-for-stm32.13.3.rel1.win32_1.0.0.202411081344/tools/bin/../lib/gcc/arm-none-eabi/13.3.1/../../../../arm-none-eabi/lib/thumb/v7e-m+fp/hard\libc_nano.a(libc_a-freer.o)
                0x08013a30                _free_r
 .text.malloc   0x08013ac4       0x10 C:/ST/STM32CubeIDE_1.18.1/STM32CubeIDE/plugins/com.st.stm32cube.ide.mcu.externaltools.gnu-tools-for-stm32.13.3.rel1.win32_1.0.0.202411081344/tools/bin/../lib/gcc/arm-none-eabi/13.3.1/../../../../arm-none-eabi/lib/thumb/v7e-m+fp/hard\libc_nano.a(libc_a-malloc.o)
                0x08013ac4                malloc
 .text.sbrk_aligned
                0x08013ad4       0x44 C:/ST/STM32CubeIDE_1.18.1/STM32CubeIDE/plugins/com.st.stm32cube.ide.mcu.externaltools.gnu-tools-for-stm32.13.3.rel1.win32_1.0.0.202411081344/tools/bin/../lib/gcc/arm-none-eabi/13.3.1/../../../../arm-none-eabi/lib/thumb/v7e-m+fp/hard\libc_nano.a(libc_a-mallocr.o)
 .text._malloc_r
                0x08013b18      0x100 C:/ST/STM32CubeIDE_1.18.1/STM32CubeIDE/plugins/com.st.stm32cube.ide.mcu.externaltools.gnu-tools-for-stm32.13.3.rel1.win32_1.0.0.202411081344/tools/bin/../lib/gcc/arm-none-eabi/13.3.1/../../../../arm-none-eabi/lib/thumb/v7e-m+fp/hard\libc_nano.a(libc_a-mallocr.o)
                0x08013b18                _malloc_r
 .text.__malloc_lock
                0x08013c18        0xc C:/ST/STM32CubeIDE_1.18.1/STM32CubeIDE/plugins/com.st.stm32cube.ide.mcu.externaltools.gnu-tools-for-stm32.13.3.rel1.win32_1.0.0.202411081344/tools/bin/../lib/gcc/arm-none-eabi/13.3.1/../../../../arm-none-eabi/lib/thumb/v7e-m+fp/hard\libc_nano.a(libc_a-mlock.o)
                0x08013c18                __malloc_lock
 .text.__malloc_unlock
                0x08013c24        0xc C:/ST/STM32CubeIDE_1.18.1/STM32CubeIDE/plugins/com.st.stm32cube.ide.mcu.externaltools.gnu-tools-for-stm32.13.3.rel1.win32_1.0.0.202411081344/tools/bin/../lib/gcc/arm-none-eabi/13.3.1/../../../../arm-none-eabi/lib/thumb/v7e-m+fp/hard\libc_nano.a(libc_a-mlock.o)
                0x08013c24                __malloc_unlock
 .text._Balloc  0x08013c30       0x80 C:/ST/STM32CubeIDE_1.18.1/STM32CubeIDE/plugins/com.st.stm32cube.ide.mcu.externaltools.gnu-tools-for-stm32.13.3.rel1.win32_1.0.0.202411081344/tools/bin/../lib/gcc/arm-none-eabi/13.3.1/../../../../arm-none-eabi/lib/thumb/v7e-m+fp/hard\libc_nano.a(libc_a-mprec.o)
                0x08013c30                _Balloc