Archive member included to satisfy reference by file (symbol)

C:/ST/STM32CubeIDE_1.18.1/STM32CubeIDE/plugins/com.st.stm32cube.ide.mcu.externaltools.gnu-tools-for-stm32.13.3.rel1.win32_1.0.0.202411081344/tools/bin/../lib/gcc/arm-none-eabi/13.3.1/../../../../arm-none-eabi/lib/thumb/v7e-m+fp/hard\libm.a(libm_a-w_pow.o)
                              ./Core/Src/MPU6050.o (pow)
C:/ST/STM32CubeIDE_1.18.1/STM32CubeIDE/plugins/com.st.stm32cube.ide.mcu.externaltools.gnu-tools-for-stm32.13.3.rel1.win32_1.0.0.202411081344/tools/bin/../lib/gcc/arm-none-eabi/13.3.1/../../../../arm-none-eabi/lib/thumb/v7e-m+fp/hard\libm.a(libm_a-s_atan.o)
                              ./Core/Src/MPU6050.o (atan)
C:/ST/STM32CubeIDE_1.18.1/STM32CubeIDE/plugins/com.st.stm32cube.ide.mcu.externaltools.gnu-tools-for-stm32.13.3.rel1.win32_1.0.0.202411081344/tools/bin/../lib/gcc/arm-none-eabi/13.3.1/../../../../arm-none-eabi/lib/thumb/v7e-m+fp/hard\libm.a(libm_a-s_fabs.o)
                              C:/ST/STM32CubeIDE_1.18.1/STM32CubeIDE/plugins/com.st.stm32cube.ide.mcu.externaltools.gnu-tools-for-stm32.13.3.rel1.win32_1.0.0.202411081344/tools/bin/../lib/gcc/arm-none-eabi/13.3.1/../../../../arm-none-eabi/lib/thumb/v7e-m+fp/hard\libm.a(libm_a-s_atan.o) (fabs)
C:/ST/STM32CubeIDE_1.18.1/STM32CubeIDE/plugins/com.st.stm32cube.ide.mcu.externaltools.gnu-tools-for-stm32.13.3.rel1.win32_1.0.0.202411081344/tools/bin/../lib/gcc/arm-none-eabi/13.3.1/../../../../arm-none-eabi/lib/thumb/v7e-m+fp/hard\libm.a(libm_a-wf_sqrt.o)
                              ./Core/Src/MPU6050.o (sqrtf)
C:/ST/STM32CubeIDE_1.18.1/STM32CubeIDE/plugins/com.st.stm32cube.ide.mcu.externaltools.gnu-tools-for-stm32.13.3.rel1.win32_1.0.0.202411081344/tools/bin/../lib/gcc/arm-none-eabi/13.3.1/../../../../arm-none-eabi/lib/thumb/v7e-m+fp/hard\libm.a(libm_a-s_finite.o)
                              C:/ST/STM32CubeIDE_1.18.1/STM32CubeIDE/plugins/com.st.stm32cube.ide.mcu.externaltools.gnu-tools-for-stm32.13.3.rel1.win32_1.0.0.202411081344/tools/bin/../lib/gcc/arm-none-eabi/13.3.1/../../../../arm-none-eabi/lib/thumb/v7e-m+fp/hard\libm.a(libm_a-w_pow.o) (finite)
C:/ST/STM32CubeIDE_1.18.1/STM32CubeIDE/plugins/com.st.stm32cube.ide.mcu.externaltools.gnu-tools-for-stm32.13.3.rel1.win32_1.0.0.202411081344/tools/bin/../lib/gcc/arm-none-eabi/13.3.1/../../../../arm-none-eabi/lib/thumb/v7e-m+fp/hard\libm.a(libm_a-ef_sqrt.o)
                              C:/ST/STM32CubeIDE_1.18.1/STM32CubeIDE/plugins/com.st.stm32cube.ide.mcu.externaltools.gnu-tools-for-stm32.13.3.rel1.win32_1.0.0.202411081344/tools/bin/../lib/gcc/arm-none-eabi/13.3.1/../../../../arm-none-eabi/lib/thumb/v7e-m+fp/hard\libm.a(libm_a-wf_sqrt.o) (__ieee754_sqrtf)
C:/ST/STM32CubeIDE_1.18.1/STM32CubeIDE/plugins/com.st.stm32cube.ide.mcu.externaltools.gnu-tools-for-stm32.13.3.rel1.win32_1.0.0.202411081344/tools/bin/../lib/gcc/arm-none-eabi/13.3.1/../../../../arm-none-eabi/lib/thumb/v7e-m+fp/hard\libm.a(libm_a-e_pow.o)
                              C:/ST/STM32CubeIDE_1.18.1/STM32CubeIDE/plugins/com.st.stm32cube.ide.mcu.externaltools.gnu-tools-for-stm32.13.3.rel1.win32_1.0.0.202411081344/tools/bin/../lib/gcc/arm-none-eabi/13.3.1/../../../../arm-none-eabi/lib/thumb/v7e-m+fp/hard\libm.a(libm_a-w_pow.o) (__ieee754_pow)
C:/ST/STM32CubeIDE_1.18.1/STM32CubeIDE/plugins/com.st.stm32cube.ide.mcu.externaltools.gnu-tools-for-stm32.13.3.rel1.win32_1.0.0.202411081344/tools/bin/../lib/gcc/arm-none-eabi/13.3.1/../../../../arm-none-eabi/lib/thumb/v7e-m+fp/hard\libm.a(libm_a-s_scalbn.o)
                              C:/ST/STM32CubeIDE_1.18.1/STM32CubeIDE/plugins/com.st.stm32cube.ide.mcu.externaltools.gnu-tools-for-stm32.13.3.rel1.win32_1.0.0.202411081344/tools/bin/../lib/gcc/arm-none-eabi/13.3.1/../../../../arm-none-eabi/lib/thumb/v7e-m+fp/hard\libm.a(libm_a-e_pow.o) (scalbn)
C:/ST/STM32CubeIDE_1.18.1/STM32CubeIDE/plugins/com.st.stm32cube.ide.mcu.externaltools.gnu-tools-for-stm32.13.3.rel1.win32_1.0.0.202411081344/tools/bin/../lib/gcc/arm-none-eabi/13.3.1/../../../../arm-none-eabi/lib/thumb/v7e-m+fp/hard\libm.a(libm_a-math_err.o)
                              C:/ST/STM32CubeIDE_1.18.1/STM32CubeIDE/plugins/com.st.stm32cube.ide.mcu.externaltools.gnu-tools-for-stm32.13.3.rel1.win32_1.0.0.202411081344/tools/bin/../lib/gcc/arm-none-eabi/13.3.1/../../../../arm-none-eabi/lib/thumb/v7e-m+fp/hard\libm.a(libm_a-e_pow.o) (__math_uflow)
C:/ST/STM32CubeIDE_1.18.1/STM32CubeIDE/plugins/com.st.stm32cube.ide.mcu.externaltools.gnu-tools-for-stm32.13.3.rel1.win32_1.0.0.202411081344/tools/bin/../lib/gcc/arm-none-eabi/13.3.1/../../../../arm-none-eabi/lib/thumb/v7e-m+fp/hard\libm.a(libm_a-e_sqrt.o)
                              C:/ST/STM32CubeIDE_1.18.1/STM32CubeIDE/plugins/com.st.stm32cube.ide.mcu.externaltools.gnu-tools-for-stm32.13.3.rel1.win32_1.0.0.202411081344/tools/bin/../lib/gcc/arm-none-eabi/13.3.1/../../../../arm-none-eabi/lib/thumb/v7e-m+fp/hard\libm.a(libm_a-e_pow.o) (__ieee754_sqrt)
[...]
Memory Configuration

Name             Origin             Length             Attributes
CCMRAM           0x10000000         0x00010000         xrw
RAM              0x20000000         0x00020000         xrw
FLASH            0x08000000         0x00100000         xr
*default*        0x00000000         0xffffffff

Linker script and memory map

LOAD C:/ST/STM32CubeIDE_1.18.1/STM32CubeIDE/plugins/com.st.stm32cube.ide.mcu.externaltools.gnu-tools-for-stm32.13.3.rel1.win32_1.0.0.202411081344/tools/bin/../lib/gcc/arm-none-eabi/13.3.1/thumb/v7e-m+fp/hard/crti.o
LOAD C:/ST/STM32CubeIDE_1.18.1/STM32CubeIDE/plugins/com.st.stm32cube.ide.mcu.externaltools.gnu-tools-for-stm32.13.3.rel1.win32_1.0.0.202411081344/tools/bin/../lib/gcc/arm-none-eabi/13.3.1/thumb/v7e-m+fp/hard/crtbegin.o
LOAD C:/ST/STM32CubeIDE_1.18.1/STM32CubeIDE/plugins/com.st.stm32cube.ide.mcu.externaltools.gnu-tools-for-stm32.13.3.rel1.win32_1.0.0.202411081344/tools/bin/../lib/gcc/arm-none-eabi/13.3.1/../../../../arm-none-eabi/lib/thumb/v7e-m+fp/hard/crt0.o
LOAD ./Core/Src/BME280.o
LOAD ./Core/Src/GNSS.o
LOAD ./Core/Src/MPU6050.o
LOAD ./Core/Src/NRF24L01.o
LOAD ./Core/Src/PWM.o
LOAD ./Core/Src/data_transcode.o
LOAD ./Core/Src/drone_data.o
LOAD ./Core/Src/main.o
LOAD ./Core/Src/regulators.o
LOAD ./Core/Src/stm32f4xx_hal_msp.o
LOAD ./Core/Src/stm32f4xx_it.o
LOAD ./Core/Src/syscalls.o
LOAD ./Core/Src/sysmem.o
LOAD ./Core/Src/system_stm32f4xx.o
LOAD ./Core/Startup/startup_stm32f405rgtx.o
LOAD ./Drivers/STM32F4xx_HAL_Driver/Src/stm32f4xx_hal.o
LOAD ./Drivers/STM32F4xx_HAL_Driver/Src/stm32f4xx_hal_adc.o
LOAD ./Drivers/STM32F4xx_HAL_Driver/Src/stm32f4xx_hal_adc_ex.o
LOAD ./Drivers/STM32F4xx_HAL_Driver/Src/stm32f4xx_hal_cortex.o
LOAD ./Drivers/STM32F4xx_HAL_Driver/Src/stm32f4xx_hal_dma.o
LOAD ./Drivers/STM32F4xx_HAL_Driver/Src/stm32f4xx_hal_dma_ex.o
LOAD ./Drivers/STM32F4xx_HAL_Driver/Src/stm32f4xx_hal_exti.o
LOAD ./Drivers/STM32F4xx_HAL_Driver/Src/stm32f4xx_hal_flash.o
LOAD ./Drivers/STM32F4xx_HAL_Driver/Src/stm32f4xx_hal_flash_ex.o
LOAD ./Drivers/STM32F4xx_HAL_Driver/Src/stm32f4xx_hal_flash_ramfunc.o
LOAD ./Drivers/STM32F4xx_HAL_Driver/Src/stm32f4xx_hal_gpio.o
LOAD ./Drivers/STM32F4xx_HAL_Driver/Src/stm32f4xx_hal_i2c.o
LOAD ./Drivers/STM32F4xx_HAL_Driver/Src/stm32f4xx_hal_i2c_ex.o
LOAD ./Drivers/STM32F4xx_HAL_Driver/Src/stm32f4xx_hal_pcd.o
LOAD ./Drivers/STM32F4xx_HAL_Driver/Src/stm32f4xx_hal_pcd_ex.o
LOAD ./Drivers/STM32F4xx_HAL_Driver/Src/stm32f4xx_hal_pwr.o
LOAD ./Drivers/STM32F4xx_HAL_Driver/Src/stm32f4xx_hal_pwr_ex.o
LOAD ./Drivers/STM32F4xx_HAL_Driver/Src/stm32f4xx_hal_rcc.o
LOAD ./Drivers/STM32F4xx_HAL_Driver/Src/stm32f4xx_hal_rcc_ex.o
LOAD ./Drivers/STM32F4xx_HAL_Driver/Src/stm32f4xx_hal_spi.o
LOAD ./Drivers/STM32F4xx_HAL_Driver/Src/stm32f4xx_hal_tim.o
LOAD ./Drivers/STM32F4xx_HAL_Driver/Src/stm32f4xx_hal_tim_ex.o
LOAD ./Drivers/STM32F4xx_HAL_Driver/Src/stm32f4xx_hal_uart.o
LOAD ./Drivers/STM32F4xx_HAL_Driver/Src/stm32f4xx_ll_adc.o
LOAD ./Drivers/STM32F4xx_HAL_Driver/Src/stm32f4xx_ll_usb.o
LOAD ./Drivers/vl53l1x/core/VL53L1X_api.o
LOAD ./Drivers/vl53l1x/core/VL53L1X_calibration.o
LOAD ./Drivers/vl53l1x/platform/vl53l1_platform.o
LOAD ./FATFS/App/fatfs.o
LOAD ./FATFS/Target/user_diskio.o
LOAD ./Middlewares/ST/STM32_USB_Device_Library/Class/CDC/Src/usbd_cdc.o
LOAD ./Middlewares/ST/STM32_USB_Device_Library/Core/Src/usbd_core.o
LOAD ./Middlewares/ST/STM32_USB_Device_Library/Core/Src/usbd_ctlreq.o
LOAD ./Middlewares/ST/STM32_USB_Device_Library/Core/Src/usbd_ioreq.o
LOAD ./Middlewares/Third_Party/FatFs/src/diskio.o
LOAD ./Middlewares/Third_Party/FatFs/src/ff.o
LOAD ./Middlewares/Third_Party/FatFs/src/ff_gen_drv.o
LOAD ./Middlewares/Third_Party/FatFs/src/option/syscall.o
LOAD ./USB_DEVICE/App/usb_device.o
LOAD ./USB_DEVICE/App/usbd_cdc_if.o
LOAD ./USB_DEVICE/App/usbd_desc.o
LOAD ./USB_DEVICE/Target/usbd_conf.o
START GROUP
LOAD C:/ST/STM32CubeIDE_1.18.1/STM32CubeIDE/plugins/com.st.stm32cube.ide.mcu.externaltools.gnu-tools-for-stm32.13.3.rel1.win32_1.0.0.202411081344/tools/bin/../lib/gcc/arm-none-eabi/13.3.1/../../../../arm-none-eabi/lib/thumb/v7e-m+fp/hard\libstdc++_nano.a
LOAD C:/ST/STM32CubeIDE_1.18.1/STM32CubeIDE/plugins/com.st.stm32cube.ide.mcu.externaltools.gnu-tools-for-stm32.13.3.rel1.win32_1.0.0.202411081344/tools/bin/../lib/gcc/arm-none-eabi/13.3.1/../../../../arm-none-eabi/lib/thumb/v7e-m+fp/hard\libsupc++_nano.a
END GROUP
LOAD C:/ST/STM32CubeIDE_1.18.1/STM32CubeIDE/plugins/com.st.stm32cube.ide.mcu.externaltools.gnu-tools-for-stm32.13.3.rel1.win32_1.0.0.202411081344/tools/bin/../lib/gcc/arm-none-eabi/13.3.1/../../../../arm-none-eabi/lib/thumb/v7e-m+fp/hard\libstdc++_nano.a
LOAD C:/ST/STM32CubeIDE_1.18.1/STM32CubeIDE/plugins/com.st.stm32cube.ide.mcu.externaltools.gnu-tools-for-stm32.13.3.rel1.win32_1.0.0.202411081344/tools/bin/../lib/gcc/arm-none-eabi/13.3.1/../../../../arm-none-eabi/lib/thumb/v7e-m+fp/hard\libm.a
LOAD C:/ST/STM32CubeIDE_1.18.1/STM32CubeIDE/plugins/com.st.stm32cube.ide.mcu.externaltools.gnu-tools-for-stm32.13.3.rel1.win32_1.0.0.202411081344/tools/bin/../lib/gcc/arm-none-eabi/13.3.1/../../../../arm-none-eabi/lib/thumb/v7e-m+fp/hard\libc_nano.a
START GROUP
LOAD C:/ST/STM32CubeIDE_1.18.1/STM32CubeIDE/plugins/com.st.stm32cube.ide.mcu.externaltools.gnu-tools-for-stm32.13.3.rel1.win32_1.0.0.202411081344/tools/bin/../lib/gcc/arm-none-eabi/13.3.1/thumb/v7e-m+fp/hard\libgcc.a
LOAD C:/ST/STM32CubeIDE_1.18.1/STM32CubeIDE/plugins/com.st.stm32cube.ide.mcu.externaltools.gnu-tools-for-stm32.13.3.rel1.win32_1.0.0.202411081344/tools/bin/../lib/gcc/arm-none-eabi/13.3.1/../../../../arm-none-eabi/lib/thumb/v7e-m+fp/hard\libc_nano.a
END GROUP
START GROUP
LOAD C:/ST/STM32CubeIDE_1.18.1/STM32CubeIDE/plugins/com.st.stm32cube.ide.mcu.externaltools.gnu-tools-for-stm32.13.3.rel1.win32_1.0.0.202411081344/tools/bin/../lib/gcc/arm-none-eabi/13.3.1/thumb/v7e-m+fp/hard\libgcc.a
LOAD C:/ST/STM32CubeIDE_1.18.1/STM32CubeIDE/plugins/com.st.stm32cube.ide.mcu.externaltools.gnu-tools-for-stm32.13.3.rel1.win32_1.0.0.202411081344/tools/bin/../lib/gcc/arm-none-eabi/13.3.1/../../../../arm-none-eabi/lib/thumb/v7e-m+fp/hard\libc_nano.a
LOAD C:/ST/STM32CubeIDE_1.18.1/STM32CubeIDE/plugins/com.st.stm32cube.ide.mcu.externaltools.gnu-tools-for-stm32.13.3.rel1.win32_1.0.0.202411081344/tools/bin/../lib/gcc/arm-none-eabi/13.3.1/../../../../arm-none-eabi/lib/thumb/v7e-m+fp/hard\libnosys.a
END GROUP
START GROUP
LOAD C:/ST/STM32CubeIDE_1.18.1/STM32CubeIDE/plugins/com.st.stm32cube.ide.mcu.externaltools.gnu-tools-for-stm32.13.3.rel1.win32_1.0.0.202411081344/tools/bin/../lib/gcc/arm-none-eabi/13.3.1/thumb/v7e-m+fp/hard\libgcc.a
LOAD C:/ST/STM32CubeIDE_1.18.1/STM32CubeIDE/plugins/com.st.stm32cube.ide.mcu.externaltools.gnu-tools-for-stm32.13.3.rel1.win32_1.0.0.202411081344/tools/bin/../lib/gcc/arm-none-eabi/13.3.1/../../../../arm-none-eabi/lib/thumb/v7e-m+fp/hard\libc_nano.a
LOAD C:/ST/STM32CubeIDE_1.18.1/STM32CubeIDE/plugins/com.st.stm32cube.ide.mcu.externaltools.gnu-tools-for-stm32.13.3.rel1.win32_1.0.0.202411081344/tools/bin/../lib/gcc/arm-none-eabi/13.3.1/../../../../arm-none-eabi/lib/thumb/v7e-m+fp/hard\libnosys.a
END GROUP
LOAD C:/ST/STM32CubeIDE_1.18.1/STM32CubeIDE/plugins/com.st.stm32cube.ide.mcu.externaltools.gnu-tools-for-stm32.13.3.rel1.win32_1.0.0.202411081344/tools/bin/../lib/gcc/arm-none-eabi/13.3.1/thumb/v7e-m+fp/hard/crtend.o
LOAD C:/ST/STM32CubeIDE_1.18.1/STM32CubeIDE/plugins/com.st.stm32cube.ide.mcu.externaltools.gnu-tools-for-stm32.13.3.rel1.win32_1.0.0.202411081344/tools/bin/../lib/gcc/arm-none-eabi/13.3.1/thumb/v7e-m+fp/hard/crtn.o
                0x20020000                        _estack = (ORIGIN (RAM) + LENGTH (RAM))
                0x00000200                        _Min_Heap_Size = 0x200
                0x00000400                        _Min_Stack_Size = 0x400

.isr_vector     0x08000000      0x188
                0x08000000                        . = ALIGN (0x4)
 *(.isr_vector)
 .isr_vector    0x08000000      0x188 ./Core/Startup/startup_stm32f405rgtx.o
                0x08000000                g_pfnVectors
                0x08000188                        . = ALIGN (0x4)

.text           0x08000190    0x13f54
                0x08000190                        . = ALIGN (0x4)
 *(.text)
 .text          0x08000190       0x40 C:/ST/STM32CubeIDE_1.18.1/STM32CubeIDE/plugins/com.st.stm32cube.ide.mcu.externaltools.gnu-tools-for-stm32.13.3.rel1.win32_1.0.0.202411081344/tools/bin/../lib/gcc/arm-none-eabi/13.3.1/thumb/v7e-m+fp/hard/crtbegin.o
 .text          0x080001d0       0xa0 C:/ST/STM32CubeIDE_1.18.1/STM32CubeIDE/plugins/com.st.stm32cube.ide.mcu.externaltools.gnu-tools-for-stm32.13.3.rel1.win32_1.0.0.202411081344/tools/bin/../lib/gcc/arm-none-eabi/13.3.1/../../../../arm-none-eabi/lib/thumb/v7e-m+fp/hard\libc_nano.a(libc_a-memchr.o)
                0x080001d0                memchr
 .text          0x08000270       0x10 C:/ST/STM32CubeIDE_1.18.1/STM32CubeIDE/plugins/com.st.stm32cube.ide.mcu.externaltools.gnu-tools-for-stm32.13.3.rel1.win32_1.0.0.202411081344/tools/bin/../lib/gcc/arm-none-eabi/13.3.1/../../../../arm-none-eabi/lib/thumb/v7e-m+fp/hard\libc_nano.a(libc_a-strlen.o)
                0x08000270                strlen
 .text          0x08000280      0x378 C:/ST/STM32CubeIDE_1.18.1/STM32CubeIDE/plugins/com.st.stm32cube.ide.mcu.externaltools.gnu-tools-for-stm32.13.3.rel1.win32_1.0.0.202411081344/tools/bin/../lib/gcc/arm-none-eabi/13.3.1/thumb/v7e-m+fp/hard\libgcc.a(_arm_addsubdf3.o)
                0x08000280                __aeabi_drsub
                0x08000288                __aeabi_dsub
                0x08000288                __subdf3
                0x0800028c                __aeabi_dadd
                0x0800028c                __adddf3
                0x08000504                __floatunsidf
                0x08000504                __aeabi_ui2d
                0x08000524                __floatsidf
                0x08000524                __aeabi_i2d
                0x08000548                __aeabi_f2d
                0x08000548                __extendsfdf2
                0x0800058c                __floatundidf
                0x0800058c                __aeabi_ul2d
                0x0800059c                __floatdidf
                0x0800059c                __aeabi_l2d
 .text          0x080005f8      0x424 C:/ST/STM32CubeIDE_1.18.1/STM32CubeIDE/plugins/com.st.stm32cube.ide.mcu.externaltools.gnu-tools-for-stm32.13.3.rel1.win32_1.0.0.202411081344/tools/bin/../lib/gcc/arm-none-eabi/13.3.1/thumb/v7e-m+fp/hard\libgcc.a(_arm_muldivdf3.o)
                0x080005f8                __aeabi_dmul
                0x080005f8                __muldf3
                0x0800084c                __divdf3
                0x0800084c                __aeabi_ddiv
 .text          0x08000a1c      0x110 C:/ST/STM32CubeIDE_1.18.1/STM32CubeIDE/plugins/com.st.stm32cube.ide.mcu.externaltools.gnu-tools-for-stm32.13.3.rel1.win32_1.0.0.202411081344/tools/bin/../lib/gcc/arm-none-eabi/13.3.1/thumb/v7e-m+fp/hard\libgcc.a(_arm_cmpdf2.o)
                0x08000a1c                __gtdf2
                0x08000a1c                __gedf2
                0x08000a24                __ltdf2
                0x08000a24                __ledf2
                0x08000a2c                __nedf2
                0x08000a2c                __eqdf2
                0x08000a2c                __cmpdf2
                0x08000aa8                __aeabi_cdrcmple
                0x08000ab8                __aeabi_cdcmpeq
                0x08000ab8                __aeabi_cdcmple
                0x08000ac8                __aeabi_dcmpeq
                0x08000adc                __aeabi_dcmplt
                0x08000af0                __aeabi_dcmple
                0x08000b04                __aeabi_dcmpge
                0x08000b18                __aeabi_dcmpgt
 .text          0x08000b2c       0x2c C:/ST/STM32CubeIDE_1.18.1/STM32CubeIDE/plugins/com.st.stm32cube.ide.mcu.externaltools.gnu-tools-for-stm32.13.3.rel1.win32_1.0.0.202411081344/tools/bin/../lib/gcc/arm-none-eabi/13.3.1/thumb/v7e-m+fp/hard\libgcc.a(_arm_unorddf2.o)
                0x08000b2c                __unorddf2
                0x08000b2c                __aeabi_dcmpun
 .text          0x08000b58       0x50 C:/ST/STM32CubeIDE_1.18.1/STM32CubeIDE/plugins/com.st.stm32cube.ide.mcu.externaltools.gnu-tools-for-stm32.13.3.rel1.win32_1.0.0.202411081344/tools/bin/../lib/gcc/arm-none-eabi/13.3.1/thumb/v7e-m+fp/hard\libgcc.a(_arm_fixdfsi.o)
                0x08000b58                __aeabi_d2iz
                0x08000b58                __fixdfsi
 .text          0x08000ba8       0xa0 C:/ST/STM32CubeIDE_1.18.1/STM32CubeIDE/plugins/com.st.stm32cube.ide.mcu.externaltools.gnu-tools-for-stm32.13.3.rel1.win32_1.0.0.202411081344/tools/bin/../lib/gcc/arm-none-eabi/13.3.1/thumb/v7e-m+fp/hard\libgcc.a(_arm_truncdfsf2.o)
                0x08000ba8                __truncdfsf2
                0x08000ba8                __aeabi_d2f
 .text          0x08000c48       0x30 C:/ST/STM32CubeIDE_1.18.1/STM32CubeIDE/plugins/com.st.stm32cube.ide.mcu.externaltools.gnu-tools-for-stm32.13.3.rel1.win32_1.0.0.202411081344/tools/bin/../lib/gcc/arm-none-eabi/13.3.1/thumb/v7e-m+fp/hard\libgcc.a(_aeabi_uldivmod.o)
                0x08000c48                __aeabi_uldivmod
 .text          0x08000c78      0x2f8 C:/ST/STM32CubeIDE_1.18.1/STM32CubeIDE/plugins/com.st.stm32cube.ide.mcu.externaltools.gnu-tools-for-stm32.13.3.rel1.win32_1.0.0.202411081344/tools/bin/../lib/gcc/arm-none-eabi/13.3.1/thumb/v7e-m+fp/hard\libgcc.a(_udivmoddi4.o)
                0x08000c78                __udivmoddi4
 .text          0x08000f70        0x4 C:/ST/STM32CubeIDE_1.18.1/STM32CubeIDE/plugins/com.st.stm32cube.ide.mcu.externaltools.gnu-tools-for-stm32.13.3.rel1.win32_1.0.0.202411081344/tools/bin/../lib/gcc/arm-none-eabi/13.3.1/thumb/v7e-m+fp/hard\libgcc.a(_dvmd_tls.o)
                0x08000f70                __aeabi_idiv0
                0x08000f70                __aeabi_ldiv0
 *(.text*)
 .text.BME280_ReadDeviceID
                0x08000f74       0x36 ./Core/Src/BME280.o
                0x08000f74                BME280_ReadDeviceID
 .text.BME280_Reset
                0x08000faa       0xc0 ./Core/Src/BME280.o
                0x08000faa                BME280_Reset
 *fill*         0x0800106a        0x2 
 .text.BME280_Init
                0x0800106c       0x7c ./Core/Src/BME280.o
                0x0800106c                BME280_Init
 .text.BME280_ReadCalibData
                0x080010e8      0x1bc ./Core/Src/BME280.o
                0x080010e8                BME280_ReadCalibData
 .text.BME280_ReadRegister
                0x080012a4       0x34 ./Core/Src/BME280.o
 .text.BME280_ReadRegisters
                0x080012d8       0x3c ./Core/Src/BME280.o
 .text.BME280_WriteRegister
                0x08001314       0x36 ./Core/Src/BME280.o
 .text.GPS_Decode_GGA
                0x0800134a       0x18 ./Core/Src/GNSS.o
                0x0800134a                GPS_Decode_GGA
 .text.GPS_Decode_GLL
                0x08001362       0x18 ./Core/Src/GNSS.o
                0x08001362                GPS_Decode_GLL
 .text.GPS_Decode_GSA
                0x0800137a       0x18 ./Core/Src/GNSS.o
                0x0800137a                GPS_Decode_GSA
 .text.GPS_Decode_GSV
                0x08001392       0x18 ./Core/Src/GNSS.o
                0x08001392                GPS_Decode_GSV
 .text.GPS_Decode_RMC
                0x080013aa       0x18 ./Core/Src/GNSS.o
                0x080013aa                GPS_Decode_RMC
 .text.GPS_Decode_VTG
                0x080013c2       0x18 ./Core/Src/GNSS.o
                0x080013c2                GPS_Decode_VTG
 .text.MPU6050_ReadDeviceID
                0x080013da       0x40 ./Core/Src/MPU6050.o
                0x080013da                MPU6050_ReadDeviceID
 .text.MPU6050_Reset
                0x0800141a       0xb6 ./Core/Src/MPU6050.o
                0x0800141a                MPU6050_Reset
 .text.MPU6050_Init
                0x080014d0       0xda ./Core/Src/MPU6050.o
                0x080014d0                MPU6050_Init
 *fill*         0x080015aa        0x6 
 .text.MPU6050_ReadFactoryTrim
                0x080015b0      0x314 ./Core/Src/MPU6050.o
                0x080015b0                MPU6050_ReadFactoryTrim
 *fill*         0x080018c4        0x4 
 .text.MPU6050_RawToDeg
                0x080018c8      0x2a0 ./Core/Src/MPU6050.o
                0x080018c8                MPU6050_RawToDeg
 .text.MPU6050_SelfTest
                0x08001b68      0x4c8 ./Core/Src/MPU6050.o
                0x08001b68                MPU6050_SelfTest
 .text.MPU6050_ReadAllDirect
                0x08002030      0x1d0 ./Core/Src/MPU6050.o
                0x08002030                MPU6050_ReadAllDirect
 .text.MPU6050_ReadRegister
                0x08002200       0x34 ./Core/Src/MPU6050.o
                0x08002200                MPU6050_ReadRegister
 .text.MPU6050_ReadRegisters
                0x08002234       0x3a ./Core/Src/MPU6050.o
                0x08002234                MPU6050_ReadRegisters
 .text.MPU6050_WriteRegister
                0x0800226e       0x36 ./Core/Src/MPU6050.o
                0x0800226e                MPU6050_WriteRegister
 .text.nrf_cs_low
                0x080022a4       0x20 ./Core/Src/NRF24L01.o
 .text.nrf_cs_high
                0x080022c4       0x20 ./Core/Src/NRF24L01.o
 .text.nrf_ce_low
                0x080022e4       0x20 ./Core/Src/NRF24L01.o
 .text.nrf_ce_high
                0x08002304       0x20 ./Core/Src/NRF24L01.o
 .text.nrf_spi_txrx
                0x08002324       0x2c ./Core/Src/NRF24L01.o
 .text.NRF24_pin_config
                0x08002350       0x40 ./Core/Src/NRF24L01.o
                0x08002350                NRF24_pin_config
 .text.NRF24_SPI_Write
                0x08002390       0x48 ./Core/Src/NRF24L01.o
                0x08002390                NRF24_SPI_Write
 .text.NRF24_ReadRegister
                0x080023d8       0x56 ./Core/Src/NRF24L01.o
                0x080023d8                NRF24_ReadRegister
 .text.NRF24_WriteRegister
                0x0800242e       0x5c ./Core/Src/NRF24L01.o
                0x0800242e                NRF24_WriteRegister
 .text.NRF24_ReadStatus
                0x0800248a       0x30 ./Core/Src/NRF24L01.o
                0x0800248a                NRF24_ReadStatus
 .text.NRF24_HandleIRQ
                0x080024ba       0x82 ./Core/Src/NRF24L01.o
                0x080024ba                NRF24_HandleIRQ
 .text.NRF24_init
                0x0800253c      0x258 ./Core/Src/NRF24L01.o
                0x0800253c                NRF24_init
 .text.NRF24_Send
                0x08002794       0xc0 ./Core/Src/NRF24L01.o
                0x08002794                NRF24_Send
 .text.NRF24_ReadRXPayload
                0x08002854       0xec ./Core/Src/NRF24L01.o
                0x08002854                NRF24_ReadRXPayload
 .text.NRF24_SetTXAddress
                0x08002940       0x98 ./Core/Src/NRF24L01.o
                0x08002940                NRF24_SetTXAddress
 .text.NRF24_SetRXAddress
                0x080029d8       0x88 ./Core/Src/NRF24L01.o
                0x080029d8                NRF24_SetRXAddress
 .text.DegresToCCR
                0x08002a60       0xc0 ./Core/Src/PWM.o
                0x08002a60                DegresToCCR
 .text.SetPWMValue
                0x08002b20       0x6c ./Core/Src/PWM.o
                0x08002b20                SetPWMValue
 .text.packetDataReset
                0x08002b8c       0xe8 ./Core/Src/data_transcode.o
 .text.RF_packet_parse
                0x08002c74       0x7c ./Core/Src/data_transcode.o
 .text.RF_decode
                0x08002cf0       0xe0 ./Core/Src/data_transcode.o
                0x08002cf0                RF_decode
 .text.RF_encode
                0x08002dd0       0xa6 ./Core/Src/data_transcode.o
                0x08002dd0                RF_encode
 *fill*         0x08002e76        0x2 
 .text.RF_packet_decode
                0x08002e78       0x50 ./Core/Src/drone_data.o
                0x08002e78                RF_packet_decode
 .text.decode_opcode
                0x08002ec8      0x144 ./Core/Src/drone_data.o
                0x08002ec8                decode_opcode
 .text.packet_create_pair_start
                0x0800300c       0x44 ./Core/Src/drone_data.o
                0x0800300c                packet_create_pair_start
 .text.packet_create_pair_status
                0x08003050       0x50 ./Core/Src/drone_data.o
                0x08003050                packet_create_pair_status
 .text.packet_create_ping_pong
                0x080030a0       0x80 ./Core/Src/drone_data.o
                0x080030a0                packet_create_ping_pong
 .text.main     0x08003120      0x938 ./Core/Src/main.o
                0x08003120                main
 .text.SystemClock_Config
                0x08003a58       0xd4 ./Core/Src/main.o
                0x08003a58                SystemClock_Config
 .text.MX_ADC1_Init
                0x08003b2c       0xc0 ./Core/Src/main.o
 .text.MX_I2C3_Init
                0x08003bec       0x5c ./Core/Src/main.o
 .text.MX_SPI1_Init
                0x08003c48       0x6c ./Core/Src/main.o
 .text.MX_TIM1_Init
                0x08003cb4      0x15c ./Core/Src/main.o
 .text.MX_TIM2_Init
                0x08003e10      0x108 ./Core/Src/main.o
 .text.MX_TIM3_Init
                0x08003f18      0x130 ./Core/Src/main.o
 .text.MX_TIM4_Init
                0x08004048       0x9c ./Core/Src/main.o
 .text.MX_TIM5_Init
                0x080040e4       0x9c ./Core/Src/main.o
 .text.MX_TIM6_Init
                0x08004180       0x6c ./Core/Src/main.o
 .text.MX_UART4_Init
                0x080041ec       0x54 ./Core/Src/main.o
 .text.MX_DMA_Init
                0x08004240       0x6c ./Core/Src/main.o
 .text.MX_GPIO_Init
                0x080042ac      0x188 ./Core/Src/main.o
 .text.HAL_UART_RxCpltCallback
                0x08004434       0x30 ./Core/Src/main.o
                0x08004434                HAL_UART_RxCpltCallback
 .text.HAL_GPIO_EXTI_Callback
                0x08004464       0x38 ./Core/Src/main.o
                0x08004464                HAL_GPIO_EXTI_Callback
 .text.TVCServoEnable
                0x0800449c       0x78 ./Core/Src/main.o
                0x0800449c                TVCServoEnable
 .text.TVCServoDisable
                0x08004514       0x78 ./Core/Src/main.o
                0x08004514                TVCServoDisable
 .text.EDFEnable
                0x0800458c       0x2c ./Core/Src/main.o
                0x0800458c                EDFEnable
 .text.EDFDisable
                0x080045b8       0x2c ./Core/Src/main.o
                0x080045b8                EDFDisable
 .text.StatusLED
                0x080045e4      0x134 ./Core/Src/main.o
                0x080045e4                StatusLED
 .text.ADC_Read_Main_Battery
                0x08004718       0x90 ./Core/Src/main.o
                0x08004718                ADC_Read_Main_Battery
 .text.ADC_Read_EDF_Battery
                0x080047a8       0x90 ./Core/Src/main.o
                0x080047a8                ADC_Read_EDF_Battery
 .text.HAL_ADC_ConvCpltCallback
                0x08004838       0x20 ./Core/Src/main.o
                0x08004838                HAL_ADC_ConvCpltCallback
 .text.HAL_TIM_PeriodElapsedCallback
                0x08004858      0x288 ./Core/Src/main.o
                0x08004858                HAL_TIM_PeriodElapsedCallback
 .text.Error_Handler
                0x08004ae0        0xc ./Core/Src/main.o
                0x08004ae0                Error_Handler
 .text.HAL_MspInit
                0x08004aec       0x50 ./Core/Src/stm32f4xx_hal_msp.o
                0x08004aec                HAL_MspInit
 .text.HAL_ADC_MspInit
                0x08004b3c       0xf0 ./Core/Src/stm32f4xx_hal_msp.o
                0x08004b3c                HAL_ADC_MspInit
 .text.HAL_I2C_MspInit
                0x08004c2c       0xd4 ./Core/Src/stm32f4xx_hal_msp.o
                0x08004c2c                HAL_I2C_MspInit
 .text.HAL_SPI_MspInit
                0x08004d00       0x90 ./Core/Src/stm32f4xx_hal_msp.o
                0x08004d00                HAL_SPI_MspInit
 .text.HAL_TIM_Base_MspInit
                0x08004d90      0x138 ./Core/Src/stm32f4xx_hal_msp.o
                0x08004d90                HAL_TIM_Base_MspInit
 .text.HAL_TIM_MspPostInit
                0x08004ec8      0x18c ./Core/Src/stm32f4xx_hal_msp.o
                0x08004ec8                HAL_TIM_MspPostInit
 .text.HAL_UART_MspInit
                0x08005054      0x104 ./Core/Src/stm32f4xx_hal_msp.o
                0x08005054                HAL_UART_MspInit
 .text.NMI_Handler
                0x08005158        0x8 ./Core/Src/stm32f4xx_it.o
                0x08005158                NMI_Handler
 .text.HardFault_Handler
                0x08005160        0x8 ./Core/Src/stm32f4xx_it.o
                0x08005160                HardFault_Handler
 .text.MemManage_Handler
                0x08005168        0x8 ./Core/Src/stm32f4xx_it.o
                0x08005168                MemManage_Handler
 .text.BusFault_Handler
                0x08005170        0x8 ./Core/Src/stm32f4xx_it.o
                0x08005170                BusFault_Handler
 .text.UsageFault_Handler
                0x08005178        0x8 ./Core/Src/stm32f4xx_it.o
                0x08005178                UsageFault_Handler
 .text.SVC_Handler
                0x08005180        0xe ./Core/Src/stm32f4xx_it.o
                0x08005180                SVC_Handler
 .text.DebugMon_Handler
                0x0800518e        0xe ./Core/Src/stm32f4xx_it.o
                0x0800518e                DebugMon_Handler
 .text.PendSV_Handler
                0x0800519c        0xe ./Core/Src/stm32f4xx_it.o
                0x0800519c                PendSV_Handler
 .text.SysTick_Handler
                0x080051aa        0xc ./Core/Src/stm32f4xx_it.o
                0x080051aa                SysTick_Handler
 .text.EXTI2_IRQHandler
                0x080051b6        0xe ./Core/Src/stm32f4xx_it.o
                0x080051b6                EXTI2_IRQHandler
 .text.DMA1_Stream2_IRQHandler
                0x080051c4       0x14 ./Core/Src/stm32f4xx_it.o
                0x080051c4                DMA1_Stream2_IRQHandler
 .text.EXTI9_5_IRQHandler
                0x080051d8        0xe ./Core/Src/stm32f4xx_it.o
                0x080051d8                EXTI9_5_IRQHandler
 *fill*         0x080051e6        0x2 
 .text.TIM4_IRQHandler
                0x080051e8       0x14 ./Core/Src/stm32f4xx_it.o
                0x080051e8                TIM4_IRQHandler
 .text.TIM5_IRQHandler
                0x080051fc       0x14 ./Core/Src/stm32f4xx_it.o
                0x080051fc                TIM5_IRQHandler
 .text.UART4_IRQHandler
                0x08005210       0x14 ./Core/Src/stm32f4xx_it.o
                0x08005210                UART4_IRQHandler
 .text.DMA2_Stream0_IRQHandler
                0x08005224       0x14 ./Core/Src/stm32f4xx_it.o
                0x08005224                DMA2_Stream0_IRQHandler
 .text.OTG_FS_IRQHandler
                0x08005238       0x14 ./Core/Src/stm32f4xx_it.o
                0x08005238                OTG_FS_IRQHandler
 .text._getpid  0x0800524c       0x10 ./Core/Src/syscalls.o
                0x0800524c                _getpid
 .text._kill    0x0800525c       0x20 ./Core/Src/syscalls.o
                0x0800525c                _kill
 .text._exit    0x0800527c       0x16 ./Core/Src/syscalls.o
                0x0800527c                _exit
 .text._read    0x08005292       0x3a ./Core/Src/syscalls.o
                0x08005292                _read
 .text._write   0x080052cc       0x38 ./Core/Src/syscalls.o
                0x080052cc                _write
 .text._close   0x08005304       0x18 ./Core/Src/syscalls.o
                0x08005304                _close
 .text._fstat   0x0800531c       0x20 ./Core/Src/syscalls.o
                0x0800531c                _fstat
 .text._isatty  0x0800533c       0x16 ./Core/Src/syscalls.o
                0x0800533c                _isatty
 .text._lseek   0x08005352       0x1a ./Core/Src/syscalls.o
                0x08005352                _lseek
 .text._sbrk    0x0800536c       0x6c ./Core/Src/sysmem.o
                0x0800536c                _sbrk
 .text.SystemInit
                0x080053d8       0x24 ./Core/Src/system_stm32f4xx.o
                0x080053d8                SystemInit
 .text.Reset_Handler
                0x080053fc       0x50 ./Core/Startup/startup_stm32f405rgtx.o
                0x080053fc                Reset_Handler
 .text.Default_Handler
                0x0800544c        0x2 ./Core/Startup/startup_stm32f405rgtx.o
                0x0800544c                RTC_Alarm_IRQHandler
                0x0800544c                HASH_RNG_IRQHandler
                0x0800544c                TIM8_CC_IRQHandler
                0x0800544c                TIM1_CC_IRQHandler
                0x0800544c                DMA2_Stream5_IRQHandler
                0x0800544c                DMA1_Stream5_IRQHandler
                0x0800544c                PVD_IRQHandler
                0x0800544c                SDIO_IRQHandler
                0x0800544c                TAMP_STAMP_IRQHandler
                0x0800544c                CAN2_RX1_IRQHandler
                0x0800544c                EXTI3_IRQHandler
                0x0800544c                TIM8_TRG_COM_TIM14_IRQHandler
                0x0800544c                TIM1_UP_TIM10_IRQHandler
                0x0800544c                TIM8_UP_TIM13_IRQHandler
                0x0800544c                I2C3_ER_IRQHandler
                0x0800544c                EXTI0_IRQHandler
                0x0800544c                I2C2_EV_IRQHandler
                0x0800544c                CAN1_RX0_IRQHandler
                0x0800544c                FPU_IRQHandler
                0x0800544c                OTG_HS_WKUP_IRQHandler
                0x0800544c                CAN2_SCE_IRQHandler
                0x0800544c                DMA2_Stream2_IRQHandler
                0x0800544c                SPI1_IRQHandler
                0x0800544c                TIM6_DAC_IRQHandler
                0x0800544c                TIM1_BRK_TIM9_IRQHandler
                0x0800544c                CAN2_RX0_IRQHandler
                0x0800544c                DMA2_Stream3_IRQHandler
                0x0800544c                USART6_IRQHandler
                0x0800544c                USART3_IRQHandler
                0x0800544c                CAN1_RX1_IRQHandler
                0x0800544c                UART5_IRQHandler
                0x0800544c                I2C1_EV_IRQHandler
                0x0800544c                DMA1_Stream6_IRQHandler
                0x0800544c                DMA1_Stream1_IRQHandler
                0x0800544c                TIM3_IRQHandler
                0x0800544c                RCC_IRQHandler
                0x0800544c                TIM8_BRK_TIM12_IRQHandler
                0x0800544c                Default_Handler
                0x0800544c                EXTI15_10_IRQHandler
                0x0800544c                ADC_IRQHandler
                0x0800544c                DMA1_Stream7_IRQHandler
                0x0800544c                TIM7_IRQHandler
                0x0800544c                CAN2_TX_IRQHandler
                0x0800544c                DMA2_Stream7_IRQHandler
                0x0800544c                I2C3_EV_IRQHandler
                0x0800544c                RTC_WKUP_IRQHandler
                0x0800544c                SPI2_IRQHandler
                0x0800544c                OTG_HS_EP1_IN_IRQHandler
                0x0800544c                DMA1_Stream0_IRQHandler
                0x0800544c                CAN1_TX_IRQHandler
                0x0800544c                EXTI4_IRQHandler
                0x0800544c                FSMC_IRQHandler
                0x0800544c                OTG_HS_EP1_OUT_IRQHandler
                0x0800544c                WWDG_IRQHandler
                0x0800544c                TIM2_IRQHandler
                0x0800544c                OTG_FS_WKUP_IRQHandler
                0x0800544c                TIM1_TRG_COM_TIM11_IRQHandler
                0x0800544c                OTG_HS_IRQHandler
                0x0800544c                EXTI1_IRQHandler
                0x0800544c                USART2_IRQHandler
                0x0800544c                I2C2_ER_IRQHandler
                0x0800544c                DMA2_Stream1_IRQHandler
                0x0800544c                CAN1_SCE_IRQHandler
                0x0800544c                FLASH_IRQHandler
                0x0800544c                DMA2_Stream4_IRQHandler
                0x0800544c                USART1_IRQHandler
                0x0800544c                SPI3_IRQHandler
                0x0800544c                DMA1_Stream4_IRQHandler
                0x0800544c                I2C1_ER_IRQHandler
                0x0800544c                DMA2_Stream6_IRQHandler
                0x0800544c                DMA1_Stream3_IRQHandler
 *fill*         0x0800544e        0x2 
 .text.HAL_Init
                0x08005450       0x44 ./Drivers/STM32F4xx_HAL_Driver/Src/stm32f4xx_hal.o
                0x08005450                HAL_Init
 .text.HAL_InitTick
                0x08005494       0x60 ./Drivers/STM32F4xx_HAL_Driver/Src/stm32f4xx_hal.o
                0x08005494                HAL_InitTick
 .text.HAL_IncTick
                0x080054f4       0x28 ./Drivers/STM32F4xx_HAL_Driver/Src/stm32f4xx_hal.o
                0x080054f4                HAL_IncTick
 .text.HAL_GetTick
                0x0800551c       0x18 ./Drivers/STM32F4xx_HAL_Driver/Src/stm32f4xx_hal.o
                0x0800551c                HAL_GetTick
 .text.HAL_Delay
                0x08005534       0x48 ./Drivers/STM32F4xx_HAL_Driver/Src/stm32f4xx_hal.o
                0x08005534                HAL_Delay
 .text.HAL_ADC_Init
                0x0800557c       0x86 ./Drivers/STM32F4xx_HAL_Driver/Src/stm32f4xx_hal_adc.o
                0x0800557c                HAL_ADC_Init
 *fill*         0x08005602        0x2 
 .text.HAL_ADC_Start_DMA
                0x08005604      0x228 ./Drivers/STM32F4xx_HAL_Driver/Src/stm32f4xx_hal_adc.o
                0x08005604                HAL_ADC_Start_DMA
 .text.HAL_ADC_ConvHalfCpltCallback
                0x0800582c       0x14 ./Drivers/STM32F4xx_HAL_Driver/Src/stm32f4xx_hal_adc.o
                0x0800582c                HAL_ADC_ConvHalfCpltCallback
 .text.HAL_ADC_ErrorCallback
                0x08005840       0x14 ./Drivers/STM32F4xx_HAL_Driver/Src/stm32f4xx_hal_adc.o
                0x08005840                HAL_ADC_ErrorCallback
 .text.HAL_ADC_ConfigChannel
                0x08005854      0x244 ./Drivers/STM32F4xx_HAL_Driver/Src/stm32f4xx_hal_adc.o
                0x08005854                HAL_ADC_ConfigChannel
 .text.ADC_Init
                0x08005a98      0x1f8 ./Drivers/STM32F4xx_HAL_Driver/Src/stm32f4xx_hal_adc.o
 .text.ADC_DMAConvCplt
                0x08005c90       0xba ./Drivers/STM32F4xx_HAL_Driver/Src/stm32f4xx_hal_adc.o
 .text.ADC_DMAHalfConvCplt
                0x08005d4a       0x1c ./Drivers/STM32F4xx_HAL_Driver/Src/stm32f4xx_hal_adc.o
 .text.ADC_DMAError
                0x08005d66       0x2e ./Drivers/STM32F4xx_HAL_Driver/Src/stm32f4xx_hal_adc.o
 .text.__NVIC_SetPriorityGrouping
                0x08005d94       0x48 ./Drivers/STM32F4xx_HAL_Driver/Src/stm32f4xx_hal_cortex.o
 .text.__NVIC_GetPriorityGrouping
                0x08005ddc       0x1c ./Drivers/STM32F4xx_HAL_Driver/Src/stm32f4xx_hal_cortex.o
 .text.__NVIC_EnableIRQ
                0x08005df8       0x3c ./Drivers/STM32F4xx_HAL_Driver/Src/stm32f4xx_hal_cortex.o
 .text.__NVIC_SetPriority
                0x08005e34       0x54 ./Drivers/STM32F4xx_HAL_Driver/Src/stm32f4xx_hal_cortex.o
 .text.NVIC_EncodePriority
                0x08005e88       0x66 ./Drivers/STM32F4xx_HAL_Driver/Src/stm32f4xx_hal_cortex.o
 *fill*         0x08005eee        0x2 
 .text.SysTick_Config
                0x08005ef0       0x44 ./Drivers/STM32F4xx_HAL_Driver/Src/stm32f4xx_hal_cortex.o
 .text.HAL_NVIC_SetPriorityGrouping
                0x08005f34       0x16 ./Drivers/STM32F4xx_HAL_Driver/Src/stm32f4xx_hal_cortex.o
                0x08005f34                HAL_NVIC_SetPriorityGrouping
 .text.HAL_NVIC_SetPriority
                0x08005f4a       0x38 ./Drivers/STM32F4xx_HAL_Driver/Src/stm32f4xx_hal_cortex.o
                0x08005f4a                HAL_NVIC_SetPriority
 .text.HAL_NVIC_EnableIRQ
                0x08005f82       0x1c ./Drivers/STM32F4xx_HAL_Driver/Src/stm32f4xx_hal_cortex.o
                0x08005f82                HAL_NVIC_EnableIRQ
 .text.HAL_SYSTICK_Config
                0x08005f9e       0x18 ./Drivers/STM32F4xx_HAL_Driver/Src/stm32f4xx_hal_cortex.o
                0x08005f9e                HAL_SYSTICK_Config
 *fill*         0x08005fb6        0x2 
 .text.HAL_DMA_Init
                0x08005fb8      0x15c ./Drivers/STM32F4xx_HAL_Driver/Src/stm32f4xx_hal_dma.o
                0x08005fb8                HAL_DMA_Init
 .text.HAL_DMA_Start_IT
                0x08006114       0xb0 ./Drivers/STM32F4xx_HAL_Driver/Src/stm32f4xx_hal_dma.o
                0x08006114                HAL_DMA_Start_IT
 .text.HAL_DMA_Abort
                0x080061c4       0xe0 ./Drivers/STM32F4xx_HAL_Driver/Src/stm32f4xx_hal_dma.o
                0x080061c4                HAL_DMA_Abort
 .text.HAL_DMA_Abort_IT
                0x080062a4       0x44 ./Drivers/STM32F4xx_HAL_Driver/Src/stm32f4xx_hal_dma.o
                0x080062a4                HAL_DMA_Abort_IT
 .text.HAL_DMA_IRQHandler
                0x080062e8      0x314 ./Drivers/STM32F4xx_HAL_Driver/Src/stm32f4xx_hal_dma.o
                0x080062e8                HAL_DMA_IRQHandler
 .text.DMA_SetConfig
                0x080065fc       0x5c ./Drivers/STM32F4xx_HAL_Driver/Src/stm32f4xx_hal_dma.o
 .text.DMA_CalcBaseAndBitshift
                0x08006658       0x6c ./Drivers/STM32F4xx_HAL_Driver/Src/stm32f4xx_hal_dma.o
 .text.DMA_CheckFifoParam
                0x080066c4       0xf8 ./Drivers/STM32F4xx_HAL_Driver/Src/stm32f4xx_hal_dma.o
 .text.HAL_GPIO_Init
                0x080067bc      0x338 ./Drivers/STM32F4xx_HAL_Driver/Src/stm32f4xx_hal_gpio.o
                0x080067bc                HAL_GPIO_Init
 .text.HAL_GPIO_WritePin
                0x08006af4       0x32 ./Drivers/STM32F4xx_HAL_Driver/Src/stm32f4xx_hal_gpio.o
                0x08006af4                HAL_GPIO_WritePin
 *fill*         0x08006b26        0x2 
 .text.HAL_GPIO_EXTI_IRQHandler
                0x08006b28       0x30 ./Drivers/STM32F4xx_HAL_Driver/Src/stm32f4xx_hal_gpio.o
                0x08006b28                HAL_GPIO_EXTI_IRQHandler
 .text.HAL_I2C_Init
                0x08006b58      0x288 ./Drivers/STM32F4xx_HAL_Driver/Src/stm32f4xx_hal_i2c.o
                0x08006b58                HAL_I2C_Init
 .text.HAL_I2C_Mem_Write
                0x08006de0      0x1f4 ./Drivers/STM32F4xx_HAL_Driver/Src/stm32f4xx_hal_i2c.o
                0x08006de0                HAL_I2C_Mem_Write
 .text.HAL_I2C_Mem_Read
                0x08006fd4      0x464 ./Drivers/STM32F4xx_HAL_Driver/Src/stm32f4xx_hal_i2c.o
                0x08006fd4                HAL_I2C_Mem_Read
 .text.I2C_RequestMemoryWrite
                0x08007438      0x12c ./Drivers/STM32F4xx_HAL_Driver/Src/stm32f4xx_hal_i2c.o
 .text.I2C_RequestMemoryRead
                0x08007564      0x1d0 ./Drivers/STM32F4xx_HAL_Driver/Src/stm32f4xx_hal_i2c.o
 .text.I2C_WaitOnFlagUntilTimeout
                0x08007734       0xf4 ./Drivers/STM32F4xx_HAL_Driver/Src/stm32f4xx_hal_i2c.o
 .text.I2C_WaitOnMasterAddressFlagUntilTimeout
                0x08007828      0x140 ./Drivers/STM32F4xx_HAL_Driver/Src/stm32f4xx_hal_i2c.o
 .text.I2C_WaitOnTXEFlagUntilTimeout
                0x08007968       0x90 ./Drivers/STM32F4xx_HAL_Driver/Src/stm32f4xx_hal_i2c.o
 .text.I2C_WaitOnBTFFlagUntilTimeout
                0x080079f8       0x90 ./Drivers/STM32F4xx_HAL_Driver/Src/stm32f4xx_hal_i2c.o
 .text.I2C_WaitOnRXNEFlagUntilTimeout
                0x08007a88       0xba ./Drivers/STM32F4xx_HAL_Driver/Src/stm32f4xx_hal_i2c.o
 .text.I2C_IsAcknowledgeFailed
                0x08007b42       0x5e ./Drivers/STM32F4xx_HAL_Driver/Src/stm32f4xx_hal_i2c.o
 .text.HAL_PCD_Init
                0x08007ba0      0x21e ./Drivers/STM32F4xx_HAL_Driver/Src/stm32f4xx_hal_pcd.o
                0x08007ba0                HAL_PCD_Init
 .text.HAL_PCD_Start
                0x08007dbe       0x6a ./Drivers/STM32F4xx_HAL_Driver/Src/stm32f4xx_hal_pcd.o
                0x08007dbe                HAL_PCD_Start
 .text.HAL_PCD_IRQHandler
                0x08007e28      0x942 ./Drivers/STM32F4xx_HAL_Driver/Src/stm32f4xx_hal_pcd.o
                0x08007e28                HAL_PCD_IRQHandler
 .text.HAL_PCD_SetAddress
                0x0800876a       0x48 ./Drivers/STM32F4xx_HAL_Driver/Src/stm32f4xx_hal_pcd.o
                0x0800876a                HAL_PCD_SetAddress
 .text.HAL_PCD_EP_Open
                0x080087b2       0xd4 ./Drivers/STM32F4xx_HAL_Driver/Src/stm32f4xx_hal_pcd.o
                0x080087b2                HAL_PCD_EP_Open
 .text.HAL_PCD_EP_Close
                0x08008886       0x94 ./Drivers/STM32F4xx_HAL_Driver/Src/stm32f4xx_hal_pcd.o
                0x08008886                HAL_PCD_EP_Close
 .text.HAL_PCD_EP_Receive
                0x0800891a       0x76 ./Drivers/STM32F4xx_HAL_Driver/Src/stm32f4xx_hal_pcd.o
                0x0800891a                HAL_PCD_EP_Receive
 .text.HAL_PCD_EP_GetRxCount
                0x08008990       0x30 ./Drivers/STM32F4xx_HAL_Driver/Src/stm32f4xx_hal_pcd.o
                0x08008990                HAL_PCD_EP_GetRxCount
 .text.HAL_PCD_EP_Transmit
                0x080089c0       0x74 ./Drivers/STM32F4xx_HAL_Driver/Src/stm32f4xx_hal_pcd.o
                0x080089c0                HAL_PCD_EP_Transmit
 .text.HAL_PCD_EP_SetStall
                0x08008a34       0xc6 ./Drivers/STM32F4xx_HAL_Driver/Src/stm32f4xx_hal_pcd.o
                0x08008a34                HAL_PCD_EP_SetStall
 .text.HAL_PCD_EP_ClrStall
                0x08008afa       0xac ./Drivers/STM32F4xx_HAL_Driver/Src/stm32f4xx_hal_pcd.o
                0x08008afa                HAL_PCD_EP_ClrStall
 .text.HAL_PCD_EP_Abort
                0x08008ba6       0x62 ./Drivers/STM32F4xx_HAL_Driver/Src/stm32f4xx_hal_pcd.o
                0x08008ba6                HAL_PCD_EP_Abort
 .text.PCD_WriteEmptyTxFifo
                0x08008c08      0x118 ./Drivers/STM32F4xx_HAL_Driver/Src/stm32f4xx_hal_pcd.o
 .text.PCD_EP_OutXfrComplete_int
                0x08008d20      0x1d0 ./Drivers/STM32F4xx_HAL_Driver/Src/stm32f4xx_hal_pcd.o
 .text.PCD_EP_OutSetupPacket_int
                0x08008ef0       0x8c ./Drivers/STM32F4xx_HAL_Driver/Src/stm32f4xx_hal_pcd.o
 .text.HAL_PCDEx_SetTxFiFo
                0x08008f7c       0x8e ./Drivers/STM32F4xx_HAL_Driver/Src/stm32f4xx_hal_pcd_ex.o
                0x08008f7c                HAL_PCDEx_SetTxFiFo
 .text.HAL_PCDEx_SetRxFiFo
                0x0800900a       0x22 ./Drivers/STM32F4xx_HAL_Driver/Src/stm32f4xx_hal_pcd_ex.o
                0x0800900a                HAL_PCDEx_SetRxFiFo
 .text.HAL_PCDEx_LPM_Callback
                0x0800902c       0x18 ./Drivers/STM32F4xx_HAL_Driver/Src/stm32f4xx_hal_pcd_ex.o
                0x0800902c                HAL_PCDEx_LPM_Callback
 .text.HAL_RCC_OscConfig
                0x08009044      0x4f0 ./Drivers/STM32F4xx_HAL_Driver/Src/stm32f4xx_hal_rcc.o
                0x08009044                HAL_RCC_OscConfig
 .text.HAL_RCC_ClockConfig
                0x08009534      0x1cc ./Drivers/STM32F4xx_HAL_Driver/Src/stm32f4xx_hal_rcc.o
                0x08009534                HAL_RCC_ClockConfig
 .text.HAL_RCC_GetSysClockFreq
                0x08009700      0x18c ./Drivers/STM32F4xx_HAL_Driver/Src/stm32f4xx_hal_rcc.o
                0x08009700                HAL_RCC_GetSysClockFreq
 .text.HAL_RCC_GetHCLKFreq
                0x0800988c       0x18 ./Drivers/STM32F4xx_HAL_Driver/Src/stm32f4xx_hal_rcc.o
                0x0800988c                HAL_RCC_GetHCLKFreq
 .text.HAL_RCC_GetPCLK1Freq
                0x080098a4       0x28 ./Drivers/STM32F4xx_HAL_Driver/Src/stm32f4xx_hal_rcc.o
                0x080098a4                HAL_RCC_GetPCLK1Freq
 .text.HAL_RCC_GetPCLK2Freq
                0x080098cc       0x28 ./Drivers/STM32F4xx_HAL_Driver/Src/stm32f4xx_hal_rcc.o
                0x080098cc                HAL_RCC_GetPCLK2Freq
 .text.HAL_SPI_Init
                0x080098f4      0x112 ./Drivers/STM32F4xx_HAL_Driver/Src/stm32f4xx_hal_spi.o
                0x080098f4                HAL_SPI_Init
 .text.HAL_SPI_TransmitReceive
                0x08009a06      0x352 ./Drivers/STM32F4xx_HAL_Driver/Src/stm32f4xx_hal_spi.o
                0x08009a06                HAL_SPI_TransmitReceive
 .text.SPI_WaitFlagStateUntilTimeout
                0x08009d58      0x110 ./Drivers/STM32F4xx_HAL_Driver/Src/stm32f4xx_hal_spi.o
 .text.SPI_EndRxTxTransaction
                0x08009e68       0xa8 ./Drivers/STM32F4xx_HAL_Driver/Src/stm32f4xx_hal_spi.o
 .text.HAL_TIM_Base_Init
                0x08009f10       0x9e ./Drivers/STM32F4xx_HAL_Driver/Src/stm32f4xx_hal_tim.o
                0x08009f10                HAL_TIM_Base_Init
 *fill*         0x08009fae        0x2 
 .text.HAL_TIM_Base_Start_IT
                0x08009fb0       0xe0 ./Drivers/STM32F4xx_HAL_Driver/Src/stm32f4xx_hal_tim.o
                0x08009fb0                HAL_TIM_Base_Start_IT
 .text.HAL_TIM_PWM_Init
                0x0800a090       0x9e ./Drivers/STM32F4xx_HAL_Driver/Src/stm32f4xx_hal_tim.o
                0x0800a090                HAL_TIM_PWM_Init
 .text.HAL_TIM_PWM_MspInit
                0x0800a12e       0x14 ./Drivers/STM32F4xx_HAL_Driver/Src/stm32f4xx_hal_tim.o
                0x0800a12e                HAL_TIM_PWM_MspInit
 *fill*         0x0800a142        0x2 
 .text.HAL_TIM_PWM_Start
                0x0800a144      0x190 ./Drivers/STM32F4xx_HAL_Driver/Src/stm32f4xx_hal_tim.o
                0x0800a144                HAL_TIM_PWM_Start
 .text.HAL_TIM_PWM_Stop
                0x0800a2d4       0xe0 ./Drivers/STM32F4xx_HAL_Driver/Src/stm32f4xx_hal_tim.o
                0x0800a2d4                HAL_TIM_PWM_Stop
 .text.HAL_TIM_IRQHandler
                0x0800a3b4      0x1e0 ./Drivers/STM32F4xx_HAL_Driver/Src/stm32f4xx_hal_tim.o
                0x0800a3b4                HAL_TIM_IRQHandler
 .text.HAL_TIM_PWM_ConfigChannel
                0x0800a594      0x184 ./Drivers/STM32F4xx_HAL_Driver/Src/stm32f4xx_hal_tim.o
                0x0800a594                HAL_TIM_PWM_ConfigChannel
 .text.HAL_TIM_ConfigClockSource
                0x0800a718      0x18e ./Drivers/STM32F4xx_HAL_Driver/Src/stm32f4xx_hal_tim.o
                0x0800a718                HAL_TIM_ConfigClockSource
 .text.HAL_TIM_OC_DelayElapsedCallback
                0x0800a8a6       0x14 ./Drivers/STM32F4xx_HAL_Driver/Src/stm32f4xx_hal_tim.o
                0x0800a8a6                HAL_TIM_OC_DelayElapsedCallback
 .text.HAL_TIM_IC_CaptureCallback
                0x0800a8ba       0x14 ./Drivers/STM32F4xx_HAL_Driver/Src/stm32f4xx_hal_tim.o
                0x0800a8ba                HAL_TIM_IC_CaptureCallback
 .text.HAL_TIM_PWM_PulseFinishedCallback
                0x0800a8ce       0x14 ./Drivers/STM32F4xx_HAL_Driver/Src/stm32f4xx_hal_tim.o
                0x0800a8ce                HAL_TIM_PWM_PulseFinishedCallback
 .text.HAL_TIM_TriggerCallback
                0x0800a8e2       0x14 ./Drivers/STM32F4xx_HAL_Driver/Src/stm32f4xx_hal_tim.o
                0x0800a8e2                HAL_TIM_TriggerCallback
 *fill*         0x0800a8f6        0x2 
 .text.TIM_Base_SetConfig
                0x0800a8f8      0x14c ./Drivers/STM32F4xx_HAL_Driver/Src/stm32f4xx_hal_tim.o
                0x0800a8f8                TIM_Base_SetConfig
 .text.TIM_OC1_SetConfig
                0x0800aa44       0xe0 ./Drivers/STM32F4xx_HAL_Driver/Src/stm32f4xx_hal_tim.o
 .text.TIM_OC2_SetConfig
                0x0800ab24       0xec ./Drivers/STM32F4xx_HAL_Driver/Src/stm32f4xx_hal_tim.o
                0x0800ab24                TIM_OC2_SetConfig
 .text.TIM_OC3_SetConfig
                0x0800ac10       0xe8 ./Drivers/STM32F4xx_HAL_Driver/Src/stm32f4xx_hal_tim.o
 .text.TIM_OC4_SetConfig
                0x0800acf8       0xac ./Drivers/STM32F4xx_HAL_Driver/Src/stm32f4xx_hal_tim.o
 .text.TIM_TI1_ConfigInputStage
                0x0800ada4       0x5e ./Drivers/STM32F4xx_HAL_Driver/Src/stm32f4xx_hal_tim.o
 .text.TIM_TI2_ConfigInputStage
                0x0800ae02       0x60 ./Drivers/STM32F4xx_HAL_Driver/Src/stm32f4xx_hal_tim.o
 .text.TIM_ITRx_SetConfig
                0x0800ae62       0x36 ./Drivers/STM32F4xx_HAL_Driver/Src/stm32f4xx_hal_tim.o
 .text.TIM_ETR_SetConfig
                0x0800ae98       0x40 ./Drivers/STM32F4xx_HAL_Driver/Src/stm32f4xx_hal_tim.o
                0x0800ae98                TIM_ETR_SetConfig
 .text.TIM_CCxChannelCmd
                0x0800aed8       0x4a ./Drivers/STM32F4xx_HAL_Driver/Src/stm32f4xx_hal_tim.o
                0x0800aed8                TIM_CCxChannelCmd
 *fill*         0x0800af22        0x2 
 .text.HAL_TIMEx_MasterConfigSynchronization
                0x0800af24       0xf8 ./Drivers/STM32F4xx_HAL_Driver/Src/stm32f4xx_hal_tim_ex.o
                0x0800af24                HAL_TIMEx_MasterConfigSynchronization
 .text.HAL_TIMEx_ConfigBreakDeadTime
                0x0800b01c       0xa4 ./Drivers/STM32F4xx_HAL_Driver/Src/stm32f4xx_hal_tim_ex.o
                0x0800b01c                HAL_TIMEx_ConfigBreakDeadTime
 .text.HAL_TIMEx_CommutCallback
                0x0800b0c0       0x14 ./Drivers/STM32F4xx_HAL_Driver/Src/stm32f4xx_hal_tim_ex.o
                0x0800b0c0                HAL_TIMEx_CommutCallback
 .text.HAL_TIMEx_BreakCallback
                0x0800b0d4       0x14 ./Drivers/STM32F4xx_HAL_Driver/Src/stm32f4xx_hal_tim_ex.o
                0x0800b0d4                HAL_TIMEx_BreakCallback
 .text.HAL_UART_Init
                0x0800b0e8       0xa0 ./Drivers/STM32F4xx_HAL_Driver/Src/stm32f4xx_hal_uart.o
                0x0800b0e8                HAL_UART_Init
 .text.HAL_UART_Receive_DMA
                0x0800b188       0x4a ./Drivers/STM32F4xx_HAL_Driver/Src/stm32f4xx_hal_uart.o
                0x0800b188                HAL_UART_Receive_DMA
 *fill*         0x0800b1d2        0x2 
 .text.HAL_UART_IRQHandler
                0x0800b1d4      0x554 ./Drivers/STM32F4xx_HAL_Driver/Src/stm32f4xx_hal_uart.o
                0x0800b1d4                HAL_UART_IRQHandler
 .text.HAL_UART_TxCpltCallback
                0x0800b728       0x14 ./Drivers/STM32F4xx_HAL_Driver/Src/stm32f4xx_hal_uart.o
                0x0800b728                HAL_UART_TxCpltCallback
 .text.HAL_UART_RxHalfCpltCallback
                0x0800b73c       0x14 ./Drivers/STM32F4xx_HAL_Driver/Src/stm32f4xx_hal_uart.o
                0x0800b73c                HAL_UART_RxHalfCpltCallback
 .text.HAL_UART_ErrorCallback
                0x0800b750       0x14 ./Drivers/STM32F4xx_HAL_Driver/Src/stm32f4xx_hal_uart.o
                0x0800b750                HAL_UART_ErrorCallback
 .text.HAL_UARTEx_RxEventCallback
                0x0800b764       0x18 ./Drivers/STM32F4xx_HAL_Driver/Src/stm32f4xx_hal_uart.o
                0x0800b764                HAL_UARTEx_RxEventCallback
 .text.UART_DMAReceiveCplt
                0x0800b77c      0x12c ./Drivers/STM32F4xx_HAL_Driver/Src/stm32f4xx_hal_uart.o
 .text.UART_DMARxHalfCplt
                0x0800b8a8       0x3c ./Drivers/STM32F4xx_HAL_Driver/Src/stm32f4xx_hal_uart.o
 .text.UART_DMAError
                0x0800b8e4       0x94 ./Drivers/STM32F4xx_HAL_Driver/Src/stm32f4xx_hal_uart.o
 .text.UART_Start_Receive_DMA
                0x0800b978      0x14c ./Drivers/STM32F4xx_HAL_Driver/Src/stm32f4xx_hal_uart.o
                0x0800b978                UART_Start_Receive_DMA
 .text.UART_EndTxTransfer
                0x0800bac4       0x50 ./Drivers/STM32F4xx_HAL_Driver/Src/stm32f4xx_hal_uart.o
 .text.UART_EndRxTransfer
                0x0800bb14       0xc6 ./Drivers/STM32F4xx_HAL_Driver/Src/stm32f4xx_hal_uart.o
 .text.UART_DMAAbortOnError
                0x0800bbda       0x22 ./Drivers/STM32F4xx_HAL_Driver/Src/stm32f4xx_hal_uart.o
 .text.UART_Transmit_IT
                0x0800bbfc       0xa0 ./Drivers/STM32F4xx_HAL_Driver/Src/stm32f4xx_hal_uart.o
 .text.UART_EndTransmit_IT
                0x0800bc9c       0x30 ./Drivers/STM32F4xx_HAL_Driver/Src/stm32f4xx_hal_uart.o
 .text.UART_Receive_IT
                0x0800bccc      0x17c ./Drivers/STM32F4xx_HAL_Driver/Src/stm32f4xx_hal_uart.o
 .text.UART_SetConfig
                0x0800be48      0x4e8 ./Drivers/STM32F4xx_HAL_Driver/Src/stm32f4xx_hal_uart.o
 .text.USB_CoreInit
                0x0800c330       0xc8 ./Drivers/STM32F4xx_HAL_Driver/Src/stm32f4xx_ll_usb.o
                0x0800c330                USB_CoreInit
 .text.USB_SetTurnaroundTime
                0x0800c3f8      0x144 ./Drivers/STM32F4xx_HAL_Driver/Src/stm32f4xx_ll_usb.o
                0x0800c3f8                USB_SetTurnaroundTime
 .text.USB_EnableGlobalInt
                0x0800c53c       0x22 ./Drivers/STM32F4xx_HAL_Driver/Src/stm32f4xx_ll_usb.o
                0x0800c53c                USB_EnableGlobalInt
 .text.USB_DisableGlobalInt
                0x0800c55e       0x22 ./Drivers/STM32F4xx_HAL_Driver/Src/stm32f4xx_ll_usb.o
                0x0800c55e                USB_DisableGlobalInt
 .text.USB_SetCurrentMode
                0x0800c580       0x98 ./Drivers/STM32F4xx_HAL_Driver/Src/stm32f4xx_ll_usb.o
                0x0800c580                USB_SetCurrentMode
 .text.USB_DevInit
                0x0800c618      0x2c8 ./Drivers/STM32F4xx_HAL_Driver/Src/stm32f4xx_ll_usb.o
                0x0800c618                USB_DevInit
 .text.USB_FlushTxFifo
                0x0800c8e0       0x64 ./Drivers/STM32F4xx_HAL_Driver/Src/stm32f4xx_ll_usb.o
                0x0800c8e0                USB_FlushTxFifo
 .text.USB_FlushRxFifo
                0x0800c944       0x5c ./Drivers/STM32F4xx_HAL_Driver/Src/stm32f4xx_ll_usb.o
                0x0800c944                USB_FlushRxFifo
 .text.USB_SetDevSpeed
                0x0800c9a0       0x32 ./Drivers/STM32F4xx_HAL_Driver/Src/stm32f4xx_ll_usb.o
                0x0800c9a0                USB_SetDevSpeed
 .text.USB_GetDevSpeed
                0x0800c9d2       0x4a ./Drivers/STM32F4xx_HAL_Driver/Src/stm32f4xx_ll_usb.o
                0x0800c9d2                USB_GetDevSpeed
 .text.USB_ActivateEndpoint
                0x0800ca1c      0x10e ./Drivers/STM32F4xx_HAL_Driver/Src/stm32f4xx_ll_usb.o
                0x0800ca1c                USB_ActivateEndpoint
 *fill*         0x0800cb2a        0x2 
 .text.USB_DeactivateEndpoint
                0x0800cb2c      0x1b8 ./Drivers/STM32F4xx_HAL_Driver/Src/stm32f4xx_ll_usb.o
                0x0800cb2c                USB_DeactivateEndpoint
 .text.USB_EPStartXfer
                0x0800cce4      0x53c ./Drivers/STM32F4xx_HAL_Driver/Src/stm32f4xx_ll_usb.o
                0x0800cce4                USB_EPStartXfer
 .text.USB_EPStopXfer
                0x0800d220      0x154 ./Drivers/STM32F4xx_HAL_Driver/Src/stm32f4xx_ll_usb.o
                0x0800d220                USB_EPStopXfer
 .text.USB_WritePacket
                0x0800d374       0x7c ./Drivers/STM32F4xx_HAL_Driver/Src/stm32f4xx_ll_usb.o
                0x0800d374                USB_WritePacket
 .text.USB_ReadPacket
                0x0800d3f0       0xb0 ./Drivers/STM32F4xx_HAL_Driver/Src/stm32f4xx_ll_usb.o
                0x0800d3f0                USB_ReadPacket
 .text.USB_EPSetStall
                0x0800d4a0       0xdc ./Drivers/STM32F4xx_HAL_Driver/Src/stm32f4xx_ll_usb.o
                0x0800d4a0                USB_EPSetStall
 .text.USB_EPClearStall
                0x0800d57c       0xcc ./Drivers/STM32F4xx_HAL_Driver/Src/stm32f4xx_ll_usb.o
                0x0800d57c                USB_EPClearStall
 .text.USB_SetDevAddress
                0x0800d648       0x4c ./Drivers/STM32F4xx_HAL_Driver/Src/stm32f4xx_ll_usb.o
                0x0800d648                USB_SetDevAddress
 .text.USB_DevConnect
                0x0800d694       0x42 ./Drivers/STM32F4xx_HAL_Driver/Src/stm32f4xx_ll_usb.o
                0x0800d694                USB_DevConnect
 .text.USB_DevDisconnect
                0x0800d6d6       0x42 ./Drivers/STM32F4xx_HAL_Driver/Src/stm32f4xx_ll_usb.o
                0x0800d6d6                USB_DevDisconnect
 .text.USB_ReadInterrupts
                0x0800d718       0x26 ./Drivers/STM32F4xx_HAL_Driver/Src/stm32f4xx_ll_usb.o
                0x0800d718                USB_ReadInterrupts
 .text.USB_ReadDevAllOutEpInterrupt
                0x0800d73e       0x34 ./Drivers/STM32F4xx_HAL_Driver/Src/stm32f4xx_ll_usb.o
                0x0800d73e                USB_ReadDevAllOutEpInterrupt
 .text.USB_ReadDevAllInEpInterrupt
                0x0800d772       0x34 ./Drivers/STM32F4xx_HAL_Driver/Src/stm32f4xx_ll_usb.o
                0x0800d772                USB_ReadDevAllInEpInterrupt
 .text.USB_ReadDevOutEPInterrupt
                0x0800d7a6       0x3c ./Drivers/STM32F4xx_HAL_Driver/Src/stm32f4xx_ll_usb.o
                0x0800d7a6                USB_ReadDevOutEPInterrupt
 .text.USB_ReadDevInEPInterrupt
                0x0800d7e2       0x5c ./Drivers/STM32F4xx_HAL_Driver/Src/stm32f4xx_ll_usb.o
                0x0800d7e2                USB_ReadDevInEPInterrupt
 .text.USB_GetMode
                0x0800d83e       0x1c ./Drivers/STM32F4xx_HAL_Driver/Src/stm32f4xx_ll_usb.o
                0x0800d83e                USB_GetMode
 .text.USB_ActivateSetup
                0x0800d85a       0x46 ./Drivers/STM32F4xx_HAL_Driver/Src/stm32f4xx_ll_usb.o
                0x0800d85a                USB_ActivateSetup
 .text.USB_EP0_OutStart
                0x0800d8a0       0xbc ./Drivers/STM32F4xx_HAL_Driver/Src/stm32f4xx_ll_usb.o
                0x0800d8a0                USB_EP0_OutStart
 .text.USB_CoreReset
                0x0800d95c       0x70 ./Drivers/STM32F4xx_HAL_Driver/Src/stm32f4xx_ll_usb.o
 .text.MX_FATFS_Init
                0x0800d9cc       0x24 ./FATFS/App/fatfs.o
                0x0800d9cc                MX_FATFS_Init
 .text.USER_initialize
                0x0800d9f0       0x28 ./FATFS/Target/user_diskio.o
                0x0800d9f0                USER_initialize
 .text.USER_status
                0x0800da18       0x28 ./FATFS/Target/user_diskio.o
                0x0800da18                USER_status
 .text.USER_read
                0x0800da40       0x1e ./FATFS/Target/user_diskio.o
                0x0800da40                USER_read
 .text.USER_write
                0x0800da5e       0x1e ./FATFS/Target/user_diskio.o
                0x0800da5e                USER_write
 .text.USER_ioctl
                0x0800da7c       0x22 ./FATFS/Target/user_diskio.o
                0x0800da7c                USER_ioctl
 *fill*         0x0800da9e        0x2 
 .text.USBD_CDC_Init
                0x0800daa0      0x1f0 ./Middlewares/ST/STM32_USB_Device_Library/Class/CDC/Src/usbd_cdc.o
 .text.USBD_CDC_DeInit
                0x0800dc90      0x104 ./Middlewares/ST/STM32_USB_Device_Library/Class/CDC/Src/usbd_cdc.o
 .text.USBD_CDC_Setup
                0x0800dd94      0x1b8 ./Middlewares/ST/STM32_USB_Device_Library/Class/CDC/Src/usbd_cdc.o
 .text.USBD_CDC_DataIn
                0x0800df4c       0xfe ./Middlewares/ST/STM32_USB_Device_Library/Class/CDC/Src/usbd_cdc.o
 .text.USBD_CDC_DataOut
                0x0800e04a       0x70 ./Middlewares/ST/STM32_USB_Device_Library/Class/CDC/Src/usbd_cdc.o
 .text.USBD_CDC_EP0_RxReady
                0x0800e0ba       0x74 ./Middlewares/ST/STM32_USB_Device_Library/Class/CDC/Src/usbd_cdc.o
 *fill*         0x0800e12e        0x2 
 .text.USBD_CDC_GetFSCfgDesc
                0x0800e130       0x70 ./Middlewares/ST/STM32_USB_Device_Library/Class/CDC/Src/usbd_cdc.o
 .text.USBD_CDC_GetHSCfgDesc
                0x0800e1a0       0x70 ./Middlewares/ST/STM32_USB_Device_Library/Class/CDC/Src/usbd_cdc.o
 .text.USBD_CDC_GetOtherSpeedCfgDesc
                0x0800e210       0x70 ./Middlewares/ST/STM32_USB_Device_Library/Class/CDC/Src/usbd_cdc.o
 .text.USBD_CDC_GetDeviceQualifierDescriptor
                0x0800e280       0x20 ./Middlewares/ST/STM32_USB_Device_Library/Class/CDC/Src/usbd_cdc.o
                0x0800e280                USBD_CDC_GetDeviceQualifierDescriptor
 .text.USBD_CDC_RegisterInterface
                0x0800e2a0       0x34 ./Middlewares/ST/STM32_USB_Device_Library/Class/CDC/Src/usbd_cdc.o
                0x0800e2a0                USBD_CDC_RegisterInterface
 .text.USBD_CDC_SetTxBuffer
                0x0800e2d4       0x44 ./Middlewares/ST/STM32_USB_Device_Library/Class/CDC/Src/usbd_cdc.o
                0x0800e2d4                USBD_CDC_SetTxBuffer
 .text.USBD_CDC_SetRxBuffer
                0x0800e318       0x3a ./Middlewares/ST/STM32_USB_Device_Library/Class/CDC/Src/usbd_cdc.o
                0x0800e318                USBD_CDC_SetRxBuffer
 *fill*         0x0800e352        0x2 
 .text.USBD_CDC_ReceivePacket
                0x0800e354       0x6c ./Middlewares/ST/STM32_USB_Device_Library/Class/CDC/Src/usbd_cdc.o
                0x0800e354                USBD_CDC_ReceivePacket
 .text.USBD_Init
                0x0800e3c0       0x7c ./Middlewares/ST/STM32_USB_Device_Library/Core/Src/usbd_core.o
                0x0800e3c0                USBD_Init
 .text.USBD_RegisterClass
                0x0800e43c       0x88 ./Middlewares/ST/STM32_USB_Device_Library/Core/Src/usbd_core.o
                0x0800e43c                USBD_RegisterClass
 .text.USBD_Start
                0x0800e4c4       0x18 ./Middlewares/ST/STM32_USB_Device_Library/Core/Src/usbd_core.o
                0x0800e4c4                USBD_Start
 .text.USBD_RunTestMode
                0x0800e4dc       0x16 ./Middlewares/ST/STM32_USB_Device_Library/Core/Src/usbd_core.o
                0x0800e4dc                USBD_RunTestMode
 .text.USBD_SetClassConfig
                0x0800e4f2       0x38 ./Middlewares/ST/STM32_USB_Device_Library/Core/Src/usbd_core.o
                0x0800e4f2                USBD_SetClassConfig
 .text.USBD_ClrClassConfig
                0x0800e52a       0x34 ./Middlewares/ST/STM32_USB_Device_Library/Core/Src/usbd_core.o
                0x0800e52a                USBD_ClrClassConfig
 .text.USBD_LL_SetupStage
                0x0800e55e       0xaa ./Middlewares/ST/STM32_USB_Device_Library/Core/Src/usbd_core.o
                0x0800e55e                USBD_LL_SetupStage
 .text.USBD_LL_DataOutStage
                0x0800e608      0x178 ./Middlewares/ST/STM32_USB_Device_Library/Core/Src/usbd_core.o
                0x0800e608                USBD_LL_DataOutStage
 .text.USBD_LL_DataInStage
                0x0800e780      0x176 ./Middlewares/ST/STM32_USB_Device_Library/Core/Src/usbd_core.o
                0x0800e780                USBD_LL_DataInStage
 .text.USBD_LL_Reset
                0x0800e8f6       0xa6 ./Middlewares/ST/STM32_USB_Device_Library/Core/Src/usbd_core.o
                0x0800e8f6                USBD_LL_Reset
 .text.USBD_LL_SetSpeed
                0x0800e99c       0x20 ./Middlewares/ST/STM32_USB_Device_Library/Core/Src/usbd_core.o
                0x0800e99c                USBD_LL_SetSpeed
 .text.USBD_LL_Suspend
                0x0800e9bc       0x38 ./Middlewares/ST/STM32_USB_Device_Library/Core/Src/usbd_core.o
                0x0800e9bc                USBD_LL_Suspend
 .text.USBD_LL_Resume
                0x0800e9f4       0x30 ./Middlewares/ST/STM32_USB_Device_Library/Core/Src/usbd_core.o
                0x0800e9f4                USBD_LL_Resume
 .text.USBD_LL_SOF
                0x0800ea24       0x40 ./Middlewares/ST/STM32_USB_Device_Library/Core/Src/usbd_core.o
                0x0800ea24                USBD_LL_SOF
 .text.USBD_LL_IsoINIncomplete
                0x0800ea64       0x64 ./Middlewares/ST/STM32_USB_Device_Library/Core/Src/usbd_core.o
                0x0800ea64                USBD_LL_IsoINIncomplete
 .text.USBD_LL_IsoOUTIncomplete
                0x0800eac8       0x64 ./Middlewares/ST/STM32_USB_Device_Library/Core/Src/usbd_core.o
                0x0800eac8                USBD_LL_IsoOUTIncomplete
 .text.USBD_LL_DevConnected
                0x0800eb2c       0x16 ./Middlewares/ST/STM32_USB_Device_Library/Core/Src/usbd_core.o
                0x0800eb2c                USBD_LL_DevConnected
 .text.USBD_LL_DevDisconnected
                0x0800eb42       0x46 ./Middlewares/ST/STM32_USB_Device_Library/Core/Src/usbd_core.o
                0x0800eb42                USBD_LL_DevDisconnected
 .text.USBD_CoreFindIF
                0x0800eb88       0x1a ./Middlewares/ST/STM32_USB_Device_Library/Core/Src/usbd_core.o
                0x0800eb88                USBD_CoreFindIF
 .text.USBD_CoreFindEP
                0x0800eba2       0x1a ./Middlewares/ST/STM32_USB_Device_Library/Core/Src/usbd_core.o
                0x0800eba2                USBD_CoreFindEP
 .text.USBD_GetEpDesc
                0x0800ebbc       0x70 ./Middlewares/ST/STM32_USB_Device_Library/Core/Src/usbd_core.o
                0x0800ebbc                USBD_GetEpDesc
 .text.USBD_GetNextDesc
                0x0800ec2c       0x38 ./Middlewares/ST/STM32_USB_Device_Library/Core/Src/usbd_core.o
                0x0800ec2c                USBD_GetNextDesc
 .text.SWAPBYTE
                0x0800ec64       0x3e ./Middlewares/ST/STM32_USB_Device_Library/Core/Src/usbd_ctlreq.o
 *fill*         0x0800eca2        0x2 
 .text.USBD_StdDevReq
                0x0800eca4       0xe4 ./Middlewares/ST/STM32_USB_Device_Library/Core/Src/usbd_ctlreq.o
                0x0800eca4                USBD_StdDevReq
 .text.USBD_StdItfReq
                0x0800ed88       0xd8 ./Middlewares/ST/STM32_USB_Device_Library/Core/Src/usbd_ctlreq.o
                0x0800ed88                USBD_StdItfReq
 .text.USBD_StdEPReq
                0x0800ee60      0x33e ./Middlewares/ST/STM32_USB_Device_Library/Core/Src/usbd_ctlreq.o
                0x0800ee60                USBD_StdEPReq
 *fill*         0x0800f19e        0x2 
 .text.USBD_GetDescriptor
                0x0800f1a0      0x2d4 ./Middlewares/ST/STM32_USB_Device_Library/Core/Src/usbd_ctlreq.o
 .text.USBD_SetAddress
                0x0800f474       0x88 ./Middlewares/ST/STM32_USB_Device_Library/Core/Src/usbd_ctlreq.o
 .text.USBD_SetConfig
                0x0800f4fc      0x154 ./Middlewares/ST/STM32_USB_Device_Library/Core/Src/usbd_ctlreq.o
 .text.USBD_GetConfig
                0x0800f650       0x6c ./Middlewares/ST/STM32_USB_Device_Library/Core/Src/usbd_ctlreq.o
 .text.USBD_GetStatus
                0x0800f6bc       0x68 ./Middlewares/ST/STM32_USB_Device_Library/Core/Src/usbd_ctlreq.o
 .text.USBD_SetFeature
                0x0800f724       0x52 ./Middlewares/ST/STM32_USB_Device_Library/Core/Src/usbd_ctlreq.o
 .text.USBD_ClrFeature
                0x0800f776       0x44 ./Middlewares/ST/STM32_USB_Device_Library/Core/Src/usbd_ctlreq.o
 .text.USBD_ParseSetupRequest
                0x0800f7ba       0x74 ./Middlewares/ST/STM32_USB_Device_Library/Core/Src/usbd_ctlreq.o
                0x0800f7ba                USBD_ParseSetupRequest
 .text.USBD_CtlError
                0x0800f82e       0x22 ./Middlewares/ST/STM32_USB_Device_Library/Core/Src/usbd_ctlreq.o
                0x0800f82e                USBD_CtlError
 .text.USBD_GetString
                0x0800f850       0xa4 ./Middlewares/ST/STM32_USB_Device_Library/Core/Src/usbd_ctlreq.o
                0x0800f850                USBD_GetString
 .text.USBD_GetLen
                0x0800f8f4       0x34 ./Middlewares/ST/STM32_USB_Device_Library/Core/Src/usbd_ctlreq.o
 .text.USBD_CtlSendData
                0x0800f928       0x3c ./Middlewares/ST/STM32_USB_Device_Library/Core/Src/usbd_ioreq.o
                0x0800f928                USBD_CtlSendData
 .text.USBD_CtlContinueSendData
                0x0800f964       0x22 ./Middlewares/ST/STM32_USB_Device_Library/Core/Src/usbd_ioreq.o
                0x0800f964                USBD_CtlContinueSendData
 .text.USBD_CtlPrepareRx
                0x0800f986       0x42 ./Middlewares/ST/STM32_USB_Device_Library/Core/Src/usbd_ioreq.o
                0x0800f986                USBD_CtlPrepareRx
 .text.USBD_CtlContinueRx
                0x0800f9c8       0x22 ./Middlewares/ST/STM32_USB_Device_Library/Core/Src/usbd_ioreq.o
                0x0800f9c8                USBD_CtlContinueRx
 .text.USBD_CtlSendStatus
                0x0800f9ea       0x26 ./Middlewares/ST/STM32_USB_Device_Library/Core/Src/usbd_ioreq.o
                0x0800f9ea                USBD_CtlSendStatus
 .text.USBD_CtlReceiveStatus
                0x0800fa10       0x26 ./Middlewares/ST/STM32_USB_Device_Library/Core/Src/usbd_ioreq.o
                0x0800fa10                USBD_CtlReceiveStatus
 *fill*         0x0800fa36        0x2 
 .text.FATFS_LinkDriverEx
                0x0800fa38       0x98 ./Middlewares/Third_Party/FatFs/src/ff_gen_drv.o
                0x0800fa38                FATFS_LinkDriverEx
 .text.FATFS_LinkDriver
                0x0800fad0       0x1e ./Middlewares/Third_Party/FatFs/src/ff_gen_drv.o
                0x0800fad0                FATFS_LinkDriver
 *fill*         0x0800faee        0x2 
 .text.MX_USB_DEVICE_Init
                0x0800faf0       0x60 ./USB_DEVICE/App/usb_device.o
                0x0800faf0                MX_USB_DEVICE_Init
 .text.CDC_Init_FS
                0x0800fb50       0x28 ./USB_DEVICE/App/usbd_cdc_if.o
 .text.CDC_DeInit_FS
                0x0800fb78       0x10 ./USB_DEVICE/App/usbd_cdc_if.o
 .text.CDC_Control_FS
                0x0800fb88       0xe4 ./USB_DEVICE/App/usbd_cdc_if.o
 .text.CDC_Receive_FS
                0x0800fc6c       0x28 ./USB_DEVICE/App/usbd_cdc_if.o
 .text.CDC_TransmitCplt_FS
                0x0800fc94       0x22 ./USB_DEVICE/App/usbd_cdc_if.o
 *fill*         0x0800fcb6        0x2 
 .text.USBD_FS_DeviceDescriptor
                0x0800fcb8       0x24 ./USB_DEVICE/App/usbd_desc.o
                0x0800fcb8                USBD_FS_DeviceDescriptor
 .text.USBD_FS_LangIDStrDescriptor
                0x0800fcdc       0x24 ./USB_DEVICE/App/usbd_desc.o
                0x0800fcdc                USBD_FS_LangIDStrDescriptor
 .text.USBD_FS_ProductStrDescriptor
                0x0800fd00       0x3c ./USB_DEVICE/App/usbd_desc.o
                0x0800fd00                USBD_FS_ProductStrDescriptor
 .text.USBD_FS_ManufacturerStrDescriptor
                0x0800fd3c       0x28 ./USB_DEVICE/App/usbd_desc.o
                0x0800fd3c                USBD_FS_ManufacturerStrDescriptor
 .text.USBD_FS_SerialStrDescriptor
                0x0800fd64       0x24 ./USB_DEVICE/App/usbd_desc.o
                0x0800fd64                USBD_FS_SerialStrDescriptor
 .text.USBD_FS_ConfigStrDescriptor
                0x0800fd88       0x3c ./USB_DEVICE/App/usbd_desc.o
                0x0800fd88                USBD_FS_ConfigStrDescriptor
 .text.USBD_FS_InterfaceStrDescriptor
                0x0800fdc4       0x3c ./USB_DEVICE/App/usbd_desc.o
                0x0800fdc4                USBD_FS_InterfaceStrDescriptor
 .text.Get_SerialNum
                0x0800fe00       0x58 ./USB_DEVICE/App/usbd_desc.o
 .text.IntToUnicode
                0x0800fe58       0x7e ./USB_DEVICE/App/usbd_desc.o
 *fill*         0x0800fed6        0x2 
 .text.HAL_PCD_MspInit
                0x0800fed8       0xa8 ./USB_DEVICE/Target/usbd_conf.o
                0x0800fed8                HAL_PCD_MspInit
 .text.HAL_PCD_SetupStageCallback
                0x0800ff80       0x24 ./USB_DEVICE/Target/usbd_conf.o
                0x0800ff80                HAL_PCD_SetupStageCallback
 .text.HAL_PCD_DataOutStageCallback
                0x0800ffa4       0x36 ./USB_DEVICE/Target/usbd_conf.o
                0x0800ffa4                HAL_PCD_DataOutStageCallback
 .text.HAL_PCD_DataInStageCallback
                0x0800ffda       0x34 ./USB_DEVICE/Target/usbd_conf.o
                0x0800ffda                HAL_PCD_DataInStageCallback
 .text.HAL_PCD_SOFCallback
                0x0801000e       0x1c ./USB_DEVICE/Target/usbd_conf.o
                0x0801000e                HAL_PCD_SOFCallback
 .text.HAL_PCD_ResetCallback
                0x0801002a       0x50 ./USB_DEVICE/Target/usbd_conf.o
                0x0801002a                HAL_PCD_ResetCallback
 *fill*         0x0801007a        0x2 
 .text.HAL_PCD_SuspendCallback
                0x0801007c       0x4c ./USB_DEVICE/Target/usbd_conf.o
                0x0801007c                HAL_PCD_SuspendCallback
 .text.HAL_PCD_ResumeCallback
                0x080100c8       0x1c ./USB_DEVICE/Target/usbd_conf.o
                0x080100c8                HAL_PCD_ResumeCallback
 .text.HAL_PCD_ISOOUTIncompleteCallback
                0x080100e4       0x24 ./USB_DEVICE/Target/usbd_conf.o
                0x080100e4                HAL_PCD_ISOOUTIncompleteCallback
 .text.HAL_PCD_ISOINIncompleteCallback
                0x08010108       0x24 ./USB_DEVICE/Target/usbd_conf.o
                0x08010108                HAL_PCD_ISOINIncompleteCallback
 .text.HAL_PCD_ConnectCallback
                0x0801012c       0x1c ./USB_DEVICE/Target/usbd_conf.o
                0x0801012c                HAL_PCD_ConnectCallback
 .text.HAL_PCD_DisconnectCallback
                0x08010148       0x1c ./USB_DEVICE/Target/usbd_conf.o
                0x08010148                HAL_PCD_DisconnectCallback
 .text.USBD_LL_Init
                0x08010164       0x98 ./USB_DEVICE/Target/usbd_conf.o
                0x08010164                USBD_LL_Init
 .text.USBD_LL_Start
                0x080101fc       0x36 ./USB_DEVICE/Target/usbd_conf.o
                0x080101fc                USBD_LL_Start
 .text.USBD_LL_OpenEP
                0x08010232       0x4c ./USB_DEVICE/Target/usbd_conf.o
                0x08010232                USBD_LL_OpenEP
 .text.USBD_LL_CloseEP
                0x0801027e       0x3e ./USB_DEVICE/Target/usbd_conf.o
                0x0801027e                USBD_LL_CloseEP
 .text.USBD_LL_StallEP
                0x080102bc       0x3e ./USB_DEVICE/Target/usbd_conf.o
                0x080102bc                USBD_LL_StallEP
 .text.USBD_LL_ClearStallEP
                0x080102fa       0x3e ./USB_DEVICE/Target/usbd_conf.o
                0x080102fa                USBD_LL_ClearStallEP
 .text.USBD_LL_IsStallEP
                0x08010338       0x58 ./USB_DEVICE/Target/usbd_conf.o
                0x08010338                USBD_LL_IsStallEP
 .text.USBD_LL_SetUSBAddress
                0x08010390       0x3e ./USB_DEVICE/Target/usbd_conf.o
                0x08010390                USBD_LL_SetUSBAddress
 .text.USBD_LL_Transmit
                0x080103ce       0x42 ./USB_DEVICE/Target/usbd_conf.o
                0x080103ce                USBD_LL_Transmit
 .text.USBD_LL_PrepareReceive
                0x08010410       0x42 ./USB_DEVICE/Target/usbd_conf.o
                0x08010410                USBD_LL_PrepareReceive
 .text.USBD_LL_GetRxDataSize
                0x08010452       0x26 ./USB_DEVICE/Target/usbd_conf.o
                0x08010452                USBD_LL_GetRxDataSize
 .text.USBD_static_malloc
                0x08010478       0x1c ./USB_DEVICE/Target/usbd_conf.o
                0x08010478                USBD_static_malloc
 .text.USBD_static_free
                0x08010494       0x14 ./USB_DEVICE/Target/usbd_conf.o
                0x08010494                USBD_static_free
 .text.USBD_Get_USB_Status
                0x080104a8       0x58 ./USB_DEVICE/Target/usbd_conf.o
                0x080104a8                USBD_Get_USB_Status
 .text.pow      0x08010500       0xe0 C:/ST/STM32CubeIDE_1.18.1/STM32CubeIDE/plugins/com.st.stm32cube.ide.mcu.externaltools.gnu-tools-for-stm32.13.3.rel1.win32_1.0.0.202411081344/tools/bin/../lib/gcc/arm-none-eabi/13.3.1/../../../../arm-none-eabi/lib/thumb/v7e-m+fp/hard\libm.a(libm_a-w_pow.o)
                0x08010500                pow
 .text.atan     0x080105e0      0x330 C:/ST/STM32CubeIDE_1.18.1/STM32CubeIDE/plugins/com.st.stm32cube.ide.mcu.externaltools.gnu-tools-for-stm32.13.3.rel1.win32_1.0.0.202411081344/tools/bin/../lib/gcc/arm-none-eabi/13.3.1/../../../../arm-none-eabi/lib/thumb/v7e-m+fp/hard\libm.a(libm_a-s_atan.o)
                0x080105e0                atan
 .text.fabs     0x08010910       0x10 C:/ST/STM32CubeIDE_1.18.1/STM32CubeIDE/plugins/com.st.stm32cube.ide.mcu.externaltools.gnu-tools-for-stm32.13.3.rel1.win32_1.0.0.202411081344/tools/bin/../lib/gcc/arm-none-eabi/13.3.1/../../../../arm-none-eabi/lib/thumb/v7e-m+fp/hard\libm.a(libm_a-s_fabs.o)
                0x08010910                fabs
 .text.sqrtf    0x08010920       0x3c C:/ST/STM32CubeIDE_1.18.1/STM32CubeIDE/plugins/com.st.stm32cube.ide.mcu.externaltools.gnu-tools-for-stm32.13.3.rel1.win32_1.0.0.202411081344/tools/bin/../lib/gcc/arm-none-eabi/13.3.1/../../../../arm-none-eabi/lib/thumb/v7e-m+fp/hard\libm.a(libm_a-wf_sqrt.o)
                0x08010920                sqrtf
 .text.finite   0x0801095c       0x16 C:/ST/STM32CubeIDE_1.18.1/STM32CubeIDE/plugins/com.st.stm32cube.ide.mcu.externaltools.gnu-tools-for-stm32.13.3.rel1.win32_1.0.0.202411081344/tools/bin/../lib/gcc/arm-none-eabi/13.3.1/../../../../arm-none-eabi/lib/thumb/v7e-m+fp/hard\libm.a(libm_a-s_finite.o)
                0x0801095c                finite
 .text.__ieee754_sqrtf
                0x08010972        0x6 C:/ST/STM32CubeIDE_1.18.1/STM32CubeIDE/plugins/com.st.stm32cube.ide.mcu.externaltools.gnu-tools-for-stm32.13.3.rel1.win32_1.0.0.202411081344/tools/bin/../lib/gcc/arm-none-eabi/13.3.1/../../../../arm-none-eabi/lib/thumb/v7e-m+fp/hard\libm.a(libm_a-ef_sqrt.o)
                0x08010972                __ieee754_sqrtf
 .text.__ieee754_pow
                0x08010978      0xa94 C:/ST/STM32CubeIDE_1.18.1/STM32CubeIDE/plugins/com.st.stm32cube.ide.mcu.externaltools.gnu-tools-for-stm32.13.3.rel1.win32_1.0.0.202411081344/tools/bin/../lib/gcc/arm-none-eabi/13.3.1/../../../../arm-none-eabi/lib/thumb/v7e-m+fp/hard\libm.a(libm_a-e_pow.o)
                0x08010978                __ieee754_pow
 *fill*         0x0801140c        0x4 
 .text.scalbn   0x08011410       0xf4 C:/ST/STM32CubeIDE_1.18.1/STM32CubeIDE/plugins/com.st.stm32cube.ide.mcu.externaltools.gnu-tools-for-stm32.13.3.rel1.win32_1.0.0.202411081344/tools/bin/../lib/gcc/arm-none-eabi/13.3.1/../../../../arm-none-eabi/lib/thumb/v7e-m+fp/hard\libm.a(libm_a-s_scalbn.o)
                0x08011410                scalbn
 .text.with_errno
                0x08011504       0x24 C:/ST/STM32CubeIDE_1.18.1/STM32CubeIDE/plugins/com.st.stm32cube.ide.mcu.externaltools.gnu-tools-for-stm32.13.3.rel1.win32_1.0.0.202411081344/tools/bin/../lib/gcc/arm-none-eabi/13.3.1/../../../../arm-none-eabi/lib/thumb/v7e-m+fp/hard\libm.a(libm_a-math_err.o)
 .text.xflow    0x08011528       0x32 C:/ST/STM32CubeIDE_1.18.1/STM32CubeIDE/plugins/com.st.stm32cube.ide.mcu.externaltools.gnu-tools-for-stm32.13.3.rel1.win32_1.0.0.202411081344/tools/bin/../lib/gcc/arm-none-eabi/13.3.1/../../../../arm-none-eabi/lib/thumb/v7e-m+fp/hard\libm.a(libm_a-math_err.o)
 *fill*         0x0801155a        0x6 
 .text.__math_uflow
                0x08011560       0x10 C:/ST/STM32CubeIDE_1.18.1/STM32CubeIDE/plugins/com.st.stm32cube.ide.mcu.externaltools.gnu-tools-for-stm32.13.3.rel1.win32_1.0.0.202411081344/tools/bin/../lib/gcc/arm-none-eabi/13.3.1/../../../../arm-none-eabi/lib/thumb/v7e-m+fp/hard\libm.a(libm_a-math_err.o)
                0x08011560                __math_uflow
 .text.__math_oflow
                0x08011570       0x10 C:/ST/STM32CubeIDE_1.18.1/STM32CubeIDE/plugins/com.st.stm32cube.ide.mcu.externaltools.gnu-tools-for-stm32.13.3.rel1.win32_1.0.0.202411081344/tools/bin/../lib/gcc/arm-none-eabi/13.3.1/../../../../arm-none-eabi/lib/thumb/v7e-m+fp/hard\libm.a(libm_a-math_err.o)
                0x08011570                __math_oflow
 .text.__ieee754_sqrt
                0x08011580      0x1ac C:/ST/STM32CubeIDE_1.18.1/STM32CubeIDE/plugins/com.st.stm32cube.ide.mcu.externaltools.gnu-tools-for-stm32.13.3.rel1.win32_1.0.0.202411081344/tools/bin/../lib/gcc/arm-none-eabi/13.3.1/../../../../arm-none-eabi/lib/thumb/v7e-m+fp/hard\libm.a(libm_a-e_sqrt.o)
                0x08011580                __ieee754_sqrt
 .text.__cvt    0x0801172c       0xca C:/ST/STM32CubeIDE_1.18.1/STM32CubeIDE/plugins/com.st.stm32cube.ide.mcu.externaltools.gnu-tools-for-stm32.13.3.rel1.win32_1.0.0.202411081344/tools/bin/../lib/gcc/arm-none-eabi/13.3.1/../../../../arm-none-eabi/lib/thumb/v7e-m+fp/hard\libc_nano.a(libc_a-nano-vfprintf_float.o)
                0x0801172c                __cvt
 .text.__exponent
                0x080117f6       0x74 C:/ST/STM32CubeIDE_1.18.1/STM32CubeIDE/plugins/com.st.stm32cube.ide.mcu.externaltools.gnu-tools-for-stm32.13.3.rel1.win32_1.0.0.202411081344/tools/bin/../lib/gcc/arm-none-eabi/13.3.1/../../../../arm-none-eabi/lib/thumb/v7e-m+fp/hard\libc_nano.a(libc_a-nano-vfprintf_float.o)
                0x080117f6                __exponent
 *fill*         0x0801186a        0x2 
 .text._printf_float
                0x0801186c      0x454 C:/ST/STM32CubeIDE_1.18.1/STM32CubeIDE/plugins/com.st.stm32cube.ide.mcu.externaltools.gnu-tools-for-stm32.13.3.rel1.win32_1.0.0.202411081344/tools/bin/../lib/gcc/arm-none-eabi/13.3.1/../../../../arm-none-eabi/lib/thumb/v7e-m+fp/hard\libc_nano.a(libc_a-nano-vfprintf_float.o)
                0x0801186c                _printf_float
 .text._printf_common
                0x08011cc0       0xda C:/ST/STM32CubeIDE_1.18.1/STM32CubeIDE/plugins/com.st.stm32cube.ide.mcu.externaltools.gnu-tools-for-stm32.13.3.rel1.win32_1.0.0.202411081344/tools/bin/../lib/gcc/arm-none-eabi/13.3.1/../../../../arm-none-eabi/lib/thumb/v7e-m+fp/hard\libc_nano.a(libc_a-nano-vfprintf_i.o)
                0x08011cc0                _printf_common
 *fill*         0x08011d9a        0x2 
 .text._printf_i
                0x08011d9c      0x23c C:/ST/STM32CubeIDE_1.18.1/STM32CubeIDE/plugins/com.st.stm32cube.ide.mcu.externaltools.gnu-tools-for-stm32.13.3.rel1.win32_1.0.0.202411081344/tools/bin/../lib/gcc/arm-none-eabi/13.3.1/../../../../arm-none-eabi/lib/thumb/v7e-m+fp/hard\libc_nano.a(libc_a-nano-vfprintf_i.o)
                0x08011d9c                _printf_i
 .text.std      0x08011fd8       0x6c C:/ST/STM32CubeIDE_1.18.1/STM32CubeIDE/plugins/com.st.stm32cube.ide.mcu.externaltools.gnu-tools-for-stm32.13.3.rel1.win32_1.0.0.202411081344/tools/bin/../lib/gcc/arm-none-eabi/13.3.1/../../../../arm-none-eabi/lib/thumb/v7e-m+fp/hard\libc_nano.a(libc_a-findfp.o)
 .text.stdio_exit_handler
                0x08012044       0x18 C:/ST/STM32CubeIDE_1.18.1/STM32CubeIDE/plugins/com.st.stm32cube.ide.mcu.externaltools.gnu-tools-for-stm32.13.3.rel1.win32_1.0.0.202411081344/tools/bin/../lib/gcc/arm-none-eabi/13.3.1/../../../../arm-none-eabi/lib/thumb/v7e-m+fp/hard\libc_nano.a(libc_a-findfp.o)
 .text.cleanup_stdio
                0x0801205c       0x40 C:/ST/STM32CubeIDE_1.18.1/STM32CubeIDE/plugins/com.st.stm32cube.ide.mcu.externaltools.gnu-tools-for-stm32.13.3.rel1.win32_1.0.0.202411081344/tools/bin/../lib/gcc/arm-none-eabi/13.3.1/../../../../arm-none-eabi/lib/thumb/v7e-m+fp/hard\libc_nano.a(libc_a-findfp.o)
 .text.global_stdio_init.part.0
                0x0801209c       0x3c C:/ST/STM32CubeIDE_1.18.1/STM32CubeIDE/plugins/com.st.stm32cube.ide.mcu.externaltools.gnu-tools-for-stm32.13.3.rel1.win32_1.0.0.202411081344/tools/bin/../lib/gcc/arm-none-eabi/13.3.1/../../../../arm-none-eabi/lib/thumb/v7e-m+fp/hard\libc_nano.a(libc_a-findfp.o)
 .text.__sfp_lock_acquire
                0x080120d8        0xc C:/ST/STM32CubeIDE_1.18.1/STM32CubeIDE/plugins/com.st.stm32cube.ide.mcu.externaltools.gnu-tools-for-stm32.13.3.rel1.win32_1.0.0.202411081344/tools/bin/../lib/gcc/arm-none-eabi/13.3.1/../../../../arm-none-eabi/lib/thumb/v7e-m+fp/hard\libc_nano.a(libc_a-findfp.o)
                0x080120d8                __sfp_lock_acquire
 .text.__sfp_lock_release
                0x080120e4        0xc C:/ST/STM32CubeIDE_1.18.1/STM32CubeIDE/plugins/com.st.stm32cube.ide.mcu.externaltools.gnu-tools-for-stm32.13.3.rel1.win32_1.0.0.202411081344/tools/bin/../lib/gcc/arm-none-eabi/13.3.1/../../../../arm-none-eabi/lib/thumb/v7e-m+fp/hard\libc_nano.a(libc_a-findfp.o)
                0x080120e4                __sfp_lock_release
 .text.__sinit  0x080120f0       0x30 C:/ST/STM32CubeIDE_1.18.1/STM32CubeIDE/plugins/com.st.stm32cube.ide.mcu.externaltools.gnu-tools-for-stm32.13.3.rel1.win32_1.0.0.202411081344/tools/bin/../lib/gcc/arm-none-eabi/13.3.1/../../../../arm-none-eabi/lib/thumb/v7e-m+fp/hard\libc_nano.a(libc_a-findfp.o)
                0x080120f0                __sinit
 .text._fwalk_sglue
                0x08012120       0x3c C:/ST/STM32CubeIDE_1.18.1/STM32CubeIDE/plugins/com.st.stm32cube.ide.mcu.externaltools.gnu-tools-for-stm32.13.3.rel1.win32_1.0.0.202411081344/tools/bin/../lib/gcc/arm-none-eabi/13.3.1/../../../../arm-none-eabi/lib/thumb/v7e-m+fp/hard\libc_nano.a(libc_a-fwalk.o)
                0x08012120                _fwalk_sglue
 .text.printf   0x0801215c       0x24 C:/ST/STM32CubeIDE_1.18.1/STM32CubeIDE/plugins/com.st.stm32cube.ide.mcu.externaltools.gnu-tools-for-stm32.13.3.rel1.win32_1.0.0.202411081344/tools/bin/../lib/gcc/arm-none-eabi/13.3.1/../../../../arm-none-eabi/lib/thumb/v7e-m+fp/hard\libc_nano.a(libc_a-printf.o)
                0x0801215c                iprintf
                0x0801215c                printf
 .text.putchar  0x08012180       0x10 C:/ST/STM32CubeIDE_1.18.1/STM32CubeIDE/plugins/com.st.stm32cube.ide.mcu.externaltools.gnu-tools-for-stm32.13.3.rel1.win32_1.0.0.202411081344/tools/bin/../lib/gcc/arm-none-eabi/13.3.1/../../../../arm-none-eabi/lib/thumb/v7e-m+fp/hard\libc_nano.a(libc_a-putchar.o)
                0x08012180                putchar
 .text.__sread  0x08012190       0x22 C:/ST/STM32CubeIDE_1.18.1/STM32CubeIDE/plugins/com.st.stm32cube.ide.mcu.externaltools.gnu-tools-for-stm32.13.3.rel1.win32_1.0.0.202411081344/tools/bin/../lib/gcc/arm-none-eabi/13.3.1/../../../../arm-none-eabi/lib/thumb/v7e-m+fp/hard\libc_nano.a(libc_a-stdio.o)
                0x08012190                __sread
 .text.__swrite
                0x080121b2       0x38 C:/ST/STM32CubeIDE_1.18.1/STM32CubeIDE/plugins/com.st.stm32cube.ide.mcu.externaltools.gnu-tools-for-stm32.13.3.rel1.win32_1.0.0.202411081344/tools/bin/../lib/gcc/arm-none-eabi/13.3.1/../../../../arm-none-eabi/lib/thumb/v7e-m+fp/hard\libc_nano.a(libc_a-stdio.o)
                0x080121b2                __swrite
 .text.__sseek  0x080121ea       0x24 C:/ST/STM32CubeIDE_1.18.1/STM32CubeIDE/plugins/com.st.stm32cube.ide.mcu.externaltools.gnu-tools-for-stm32.13.3.rel1.win32_1.0.0.202411081344/tools/bin/../lib/gcc/arm-none-eabi/13.3.1/../../../../arm-none-eabi/lib/thumb/v7e-m+fp/hard\libc_nano.a(libc_a-stdio.o)
                0x080121ea                __sseek
 .text.__sclose
                0x0801220e        0x8 C:/ST/STM32CubeIDE_1.18.1/STM32CubeIDE/plugins/com.st.stm32cube.ide.mcu.externaltools.gnu-tools-for-stm32.13.3.rel1.win32_1.0.0.202411081344/tools/bin/../lib/gcc/arm-none-eabi/13.3.1/../../../../arm-none-eabi/lib/thumb/v7e-m+fp/hard\libc_nano.a(libc_a-stdio.o)
                0x0801220e                __sclose
 .text.memset   0x08012216       0x10 C:/ST/STM32CubeIDE_1.18.1/STM32CubeIDE/plugins/com.st.stm32cube.ide.mcu.externaltools.gnu-tools-for-stm32.13.3.rel1.win32_1.0.0.202411081344/tools/bin/../lib/gcc/arm-none-eabi/13.3.1/../../../../arm-none-eabi/lib/thumb/v7e-m+fp/hard\libc_nano.a(libc_a-memset.o)
                0x08012216                memset
 *fill*         0x08012226        0x2 
 .text._localeconv_r
                0x08012228        0x8 C:/ST/STM32CubeIDE_1.18.1/STM32CubeIDE/plugins/com.st.stm32cube.ide.mcu.externaltools.gnu-tools-for-stm32.13.3.rel1.win32_1.0.0.202411081344/tools/bin/../lib/gcc/arm-none-eabi/13.3.1/../../../../arm-none-eabi/lib/thumb/v7e-m+fp/hard\libc_nano.a(libc_a-localeconv.o)
                0x08012228                _localeconv_r
 .text._close_r
                0x08012230       0x20 C:/ST/STM32CubeIDE_1.18.1/STM32CubeIDE/plugins/com.st.stm32cube.ide.mcu.externaltools.gnu-tools-for-stm32.13.3.rel1.win32_1.0.0.202411081344/tools/bin/../lib/gcc/arm-none-eabi/13.3.1/../../../../arm-none-eabi/lib/thumb/v7e-m+fp/hard\libc_nano.a(libc_a-closer.o)
                0x08012230                _close_r
 .text._lseek_r
                0x08012250       0x24 C:/ST/STM32CubeIDE_1.18.1/STM32CubeIDE/plugins/com.st.stm32cube.ide.mcu.externaltools.gnu-tools-for-stm32.13.3.rel1.win32_1.0.0.202411081344/tools/bin/../lib/gcc/arm-none-eabi/13.3.1/../../../../arm-none-eabi/lib/thumb/v7e-m+fp/hard\libc_nano.a(libc_a-lseekr.o)
                0x08012250                _lseek_r
 .text._read_r  0x08012274       0x24 C:/ST/STM32CubeIDE_1.18.1/STM32CubeIDE/plugins/com.st.stm32cube.ide.mcu.externaltools.gnu-tools-for-stm32.13.3.rel1.win32_1.0.0.202411081344/tools/bin/../lib/gcc/arm-none-eabi/13.3.1/../../../../arm-none-eabi/lib/thumb/v7e-m+fp/hard\libc_nano.a(libc_a-readr.o)
                0x08012274                _read_r
 .text._write_r
                0x08012298       0x24 C:/ST/STM32CubeIDE_1.18.1/STM32CubeIDE/plugins/com.st.stm32cube.ide.mcu.externaltools.gnu-tools-for-stm32.13.3.rel1.win32_1.0.0.202411081344/tools/bin/../lib/gcc/arm-none-eabi/13.3.1/../../../../arm-none-eabi/lib/thumb/v7e-m+fp/hard\libc_nano.a(libc_a-writer.o)
                0x08012298                _write_r
 .text.__errno  0x080122bc        0xc C:/ST/STM32CubeIDE_1.18.1/STM32CubeIDE/plugins/com.st.stm32cube.ide.mcu.externaltools.gnu-tools-for-stm32.13.3.rel1.win32_1.0.0.202411081344/tools/bin/../lib/gcc/arm-none-eabi/13.3.1/../../../../arm-none-eabi/lib/thumb/v7e-m+fp/hard\libc_nano.a(libc_a-errno.o)
                0x080122bc                __errno
 .text.__libc_init_array
                0x080122c8       0x48 C:/ST/STM32CubeIDE_1.18.1/STM32CubeIDE/plugins/com.st.stm32cube.ide.mcu.externaltools.gnu-tools-for-stm32.13.3.rel1.win32_1.0.0.202411081344/tools/bin/../lib/gcc/arm-none-eabi/13.3.1/../../../../arm-none-eabi/lib/thumb/v7e-m+fp/hard\libc_nano.a(libc_a-init.o)
                0x080122c8                __libc_init_array
 .text.__retarget_lock_init_recursive
                0x08012310        0x2 C:/ST/STM32CubeIDE_1.18.1/STM32CubeIDE/plugins/com.st.stm32cube.ide.mcu.externaltools.gnu-tools-for-stm32.13.3.rel1.win32_1.0.0.202411081344/tools/bin/../lib/gcc/arm-none-eabi/13.3.1/../../../../arm-none-eabi/lib/thumb/v7e-m+fp/hard\libc_nano.a(libc_a-lock.o)
                0x08012310                __retarget_lock_init_recursive
 .text.__retarget_lock_acquire_recursive
                0x08012312        0x2 C:/ST/STM32CubeIDE_1.18.1/STM32CubeIDE/plugins/com.st.stm32cube.ide.mcu.externaltools.gnu-tools-for-stm32.13.3.rel1.win32_1.0.0.202411081344/tools/bin/../lib/gcc/arm-none-eabi/13.3.1/../../../../arm-none-eabi/lib/thumb/v7e-m+fp/hard\libc_nano.a(libc_a-lock.o)
                0x08012312                __retarget_lock_acquire_recursive
 .text.__retarget_lock_release_recursive
                0x08012314        0x2 C:/ST/STM32CubeIDE_1.18.1/STM32CubeIDE/plugins/com.st.stm32cube.ide.mcu.externaltools.gnu-tools-for-stm32.13.3.rel1.win32_1.0.0.202411081344/tools/bin/../lib/gcc/arm-none-eabi/13.3.1/../../../../arm-none-eabi/lib/thumb/v7e-m+fp/hard\libc_nano.a(libc_a-lock.o)
                0x08012314                __retarget_lock_release_recursive
 .text.quorem   0x08012316      0x110 C:/ST/STM32CubeIDE_1.18.1/STM32CubeIDE/plugins/com.st.stm32cube.ide.mcu.externaltools.gnu-tools-for-stm32.13.3.rel1.win32_1.0.0.202411081344/tools/bin/../lib/gcc/arm-none-eabi/13.3.1/../../../../arm-none-eabi/lib/thumb/v7e-m+fp/hard\libc_nano.a(libc_a-dtoa.o)
 *fill*         0x08012426        0x2 
 .text._dtoa_r  0x08012428      0xba0 C:/ST/STM32CubeIDE_1.18.1/STM32CubeIDE/plugins/com.st.stm32cube.ide.mcu.externaltools.gnu-tools-for-stm32.13.3.rel1.win32_1.0.0.202411081344/tools/bin/../lib/gcc/arm-none-eabi/13.3.1/../../../../arm-none-eabi/lib/thumb/v7e-m+fp/hard\libc_nano.a(libc_a-dtoa.o)
                0x08012428                _dtoa_r
 .text._free_r  0x08012fc8       0x94 C:/ST/STM32CubeIDE_1.18.1/STM32CubeIDE/plugins/com.st.stm32cube.ide.mcu.externaltools.gnu-tools-for-stm32.13.3.rel1.win32_1.0.0.202411081344/tools/bin/../lib/gcc/arm-none-eabi/13.3.1/../../../../arm-none-eabi/lib/thumb/v7e-m+fp/hard\libc_nano.a(libc_a-freer.o)
                0x08012fc8                _free_r
 .text.malloc   0x0801305c       0x10 C:/ST/STM32CubeIDE_1.18.1/STM32CubeIDE/plugins/com.st.stm32cube.ide.mcu.externaltools.gnu-tools-for-stm32.13.3.rel1.win32_1.0.0.202411081344/tools/bin/../lib/gcc/arm-none-eabi/13.3.1/../../../../arm-none-eabi/lib/thumb/v7e-m+fp/hard\libc_nano.a(libc_a-malloc.o)
                0x0801305c                malloc
 .text.sbrk_aligned
                0x0801306c       0x44 C:/ST/STM32CubeIDE_1.18.1/STM32CubeIDE/plugins/com.st.stm32cube.ide.mcu.externaltools.gnu-tools-for-stm32.13.3.rel1.win32_1.0.0.202411081344/tools/bin/../lib/gcc/arm-none-eabi/13.3.1/../../../../arm-none-eabi/lib/thumb/v7e-m+fp/hard\libc_nano.a(libc_a-mallocr.o)
 .text._malloc_r
                0x080130b0      0x100 C:/ST/STM32CubeIDE_1.18.1/STM32CubeIDE/plugins/com.st.stm32cube.ide.mcu.externaltools.gnu-tools-for-stm32.13.3.rel1.win32_1.0.0.202411081344/tools/bin/../lib/gcc/arm-none-eabi/13.3.1/../../../../arm-none-eabi/lib/thumb/v7e-m+fp/hard\libc_nano.a(libc_a-mallocr.o)
                0x080130b0                _malloc_r
 .text.__malloc_lock
                0x080131b0        0xc C:/ST/STM32CubeIDE_1.18.1/STM32CubeIDE/plugins/com.st.stm32cube.ide.mcu.externaltools.gnu-tools-for-stm32.13.3.rel1.win32_1.0.0.202411081344/tools/bin/../lib/gcc/arm-none-eabi/13.3.1/../../../../arm-none-eabi/lib/thumb/v7e-m+fp/hard\libc_nano.a(libc_a-mlock.o)
                0x080131b0                __malloc_lock
 .text.__malloc_unlock
                0x080131bc        0xc C:/ST/STM32CubeIDE_1.18.1/STM32CubeIDE/plugins/com.st.stm32cube.ide.mcu.externaltools.gnu-tools-for-stm32.13.3.rel1.win32_1.0.0.202411081344/tools/bin/../lib/gcc/arm-none-eabi/13.3.1/../../../../arm-none-eabi/lib/thumb/v7e-m+fp/hard\libc_nano.a(libc_a-mlock.o)
                0x080131bc                __malloc_unlock
 .text._Balloc  0x080131c8       0x80 C:/ST/STM32CubeIDE_1.18.1/STM32CubeIDE/plugins/com.st.stm32cube.ide.mcu.externaltools.gnu-tools-for-stm32.13.3.rel1.win32_1.0.0.202411081344/tools/bin/../lib/gcc/arm-none-eabi/13.3.1/../../../../arm-none-eabi/lib/thumb/v7e-m+fp/hard\libc_nano.a(libc_a-mprec.o)
                0x080131c8                _Balloc
 .text._Bfree   0x08013248       0x44 C:/ST/STM32CubeIDE_1.18.1/STM32CubeIDE/plugins/com.st.stm32cube.ide.mcu.externaltools.gnu-tools-for-stm32.13.3.rel1.win32_1.0.0.202411081344/tools/bin/../lib/gcc/arm-none-eabi/13.3.1/../../../../arm-none-eabi/lib/thumb/v7e-m+fp/hard\libc_nano.a(libc_a-mprec.o)
                0x08013248                _Bfree
 .text.__multadd
                0x0801328c       0x8c C:/ST/STM32CubeIDE_1.18.1/STM32CubeIDE/plugins/com.st.stm32cube.ide.mcu.externaltools.gnu-tools-for-stm32.13.3.rel1.win32_1.0.0.202411081344/tools/bin/../lib/gcc/arm-none-eabi/13.3.1/../../../../arm-none-eabi/lib/thumb/v7e-m+fp/hard\libc_nano.a(libc_a-mprec.o)
                0x0801328c                __multadd
 .text.__hi0bits