../Core/Src/filters.c:35:7:LowPassFilter_Update	0	static
../Core/Src/filters.c:62:7:LowPassFilter_Accel	0	static
../Core/Src/filters.c:89:6:gyro_bias_correction	0	static
../Core/Src/filters.c:125:7:AccelBodyToWorldZ	0	static
../Core/Src/filters.c:150:6:Complementary_deg	16	static
../Core/Src/filters.c:305:6:Kalman_Init	0	static
../Core/Src/filters.c:332:6:KalmanZ_Init	0	static
../Core/Src/filters.c:364:6:Kalman_rawToAngles	32	static
../Core/Src/filters.c:391:7:Kalman_Update	0	static
../Core/Src/filters.c:486:7:Kalman_UpdateYaw	0	static
../Core/Src/filters.c:553:6:KalmanZ_Predict	72	static
../Core/Src/filters.c:629:6:KalmanZ_Update	0	static
../Core/Src/filters.c:689:9:KalmanZ_ProcessToFMeasurement	8	static
../Core/Src/filters.c:829:7:unwrap_to_ref	0	static
../Core/Src/filters.c:868:14:eulerToQuaternion	72	static
../Core/Src/filters.c:940:6:gyroToQuaternion	0	static
../Core/Src/filters.c:997:6:EulerQuaternion_Complementary	48	static
