../Core/Src/flash_W25QXXX.c:38:6:Flash_Select	8	static
../Core/Src/flash_W25QXXX.c:51:6:Flash_UnSelect	0	static
../Core/Src/flash_W25QXXX.c:61:6:Flash_Receive	0	static
../Core/Src/flash_W25QXXX.c:73:6:Flash_Polling_Transmit	0	static
../Core/Src/flash_W25QXXX.c:88:6:Flash_Transmit	0	static
../Core/Src/flash_W25QXXX.c:109:6:Flash_WaitForWritingComplete	16	static
../Core/Src/flash_W25QXXX.c:134:6:Flash_Read	32	static
../Core/Src/flash_W25QXXX.c:173:6:Flash_SimpleWriteAPage	24	static
../Core/Src/flash_W25QXXX.c:200:6:Flash_Write	64	static
../Core/Src/flash_W25QXXX.c:252:6:Flash_SErase4k	24	static
../Core/Src/flash_W25QXXX.c:280:6:Flash_BErase32k	24	static
../Core/Src/flash_W25QXXX.c:309:6:Flash_BErase64k	24	static
../Core/Src/flash_W25QXXX.c:335:6:Flash_ChipErase	16	static
../Core/Src/flash_W25QXXX.c:358:6:Flash_PowerDown	16	static
../Core/Src/flash_W25QXXX.c:376:6:Flash_PowerUp	16	static
../Core/Src/flash_W25QXXX.c:393:9:Flash_ReadDevID	16	static
../Core/Src/flash_W25QXXX.c:412:10:Flash_ReadManufactutrerAndDevID	16	static
../Core/Src/flash_W25QXXX.c:443:10:Flash_ReadJedecID	16	static
../Core/Src/flash_W25QXXX.c:463:6:Flash_ReadSFDP	16	static
../Core/Src/flash_W25QXXX.c:485:9:Flash_TestAvailability	272	static
../Core/Src/flash_W25QXXX.c:510:9:Flash_Init	272	static
../Core/Src/flash_W25QXXX.c:526:6:Flash_Reset	16	static
../Core/Src/flash_W25QXXX.c:545:6:DataReader_WaitForReceiveDone	0	static
../Core/Src/flash_W25QXXX.c:550:6:DataReader_ReadData	32	static
../Core/Src/flash_W25QXXX.c:555:6:DataReader_StartDMAReadData	32	static
