../Core/Src/logging.c:67:24:log_addr	24	static
../Core/Src/logging.c:89:5:log_flash_read	32	static
../Core/Src/logging.c:116:5:log_flash_prog	32	static
../Core/Src/logging.c:143:5:log_flash_erase	24	static
../Core/Src/logging.c:167:5:log_flash_sync	16	static
../Core/Src/logging.c:187:6:log_init	8	static
../Core/Src/logging.c:220:6:log_test_write	16	static
../Core/Src/logging.c:242:6:log_test_read	80	static
../Core/Src/logging.c:273:6:log_list_files	328	static
../Core/Src/logging.c:292:5:log_open_file	16	static
../Core/Src/logging.c:309:5:log_close_file	16	static
../Core/Src/logging.c:326:6:log_write_buffer	16	static
../Core/Src/logging.c:346:6:log_add_sample	24	static
../Core/Src/logging.c:393:5:log_dump_uart	248	static
../Core/Src/logging.c:451:6:log_remove	16	static
