../Core/Src/logging.c:97:5:log_flash_read	8	static
../Core/Src/logging.c:124:5:log_flash_prog	8	static
../Core/Src/logging.c:151:5:log_flash_erase	8	static
../Core/Src/logging.c:175:5:log_flash_sync	0	static
../Core/Src/logging.c:195:5:log_init	8	static
../Core/Src/logging.c:239:6:log_test_write	0	static
../Core/Src/logging.c:263:6:log_test_read	0	static
../Core/Src/logging.c:296:6:log_list_files	0	static
../Core/Src/logging.c:317:5:log_open_file	8	static
../Core/Src/logging.c:346:5:log_close_file	24	static
../Core/Src/logging.c:382:6:log_write_buffer	16	static
../Core/Src/logging.c:423:6:log_add_sample	40	static
../Core/Src/logging.c:498:5:log_dump_uart	152	static
../Core/Src/logging.c:587:6:log_remove	4	static
