../Core/Src/main.c:182:5:main	520	static
../Core/Src/main.c:1498:6:SystemClock_Config	120	static
../Core/Src/main.c:1557:13:MX_ADC1_Init	48	static
../Core/Src/main.c:1653:13:MX_I2C2_Init	8	static
../Core/Src/main.c:1701:13:MX_I2C4_Init	8	static
../Core/Src/main.c:1749:13:MX_SPI2_Init	8	static
../Core/Src/main.c:1797:13:MX_SPI3_Init	8	static
../Core/Src/main.c:1845:13:MX_SPI4_Init	8	static
../Core/Src/main.c:1893:13:MX_TIM1_Init	40	static
../Core/Src/main.c:1940:13:MX_TIM2_Init	64	static
../Core/Src/main.c:2011:13:MX_TIM3_Init	64	static
../Core/Src/main.c:2070:13:MX_TIM4_Init	64	static
../Core/Src/main.c:2137:13:MX_TIM5_Init	40	static
../Core/Src/main.c:2182:13:MX_TIM6_Init	24	static
../Core/Src/main.c:2220:13:MX_TIM7_Init	24	static
../Core/Src/main.c:2258:13:MX_UART5_Init	8	static
../Core/Src/main.c:2306:13:MX_USART1_UART_Init	8	static
../Core/Src/main.c:2352:13:MX_DMA_Init	16	static
../Core/Src/main.c:2373:13:MX_GPIO_Init	56	static
../Core/Src/main.c:2478:6:HAL_UART_RxCpltCallback	40	static,ignoring_inline_asm
../Core/Src/main.c:2534:6:HAL_GPIO_EXTI_Callback	16	static
../Core/Src/main.c:2549:9:TVCServoEnable	16	static
../Core/Src/main.c:2564:9:TVCServoDisable	16	static
../Core/Src/main.c:2579:6:servoTest	40	static
../Core/Src/main.c:2627:9:EDFEnable	16	static
../Core/Src/main.c:2639:9:EDFDisable	16	static
../Core/Src/main.c:2650:9:enable_5v_buck	16	static
../Core/Src/main.c:2672:9:enable_7v2_buck	16	static
../Core/Src/main.c:2694:6:StatusLED	16	static
../Core/Src/main.c:2753:10:ADC_Read_Main_Battery	24	static
../Core/Src/main.c:2764:10:ADC_Read_EDF_Battery	24	static
../Core/Src/main.c:2775:10:ADC_Read_5V_Buck	24	static
../Core/Src/main.c:2786:10:ADC_Read_7V2_Buck	24	static
../Core/Src/main.c:2797:6:HAL_ADC_ConvCpltCallback	32	static,ignoring_inline_asm
../Core/Src/main.c:2811:6:HAL_TIM_PeriodElapsedCallback	16	static
../Core/Src/main.c:3009:6:MPU_Config	24	static
../Core/Src/main.c:3040:6:Error_Handler	4	static,ignoring_inline_asm
