../Core/Src/main.c:183:5:main	83
../Core/Src/main.c:1289:6:SystemClock_Config	4
../Core/Src/main.c:1354:13:MX_ADC1_Init	7
../Core/Src/main.c:1450:13:MX_I2C2_Init	4
../Core/Src/main.c:1498:13:MX_I2C4_Init	4
../Core/Src/main.c:1546:13:MX_RTC_Init	2
../Core/Src/main.c:1582:13:MX_SPI2_Init	2
../Core/Src/main.c:1630:13:MX_SPI3_Init	2
../Core/Src/main.c:1678:13:MX_SPI4_Init	2
../Core/Src/main.c:1726:13:MX_TIM1_Init	4
../Core/Src/main.c:1773:13:MX_TIM2_Init	9
../Core/Src/main.c:1844:13:MX_TIM3_Init	4
../Core/Src/main.c:1893:13:MX_TIM4_Init	6
../Core/Src/main.c:1950:13:MX_TIM5_Init	4
../Core/Src/main.c:1995:13:MX_TIM6_Init	3
../Core/Src/main.c:2033:13:MX_TIM7_Init	3
../Core/Src/main.c:2071:13:MX_UART5_Init	5
../Core/Src/main.c:2119:13:MX_USART1_UART_Init	5
../Core/Src/main.c:2165:13:MX_DMA_Init	1
../Core/Src/main.c:2183:13:MX_GPIO_Init	1
../Core/Src/main.c:2275:6:HAL_UART_RxCpltCallback	8
../Core/Src/main.c:2330:6:HAL_GPIO_EXTI_Callback	3
../Core/Src/main.c:2345:9:TVCServoEnable	1
../Core/Src/main.c:2360:9:TVCServoDisable	1
../Core/Src/main.c:2375:6:servoTest	7
../Core/Src/main.c:2423:9:EDFEnable	1
../Core/Src/main.c:2435:9:EDFDisable	1
../Core/Src/main.c:2446:8:enable_5v_buck	3
../Core/Src/main.c:2468:8:enable_7v2_buck	3
../Core/Src/main.c:2490:6:StatusLED	8
../Core/Src/main.c:2549:10:ADC_Read_Main_Battery	1
../Core/Src/main.c:2560:10:ADC_Read_EDF_Battery	1
../Core/Src/main.c:2571:10:ADC_Read_5V_Buck	1
../Core/Src/main.c:2582:10:ADC_Read_7V2_Buck	1
../Core/Src/main.c:2593:6:HAL_ADC_ConvCpltCallback	1
../Core/Src/main.c:2606:6:HAL_TIM_PeriodElapsedCallback	32
../Core/Src/main.c:2804:6:MPU_Config	1
../Core/Src/main.c:2835:6:Error_Handler	1
