../Core/Src/main.c:182:5:main	536	static,ignoring_inline_asm
../Core/Src/main.c:1595:6:SystemClock_Config	120	static
../Core/Src/main.c:1654:13:MX_ADC1_Init	48	static
../Core/Src/main.c:1750:13:MX_I2C2_Init	8	static
../Core/Src/main.c:1798:13:MX_I2C4_Init	8	static
../Core/Src/main.c:1846:13:MX_SPI2_Init	8	static
../Core/Src/main.c:1894:13:MX_SPI3_Init	8	static
../Core/Src/main.c:1942:13:MX_SPI4_Init	8	static
../Core/Src/main.c:1990:13:MX_TIM1_Init	40	static
../Core/Src/main.c:2037:13:MX_TIM2_Init	64	static
../Core/Src/main.c:2108:13:MX_TIM3_Init	64	static
../Core/Src/main.c:2167:13:MX_TIM4_Init	64	static
../Core/Src/main.c:2234:13:MX_TIM5_Init	40	static
../Core/Src/main.c:2279:13:MX_TIM6_Init	24	static
../Core/Src/main.c:2317:13:MX_TIM7_Init	24	static
../Core/Src/main.c:2355:13:MX_UART5_Init	8	static
../Core/Src/main.c:2403:13:MX_USART1_UART_Init	8	static
../Core/Src/main.c:2449:13:MX_DMA_Init	16	static
../Core/Src/main.c:2470:13:MX_GPIO_Init	56	static
../Core/Src/main.c:2588:6:HAL_UART_RxCpltCallback	40	static,ignoring_inline_asm
../Core/Src/main.c:2644:6:HAL_GPIO_EXTI_Callback	16	static
../Core/Src/main.c:2669:9:TVCServoEnable	16	static
../Core/Src/main.c:2684:9:TVCServoDisable	16	static
../Core/Src/main.c:2699:6:servoTest	40	static
../Core/Src/main.c:2747:9:EDFEnable	16	static
../Core/Src/main.c:2759:9:EDFDisable	16	static
../Core/Src/main.c:2771:9:enable_5v_buck	16	static
../Core/Src/main.c:2793:9:enable_7v2_buck	16	static
../Core/Src/main.c:2815:6:StatusLED	16	static
../Core/Src/main.c:2874:10:ADC_Read_Main_Battery	24	static
../Core/Src/main.c:2885:10:ADC_Read_EDF_Battery	24	static
../Core/Src/main.c:2896:10:ADC_Read_5V_Buck	24	static
../Core/Src/main.c:2907:10:ADC_Read_7V2_Buck	24	static
../Core/Src/main.c:2918:6:HAL_ADC_ConvCpltCallback	32	static,ignoring_inline_asm
../Core/Src/main.c:2932:6:HAL_TIM_PeriodElapsedCallback	16	static
../Core/Src/main.c:3130:6:MPU_Config	24	static
../Core/Src/main.c:3161:6:Error_Handler	4	static,ignoring_inline_asm
