../Core/Src/main.c:1884:6:SystemClock_Config	128	static,ignoring_inline_asm
../Core/Src/main.c:2883:6:HAL_UART_RxCpltCallback	24	static,ignoring_inline_asm
../Core/Src/main.c:2939:6:HAL_GPIO_EXTI_Callback	0	static
../Core/Src/main.c:2964:9:TVCServoEnable	16	static
../Core/Src/main.c:2979:9:TVCServoDisable	16	static
../Core/Src/main.c:2994:6:servoTest	48	static
../Core/Src/main.c:3042:9:EDFEnable	8	static
../Core/Src/main.c:3055:9:EDFDisable	0	static
../Core/Src/main.c:3067:9:enable_5v_buck	8	static
../Core/Src/main.c:3089:9:enable_7v2_buck	8	static
../Core/Src/main.c:3111:6:StatusLED	0	static
../Core/Src/main.c:188:5:main	424	static,ignoring_inline_asm
../Core/Src/main.c:3168:10:ADC_Read_Main_Battery	0	static
../Core/Src/main.c:3179:10:ADC_Read_EDF_Battery	0	static
../Core/Src/main.c:3190:10:ADC_Read_5V_Buck	0	static
../Core/Src/main.c:3201:10:ADC_Read_7V2_Buck	0	static
../Core/Src/main.c:3212:6:HAL_ADC_ConvCpltCallback	0	static,ignoring_inline_asm
../Core/Src/main.c:3226:6:HAL_TIM_PeriodElapsedCallback	24	static
../Core/Src/main.c:3455:6:Error_Handler	0	static,ignoring_inline_asm
