../Core/Src/main.c:83:5:main	8	static
../Core/Src/main.c:138:6:SystemClock_Config	120	static
../Core/Src/main.c:203:13:MX_ADC1_Init	48	static
../Core/Src/main.c:272:13:MX_RTC_Init	8	static
../Core/Src/main.c:308:13:MX_SPI3_Init	8	static
../Core/Src/main.c:356:13:MX_SPI4_Init	8	static
../Core/Src/main.c:404:13:MX_SPI6_Init	8	static
../Core/Src/main.c:452:13:MX_UART5_Init	8	static
../Core/Src/main.c:500:13:MX_USART1_UART_Init	8	static
../Core/Src/main.c:548:13:MX_GPIO_Init	48	static
../Core/Src/main.c:583:6:MPU_Config	24	static
../Core/Src/main.c:614:6:Error_Handler	4	static,ignoring_inline_asm
