../Core/Src/main.c:3270:9:enable_7v2_buck.part.0	8	static
../Core/Src/main.c:2062:6:SystemClock_Config	128	static,ignoring_inline_asm
../Core/Src/main.c:3061:6:HAL_UART_RxCpltCallback	24	static,ignoring_inline_asm
../Core/Src/main.c:3117:6:HAL_GPIO_EXTI_Callback	0	static
../Core/Src/main.c:3142:9:TVCServoEnable	16	static
../Core/Src/main.c:3157:9:TVCServoDisable	16	static
../Core/Src/main.c:3172:6:servoTest	48	static
../Core/Src/main.c:3220:9:EDFEnable	8	static
../Core/Src/main.c:3234:9:EDFDisable	8	static
../Core/Src/main.c:3248:9:enable_5v_buck	8	static
../Core/Src/main.c:3270:9:enable_7v2_buck	8	static
../Core/Src/main.c:3292:6:StatusLED	0	static
../Core/Src/main.c:189:5:main	184	static,ignoring_inline_asm
../Core/Src/main.c:3349:10:ADC_Read_Main_Battery	0	static
../Core/Src/main.c:3360:10:ADC_Read_EDF_Battery	0	static
../Core/Src/main.c:3371:10:ADC_Read_5V_Buck	0	static
../Core/Src/main.c:3382:10:ADC_Read_7V2_Buck	0	static
../Core/Src/main.c:3393:6:HAL_ADC_ConvCpltCallback	0	static,ignoring_inline_asm
../Core/Src/main.c:3407:6:HAL_TIM_PeriodElapsedCallback	24	static
../Core/Src/main.c:3636:6:Error_Handler	0	static,ignoring_inline_asm
