../Core/Src/main.c:3200:9:enable_7v2_buck.part.0	8	static
../Core/Src/main.c:1943:6:SystemClock_Config	128	static,ignoring_inline_asm
../Core/Src/main.c:2991:6:HAL_UART_RxCpltCallback	24	static,ignoring_inline_asm
../Core/Src/main.c:3047:6:HAL_GPIO_EXTI_Callback	0	static
../Core/Src/main.c:3072:9:TVCServoEnable	16	static
../Core/Src/main.c:3087:9:TVCServoDisable	16	static
../Core/Src/main.c:3102:6:servoTest	48	static
../Core/Src/main.c:3150:9:EDFEnable	8	static
../Core/Src/main.c:3164:9:EDFDisable	8	static
../Core/Src/main.c:3178:9:enable_5v_buck	8	static
../Core/Src/main.c:3200:9:enable_7v2_buck	8	static
../Core/Src/main.c:3222:6:StatusLED	0	static
../Core/Src/main.c:190:5:main	224	static,ignoring_inline_asm
../Core/Src/main.c:3279:10:ADC_Read_Main_Battery	0	static
../Core/Src/main.c:3290:10:ADC_Read_EDF_Battery	0	static
../Core/Src/main.c:3301:10:ADC_Read_5V_Buck	0	static
../Core/Src/main.c:3312:10:ADC_Read_7V2_Buck	0	static
../Core/Src/main.c:3323:6:HAL_ADC_ConvCpltCallback	0	static,ignoring_inline_asm
../Core/Src/main.c:3337:6:HAL_TIM_PeriodElapsedCallback	24	static
../Core/Src/main.c:3569:6:Error_Handler	0	static,ignoring_inline_asm
