../Core/Src/main.c:3813:9:enable_7v2_buck.part.0	8	static
../Core/Src/main.c:2605:6:SystemClock_Config	128	static,ignoring_inline_asm
../Core/Src/main.c:3604:6:HAL_UART_RxCpltCallback	24	static,ignoring_inline_asm
../Core/Src/main.c:3660:6:HAL_GPIO_EXTI_Callback	0	static
../Core/Src/main.c:3685:9:TVCServoEnable	16	static
../Core/Src/main.c:3700:9:TVCServoDisable	16	static
../Core/Src/main.c:3715:6:servoTest	48	static
../Core/Src/main.c:3763:9:EDFEnable	8	static
../Core/Src/main.c:3777:9:EDFDisable	8	static
../Core/Src/main.c:3791:9:enable_5v_buck	8	static
../Core/Src/main.c:3813:9:enable_7v2_buck	8	static
../Core/Src/main.c:3835:6:StatusLED	0	static
../Core/Src/main.c:189:5:main	192	static,ignoring_inline_asm
../Core/Src/main.c:3892:10:ADC_Read_Main_Battery	0	static
../Core/Src/main.c:3903:10:ADC_Read_EDF_Battery	0	static
../Core/Src/main.c:3914:10:ADC_Read_5V_Buck	0	static
../Core/Src/main.c:3925:10:ADC_Read_7V2_Buck	0	static
../Core/Src/main.c:3936:6:HAL_ADC_ConvCpltCallback	0	static,ignoring_inline_asm
../Core/Src/main.c:3950:6:HAL_TIM_PeriodElapsedCallback	24	static
../Core/Src/main.c:4179:6:Error_Handler	0	static,ignoring_inline_asm
