../Core/Src/main.c:186:5:main	520	static
../Core/Src/main.c:1417:6:SystemClock_Config	120	static
../Core/Src/main.c:1482:13:MX_ADC1_Init	48	static
../Core/Src/main.c:1578:13:MX_I2C2_Init	8	static
../Core/Src/main.c:1626:13:MX_I2C4_Init	8	static
../Core/Src/main.c:1674:13:MX_RTC_Init	8	static
../Core/Src/main.c:1710:13:MX_SPI2_Init	8	static
../Core/Src/main.c:1758:13:MX_SPI3_Init	8	static
../Core/Src/main.c:1806:13:MX_SPI4_Init	8	static
../Core/Src/main.c:1854:13:MX_TIM1_Init	40	static
../Core/Src/main.c:1901:13:MX_TIM2_Init	64	static
../Core/Src/main.c:1972:13:MX_TIM3_Init	48	static
../Core/Src/main.c:2021:13:MX_TIM4_Init	48	static
../Core/Src/main.c:2078:13:MX_TIM5_Init	40	static
../Core/Src/main.c:2123:13:MX_TIM6_Init	24	static
../Core/Src/main.c:2161:13:MX_TIM7_Init	24	static
../Core/Src/main.c:2199:13:MX_UART5_Init	8	static
../Core/Src/main.c:2247:13:MX_USART1_UART_Init	8	static
../Core/Src/main.c:2293:13:MX_DMA_Init	16	static
../Core/Src/main.c:2311:13:MX_GPIO_Init	56	static
../Core/Src/main.c:2403:6:HAL_UART_RxCpltCallback	24	static
../Core/Src/main.c:2458:6:HAL_GPIO_EXTI_Callback	16	static
../Core/Src/main.c:2473:9:TVCServoEnable	16	static
../Core/Src/main.c:2488:9:TVCServoDisable	16	static
../Core/Src/main.c:2503:6:servoTest	40	static
../Core/Src/main.c:2551:9:EDFEnable	16	static
../Core/Src/main.c:2563:9:EDFDisable	16	static
../Core/Src/main.c:2574:9:enable_5v_buck	16	static
../Core/Src/main.c:2596:9:enable_7v2_buck	16	static
../Core/Src/main.c:2618:6:StatusLED	16	static
../Core/Src/main.c:2677:10:ADC_Read_Main_Battery	24	static
../Core/Src/main.c:2688:10:ADC_Read_EDF_Battery	24	static
../Core/Src/main.c:2699:10:ADC_Read_5V_Buck	24	static
../Core/Src/main.c:2710:10:ADC_Read_7V2_Buck	24	static
../Core/Src/main.c:2721:6:HAL_ADC_ConvCpltCallback	16	static
../Core/Src/main.c:2734:6:HAL_TIM_PeriodElapsedCallback	16	static
../Core/Src/main.c:2932:6:MPU_Config	24	static
../Core/Src/main.c:2963:6:Error_Handler	4	static,ignoring_inline_asm
