../Core/Src/main.c:185:5:main	520	static
../Core/Src/main.c:1467:6:SystemClock_Config	120	static
../Core/Src/main.c:1532:13:MX_ADC1_Init	48	static
../Core/Src/main.c:1628:13:MX_I2C2_Init	8	static
../Core/Src/main.c:1676:13:MX_I2C4_Init	8	static
../Core/Src/main.c:1724:13:MX_RTC_Init	8	static
../Core/Src/main.c:1760:13:MX_SPI2_Init	8	static
../Core/Src/main.c:1808:13:MX_SPI3_Init	8	static
../Core/Src/main.c:1856:13:MX_SPI4_Init	8	static
../Core/Src/main.c:1904:13:MX_TIM1_Init	40	static
../Core/Src/main.c:1951:13:MX_TIM2_Init	64	static
../Core/Src/main.c:2022:13:MX_TIM3_Init	48	static
../Core/Src/main.c:2071:13:MX_TIM4_Init	48	static
../Core/Src/main.c:2128:13:MX_TIM5_Init	40	static
../Core/Src/main.c:2173:13:MX_TIM6_Init	24	static
../Core/Src/main.c:2211:13:MX_TIM7_Init	24	static
../Core/Src/main.c:2249:13:MX_UART5_Init	8	static
../Core/Src/main.c:2297:13:MX_USART1_UART_Init	8	static
../Core/Src/main.c:2343:13:MX_DMA_Init	16	static
../Core/Src/main.c:2361:13:MX_GPIO_Init	56	static
../Core/Src/main.c:2453:6:HAL_UART_RxCpltCallback	24	static
../Core/Src/main.c:2508:6:HAL_GPIO_EXTI_Callback	16	static
../Core/Src/main.c:2523:9:TVCServoEnable	16	static
../Core/Src/main.c:2538:9:TVCServoDisable	16	static
../Core/Src/main.c:2553:6:servoTest	40	static
../Core/Src/main.c:2601:9:EDFEnable	16	static
../Core/Src/main.c:2613:9:EDFDisable	16	static
../Core/Src/main.c:2624:9:enable_5v_buck	16	static
../Core/Src/main.c:2646:9:enable_7v2_buck	16	static
../Core/Src/main.c:2668:6:StatusLED	16	static
../Core/Src/main.c:2727:10:ADC_Read_Main_Battery	24	static
../Core/Src/main.c:2738:10:ADC_Read_EDF_Battery	24	static
../Core/Src/main.c:2749:10:ADC_Read_5V_Buck	24	static
../Core/Src/main.c:2760:10:ADC_Read_7V2_Buck	24	static
../Core/Src/main.c:2771:6:HAL_ADC_ConvCpltCallback	16	static
../Core/Src/main.c:2784:6:HAL_TIM_PeriodElapsedCallback	16	static
../Core/Src/main.c:2982:6:MPU_Config	24	static
../Core/Src/main.c:3013:6:Error_Handler	4	static,ignoring_inline_asm
