../Core/Src/main.c:2020:6:SystemClock_Config	128	static,ignoring_inline_asm
../Core/Src/main.c:3019:6:HAL_UART_RxCpltCallback	24	static,ignoring_inline_asm
../Core/Src/main.c:3075:6:HAL_GPIO_EXTI_Callback	0	static
../Core/Src/main.c:3100:9:TVCServoEnable	16	static
../Core/Src/main.c:3115:9:TVCServoDisable	16	static
../Core/Src/main.c:3130:6:servoTest	48	static
../Core/Src/main.c:3178:9:EDFEnable	8	static
../Core/Src/main.c:3192:9:EDFDisable	8	static
../Core/Src/main.c:3206:9:enable_5v_buck	8	static
../Core/Src/main.c:3228:9:enable_7v2_buck	8	static
../Core/Src/main.c:3250:6:StatusLED	0	static
../Core/Src/main.c:189:5:main	200	static,ignoring_inline_asm
../Core/Src/main.c:3307:10:ADC_Read_Main_Battery	0	static
../Core/Src/main.c:3318:10:ADC_Read_EDF_Battery	0	static
../Core/Src/main.c:3329:10:ADC_Read_5V_Buck	0	static
../Core/Src/main.c:3340:10:ADC_Read_7V2_Buck	0	static
../Core/Src/main.c:3351:6:HAL_ADC_ConvCpltCallback	0	static,ignoring_inline_asm
../Core/Src/main.c:3365:6:HAL_TIM_PeriodElapsedCallback	24	static
../Core/Src/main.c:3594:6:Error_Handler	0	static,ignoring_inline_asm
