../Core/Src/main.c:182:5:main	134
../Core/Src/main.c:1551:6:SystemClock_Config	4
../Core/Src/main.c:1610:13:MX_ADC1_Init	7
../Core/Src/main.c:1706:13:MX_I2C2_Init	4
../Core/Src/main.c:1754:13:MX_I2C4_Init	4
../Core/Src/main.c:1802:13:MX_SPI2_Init	2
../Core/Src/main.c:1850:13:MX_SPI3_Init	2
../Core/Src/main.c:1898:13:MX_SPI4_Init	2
../Core/Src/main.c:1946:13:MX_TIM1_Init	4
../Core/Src/main.c:1993:13:MX_TIM2_Init	9
../Core/Src/main.c:2064:13:MX_TIM3_Init	6
../Core/Src/main.c:2123:13:MX_TIM4_Init	8
../Core/Src/main.c:2190:13:MX_TIM5_Init	4
../Core/Src/main.c:2235:13:MX_TIM6_Init	3
../Core/Src/main.c:2273:13:MX_TIM7_Init	3
../Core/Src/main.c:2311:13:MX_UART5_Init	5
../Core/Src/main.c:2359:13:MX_USART1_UART_Init	5
../Core/Src/main.c:2405:13:MX_DMA_Init	1
../Core/Src/main.c:2426:13:MX_GPIO_Init	1
../Core/Src/main.c:2544:6:HAL_UART_RxCpltCallback	10
../Core/Src/main.c:2600:6:HAL_GPIO_EXTI_Callback	3
../Core/Src/main.c:2625:9:TVCServoEnable	1
../Core/Src/main.c:2640:9:TVCServoDisable	1
../Core/Src/main.c:2655:6:servoTest	7
../Core/Src/main.c:2703:9:EDFEnable	1
../Core/Src/main.c:2715:9:EDFDisable	1
../Core/Src/main.c:2726:9:enable_5v_buck	3
../Core/Src/main.c:2748:9:enable_7v2_buck	3
../Core/Src/main.c:2770:6:StatusLED	8
../Core/Src/main.c:2829:10:ADC_Read_Main_Battery	1
../Core/Src/main.c:2840:10:ADC_Read_EDF_Battery	1
../Core/Src/main.c:2851:10:ADC_Read_5V_Buck	1
../Core/Src/main.c:2862:10:ADC_Read_7V2_Buck	1
../Core/Src/main.c:2873:6:HAL_ADC_ConvCpltCallback	3
../Core/Src/main.c:2887:6:HAL_TIM_PeriodElapsedCallback	32
../Core/Src/main.c:3085:6:MPU_Config	1
../Core/Src/main.c:3116:6:Error_Handler	1
