../Core/Src/main.c:182:5:main	536	static,ignoring_inline_asm
../Core/Src/main.c:1551:6:SystemClock_Config	120	static
../Core/Src/main.c:1610:13:MX_ADC1_Init	48	static
../Core/Src/main.c:1706:13:MX_I2C2_Init	8	static
../Core/Src/main.c:1754:13:MX_I2C4_Init	8	static
../Core/Src/main.c:1802:13:MX_SPI2_Init	8	static
../Core/Src/main.c:1850:13:MX_SPI3_Init	8	static
../Core/Src/main.c:1898:13:MX_SPI4_Init	8	static
../Core/Src/main.c:1946:13:MX_TIM1_Init	40	static
../Core/Src/main.c:1993:13:MX_TIM2_Init	64	static
../Core/Src/main.c:2064:13:MX_TIM3_Init	64	static
../Core/Src/main.c:2123:13:MX_TIM4_Init	64	static
../Core/Src/main.c:2190:13:MX_TIM5_Init	40	static
../Core/Src/main.c:2235:13:MX_TIM6_Init	24	static
../Core/Src/main.c:2273:13:MX_TIM7_Init	24	static
../Core/Src/main.c:2311:13:MX_UART5_Init	8	static
../Core/Src/main.c:2359:13:MX_USART1_UART_Init	8	static
../Core/Src/main.c:2405:13:MX_DMA_Init	16	static
../Core/Src/main.c:2426:13:MX_GPIO_Init	56	static
../Core/Src/main.c:2544:6:HAL_UART_RxCpltCallback	40	static,ignoring_inline_asm
../Core/Src/main.c:2600:6:HAL_GPIO_EXTI_Callback	16	static
../Core/Src/main.c:2625:9:TVCServoEnable	16	static
../Core/Src/main.c:2640:9:TVCServoDisable	16	static
../Core/Src/main.c:2655:6:servoTest	40	static
../Core/Src/main.c:2703:9:EDFEnable	16	static
../Core/Src/main.c:2715:9:EDFDisable	16	static
../Core/Src/main.c:2726:9:enable_5v_buck	16	static
../Core/Src/main.c:2748:9:enable_7v2_buck	16	static
../Core/Src/main.c:2770:6:StatusLED	16	static
../Core/Src/main.c:2829:10:ADC_Read_Main_Battery	24	static
../Core/Src/main.c:2840:10:ADC_Read_EDF_Battery	24	static
../Core/Src/main.c:2851:10:ADC_Read_5V_Buck	24	static
../Core/Src/main.c:2862:10:ADC_Read_7V2_Buck	24	static
../Core/Src/main.c:2873:6:HAL_ADC_ConvCpltCallback	32	static,ignoring_inline_asm
../Core/Src/main.c:2887:6:HAL_TIM_PeriodElapsedCallback	16	static
../Core/Src/main.c:3085:6:MPU_Config	24	static
../Core/Src/main.c:3116:6:Error_Handler	4	static,ignoring_inline_asm
