../Core/Src/main.c:2013:6:SystemClock_Config	128	static,ignoring_inline_asm
../Core/Src/main.c:3012:6:HAL_UART_RxCpltCallback	24	static,ignoring_inline_asm
../Core/Src/main.c:3068:6:HAL_GPIO_EXTI_Callback	0	static
../Core/Src/main.c:3093:9:TVCServoEnable	16	static
../Core/Src/main.c:3108:9:TVCServoDisable	16	static
../Core/Src/main.c:3123:6:servoTest	48	static
../Core/Src/main.c:3171:9:EDFEnable	8	static
../Core/Src/main.c:3185:9:EDFDisable	8	static
../Core/Src/main.c:3199:9:enable_5v_buck	8	static
../Core/Src/main.c:3221:9:enable_7v2_buck	8	static
../Core/Src/main.c:3243:6:StatusLED	0	static
../Core/Src/main.c:189:5:main	200	static,ignoring_inline_asm
../Core/Src/main.c:3300:10:ADC_Read_Main_Battery	0	static
../Core/Src/main.c:3311:10:ADC_Read_EDF_Battery	0	static
../Core/Src/main.c:3322:10:ADC_Read_5V_Buck	0	static
../Core/Src/main.c:3333:10:ADC_Read_7V2_Buck	0	static
../Core/Src/main.c:3344:6:HAL_ADC_ConvCpltCallback	0	static,ignoring_inline_asm
../Core/Src/main.c:3358:6:HAL_TIM_PeriodElapsedCallback	24	static
../Core/Src/main.c:3587:6:Error_Handler	0	static,ignoring_inline_asm
