../Core/Src/main.c:185:5:main	392	static,ignoring_inline_asm
../Core/Src/main.c:1762:6:SystemClock_Config	120	static
../Core/Src/main.c:1821:13:MX_ADC1_Init	48	static
../Core/Src/main.c:1917:13:MX_I2C2_Init	8	static
../Core/Src/main.c:1965:13:MX_I2C4_Init	8	static
../Core/Src/main.c:2013:13:MX_SPI2_Init	8	static
../Core/Src/main.c:2061:13:MX_SPI3_Init	8	static
../Core/Src/main.c:2109:13:MX_SPI4_Init	8	static
../Core/Src/main.c:2157:13:MX_TIM1_Init	40	static
../Core/Src/main.c:2204:13:MX_TIM2_Init	64	static
../Core/Src/main.c:2275:13:MX_TIM3_Init	64	static
../Core/Src/main.c:2334:13:MX_TIM4_Init	64	static
../Core/Src/main.c:2401:13:MX_TIM5_Init	40	static
../Core/Src/main.c:2446:13:MX_TIM6_Init	24	static
../Core/Src/main.c:2484:13:MX_TIM7_Init	24	static
../Core/Src/main.c:2522:13:MX_UART5_Init	8	static
../Core/Src/main.c:2570:13:MX_USART1_UART_Init	8	static
../Core/Src/main.c:2616:13:MX_DMA_Init	16	static
../Core/Src/main.c:2637:13:MX_GPIO_Init	56	static
../Core/Src/main.c:2759:6:HAL_UART_RxCpltCallback	40	static,ignoring_inline_asm
../Core/Src/main.c:2815:6:HAL_GPIO_EXTI_Callback	16	static
../Core/Src/main.c:2840:9:TVCServoEnable	16	static
../Core/Src/main.c:2855:9:TVCServoDisable	16	static
../Core/Src/main.c:2870:6:servoTest	40	static
../Core/Src/main.c:2918:9:EDFEnable	16	static
../Core/Src/main.c:2930:9:EDFDisable	16	static
../Core/Src/main.c:2942:9:enable_5v_buck	16	static
../Core/Src/main.c:2964:9:enable_7v2_buck	16	static
../Core/Src/main.c:2986:6:StatusLED	16	static
../Core/Src/main.c:3045:10:ADC_Read_Main_Battery	24	static
../Core/Src/main.c:3056:10:ADC_Read_EDF_Battery	24	static
../Core/Src/main.c:3067:10:ADC_Read_5V_Buck	24	static
../Core/Src/main.c:3078:10:ADC_Read_7V2_Buck	24	static
../Core/Src/main.c:3089:6:HAL_ADC_ConvCpltCallback	32	static,ignoring_inline_asm
../Core/Src/main.c:3103:6:HAL_TIM_PeriodElapsedCallback	16	static
../Core/Src/main.c:3301:6:MPU_Config	24	static
../Core/Src/main.c:3332:6:Error_Handler	4	static,ignoring_inline_asm
