../Core/Src/MPU6050.c:35:9:MPU6050_ReadDeviceID	32	static
../Core/Src/MPU6050.c:71:9:MPU6050_Reset	40	static
../Core/Src/MPU6050.c:121:9:MPU6050_Init	48	static
../Core/Src/MPU6050.c:181:9:MPU6050_ReadFactoryTrim	48	static
../Core/Src/MPU6050.c:280:9:MPU6050_SelfTest	80	static
../Core/Src/MPU6050.c:429:9:MPU6050_ReadAllDirect	48	static
../Core/Src/MPU6050.c:510:9:MPU6050_ReadTemperatureDirect	40	static
../Core/Src/MPU6050.c:546:9:MPU6050_ReadGyroXDirect	40	static
../Core/Src/MPU6050.c:582:9:MPU6050_ReadGyroYDirect	40	static
../Core/Src/MPU6050.c:618:9:MPU6050_ReadGyroZDirect	40	static
../Core/Src/MPU6050.c:654:9:MPU6050_ReadAccelXDirect	40	static
../Core/Src/MPU6050.c:690:9:MPU6050_ReadAccelYDirect	40	static
../Core/Src/MPU6050.c:726:9:MPU6050_ReadAccelZDirect	40	static
../Core/Src/MPU6050.c:762:9:MPU6050_ReadFIFO	64	static
../Core/Src/MPU6050.c:830:10:MPU6050_ReadBytesInFIFO	32	static
../Core/Src/MPU6050.c:854:19:MPU6050_ReadRegister	32	static
../Core/Src/MPU6050.c:858:19:MPU6050_ReadRegisters	32	static
../Core/Src/MPU6050.c:862:19:MPU6050_WriteRegister	32	static
