../Core/Src/NMPC.c:892:13:NMPC_ApplyCachedWarmStart.part.0	48	static
../Core/Src/NMPC.c:340:5:NMPC_Init	16	static
../Core/Src/NMPC.c:373:5:NMPC_SetThrustScale	0	static
../Core/Src/NMPC.c:395:6:NMPC_ResetActuatorEstimator	0	static
../Core/Src/NMPC.c:424:5:NMPC_UpdateActuatorEstimator	104	static
../Core/Src/NMPC.c:479:5:NMPC_SetState	40	static
../Core/Src/NMPC.c:527:5:NMPC_SetAppliedControl	12	static
../Core/Src/NMPC.c:551:5:NMPC_SetReference	216	static
../Core/Src/NMPC.c:594:5:NMPC_SetEdfOperatingLimits	128	static
../Core/Src/NMPC.c:740:5:NMPC_Solve	256	static
../Core/Src/NMPC.c:846:6:NMPC_GetControl	8	static
../Core/Src/NMPC.c:864:6:NMPC_DeInit	16	static
