../Core/Src/NRF24L01.c:17:20:nrf_cs_low	16	static
../Core/Src/NRF24L01.c:25:20:nrf_cs_high	16	static
../Core/Src/NRF24L01.c:33:20:nrf_ce_low	16	static
../Core/Src/NRF24L01.c:41:20:nrf_ce_high	16	static
../Core/Src/NRF24L01.c:49:23:nrf_spi_txrx	32	static
../Core/Src/NRF24L01.c:73:6:NRF24_pin_config	24	static
../Core/Src/NRF24L01.c:106:9:NRF24_SPI_Write	32	static
../Core/Src/NRF24L01.c:133:9:NRF24_SPI_Read	40	static
../Core/Src/NRF24L01.c:161:9:NRF24_ReadRegister	32	static
../Core/Src/NRF24L01.c:190:9:NRF24_WriteRegister	32	static
../Core/Src/NRF24L01.c:218:9:NRF24_SPI_Transceive	40	static
../Core/Src/NRF24L01.c:243:9:NRF24_ReadStatus	16	static
../Core/Src/NRF24L01.c:269:6:NRF24_HandleIRQ	24	static
../Core/Src/NRF24L01.c:319:6:NRF24_init	24	static
../Core/Src/NRF24L01.c:459:9:NRF24_Send	24	static
../Core/Src/NRF24L01.c:527:9:NRF24_ReadRXPayload	32	static
../Core/Src/NRF24L01.c:595:9:NRF24_SetTXAddress	24	static
../Core/Src/NRF24L01.c:635:10:NRF24_SetRXAddress	32	static
../Core/Src/NRF24L01.c:683:9:NRF24_GetLinkQuality	24	static
../Core/Src/NRF24L01.c:702:9:NRF24_GetRxPipe	24	static
