../Core/Src/NRF24L01.c:78:6:NRF24_pin_config	8	static
../Core/Src/NRF24L01.c:111:9:NRF24_SPI_Write	40	static
../Core/Src/NRF24L01.c:138:9:NRF24_SPI_Read	40	static
../Core/Src/NRF24L01.c:166:9:NRF24_ReadRegister	40	static
../Core/Src/NRF24L01.c:195:9:NRF24_WriteRegister	40	static
../Core/Src/NRF24L01.c:223:9:NRF24_SPI_Transceive	40	static
../Core/Src/NRF24L01.c:248:9:NRF24_ReadStatus	32	static
../Core/Src/NRF24L01.c:278:6:NRF24_HandleIRQ	32	static
../Core/Src/NRF24L01.c:329:6:NRF24_PollWatchdog	32	static
../Core/Src/NRF24L01.c:356:6:NRF24_init	40	static
../Core/Src/NRF24L01.c:497:9:NRF24_Send	40	static
../Core/Src/NRF24L01.c:580:9:NRF24_ReadRXPayload	48	static
../Core/Src/NRF24L01.c:648:9:NRF24_SetTXAddress	40	static
../Core/Src/NRF24L01.c:688:10:NRF24_SetRXAddress	40	static
../Core/Src/NRF24L01.c:736:9:NRF24_GetLinkQuality	32	static
../Core/Src/NRF24L01.c:755:9:NRF24_GetRxPipe	24	static
