../Core/Src/NRF24L01.c:18:20:nrf_cs_low	16	static
../Core/Src/NRF24L01.c:26:20:nrf_cs_high	16	static
../Core/Src/NRF24L01.c:34:20:nrf_ce_low	16	static
../Core/Src/NRF24L01.c:42:20:nrf_ce_high	16	static
../Core/Src/NRF24L01.c:50:23:nrf_spi_txrx	32	static
../Core/Src/NRF24L01.c:74:6:NRF24_pin_config	24	static
../Core/Src/NRF24L01.c:107:9:NRF24_SPI_Write	32	static
../Core/Src/NRF24L01.c:134:9:NRF24_SPI_Read	40	static
../Core/Src/NRF24L01.c:162:9:NRF24_ReadRegister	32	static
../Core/Src/NRF24L01.c:191:9:NRF24_WriteRegister	32	static
../Core/Src/NRF24L01.c:219:9:NRF24_SPI_Transceive	40	static
../Core/Src/NRF24L01.c:244:9:NRF24_ReadStatus	16	static
../Core/Src/NRF24L01.c:270:6:NRF24_HandleIRQ	24	static
../Core/Src/NRF24L01.c:320:6:NRF24_init	24	static
../Core/Src/NRF24L01.c:460:9:NRF24_Send	24	static
../Core/Src/NRF24L01.c:528:9:NRF24_ReadRXPayload	32	static
../Core/Src/NRF24L01.c:596:9:NRF24_SetTXAddress	24	static
../Core/Src/NRF24L01.c:636:10:NRF24_SetRXAddress	32	static
../Core/Src/NRF24L01.c:684:9:NRF24_GetLinkQuality	24	static
../Core/Src/NRF24L01.c:703:9:NRF24_GetRxPipe	24	static
