../Core/Src/PMW3901.c:16:20:pmw_cs_low	16	static
../Core/Src/PMW3901.c:22:20:pmw_cs_high	16	static
../Core/Src/PMW3901.c:28:20:pmw_reset_low	16	static
../Core/Src/PMW3901.c:37:20:pmw_reset_high	16	static
../Core/Src/PMW3901.c:46:23:pmw_spi_txrx	32	static
../Core/Src/PMW3901.c:59:20:pmw_delay_us	24	static
../Core/Src/PMW3901.c:88:6:PMW3901_pin_config	24	static
../Core/Src/PMW3901.c:130:9:PMW3901_SPI_Write	32	static
../Core/Src/PMW3901.c:163:9:PMW3901_SPI_Read	40	static
../Core/Src/PMW3901.c:196:9:PMW3901_SPI_Transceive	40	static
../Core/Src/PMW3901.c:229:9:PMW3901_ReadRegister	24	static
../Core/Src/PMW3901.c:263:9:PMW3901_WriteRegister	16	static
../Core/Src/PMW3901.c:295:6:PMW3901_Reset	16	static
../Core/Src/PMW3901.c:322:9:PMW3901_ReadProductId	16	static
../Core/Src/PMW3901.c:343:9:PMW3901_init	24	static
../Core/Src/PMW3901.c:459:9:PMW3901_MotionDetected	16	static
../Core/Src/PMW3901.c:481:9:PMW3901_ReadMotion	24	static
../Core/Src/PMW3901.c:530:9:PMW3901_ReadMotionBurst	40	static
../Core/Src/PMW3901.c:581:9:PMW3901_MotionValid	16	static
../Core/Src/PMW3901.c:607:6:PMW3901_ClearMotion	16	static
../Core/Src/PMW3901.c:641:9:PMW3901_GetSQUAL	16	static
../Core/Src/PMW3901.c:662:10:PMW3901_GetShutter	16	static
../Core/Src/PMW3901.c:683:6:PMW3901_AccumulatePosition	16	static
../Core/Src/PMW3901.c:717:6:PMW3901_Update	24	static
