../Core/Src/PMW3901.c:230:9:PMW3901_ReadRegister.part.0	32	static
../Core/Src/PMW3901.c:89:6:PMW3901_pin_config	40	static
../Core/Src/PMW3901.c:131:9:PMW3901_SPI_Write	48	static
../Core/Src/PMW3901.c:164:9:PMW3901_SPI_Read	48	static
../Core/Src/PMW3901.c:197:9:PMW3901_SPI_Transceive	48	static
../Core/Src/PMW3901.c:230:9:PMW3901_ReadRegister	0	static
../Core/Src/PMW3901.c:264:9:PMW3901_WriteRegister	40	static
../Core/Src/PMW3901.c:296:6:PMW3901_Reset	8	static
../Core/Src/PMW3901.c:323:9:PMW3901_ReadProductId	0	static
../Core/Src/PMW3901.c:344:9:PMW3901_init	24	static
../Core/Src/PMW3901.c:529:9:PMW3901_MotionDetected	8	static
../Core/Src/PMW3901.c:551:9:PMW3901_ReadMotion	16	static
../Core/Src/PMW3901.c:600:9:PMW3901_ReadMotionBurst	56	static
../Core/Src/PMW3901.c:651:9:PMW3901_MotionValid	0	static
../Core/Src/PMW3901.c:678:6:PMW3901_ClearMotion	0	static
../Core/Src/PMW3901.c:712:9:PMW3901_GetSQUAL	0	static
../Core/Src/PMW3901.c:733:10:PMW3901_GetShutter	0	static
../Core/Src/PMW3901.c:754:6:PMW3901_AccumulatePosition	0	static
../Core/Src/PMW3901.c:788:6:PMW3901_Update	32	static
