../Core/Src/PMW3901.c:229:9:PMW3901_ReadRegister.part.0	32	static
../Core/Src/PMW3901.c:88:6:PMW3901_pin_config	40	static
../Core/Src/PMW3901.c:130:9:PMW3901_SPI_Write	48	static
../Core/Src/PMW3901.c:163:9:PMW3901_SPI_Read	48	static
../Core/Src/PMW3901.c:196:9:PMW3901_SPI_Transceive	48	static
../Core/Src/PMW3901.c:229:9:PMW3901_ReadRegister	0	static
../Core/Src/PMW3901.c:263:9:PMW3901_WriteRegister	40	static
../Core/Src/PMW3901.c:295:6:PMW3901_Reset	8	static
../Core/Src/PMW3901.c:322:9:PMW3901_ReadProductId	0	static
../Core/Src/PMW3901.c:343:9:PMW3901_init	24	static
../Core/Src/PMW3901.c:459:9:PMW3901_MotionDetected	8	static
../Core/Src/PMW3901.c:481:9:PMW3901_ReadMotion	16	static
../Core/Src/PMW3901.c:530:9:PMW3901_ReadMotionBurst	56	static
../Core/Src/PMW3901.c:581:9:PMW3901_MotionValid	0	static
../Core/Src/PMW3901.c:607:6:PMW3901_ClearMotion	0	static
../Core/Src/PMW3901.c:641:9:PMW3901_GetSQUAL	0	static
../Core/Src/PMW3901.c:662:10:PMW3901_GetShutter	0	static
../Core/Src/PMW3901.c:683:6:PMW3901_AccumulatePosition	0	static
../Core/Src/PMW3901.c:717:6:PMW3901_Update	8	static
