Archive member included to satisfy reference by file (symbol)

C:/ST/STM32CubeIDE_1.18.1/STM32CubeIDE/plugins/com.st.stm32cube.ide.mcu.externaltools.gnu-tools-for-stm32.13.3.rel1.win32_1.0.0.202411081344/tools/bin/../lib/gcc/arm-none-eabi/13.3.1/../../../../arm-none-eabi/lib/thumb/v7e-m+dp/hard\libc_nano.a(libc_a-exit.o)
                              C:/ST/STM32CubeIDE_1.18.1/STM32CubeIDE/plugins/com.st.stm32cube.ide.mcu.externaltools.gnu-tools-for-stm32.13.3.rel1.win32_1.0.0.202411081344/tools/bin/../lib/gcc/arm-none-eabi/13.3.1/../../../../arm-none-eabi/lib/thumb/v7e-m+dp/hard/crt0.o (exit)
C:/ST/STM32CubeIDE_1.18.1/STM32CubeIDE/plugins/com.st.stm32cube.ide.mcu.externaltools.gnu-tools-for-stm32.13.3.rel1.win32_1.0.0.202411081344/tools/bin/../lib/gcc/arm-none-eabi/13.3.1/../../../../arm-none-eabi/lib/thumb/v7e-m+dp/hard\libc_nano.a(libc_a-findfp.o)
                              C:/ST/STM32CubeIDE_1.18.1/STM32CubeIDE/plugins/com.st.stm32cube.ide.mcu.externaltools.gnu-tools-for-stm32.13.3.rel1.win32_1.0.0.202411081344/tools/bin/../lib/gcc/arm-none-eabi/13.3.1/../../../../arm-none-eabi/lib/thumb/v7e-m+dp/hard\libc_nano.a(libc_a-exit.o) (__stdio_exit_handler)
C:/ST/STM32CubeIDE_1.18.1/STM32CubeIDE/plugins/com.st.stm32cube.ide.mcu.externaltools.gnu-tools-for-stm32.13.3.rel1.win32_1.0.0.202411081344/tools/bin/../lib/gcc/arm-none-eabi/13.3.1/../../../../arm-none-eabi/lib/thumb/v7e-m+dp/hard\libc_nano.a(libc_a-fwalk.o)
                              C:/ST/STM32CubeIDE_1.18.1/STM32CubeIDE/plugins/com.st.stm32cube.ide.mcu.externaltools.gnu-tools-for-stm32.13.3.rel1.win32_1.0.0.202411081344/tools/bin/../lib/gcc/arm-none-eabi/13.3.1/../../../../arm-none-eabi/lib/thumb/v7e-m+dp/hard\libc_nano.a(libc_a-findfp.o) (_fwalk_sglue)
C:/ST/STM32CubeIDE_1.18.1/STM32CubeIDE/plugins/com.st.stm32cube.ide.mcu.externaltools.gnu-tools-for-stm32.13.3.rel1.win32_1.0.0.202411081344/tools/bin/../lib/gcc/arm-none-eabi/13.3.1/../../../../arm-none-eabi/lib/thumb/v7e-m+dp/hard\libc_nano.a(libc_a-stdio.o)
                              C:/ST/STM32CubeIDE_1.18.1/STM32CubeIDE/plugins/com.st.stm32cube.ide.mcu.externaltools.gnu-tools-for-stm32.13.3.rel1.win32_1.0.0.202411081344/tools/bin/../lib/gcc/arm-none-eabi/13.3.1/../../../../arm-none-eabi/lib/thumb/v7e-m+dp/hard\libc_nano.a(libc_a-findfp.o) (__sread)
C:/ST/STM32CubeIDE_1.18.1/STM32CubeIDE/plugins/com.st.stm32cube.ide.mcu.externaltools.gnu-tools-for-stm32.13.3.rel1.win32_1.0.0.202411081344/tools/bin/../lib/gcc/arm-none-eabi/13.3.1/../../../../arm-none-eabi/lib/thumb/v7e-m+dp/hard\libc_nano.a(libc_a-memset.o)
                              C:/ST/STM32CubeIDE_1.18.1/STM32CubeIDE/plugins/com.st.stm32cube.ide.mcu.externaltools.gnu-tools-for-stm32.13.3.rel1.win32_1.0.0.202411081344/tools/bin/../lib/gcc/arm-none-eabi/13.3.1/../../../../arm-none-eabi/lib/thumb/v7e-m+dp/hard/crt0.o (memset)
C:/ST/STM32CubeIDE_1.18.1/STM32CubeIDE/plugins/com.st.stm32cube.ide.mcu.externaltools.gnu-tools-for-stm32.13.3.rel1.win32_1.0.0.202411081344/tools/bin/../lib/gcc/arm-none-eabi/13.3.1/../../../../arm-none-eabi/lib/thumb/v7e-m+dp/hard\libc_nano.a(libc_a-closer.o)
                              C:/ST/STM32CubeIDE_1.18.1/STM32CubeIDE/plugins/com.st.stm32cube.ide.mcu.externaltools.gnu-tools-for-stm32.13.3.rel1.win32_1.0.0.202411081344/tools/bin/../lib/gcc/arm-none-eabi/13.3.1/../../../../arm-none-eabi/lib/thumb/v7e-m+dp/hard\libc_nano.a(libc_a-stdio.o) (_close_r)
C:/ST/STM32CubeIDE_1.18.1/STM32CubeIDE/plugins/com.st.stm32cube.ide.mcu.externaltools.gnu-tools-for-stm32.13.3.rel1.win32_1.0.0.202411081344/tools/bin/../lib/gcc/arm-none-eabi/13.3.1/../../../../arm-none-eabi/lib/thumb/v7e-m+dp/hard\libc_nano.a(libc_a-reent.o)
                              C:/ST/STM32CubeIDE_1.18.1/STM32CubeIDE/plugins/com.st.stm32cube.ide.mcu.externaltools.gnu-tools-for-stm32.13.3.rel1.win32_1.0.0.202411081344/tools/bin/../lib/gcc/arm-none-eabi/13.3.1/../../../../arm-none-eabi/lib/thumb/v7e-m+dp/hard\libc_nano.a(libc_a-closer.o) (errno)
C:/ST/STM32CubeIDE_1.18.1/STM32CubeIDE/plugins/com.st.stm32cube.ide.mcu.externaltools.gnu-tools-for-stm32.13.3.rel1.win32_1.0.0.202411081344/tools/bin/../lib/gcc/arm-none-eabi/13.3.1/../../../../arm-none-eabi/lib/thumb/v7e-m+dp/hard\libc_nano.a(libc_a-impure.o)
                              C:/ST/STM32CubeIDE_1.18.1/STM32CubeIDE/plugins/com.st.stm32cube.ide.mcu.externaltools.gnu-tools-for-stm32.13.3.rel1.win32_1.0.0.202411081344/tools/bin/../lib/gcc/arm-none-eabi/13.3.1/../../../../arm-none-eabi/lib/thumb/v7e-m+dp/hard\libc_nano.a(libc_a-reent.o) (_impure_ptr)
C:/ST/STM32CubeIDE_1.18.1/STM32CubeIDE/plugins/com.st.stm32cube.ide.mcu.externaltools.gnu-tools-for-stm32.13.3.rel1.win32_1.0.0.202411081344/tools/bin/../lib/gcc/arm-none-eabi/13.3.1/../../../../arm-none-eabi/lib/thumb/v7e-m+dp/hard\libc_nano.a(libc_a-lseekr.o)
[...]
Memory Configuration

Name             Origin             Length             Attributes
FLASH            0x08000000         0x00200000         xr
DTCMRAM          0x20000000         0x00020000         xrw
RAM_D1           0x24000000         0x00080000         xrw
RAM_D2           0x30000000         0x00048000         xrw
RAM_D3           0x38000000         0x00010000         xrw
ITCMRAM          0x00000000         0x00010000         xrw
*default*        0x00000000         0xffffffff

Linker script and memory map

LOAD C:/ST/STM32CubeIDE_1.18.1/STM32CubeIDE/plugins/com.st.stm32cube.ide.mcu.externaltools.gnu-tools-for-stm32.13.3.rel1.win32_1.0.0.202411081344/tools/bin/../lib/gcc/arm-none-eabi/13.3.1/thumb/v7e-m+dp/hard/crti.o
LOAD C:/ST/STM32CubeIDE_1.18.1/STM32CubeIDE/plugins/com.st.stm32cube.ide.mcu.externaltools.gnu-tools-for-stm32.13.3.rel1.win32_1.0.0.202411081344/tools/bin/../lib/gcc/arm-none-eabi/13.3.1/thumb/v7e-m+dp/hard/crtbegin.o
LOAD C:/ST/STM32CubeIDE_1.18.1/STM32CubeIDE/plugins/com.st.stm32cube.ide.mcu.externaltools.gnu-tools-for-stm32.13.3.rel1.win32_1.0.0.202411081344/tools/bin/../lib/gcc/arm-none-eabi/13.3.1/../../../../arm-none-eabi/lib/thumb/v7e-m+dp/hard/crt0.o
LOAD ./Core/Src/main.o
LOAD ./Core/Src/stm32h7xx_hal_msp.o
LOAD ./Core/Src/stm32h7xx_it.o
LOAD ./Core/Src/syscalls.o
LOAD ./Core/Src/sysmem.o
LOAD ./Core/Src/system_stm32h7xx.o
LOAD ./Core/Startup/startup_stm32h743vitx.o
LOAD ./Drivers/STM32H7xx_HAL_Driver/Src/stm32h7xx_hal.o
LOAD ./Drivers/STM32H7xx_HAL_Driver/Src/stm32h7xx_hal_adc.o
LOAD ./Drivers/STM32H7xx_HAL_Driver/Src/stm32h7xx_hal_adc_ex.o
LOAD ./Drivers/STM32H7xx_HAL_Driver/Src/stm32h7xx_hal_cortex.o
LOAD ./Drivers/STM32H7xx_HAL_Driver/Src/stm32h7xx_hal_dma.o
LOAD ./Drivers/STM32H7xx_HAL_Driver/Src/stm32h7xx_hal_dma_ex.o
LOAD ./Drivers/STM32H7xx_HAL_Driver/Src/stm32h7xx_hal_exti.o
LOAD ./Drivers/STM32H7xx_HAL_Driver/Src/stm32h7xx_hal_flash.o
LOAD ./Drivers/STM32H7xx_HAL_Driver/Src/stm32h7xx_hal_flash_ex.o
LOAD ./Drivers/STM32H7xx_HAL_Driver/Src/stm32h7xx_hal_gpio.o
LOAD ./Drivers/STM32H7xx_HAL_Driver/Src/stm32h7xx_hal_hsem.o
LOAD ./Drivers/STM32H7xx_HAL_Driver/Src/stm32h7xx_hal_i2c.o
LOAD ./Drivers/STM32H7xx_HAL_Driver/Src/stm32h7xx_hal_i2c_ex.o
LOAD ./Drivers/STM32H7xx_HAL_Driver/Src/stm32h7xx_hal_mdma.o
LOAD ./Drivers/STM32H7xx_HAL_Driver/Src/stm32h7xx_hal_pwr.o
LOAD ./Drivers/STM32H7xx_HAL_Driver/Src/stm32h7xx_hal_pwr_ex.o
LOAD ./Drivers/STM32H7xx_HAL_Driver/Src/stm32h7xx_hal_rcc.o
LOAD ./Drivers/STM32H7xx_HAL_Driver/Src/stm32h7xx_hal_rcc_ex.o
LOAD ./Drivers/STM32H7xx_HAL_Driver/Src/stm32h7xx_hal_rtc.o
LOAD ./Drivers/STM32H7xx_HAL_Driver/Src/stm32h7xx_hal_rtc_ex.o
LOAD ./Drivers/STM32H7xx_HAL_Driver/Src/stm32h7xx_hal_spi.o
LOAD ./Drivers/STM32H7xx_HAL_Driver/Src/stm32h7xx_hal_spi_ex.o
LOAD ./Drivers/STM32H7xx_HAL_Driver/Src/stm32h7xx_hal_uart.o
LOAD ./Drivers/STM32H7xx_HAL_Driver/Src/stm32h7xx_hal_uart_ex.o
LOAD ./FATFS/App/fatfs.o
LOAD ./FATFS/Target/user_diskio.o
LOAD ./Middlewares/Third_Party/FatFs/src/diskio.o
LOAD ./Middlewares/Third_Party/FatFs/src/ff.o
LOAD ./Middlewares/Third_Party/FatFs/src/ff_gen_drv.o
LOAD ./Middlewares/Third_Party/FatFs/src/option/syscall.o
START GROUP
LOAD C:/ST/STM32CubeIDE_1.18.1/STM32CubeIDE/plugins/com.st.stm32cube.ide.mcu.externaltools.gnu-tools-for-stm32.13.3.rel1.win32_1.0.0.202411081344/tools/bin/../lib/gcc/arm-none-eabi/13.3.1/../../../../arm-none-eabi/lib/thumb/v7e-m+dp/hard\libc_nano.a
LOAD C:/ST/STM32CubeIDE_1.18.1/STM32CubeIDE/plugins/com.st.stm32cube.ide.mcu.externaltools.gnu-tools-for-stm32.13.3.rel1.win32_1.0.0.202411081344/tools/bin/../lib/gcc/arm-none-eabi/13.3.1/../../../../arm-none-eabi/lib/thumb/v7e-m+dp/hard\libm.a
END GROUP
START GROUP
LOAD C:/ST/STM32CubeIDE_1.18.1/STM32CubeIDE/plugins/com.st.stm32cube.ide.mcu.externaltools.gnu-tools-for-stm32.13.3.rel1.win32_1.0.0.202411081344/tools/bin/../lib/gcc/arm-none-eabi/13.3.1/thumb/v7e-m+dp/hard\libgcc.a
LOAD C:/ST/STM32CubeIDE_1.18.1/STM32CubeIDE/plugins/com.st.stm32cube.ide.mcu.externaltools.gnu-tools-for-stm32.13.3.rel1.win32_1.0.0.202411081344/tools/bin/../lib/gcc/arm-none-eabi/13.3.1/../../../../arm-none-eabi/lib/thumb/v7e-m+dp/hard\libc_nano.a
END GROUP
START GROUP
LOAD C:/ST/STM32CubeIDE_1.18.1/STM32CubeIDE/plugins/com.st.stm32cube.ide.mcu.externaltools.gnu-tools-for-stm32.13.3.rel1.win32_1.0.0.202411081344/tools/bin/../lib/gcc/arm-none-eabi/13.3.1/thumb/v7e-m+dp/hard\libgcc.a
LOAD C:/ST/STM32CubeIDE_1.18.1/STM32CubeIDE/plugins/com.st.stm32cube.ide.mcu.externaltools.gnu-tools-for-stm32.13.3.rel1.win32_1.0.0.202411081344/tools/bin/../lib/gcc/arm-none-eabi/13.3.1/../../../../arm-none-eabi/lib/thumb/v7e-m+dp/hard\libc_nano.a
LOAD C:/ST/STM32CubeIDE_1.18.1/STM32CubeIDE/plugins/com.st.stm32cube.ide.mcu.externaltools.gnu-tools-for-stm32.13.3.rel1.win32_1.0.0.202411081344/tools/bin/../lib/gcc/arm-none-eabi/13.3.1/../../../../arm-none-eabi/lib/thumb/v7e-m+dp/hard\libnosys.a
END GROUP
START GROUP
LOAD C:/ST/STM32CubeIDE_1.18.1/STM32CubeIDE/plugins/com.st.stm32cube.ide.mcu.externaltools.gnu-tools-for-stm32.13.3.rel1.win32_1.0.0.202411081344/tools/bin/../lib/gcc/arm-none-eabi/13.3.1/thumb/v7e-m+dp/hard\libgcc.a
LOAD C:/ST/STM32CubeIDE_1.18.1/STM32CubeIDE/plugins/com.st.stm32cube.ide.mcu.externaltools.gnu-tools-for-stm32.13.3.rel1.win32_1.0.0.202411081344/tools/bin/../lib/gcc/arm-none-eabi/13.3.1/../../../../arm-none-eabi/lib/thumb/v7e-m+dp/hard\libc_nano.a
LOAD C:/ST/STM32CubeIDE_1.18.1/STM32CubeIDE/plugins/com.st.stm32cube.ide.mcu.externaltools.gnu-tools-for-stm32.13.3.rel1.win32_1.0.0.202411081344/tools/bin/../lib/gcc/arm-none-eabi/13.3.1/../../../../arm-none-eabi/lib/thumb/v7e-m+dp/hard\libnosys.a
END GROUP
LOAD C:/ST/STM32CubeIDE_1.18.1/STM32CubeIDE/plugins/com.st.stm32cube.ide.mcu.externaltools.gnu-tools-for-stm32.13.3.rel1.win32_1.0.0.202411081344/tools/bin/../lib/gcc/arm-none-eabi/13.3.1/thumb/v7e-m+dp/hard/crtend.o
LOAD C:/ST/STM32CubeIDE_1.18.1/STM32CubeIDE/plugins/com.st.stm32cube.ide.mcu.externaltools.gnu-tools-for-stm32.13.3.rel1.win32_1.0.0.202411081344/tools/bin/../lib/gcc/arm-none-eabi/13.3.1/thumb/v7e-m+dp/hard/crtn.o
                0x24080000                        _estack = (ORIGIN (RAM_D1) + LENGTH (RAM_D1))
                0x00000200                        _Min_Heap_Size = 0x200
                0x00000400                        _Min_Stack_Size = 0x400

.isr_vector     0x08000000      0x298
                0x08000000                        . = ALIGN (0x4)
 *(.isr_vector)
 .isr_vector    0x08000000      0x298 ./Core/Startup/startup_stm32h743vitx.o
                0x08000000                g_pfnVectors
                0x08000298                        . = ALIGN (0x4)

.text           0x08000298     0x7cf4
                0x08000298                        . = ALIGN (0x4)
 *(.text)
 .text          0x08000298       0x40 C:/ST/STM32CubeIDE_1.18.1/STM32CubeIDE/plugins/com.st.stm32cube.ide.mcu.externaltools.gnu-tools-for-stm32.13.3.rel1.win32_1.0.0.202411081344/tools/bin/../lib/gcc/arm-none-eabi/13.3.1/thumb/v7e-m+dp/hard/crtbegin.o
 .text          0x080002d8       0x30 C:/ST/STM32CubeIDE_1.18.1/STM32CubeIDE/plugins/com.st.stm32cube.ide.mcu.externaltools.gnu-tools-for-stm32.13.3.rel1.win32_1.0.0.202411081344/tools/bin/../lib/gcc/arm-none-eabi/13.3.1/thumb/v7e-m+dp/hard\libgcc.a(_aeabi_uldivmod.o)
                0x080002d8                __aeabi_uldivmod
 .text          0x08000308      0x2f8 C:/ST/STM32CubeIDE_1.18.1/STM32CubeIDE/plugins/com.st.stm32cube.ide.mcu.externaltools.gnu-tools-for-stm32.13.3.rel1.win32_1.0.0.202411081344/tools/bin/../lib/gcc/arm-none-eabi/13.3.1/thumb/v7e-m+dp/hard\libgcc.a(_udivmoddi4.o)
                0x08000308                __udivmoddi4
 .text          0x08000600        0x4 C:/ST/STM32CubeIDE_1.18.1/STM32CubeIDE/plugins/com.st.stm32cube.ide.mcu.externaltools.gnu-tools-for-stm32.13.3.rel1.win32_1.0.0.202411081344/tools/bin/../lib/gcc/arm-none-eabi/13.3.1/thumb/v7e-m+dp/hard\libgcc.a(_dvmd_tls.o)
                0x08000600                __aeabi_idiv0
                0x08000600                __aeabi_ldiv0
 *(.text*)
 .text.main     0x08000604       0x38 ./Core/Src/main.o
                0x08000604                main
 .text.SystemClock_Config
                0x0800063c      0x110 ./Core/Src/main.o
                0x0800063c                SystemClock_Config
 .text.MX_ADC1_Init
                0x0800074c       0xf8 ./Core/Src/main.o
 .text.MX_RTC_Init
                0x08000844       0x50 ./Core/Src/main.o
 .text.MX_SPI3_Init
                0x08000894       0xac ./Core/Src/main.o
 .text.MX_SPI4_Init
                0x08000940       0xac ./Core/Src/main.o
 .text.MX_SPI6_Init
                0x080009ec       0xac ./Core/Src/main.o
 .text.MX_UART5_Init
                0x08000a98       0x98 ./Core/Src/main.o
 .text.MX_USART1_UART_Init
                0x08000b30       0x98 ./Core/Src/main.o
 .text.MX_GPIO_Init
                0x08000bc8       0xe4 ./Core/Src/main.o
 .text.MPU_Config
                0x08000cac       0x58 ./Core/Src/main.o
 .text.Error_Handler
                0x08000d04        0xc ./Core/Src/main.o
                0x08000d04                Error_Handler
 .text.HAL_MspInit
                0x08000d10       0x34 ./Core/Src/stm32h7xx_hal_msp.o
                0x08000d10                HAL_MspInit
 .text.HAL_ADC_MspInit
                0x08000d44       0xe4 ./Core/Src/stm32h7xx_hal_msp.o
                0x08000d44                HAL_ADC_MspInit
 .text.HAL_RTC_MspInit
                0x08000e28       0x64 ./Core/Src/stm32h7xx_hal_msp.o
                0x08000e28                HAL_RTC_MspInit
 .text.HAL_SPI_MspInit
                0x08000e8c      0x260 ./Core/Src/stm32h7xx_hal_msp.o
                0x08000e8c                HAL_SPI_MspInit
 .text.HAL_UART_MspInit
                0x080010ec      0x170 ./Core/Src/stm32h7xx_hal_msp.o
                0x080010ec                HAL_UART_MspInit
 .text.NMI_Handler
                0x0800125c        0x8 ./Core/Src/stm32h7xx_it.o
                0x0800125c                NMI_Handler
 .text.HardFault_Handler
                0x08001264        0x8 ./Core/Src/stm32h7xx_it.o
                0x08001264                HardFault_Handler
 .text.MemManage_Handler
                0x0800126c        0x8 ./Core/Src/stm32h7xx_it.o
                0x0800126c                MemManage_Handler
 .text.BusFault_Handler
                0x08001274        0x8 ./Core/Src/stm32h7xx_it.o
                0x08001274                BusFault_Handler
 .text.UsageFault_Handler
                0x0800127c        0x8 ./Core/Src/stm32h7xx_it.o
                0x0800127c                UsageFault_Handler
 .text.SVC_Handler
                0x08001284        0xe ./Core/Src/stm32h7xx_it.o
                0x08001284                SVC_Handler
 .text.DebugMon_Handler
                0x08001292        0xe ./Core/Src/stm32h7xx_it.o
                0x08001292                DebugMon_Handler
 .text.PendSV_Handler
                0x080012a0        0xe ./Core/Src/stm32h7xx_it.o
                0x080012a0                PendSV_Handler
 .text.SysTick_Handler
                0x080012ae        0xc ./Core/Src/stm32h7xx_it.o
                0x080012ae                SysTick_Handler
 *fill*         0x080012ba        0x2 
 .text.SystemInit
                0x080012bc      0x140 ./Core/Src/system_stm32h7xx.o
                0x080012bc                SystemInit
 .text.ExitRun0Mode
                0x080013fc       0x30 ./Core/Src/system_stm32h7xx.o
                0x080013fc                ExitRun0Mode
 .text.Reset_Handler
                0x0800142c       0x54 ./Core/Startup/startup_stm32h743vitx.o
                0x0800142c                Reset_Handler
 .text.Default_Handler
                0x08001480        0x2 ./Core/Startup/startup_stm32h743vitx.o
                0x08001480                RTC_Alarm_IRQHandler
                0x08001480                EXTI2_IRQHandler
                0x08001480                TIM8_CC_IRQHandler
                0x08001480                HRTIM1_Master_IRQHandler
                0x08001480                UART8_IRQHandler
                0x08001480                SPI4_IRQHandler
                0x08001480                TIM1_CC_IRQHandler
                0x08001480                BDMA_Channel6_IRQHandler
                0x08001480                DMA2_Stream5_IRQHandler
                0x08001480                HRTIM1_FLT_IRQHandler
                0x08001480                JPEG_IRQHandler
                0x08001480                DMA1_Stream5_IRQHandler
                0x08001480                BDMA_Channel1_IRQHandler
                0x08001480                HRTIM1_TIMD_IRQHandler
                0x08001480                TAMP_STAMP_IRQHandler
                0x08001480                EXTI3_IRQHandler
                0x08001480                LPTIM4_IRQHandler
                0x08001480                TIM8_TRG_COM_TIM14_IRQHandler
                0x08001480                LPTIM2_IRQHandler
                0x08001480                DFSDM1_FLT1_IRQHandler
                0x08001480                DMAMUX2_OVR_IRQHandler
                0x08001480                TIM8_UP_TIM13_IRQHandler
                0x08001480                I2C3_ER_IRQHandler
                0x08001480                DFSDM1_FLT2_IRQHandler
                0x08001480                MDMA_IRQHandler
                0x08001480                LPTIM3_IRQHandler
                0x08001480                HSEM1_IRQHandler
                0x08001480                EXTI0_IRQHandler
                0x08001480                I2C2_EV_IRQHandler
                0x08001480                DMA1_Stream2_IRQHandler
                0x08001480                FPU_IRQHandler
                0x08001480                OTG_HS_WKUP_IRQHandler
                0x08001480                FDCAN1_IT1_IRQHandler
                0x08001480                LTDC_ER_IRQHandler
                0x08001480                DMA2_Stream2_IRQHandler
                0x08001480                HRTIM1_TIME_IRQHandler
                0x08001480                SPI1_IRQHandler
                0x08001480                TIM6_DAC_IRQHandler
                0x08001480                DCMI_IRQHandler
                0x08001480                HRTIM1_TIMC_IRQHandler
                0x08001480                DMA2_Stream3_IRQHandler
                0x08001480                SAI2_IRQHandler
                0x08001480                DFSDM1_FLT3_IRQHandler
                0x08001480                USART6_IRQHandler
                0x08001480                TIM17_IRQHandler
                0x08001480                USART3_IRQHandler
                0x08001480                BDMA_Channel7_IRQHandler
                0x08001480                LPTIM5_IRQHandler
                0x08001480                UART5_IRQHandler
                0x08001480                ADC3_IRQHandler
                0x08001480                DMA2_Stream0_IRQHandler
                0x08001480                TIM4_IRQHandler
                0x08001480                BDMA_Channel2_IRQHandler
                0x08001480                QUADSPI_IRQHandler
                0x08001480                I2C1_EV_IRQHandler
                0x08001480                DMA1_Stream6_IRQHandler
                0x08001480                DMAMUX1_OVR_IRQHandler
                0x08001480                DMA1_Stream1_IRQHandler
                0x08001480                TIM16_IRQHandler
                0x08001480                UART4_IRQHandler
                0x08001480                BDMA_Channel5_IRQHandler
                0x08001480                TIM3_IRQHandler
                0x08001480                RCC_IRQHandler
                0x08001480                TIM8_BRK_TIM12_IRQHandler
                0x08001480                TIM1_TRG_COM_IRQHandler
                0x08001480                Default_Handler
                0x08001480                ECC_IRQHandler
                0x08001480                CEC_IRQHandler
                0x08001480                EXTI15_10_IRQHandler
                0x08001480                BDMA_Channel0_IRQHandler
                0x08001480                ADC_IRQHandler
                0x08001480                DMA1_Stream7_IRQHandler
                0x08001480                HRTIM1_TIMA_IRQHandler
                0x08001480                SPI5_IRQHandler
                0x08001480                TIM7_IRQHandler
                0x08001480                SDMMC1_IRQHandler
                0x08001480                TIM5_IRQHandler
                0x08001480                DMA2_Stream7_IRQHandler
                0x08001480                TIM15_IRQHandler
                0x08001480                PVD_AVD_IRQHandler
                0x08001480                I2C3_EV_IRQHandler
                0x08001480                EXTI9_5_IRQHandler
                0x08001480                RTC_WKUP_IRQHandler
                0x08001480                LTDC_IRQHandler
                0x08001480                SAI3_IRQHandler
                0x08001480                ETH_WKUP_IRQHandler
                0x08001480                SPDIF_RX_IRQHandler
                0x08001480                SPI2_IRQHandler
                0x08001480                OTG_HS_EP1_IN_IRQHandler
                0x08001480                DMA1_Stream0_IRQHandler
                0x08001480                CRS_IRQHandler
                0x08001480                EXTI4_IRQHandler
                0x08001480                RNG_IRQHandler
                0x08001480                HRTIM1_TIMB_IRQHandler
                0x08001480                FDCAN2_IT1_IRQHandler
                0x08001480                ETH_IRQHandler
                0x08001480                TIM1_UP_IRQHandler
                0x08001480                BDMA_Channel4_IRQHandler
                0x08001480                OTG_HS_EP1_OUT_IRQHandler
                0x08001480                WWDG_IRQHandler
                0x08001480                SPI6_IRQHandler
                0x08001480                MDIOS_IRQHandler
                0x08001480                I2C4_EV_IRQHandler
                0x08001480                FDCAN2_IT0_IRQHandler
                0x08001480                LPUART1_IRQHandler
                0x08001480                FDCAN1_IT0_IRQHandler
                0x08001480                TIM2_IRQHandler
                0x08001480                OTG_FS_WKUP_IRQHandler
                0x08001480                OTG_HS_IRQHandler
                0x08001480                DMA2D_IRQHandler
                0x08001480                TIM1_BRK_IRQHandler
                0x08001480                EXTI1_IRQHandler
                0x08001480                SDMMC2_IRQHandler
                0x08001480                OTG_FS_EP1_OUT_IRQHandler
                0x08001480                BDMA_Channel3_IRQHandler
                0x08001480                UART7_IRQHandler
                0x08001480                MDIOS_WKUP_IRQHandler
                0x08001480                USART2_IRQHandler
                0x08001480                DFSDM1_FLT0_IRQHandler
                0x08001480                SAI4_IRQHandler
                0x08001480                I2C2_ER_IRQHandler
                0x08001480                DMA2_Stream1_IRQHandler
                0x08001480                FLASH_IRQHandler
                0x08001480                DMA2_Stream4_IRQHandler
                0x08001480                USART1_IRQHandler
                0x08001480                OTG_FS_IRQHandler
                0x08001480                SPI3_IRQHandler
                0x08001480                WAKEUP_PIN_IRQHandler
                0x08001480                DMA1_Stream4_IRQHandler
                0x08001480                OTG_FS_EP1_IN_IRQHandler
                0x08001480                I2C1_ER_IRQHandler
                0x08001480                FMC_IRQHandler
                0x08001480                FDCAN_CAL_IRQHandler
                0x08001480                SWPMI1_IRQHandler
                0x08001480                COMP1_IRQHandler
                0x08001480                LPTIM1_IRQHandler
                0x08001480                I2C4_ER_IRQHandler
                0x08001480                DMA2_Stream6_IRQHandler
                0x08001480                SAI1_IRQHandler
                0x08001480                DMA1_Stream3_IRQHandler
 *fill*         0x08001482        0x2 
 .text.HAL_Init
                0x08001484       0x78 ./Drivers/STM32H7xx_HAL_Driver/Src/stm32h7xx_hal.o
                0x08001484                HAL_Init
 .text.HAL_InitTick
                0x080014fc       0x6c ./Drivers/STM32H7xx_HAL_Driver/Src/stm32h7xx_hal.o
                0x080014fc                HAL_InitTick
 .text.HAL_IncTick
                0x08001568       0x28 ./Drivers/STM32H7xx_HAL_Driver/Src/stm32h7xx_hal.o
                0x08001568                HAL_IncTick
 .text.HAL_GetTick
                0x08001590       0x18 ./Drivers/STM32H7xx_HAL_Driver/Src/stm32h7xx_hal.o
                0x08001590                HAL_GetTick
 .text.HAL_GetREVID
                0x080015a8       0x18 ./Drivers/STM32H7xx_HAL_Driver/Src/stm32h7xx_hal.o
                0x080015a8                HAL_GetREVID
 .text.LL_ADC_SetCommonClock
                0x080015c0       0x26 ./Drivers/STM32H7xx_HAL_Driver/Src/stm32h7xx_hal_adc.o
 .text.LL_ADC_SetCommonPathInternalCh
                0x080015e6       0x26 ./Drivers/STM32H7xx_HAL_Driver/Src/stm32h7xx_hal_adc.o
 .text.LL_ADC_GetCommonPathInternalCh
                0x0800160c       0x1c ./Drivers/STM32H7xx_HAL_Driver/Src/stm32h7xx_hal_adc.o
 .text.LL_ADC_SetChannelPreselection
                0x08001628       0x66 ./Drivers/STM32H7xx_HAL_Driver/Src/stm32h7xx_hal_adc.o
 .text.LL_ADC_SetOffset
                0x0800168e       0x40 ./Drivers/STM32H7xx_HAL_Driver/Src/stm32h7xx_hal_adc.o
 .text.LL_ADC_SetDataRightShift
                0x080016ce       0x32 ./Drivers/STM32H7xx_HAL_Driver/Src/stm32h7xx_hal_adc.o
 .text.LL_ADC_SetOffsetSignedSaturation
                0x08001700       0x36 ./Drivers/STM32H7xx_HAL_Driver/Src/stm32h7xx_hal_adc.o
 .text.LL_ADC_REG_SetSequencerRanks
                0x08001736       0x58 ./Drivers/STM32H7xx_HAL_Driver/Src/stm32h7xx_hal_adc.o
 .text.LL_ADC_SetChannelSamplingTime
                0x0800178e       0x56 ./Drivers/STM32H7xx_HAL_Driver/Src/stm32h7xx_hal_adc.o
 .text.LL_ADC_SetChannelSingleDiff
                0x080017e4       0x48 ./Drivers/STM32H7xx_HAL_Driver/Src/stm32h7xx_hal_adc.o
 .text.LL_ADC_DisableDeepPowerDown
                0x0800182c       0x24 ./Drivers/STM32H7xx_HAL_Driver/Src/stm32h7xx_hal_adc.o
 .text.LL_ADC_IsDeepPowerDownEnabled
                0x08001850       0x28 ./Drivers/STM32H7xx_HAL_Driver/Src/stm32h7xx_hal_adc.o
 .text.LL_ADC_EnableInternalRegulator
                0x08001878       0x28 ./Drivers/STM32H7xx_HAL_Driver/Src/stm32h7xx_hal_adc.o
 .text.LL_ADC_IsInternalRegulatorEnabled
                0x080018a0       0x28 ./Drivers/STM32H7xx_HAL_Driver/Src/stm32h7xx_hal_adc.o
 .text.LL_ADC_IsEnabled
                0x080018c8       0x26 ./Drivers/STM32H7xx_HAL_Driver/Src/stm32h7xx_hal_adc.o
 .text.LL_ADC_REG_IsConversionOngoing
                0x080018ee       0x26 ./Drivers/STM32H7xx_HAL_Driver/Src/stm32h7xx_hal_adc.o
 .text.LL_ADC_INJ_IsConversionOngoing
                0x08001914       0x26 ./Drivers/STM32H7xx_HAL_Driver/Src/stm32h7xx_hal_adc.o
 *fill*         0x0800193a        0x2 
 .text.HAL_ADC_Init
                0x0800193c      0x344 ./Drivers/STM32H7xx_HAL_Driver/Src/stm32h7xx_hal_adc.o
                0x0800193c                HAL_ADC_Init
 .text.HAL_ADC_ConfigChannel
                0x08001c80      0x5e0 ./Drivers/STM32H7xx_HAL_Driver/Src/stm32h7xx_hal_adc.o
                0x08001c80                HAL_ADC_ConfigChannel
 .text.ADC_ConfigureBoostMode
                0x08002260      0x218 ./Drivers/STM32H7xx_HAL_Driver/Src/stm32h7xx_hal_adc.o
                0x08002260                ADC_ConfigureBoostMode
 .text.LL_ADC_IsEnabled
                0x08002478       0x26 ./Drivers/STM32H7xx_HAL_Driver/Src/stm32h7xx_hal_adc_ex.o
 .text.LL_ADC_REG_IsConversionOngoing
                0x0800249e       0x26 ./Drivers/STM32H7xx_HAL_Driver/Src/stm32h7xx_hal_adc_ex.o
 .text.HAL_ADCEx_MultiModeConfigChannel
                0x080024c4      0x1bc ./Drivers/STM32H7xx_HAL_Driver/Src/stm32h7xx_hal_adc_ex.o
                0x080024c4                HAL_ADCEx_MultiModeConfigChannel
 .text.__NVIC_SetPriorityGrouping
                0x08002680       0x48 ./Drivers/STM32H7xx_HAL_Driver/Src/stm32h7xx_hal_cortex.o
 .text.__NVIC_GetPriorityGrouping
                0x080026c8       0x1c ./Drivers/STM32H7xx_HAL_Driver/Src/stm32h7xx_hal_cortex.o
 .text.__NVIC_SetPriority
                0x080026e4       0x54 ./Drivers/STM32H7xx_HAL_Driver/Src/stm32h7xx_hal_cortex.o
 .text.NVIC_EncodePriority
                0x08002738       0x66 ./Drivers/STM32H7xx_HAL_Driver/Src/stm32h7xx_hal_cortex.o
 *fill*         0x0800279e        0x2 
 .text.SysTick_Config
                0x080027a0       0x44 ./Drivers/STM32H7xx_HAL_Driver/Src/stm32h7xx_hal_cortex.o
 .text.HAL_NVIC_SetPriorityGrouping
                0x080027e4       0x16 ./Drivers/STM32H7xx_HAL_Driver/Src/stm32h7xx_hal_cortex.o
                0x080027e4                HAL_NVIC_SetPriorityGrouping
 .text.HAL_NVIC_SetPriority
                0x080027fa       0x34 ./Drivers/STM32H7xx_HAL_Driver/Src/stm32h7xx_hal_cortex.o
                0x080027fa                HAL_NVIC_SetPriority
 .text.HAL_SYSTICK_Config
                0x0800282e       0x18 ./Drivers/STM32H7xx_HAL_Driver/Src/stm32h7xx_hal_cortex.o
                0x0800282e                HAL_SYSTICK_Config
 *fill*         0x08002846        0x2 
 .text.HAL_MPU_Disable
                0x08002848       0x30 ./Drivers/STM32H7xx_HAL_Driver/Src/stm32h7xx_hal_cortex.o
                0x08002848                HAL_MPU_Disable
 .text.HAL_MPU_Enable
                0x08002878       0x40 ./Drivers/STM32H7xx_HAL_Driver/Src/stm32h7xx_hal_cortex.o
                0x08002878                HAL_MPU_Enable
 .text.HAL_MPU_ConfigRegion
                0x080028b8       0x80 ./Drivers/STM32H7xx_HAL_Driver/Src/stm32h7xx_hal_cortex.o
                0x080028b8                HAL_MPU_ConfigRegion
 .text.HAL_GPIO_Init
                0x08002938      0x360 ./Drivers/STM32H7xx_HAL_Driver/Src/stm32h7xx_hal_gpio.o
                0x08002938                HAL_GPIO_Init
 .text.HAL_GPIO_WritePin
                0x08002c98       0x32 ./Drivers/STM32H7xx_HAL_Driver/Src/stm32h7xx_hal_gpio.o
                0x08002c98                HAL_GPIO_WritePin
 *fill*         0x08002cca        0x2 
 .text.HAL_PWR_EnableBkUpAccess
                0x08002ccc       0x20 ./Drivers/STM32H7xx_HAL_Driver/Src/stm32h7xx_hal_pwr.o
                0x08002ccc                HAL_PWR_EnableBkUpAccess
 .text.HAL_PWREx_ConfigSupply
                0x08002cec       0x74 ./Drivers/STM32H7xx_HAL_Driver/Src/stm32h7xx_hal_pwr_ex.o
                0x08002cec                HAL_PWREx_ConfigSupply
 .text.HAL_RCC_OscConfig
                0x08002d60      0x8b4 ./Drivers/STM32H7xx_HAL_Driver/Src/stm32h7xx_hal_rcc.o
                0x08002d60                HAL_RCC_OscConfig
 .text.HAL_RCC_ClockConfig
                0x08003614      0x36c ./Drivers/STM32H7xx_HAL_Driver/Src/stm32h7xx_hal_rcc.o
                0x08003614                HAL_RCC_ClockConfig
 .text.HAL_RCC_GetSysClockFreq
                0x08003980      0x2f4 ./Drivers/STM32H7xx_HAL_Driver/Src/stm32h7xx_hal_rcc.o
                0x08003980                HAL_RCC_GetSysClockFreq
 .text.HAL_RCC_GetHCLKFreq
                0x08003c74       0x60 ./Drivers/STM32H7xx_HAL_Driver/Src/stm32h7xx_hal_rcc.o
                0x08003c74                HAL_RCC_GetHCLKFreq
 .text.HAL_RCC_GetPCLK1Freq
                0x08003cd4       0x2c ./Drivers/STM32H7xx_HAL_Driver/Src/stm32h7xx_hal_rcc.o
                0x08003cd4                HAL_RCC_GetPCLK1Freq
 .text.HAL_RCC_GetPCLK2Freq
                0x08003d00       0x2c ./Drivers/STM32H7xx_HAL_Driver/Src/stm32h7xx_hal_rcc.o
                0x08003d00                HAL_RCC_GetPCLK2Freq
 .text.HAL_RCCEx_PeriphCLKConfig
                0x08003d2c     0x1414 ./Drivers/STM32H7xx_HAL_Driver/Src/stm32h7xx_hal_rcc_ex.o
                0x08003d2c                HAL_RCCEx_PeriphCLKConfig
 .text.HAL_RCCEx_GetPeriphCLKFreq
                0x08005140      0xb00 ./Drivers/STM32H7xx_HAL_Driver/Src/stm32h7xx_hal_rcc_ex.o
                0x08005140                HAL_RCCEx_GetPeriphCLKFreq
 .text.HAL_RCCEx_GetD3PCLK1Freq
                0x08005c40       0x2c ./Drivers/STM32H7xx_HAL_Driver/Src/stm32h7xx_hal_rcc_ex.o
                0x08005c40                HAL_RCCEx_GetD3PCLK1Freq
 .text.HAL_RCCEx_GetPLL2ClockFreq
                0x08005c6c      0x2a8 ./Drivers/STM32H7xx_HAL_Driver/Src/stm32h7xx_hal_rcc_ex.o
                0x08005c6c                HAL_RCCEx_GetPLL2ClockFreq
 .text.HAL_RCCEx_GetPLL3ClockFreq
                0x08005f14      0x2a8 ./Drivers/STM32H7xx_HAL_Driver/Src/stm32h7xx_hal_rcc_ex.o
                0x08005f14                HAL_RCCEx_GetPLL3ClockFreq
 .text.HAL_RCCEx_GetPLL1ClockFreq
                0x080061bc      0x2a4 ./Drivers/STM32H7xx_HAL_Driver/Src/stm32h7xx_hal_rcc_ex.o
                0x080061bc                HAL_RCCEx_GetPLL1ClockFreq
 .text.RCCEx_PLL2_Config
                0x08006460      0x164 ./Drivers/STM32H7xx_HAL_Driver/Src/stm32h7xx_hal_rcc_ex.o
 .text.RCCEx_PLL3_Config
                0x080065c4      0x164 ./Drivers/STM32H7xx_HAL_Driver/Src/stm32h7xx_hal_rcc_ex.o
 .text.HAL_RTC_Init
                0x08006728      0x104 ./Drivers/STM32H7xx_HAL_Driver/Src/stm32h7xx_hal_rtc.o
                0x08006728                HAL_RTC_Init
 .text.HAL_RTC_WaitForSynchro
                0x0800682c       0x48 ./Drivers/STM32H7xx_HAL_Driver/Src/stm32h7xx_hal_rtc.o
                0x0800682c                HAL_RTC_WaitForSynchro
 .text.RTC_EnterInitMode
                0x08006874       0x66 ./Drivers/STM32H7xx_HAL_Driver/Src/stm32h7xx_hal_rtc.o
                0x08006874                RTC_EnterInitMode
 *fill*         0x080068da        0x2 
 .text.RTC_ExitInitMode
                0x080068dc       0x7c ./Drivers/STM32H7xx_HAL_Driver/Src/stm32h7xx_hal_rtc.o
                0x080068dc                RTC_ExitInitMode
 .text.HAL_SPI_Init
                0x08006958      0x248 ./Drivers/STM32H7xx_HAL_Driver/Src/stm32h7xx_hal_spi.o
                0x08006958                HAL_SPI_Init
 .text.SPI_GetPacketSize
                0x08006ba0       0x36 ./Drivers/STM32H7xx_HAL_Driver/Src/stm32h7xx_hal_spi.o
 .text.HAL_UART_Init
                0x08006bd6       0xa0 ./Drivers/STM32H7xx_HAL_Driver/Src/stm32h7xx_hal_uart.o
                0x08006bd6                HAL_UART_Init
 *fill*         0x08006c76        0x2 
 .text.UART_SetConfig
                0x08006c78      0xad0 ./Drivers/STM32H7xx_HAL_Driver/Src/stm32h7xx_hal_uart.o
                0x08006c78                UART_SetConfig
 .text.UART_AdvFeatureConfig
                0x08007748      0x144 ./Drivers/STM32H7xx_HAL_Driver/Src/stm32h7xx_hal_uart.o
                0x08007748                UART_AdvFeatureConfig
 .text.UART_CheckIdleState
                0x0800788c      0x154 ./Drivers/STM32H7xx_HAL_Driver/Src/stm32h7xx_hal_uart.o
                0x0800788c                UART_CheckIdleState
 .text.UART_WaitOnFlagUntilTimeout
                0x080079e0       0xda ./Drivers/STM32H7xx_HAL_Driver/Src/stm32h7xx_hal_uart.o
                0x080079e0                UART_WaitOnFlagUntilTimeout
 *fill*         0x08007aba        0x2 
 .text.UART_EndRxTransfer
                0x08007abc       0xcc ./Drivers/STM32H7xx_HAL_Driver/Src/stm32h7xx_hal_uart.o
 .text.HAL_UARTEx_DisableFifoMode
                0x08007b88       0x72 ./Drivers/STM32H7xx_HAL_Driver/Src/stm32h7xx_hal_uart_ex.o
                0x08007b88                HAL_UARTEx_DisableFifoMode
 .text.HAL_UARTEx_SetTxFifoThreshold
                0x08007bfa       0x7c ./Drivers/STM32H7xx_HAL_Driver/Src/stm32h7xx_hal_uart_ex.o
                0x08007bfa                HAL_UARTEx_SetTxFifoThreshold
 .text.HAL_UARTEx_SetRxFifoThreshold
                0x08007c76       0x7c ./Drivers/STM32H7xx_HAL_Driver/Src/stm32h7xx_hal_uart_ex.o
                0x08007c76                HAL_UARTEx_SetRxFifoThreshold
 *fill*         0x08007cf2        0x2 
 .text.UARTEx_SetNbDataToProcess
                0x08007cf4       0x9c ./Drivers/STM32H7xx_HAL_Driver/Src/stm32h7xx_hal_uart_ex.o
 .text.MX_FATFS_Init
                0x08007d90       0x24 ./FATFS/App/fatfs.o
                0x08007d90                MX_FATFS_Init
 .text.USER_initialize
                0x08007db4       0x28 ./FATFS/Target/user_diskio.o
                0x08007db4                USER_initialize
 .text.USER_status
                0x08007ddc       0x28 ./FATFS/Target/user_diskio.o
                0x08007ddc                USER_status
 .text.USER_read
                0x08007e04       0x1e ./FATFS/Target/user_diskio.o
                0x08007e04                USER_read
 .text.USER_write
                0x08007e22       0x1e ./FATFS/Target/user_diskio.o
                0x08007e22                USER_write
 .text.USER_ioctl
                0x08007e40       0x22 ./FATFS/Target/user_diskio.o
                0x08007e40                USER_ioctl
 *fill*         0x08007e62        0x2 
 .text.FATFS_LinkDriverEx
                0x08007e64       0x98 ./Middlewares/Third_Party/FatFs/src/ff_gen_drv.o
                0x08007e64                FATFS_LinkDriverEx
 .text.FATFS_LinkDriver
                0x08007efc       0x1e ./Middlewares/Third_Party/FatFs/src/ff_gen_drv.o
                0x08007efc                FATFS_LinkDriver
 .text.memset   0x08007f1a       0x10 C:/ST/STM32CubeIDE_1.18.1/STM32CubeIDE/plugins/com.st.stm32cube.ide.mcu.externaltools.gnu-tools-for-stm32.13.3.rel1.win32_1.0.0.202411081344/tools/bin/../lib/gcc/arm-none-eabi/13.3.1/../../../../arm-none-eabi/lib/thumb/v7e-m+dp/hard\libc_nano.a(libc_a-memset.o)
                0x08007f1a                memset
 *fill*         0x08007f2a        0x2 
 .text.__libc_init_array
                0x08007f2c       0x48 C:/ST/STM32CubeIDE_1.18.1/STM32CubeIDE/plugins/com.st.stm32cube.ide.mcu.externaltools.gnu-tools-for-stm32.13.3.rel1.win32_1.0.0.202411081344/tools/bin/../lib/gcc/arm-none-eabi/13.3.1/../../../../arm-none-eabi/lib/thumb/v7e-m+dp/hard\libc_nano.a(libc_a-init.o)
                0x08007f2c                __libc_init_array
 *(.glue_7)
 .glue_7        0x08007f74        0x0 linker stubs
 *(.glue_7t)
 .glue_7t       0x08007f74        0x0 linker stubs
 *(.eh_frame)
 .eh_frame      0x08007f74        0x0 C:/ST/STM32CubeIDE_1.18.1/STM32CubeIDE/plugins/com.st.stm32cube.ide.mcu.externaltools.gnu-tools-for-stm32.13.3.rel1.win32_1.0.0.202411081344/tools/bin/../lib/gcc/arm-none-eabi/13.3.1/thumb/v7e-m+dp/hard/crtbegin.o
 *(.init)
 .init          0x08007f74        0x4 C:/ST/STM32CubeIDE_1.18.1/STM32CubeIDE/plugins/com.st.stm32cube.ide.mcu.externaltools.gnu-tools-for-stm32.13.3.rel1.win32_1.0.0.202411081344/tools/bin/../lib/gcc/arm-none-eabi/13.3.1/thumb/v7e-m+dp/hard/crti.o
                0x08007f74                _init
 .init          0x08007f78        0x8 C:/ST/STM32CubeIDE_1.18.1/STM32CubeIDE/plugins/com.st.stm32cube.ide.mcu.externaltools.gnu-tools-for-stm32.13.3.rel1.win32_1.0.0.202411081344/tools/bin/../lib/gcc/arm-none-eabi/13.3.1/thumb/v7e-m+dp/hard/crtn.o
 *(.fini)
 .fini          0x08007f80        0x4 C:/ST/STM32CubeIDE_1.18.1/STM32CubeIDE/plugins/com.st.stm32cube.ide.mcu.externaltools.gnu-tools-for-stm32.13.3.rel1.win32_1.0.0.202411081344/tools/bin/../lib/gcc/arm-none-eabi/13.3.1/thumb/v7e-m+dp/hard/crti.o
                0x08007f80                _fini
 .fini          0x08007f84        0x8 C:/ST/STM32CubeIDE_1.18.1/STM32CubeIDE/plugins/com.st.stm32cube.ide.mcu.externaltools.gnu-tools-for-stm32.13.3.rel1.win32_1.0.0.202411081344/tools/bin/../lib/gcc/arm-none-eabi/13.3.1/thumb/v7e-m+dp/hard/crtn.o
                0x08007f8c                        . = ALIGN (0x4)
                0x08007f8c                        _etext = .

.vfp11_veneer   0x08007f8c        0x0
 .vfp11_veneer  0x08007f8c        0x0 linker stubs

.v4_bx          0x08007f8c        0x0
 .v4_bx         0x08007f8c        0x0 linker stubs

.iplt           0x08007f8c        0x0
 .iplt          0x08007f8c        0x0 C:/ST/STM32CubeIDE_1.18.1/STM32CubeIDE/plugins/com.st.stm32cube.ide.mcu.externaltools.gnu-tools-for-stm32.13.3.rel1.win32_1.0.0.202411081344/tools/bin/../lib/gcc/arm-none-eabi/13.3.1/thumb/v7e-m+dp/hard/crtbegin.o

.rodata         0x08007f8c       0x38
                0x08007f8c                        . = ALIGN (0x4)
 *(.rodata)
 *(.rodata*)
 .rodata.D1CorePrescTable
                0x08007f8c       0x10 ./Core/Src/system_stm32h7xx.o
                0x08007f8c                D1CorePrescTable
 .rodata.UARTPrescTable
                0x08007f9c       0x18 ./Drivers/STM32H7xx_HAL_Driver/Src/stm32h7xx_hal_uart.o
                0x08007f9c                UARTPrescTable
 .rodata.numerator.1
                0x08007fb4        0x8 ./Drivers/STM32H7xx_HAL_Driver/Src/stm32h7xx_hal_uart_ex.o
 .rodata.denominator.0
                0x08007fbc        0x8 ./Drivers/STM32H7xx_HAL_Driver/Src/stm32h7xx_hal_uart_ex.o
                0x08007fc4                        . = ALIGN (0x4)

.ARM.extab
 *(.ARM.extab* .gnu.linkonce.armextab.*)

.ARM            0x08007fc4        0x8
                0x08007fc4                        __exidx_start = .
 *(.ARM.exidx*)
 .ARM.exidx     0x08007fc4        0x8 C:/ST/STM32CubeIDE_1.18.1/STM32CubeIDE/plugins/com.st.stm32cube.ide.mcu.externaltools.gnu-tools-for-stm32.13.3.rel1.win32_1.0.0.202411081344/tools/bin/../lib/gcc/arm-none-eabi/13.3.1/thumb/v7e-m+dp/hard\libgcc.a(_udivmoddi4.o)
                0x08007fcc                        __exidx_end = .

.preinit_array  0x08007fcc        0x0
                0x08007fcc                        PROVIDE (__preinit_array_start = .)
 *(.preinit_array*)
                0x08007fcc                        PROVIDE (__preinit_array_end = .)

.init_array     0x08007fcc        0x4
                0x08007fcc                        PROVIDE (__init_array_start = .)
 *(SORT_BY_NAME(.init_array.*))
 *(.init_array*)
 .init_array    0x08007fcc        0x4 C:/ST/STM32CubeIDE_1.18.1/STM32CubeIDE/plugins/com.st.stm32cube.ide.mcu.externaltools.gnu-tools-for-stm32.13.3.rel1.win32_1.0.0.202411081344/tools/bin/../lib/gcc/arm-none-eabi/13.3.1/thumb/v7e-m+dp/hard/crtbegin.o
                0x08007fd0                        PROVIDE (__init_array_end = .)

.fini_array     0x08007fd0        0x4
                [!provide]                        PROVIDE (__fini_array_start = .)
 *(SORT_BY_NAME(.fini_array.*))
 *(.fini_array*)
 .fini_array    0x08007fd0        0x4 C:/ST/STM32CubeIDE_1.18.1/STM32CubeIDE/plugins/com.st.stm32cube.ide.mcu.externaltools.gnu-tools-for-stm32.13.3.rel1.win32_1.0.0.202411081344/tools/bin/../lib/gcc/arm-none-eabi/13.3.1/thumb/v7e-m+dp/hard/crtbegin.o
                [!provide]                        PROVIDE (__fini_array_end = .)
                0x08007fd4                        _sidata = LOADADDR (.data)

.rel.dyn        0x08007fd4        0x0
 .rel.iplt      0x08007fd4        0x0 C:/ST/STM32CubeIDE_1.18.1/STM32CubeIDE/plugins/com.st.stm32cube.ide.mcu.externaltools.gnu-tools-for-stm32.13.3.rel1.win32_1.0.0.202411081344/tools/bin/../lib/gcc/arm-none-eabi/13.3.1/thumb/v7e-m+dp/hard/crtbegin.o

.data           0x24000000       0x24 load address 0x08007fd4
                0x24000000                        . = ALIGN (0x4)
                0x24000000                        _sdata = .
 *(.data)
 *(.data*)
 .data.SystemCoreClock
                0x24000000        0x4 ./Core/Src/system_stm32h7xx.o
                0x24000000                SystemCoreClock
 .data.SystemD2Clock
                0x24000004        0x4 ./Core/Src/system_stm32h7xx.o
                0x24000004                SystemD2Clock
 .data.uwTickPrio
                0x24000008        0x4 ./Drivers/STM32H7xx_HAL_Driver/Src/stm32h7xx_hal.o
                0x24000008                uwTickPrio
 .data.uwTickFreq
                0x2400000c        0x1 ./Drivers/STM32H7xx_HAL_Driver/Src/stm32h7xx_hal.o
                0x2400000c                uwTickFreq
 .data.Stat     0x2400000d        0x1 ./FATFS/Target/user_diskio.o
 *fill*         0x2400000e        0x2 
 .data.USER_Driver
                0x24000010       0x14 ./FATFS/Target/user_diskio.o
                0x24000010                USER_Driver
 *(.RamFunc)
 *(.RamFunc*)
                0x24000024                        . = ALIGN (0x4)
                0x24000024                        _edata = .

.igot.plt       0x24000024        0x0 load address 0x08007ff8
 .igot.plt      0x24000024        0x0 C:/ST/STM32CubeIDE_1.18.1/STM32CubeIDE/plugins/com.st.stm32cube.ide.mcu.externaltools.gnu-tools-for-stm32.13.3.rel1.win32_1.0.0.202411081344/tools/bin/../lib/gcc/arm-none-eabi/13.3.1/thumb/v7e-m+dp/hard/crtbegin.o
                0x24000024                        . = ALIGN (0x4)

.bss            0x24000024      0x37c load address 0x08007ff8
                0x24000024                        _sbss = .
                0x24000024                        __bss_start__ = _sbss
 *(.bss)
 .bss           0x24000024       0x1c C:/ST/STM32CubeIDE_1.18.1/STM32CubeIDE/plugins/com.st.stm32cube.ide.mcu.externaltools.gnu-tools-for-stm32.13.3.rel1.win32_1.0.0.202411081344/tools/bin/../lib/gcc/arm-none-eabi/13.3.1/thumb/v7e-m+dp/hard/crtbegin.o
 *(.bss*)
 .bss.hadc1     0x24000040       0x64 ./Core/Src/main.o
                0x24000040                hadc1
 .bss.hrtc      0x240000a4       0x24 ./Core/Src/main.o
                0x240000a4                hrtc
 .bss.hspi3     0x240000c8       0x88 ./Core/Src/main.o
                0x240000c8                hspi3
 .bss.hspi4     0x24000150       0x88 ./Core/Src/main.o
                0x24000150                hspi4
 .bss.hspi6     0x240001d8       0x88 ./Core/Src/main.o
                0x240001d8                hspi6
 .bss.huart5    0x24000260       0x94 ./Core/Src/main.o
                0x24000260                huart5
 .bss.huart1    0x240002f4       0x94 ./Core/Src/main.o
                0x240002f4                huart1
 .bss.uwTick    0x24000388        0x4 ./Drivers/STM32H7xx_HAL_Driver/Src/stm32h7xx_hal.o
                0x24000388                uwTick
 .bss.retUSER   0x2400038c        0x1 ./FATFS/App/fatfs.o
                0x2400038c                retUSER
 *fill*         0x2400038d        0x3 
 .bss.USERPath  0x24000390        0x4 ./FATFS/App/fatfs.o
                0x24000390                USERPath
 .bss.disk      0x24000394        0xc ./Middlewares/Third_Party/FatFs/src/ff_gen_drv.o
                0x24000394                disk
 *(COMMON)
                0x240003a0                        . = ALIGN (0x4)
                0x240003a0                        _ebss = .
                0x240003a0                        __bss_end__ = _ebss

._user_heap_stack
                0x240003a0      0x600 load address 0x08007ff8
                0x240003a0                        . = ALIGN (0x8)
                [!provide]                        PROVIDE (end = .)
                0x240003a0                        PROVIDE (_end = .)
                0x240005a0                        . = (. + _Min_Heap_Size)
 *fill*         0x240003a0      0x200 
                0x240009a0                        . = (. + _Min_Stack_Size)
 *fill*         0x240005a0      0x400 
                0x240009a0                        . = ALIGN (0x8)

/DISCARD/
 libc.a(*)
 libm.a(*)
 libgcc.a(*)

.ARM.attributes
                0x00000000       0x2e
 *(.ARM.attributes)
 .ARM.attributes
                0x00000000       0x20 C:/ST/STM32CubeIDE_1.18.1/STM32CubeIDE/plugins/com.st.stm32cube.ide.mcu.externaltools.gnu-tools-for-stm32.13.3.rel1.win32_1.0.0.202411081344/tools/bin/../lib/gcc/arm-none-eabi/13.3.1/thumb/v7e-m+dp/hard/crti.o
 .ARM.attributes
                0x00000020       0x32 C:/ST/STM32CubeIDE_1.18.1/STM32CubeIDE/plugins/com.st.stm32cube.ide.mcu.externaltools.gnu-tools-for-stm32.13.3.rel1.win32_1.0.0.202411081344/tools/bin/../lib/gcc/arm-none-eabi/13.3.1/thumb/v7e-m+dp/hard/crtbegin.o
 .ARM.attributes
                0x00000052       0x32 ./Core/Src/main.o
 .ARM.attributes
                0x00000084       0x32 ./Core/Src/stm32h7xx_hal_msp.o
 .ARM.attributes
                0x000000b6       0x32 ./Core/Src/stm32h7xx_it.o
 .ARM.attributes
                0x000000e8       0x32 ./Core/Src/system_stm32h7xx.o
 .ARM.attributes
                0x0000011a       0x21 ./Core/Startup/startup_stm32h743vitx.o
 .ARM.attributes
                0x0000013b       0x32 ./Drivers/STM32H7xx_HAL_Driver/Src/stm32h7xx_hal.o
 .ARM.attributes
                0x0000016d       0x32 ./Drivers/STM32H7xx_HAL_Driver/Src/stm32h7xx_hal_adc.o
 .ARM.attributes
                0x0000019f       0x32 ./Drivers/STM32H7xx_HAL_Driver/Src/stm32h7xx_hal_adc_ex.o
 .ARM.attributes
                0x000001d1       0x32 ./Drivers/STM32H7xx_HAL_Driver/Src/stm32h7xx_hal_cortex.o
 .ARM.attributes
                0x00000203       0x32 ./Drivers/STM32H7xx_HAL_Driver/Src/stm32h7xx_hal_gpio.o
 .ARM.attributes
                0x00000235       0x32 ./Drivers/STM32H7xx_HAL_Driver/Src/stm32h7xx_hal_pwr.o
 .ARM.attributes
                0x00000267       0x32 ./Drivers/STM32H7xx_HAL_Driver/Src/stm32h7xx_hal_pwr_ex.o
 .ARM.attributes
                0x00000299       0x32 ./Drivers/STM32H7xx_HAL_Driver/Src/stm32h7xx_hal_rcc.o
 .ARM.attributes
                0x000002cb       0x32 ./Drivers/STM32H7xx_HAL_Driver/Src/stm32h7xx_hal_rcc_ex.o
 .ARM.attributes
                0x000002fd       0x32 ./Drivers/STM32H7xx_HAL_Driver/Src/stm32h7xx_hal_rtc.o
 .ARM.attributes
                0x0000032f       0x32 ./Drivers/STM32H7xx_HAL_Driver/Src/stm32h7xx_hal_spi.o
 .ARM.attributes
                0x00000361       0x32 ./Drivers/STM32H7xx_HAL_Driver/Src/stm32h7xx_hal_uart.o
 .ARM.attributes
                0x00000393       0x32 ./Drivers/STM32H7xx_HAL_Driver/Src/stm32h7xx_hal_uart_ex.o
 .ARM.attributes
                0x000003c5       0x32 ./FATFS/App/fatfs.o
 .ARM.attributes
                0x000003f7       0x32 ./FATFS/Target/user_diskio.o
 .ARM.attributes
                0x00000429       0x32 ./Middlewares/Third_Party/FatFs/src/ff_gen_drv.o
 .ARM.attributes
                0x0000045b       0x32 C:/ST/STM32CubeIDE_1.18.1/STM32CubeIDE/plugins/com.st.stm32cube.ide.mcu.externaltools.gnu-tools-for-stm32.13.3.rel1.win32_1.0.0.202411081344/tools/bin/../lib/gcc/arm-none-eabi/13.3.1/../../../../arm-none-eabi/lib/thumb/v7e-m+dp/hard\libc_nano.a(libc_a-memset.o)
 .ARM.attributes
                0x0000048d       0x32 C:/ST/STM32CubeIDE_1.18.1/STM32CubeIDE/plugins/com.st.stm32cube.ide.mcu.externaltools.gnu-tools-for-stm32.13.3.rel1.win32_1.0.0.202411081344/tools/bin/../lib/gcc/arm-none-eabi/13.3.1/../../../../arm-none-eabi/lib/thumb/v7e-m+dp/hard\libc_nano.a(libc_a-init.o)
 .ARM.attributes
                0x000004bf       0x20 C:/ST/STM32CubeIDE_1.18.1/STM32CubeIDE/plugins/com.st.stm32cube.ide.mcu.externaltools.gnu-tools-for-stm32.13.3.rel1.win32_1.0.0.202411081344/tools/bin/../lib/gcc/arm-none-eabi/13.3.1/thumb/v7e-m+dp/hard\libgcc.a(_aeabi_uldivmod.o)
 .ARM.attributes
                0x000004df       0x32 C:/ST/STM32CubeIDE_1.18.1/STM32CubeIDE/plugins/com.st.stm32cube.ide.mcu.externaltools.gnu-tools-for-stm32.13.3.rel1.win32_1.0.0.202411081344/tools/bin/../lib/gcc/arm-none-eabi/13.3.1/thumb/v7e-m+dp/hard\libgcc.a(_udivmoddi4.o)
 .ARM.attributes
                0x00000511       0x20 C:/ST/STM32CubeIDE_1.18.1/STM32CubeIDE/plugins/com.st.stm32cube.ide.mcu.externaltools.gnu-tools-for-stm32.13.3.rel1.win32_1.0.0.202411081344/tools/bin/../lib/gcc/arm-none-eabi/13.3.1/thumb/v7e-m+dp/hard\libgcc.a(_dvmd_tls.o)
 .ARM.attributes
                0x00000531       0x20 C:/ST/STM32CubeIDE_1.18.1/STM32CubeIDE/plugins/com.st.stm32cube.ide.mcu.externaltools.gnu-tools-for-stm32.13.3.rel1.win32_1.0.0.202411081344/tools/bin/../lib/gcc/arm-none-eabi/13.3.1/thumb/v7e-m+dp/hard/crtn.o
OUTPUT(Amon_board_firmware_v3.elf elf32-littlearm)
LOAD linker stubs
LOAD C:/ST/STM32CubeIDE_1.18.1/STM32CubeIDE/plugins/com.st.stm32cube.ide.mcu.externaltools.gnu-tools-for-stm32.13.3.rel1.win32_1.0.0.202411081344/tools/bin/../lib/gcc/arm-none-eabi/13.3.1/../../../../arm-none-eabi/lib/thumb/v7e-m+dp/hard\libc.a
LOAD C:/ST/STM32CubeIDE_1.18.1/STM32CubeIDE/plugins/com.st.stm32cube.ide.mcu.externaltools.gnu-tools-for-stm32.13.3.rel1.win32_1.0.0.202411081344/tools/bin/../lib/gcc/arm-none-eabi/13.3.1/../../../../arm-none-eabi/lib/thumb/v7e-m+dp/hard\libm.a
LOAD C:/ST/STM32CubeIDE_1.18.1/STM32CubeIDE/plugins/com.st.stm32cube.ide.mcu.externaltools.gnu-tools-for-stm32.13.3.rel1.win32_1.0.0.202411081344/tools/bin/../lib/gcc/arm-none-eabi/13.3.1/thumb/v7e-m+dp/hard\libgcc.a

.debug_info     0x00000000    0x1812c
 .debug_info    0x00000000     0x224f ./Core/Src/main.o
 .debug_info    0x0000224f     0x1e9b ./Core/Src/stm32h7xx_hal_msp.o
 .debug_info    0x000040ea      0x128 ./Core/Src/stm32h7xx_it.o
 .debug_info    0x00004212      0xdb2 ./Core/Src/system_stm32h7xx.o
 .debug_info    0x00004fc4       0x30 ./Core/Startup/startup_stm32h743vitx.o
 .debug_info    0x00004ff4     0x153b ./Drivers/STM32H7xx_HAL_Driver/Src/stm32h7xx_hal.o
 .debug_info    0x0000652f     0x1d84 ./Drivers/STM32H7xx_HAL_Driver/Src/stm32h7xx_hal_adc.o
 .debug_info    0x000082b3     0x1ea5 ./Drivers/STM32H7xx_HAL_Driver/Src/stm32h7xx_hal_adc_ex.o
 .debug_info    0x0000a158     0x10b1 ./Drivers/STM32H7xx_HAL_Driver/Src/stm32h7xx_hal_cortex.o
 .debug_info    0x0000b209      0xc5a ./Drivers/STM32H7xx_HAL_Driver/Src/stm32h7xx_hal_gpio.o
 .debug_info    0x0000be63      0x901 ./Drivers/STM32H7xx_HAL_Driver/Src/stm32h7xx_hal_pwr.o
 .debug_info    0x0000c764     0x1012 ./Drivers/STM32H7xx_HAL_Driver/Src/stm32h7xx_hal_pwr_ex.o
 .debug_info    0x0000d776      0xe6a ./Drivers/STM32H7xx_HAL_Driver/Src/stm32h7xx_hal_rcc.o
 .debug_info    0x0000e5e0     0x1225 ./Drivers/STM32H7xx_HAL_Driver/Src/stm32h7xx_hal_rcc_ex.o
 .debug_info    0x0000f805      0xe57 ./Drivers/STM32H7xx_HAL_Driver/Src/stm32h7xx_hal_rtc.o
 .debug_info    0x0001065c     0x144a ./Drivers/STM32H7xx_HAL_Driver/Src/stm32h7xx_hal_spi.o
 .debug_info    0x00011aa6     0x4b1d ./Drivers/STM32H7xx_HAL_Driver/Src/stm32h7xx_hal_uart.o
 .debug_info    0x000165c3      0xfbf ./Drivers/STM32H7xx_HAL_Driver/Src/stm32h7xx_hal_uart_ex.o
 .debug_info    0x00017582      0x4e7 ./FATFS/App/fatfs.o
 .debug_info    0x00017a69      0x336 ./FATFS/Target/user_diskio.o
 .debug_info    0x00017d9f      0x38d ./Middlewares/Third_Party/FatFs/src/ff_gen_drv.o

.debug_abbrev   0x00000000     0x2d79
 .debug_abbrev  0x00000000      0x2fa ./Core/Src/main.o
 .debug_abbrev  0x000002fa      0x260 ./Core/Src/stm32h7xx_hal_msp.o
 .debug_abbrev  0x0000055a       0x73 ./Core/Src/stm32h7xx_it.o
 .debug_abbrev  0x000005cd      0x165 ./Core/Src/system_stm32h7xx.o
 .debug_abbrev  0x00000732       0x24 ./Core/Startup/startup_stm32h743vitx.o
 .debug_abbrev  0x00000756      0x295 ./Drivers/STM32H7xx_HAL_Driver/Src/stm32h7xx_hal.o
 .debug_abbrev  0x000009eb      0x2d1 ./Drivers/STM32H7xx_HAL_Driver/Src/stm32h7xx_hal_adc.o
 .debug_abbrev  0x00000cbc      0x31a ./Drivers/STM32H7xx_HAL_Driver/Src/stm32h7xx_hal_adc_ex.o
 .debug_abbrev  0x00000fd6      0x339 ./Drivers/STM32H7xx_HAL_Driver/Src/stm32h7xx_hal_cortex.o
 .debug_abbrev  0x0000130f      0x205 ./Drivers/STM32H7xx_HAL_Driver/Src/stm32h7xx_hal_gpio.o
 .debug_abbrev  0x00001514      0x18e ./Drivers/STM32H7xx_HAL_Driver/Src/stm32h7xx_hal_pwr.o
 .debug_abbrev  0x000016a2      0x2a7 ./Drivers/STM32H7xx_HAL_Driver/Src/stm32h7xx_hal_pwr_ex.o
 .debug_abbrev  0x00001949      0x2c8 ./Drivers/STM32H7xx_HAL_Driver/Src/stm32h7xx_hal_rcc.o
 .debug_abbrev  0x00001c11      0x269 ./Drivers/STM32H7xx_HAL_Driver/Src/stm32h7xx_hal_rcc_ex.o
 .debug_abbrev  0x00001e7a      0x204 ./Drivers/STM32H7xx_HAL_Driver/Src/stm32h7xx_hal_rtc.o
 .debug_abbrev  0x0000207e      0x2b1 ./Drivers/STM32H7xx_HAL_Driver/Src/stm32h7xx_hal_spi.o
 .debug_abbrev  0x0000232f      0x33d ./Drivers/STM32H7xx_HAL_Driver/Src/stm32h7xx_hal_uart.o
 .debug_abbrev  0x0000266c      0x2d2 ./Drivers/STM32H7xx_HAL_Driver/Src/stm32h7xx_hal_uart_ex.o
 .debug_abbrev  0x0000293e      0x160 ./FATFS/App/fatfs.o
 .debug_abbrev  0x00002a9e      0x13c ./FATFS/Target/user_diskio.o
 .debug_abbrev  0x00002bda      0x19f ./Middlewares/Third_Party/FatFs/src/ff_gen_drv.o

.debug_aranges  0x00000000     0x1238
 .debug_aranges
                0x00000000       0x78 ./Core/Src/main.o
 .debug_aranges
                0x00000078       0x60 ./Core/Src/stm32h7xx_hal_msp.o
 .debug_aranges
                0x000000d8       0x60 ./Core/Src/stm32h7xx_it.o
 .debug_aranges
                0x00000138       0x30 ./Core/Src/system_stm32h7xx.o
 .debug_aranges
                0x00000168       0x28 ./Core/Startup/startup_stm32h743vitx.o
 .debug_aranges
                0x00000190      0x198 ./Drivers/STM32H7xx_HAL_Driver/Src/stm32h7xx_hal.o
 .debug_aranges
                0x00000328      0x230 ./Drivers/STM32H7xx_HAL_Driver/Src/stm32h7xx_hal_adc.o
 .debug_aranges
                0x00000558      0x1e0 ./Drivers/STM32H7xx_HAL_Driver/Src/stm32h7xx_hal_adc_ex.o
 .debug_aranges
                0x00000738      0x130 ./Drivers/STM32H7xx_HAL_Driver/Src/stm32h7xx_hal_cortex.o
 .debug_aranges
                0x00000868       0x58 ./Drivers/STM32H7xx_HAL_Driver/Src/stm32h7xx_hal_gpio.o
 .debug_aranges
                0x000008c0       0xa0 ./Drivers/STM32H7xx_HAL_Driver/Src/stm32h7xx_hal_pwr.o
 .debug_aranges
                0x00000960      0x158 ./Drivers/STM32H7xx_HAL_Driver/Src/stm32h7xx_hal_pwr_ex.o
 .debug_aranges
                0x00000ab8       0x88 ./Drivers/STM32H7xx_HAL_Driver/Src/stm32h7xx_hal_rcc.o
 .debug_aranges
                0x00000b40       0xf8 ./Drivers/STM32H7xx_HAL_Driver/Src/stm32h7xx_hal_rcc_ex.o
 .debug_aranges
                0x00000c38       0xc0 ./Drivers/STM32H7xx_HAL_Driver/Src/stm32h7xx_hal_rtc.o
 .debug_aranges
                0x00000cf8      0x1a8 ./Drivers/STM32H7xx_HAL_Driver/Src/stm32h7xx_hal_spi.o
 .debug_aranges
                0x00000ea0      0x248 ./Drivers/STM32H7xx_HAL_Driver/Src/stm32h7xx_hal_uart.o
 .debug_aranges
                0x000010e8       0xa8 ./Drivers/STM32H7xx_HAL_Driver/Src/stm32h7xx_hal_uart_ex.o
 .debug_aranges
                0x00001190       0x28 ./FATFS/App/fatfs.o
 .debug_aranges
                0x000011b8       0x40 ./FATFS/Target/user_diskio.o
 .debug_aranges
                0x000011f8       0x40 ./Middlewares/Third_Party/FatFs/src/ff_gen_drv.o

.debug_rnglists
                0x00000000      0xdfb
 .debug_rnglists
                0x00000000       0x5d ./Core/Src/main.o
 .debug_rnglists
                0x0000005d       0x47 ./Core/Src/stm32h7xx_hal_msp.o
 .debug_rnglists
                0x000000a4       0x43 ./Core/Src/stm32h7xx_it.o
 .debug_rnglists
                0x000000e7       0x21 ./Core/Src/system_stm32h7xx.o
 .debug_rnglists
                0x00000108       0x19 ./Core/Startup/startup_stm32h743vitx.o
 .debug_rnglists
                0x00000121      0x131 ./Drivers/STM32H7xx_HAL_Driver/Src/stm32h7xx_hal.o
 .debug_rnglists
                0x00000252      0x1af ./Drivers/STM32H7xx_HAL_Driver/Src/stm32h7xx_hal_adc.o
 .debug_rnglists
                0x00000401      0x175 ./Drivers/STM32H7xx_HAL_Driver/Src/stm32h7xx_hal_adc_ex.o
 .debug_rnglists
                0x00000576       0xe0 ./Drivers/STM32H7xx_HAL_Driver/Src/stm32h7xx_hal_cortex.o
 .debug_rnglists
                0x00000656       0x3f ./Drivers/STM32H7xx_HAL_Driver/Src/stm32h7xx_hal_gpio.o
 .debug_rnglists
                0x00000695       0x74 ./Drivers/STM32H7xx_HAL_Driver/Src/stm32h7xx_hal_pwr.o
 .debug_rnglists
                0x00000709      0x103 ./Drivers/STM32H7xx_HAL_Driver/Src/stm32h7xx_hal_pwr_ex.o
 .debug_rnglists
                0x0000080c       0x68 ./Drivers/STM32H7xx_HAL_Driver/Src/stm32h7xx_hal_rcc.o
 .debug_rnglists
                0x00000874       0xc0 ./Drivers/STM32H7xx_HAL_Driver/Src/stm32h7xx_hal_rcc_ex.o
 .debug_rnglists
                0x00000934       0x96 ./Drivers/STM32H7xx_HAL_Driver/Src/stm32h7xx_hal_rtc.o
 .debug_rnglists
                0x000009ca      0x148 ./Drivers/STM32H7xx_HAL_Driver/Src/stm32h7xx_hal_spi.o
 .debug_rnglists
                0x00000b12      0x1fa ./Drivers/STM32H7xx_HAL_Driver/Src/stm32h7xx_hal_uart.o
 .debug_rnglists
                0x00000d0c       0x7f ./Drivers/STM32H7xx_HAL_Driver/Src/stm32h7xx_hal_uart_ex.o
 .debug_rnglists
                0x00000d8b       0x19 ./FATFS/App/fatfs.o
 .debug_rnglists
                0x00000da4       0x2b ./FATFS/Target/user_diskio.o
 .debug_rnglists
                0x00000dcf       0x2c ./Middlewares/Third_Party/FatFs/src/ff_gen_drv.o

.debug_macro    0x00000000    0x3a60c
 .debug_macro   0x00000000      0x37f ./Core/Src/main.o
 .debug_macro   0x0000037f      0xaf6 ./Core/Src/main.o
 .debug_macro   0x00000e75      0x244 ./Core/Src/main.o
 .debug_macro   0x000010b9       0x2e ./Core/Src/main.o
 .debug_macro   0x000010e7       0x3b ./Core/Src/main.o
 .debug_macro   0x00001122       0x22 ./Core/Src/main.o
 .debug_macro   0x00001144       0x8e ./Core/Src/main.o
 .debug_macro   0x000011d2       0x51 ./Core/Src/main.o
 .debug_macro   0x00001223      0x103 ./Core/Src/main.o
 .debug_macro   0x00001326       0x6a ./Core/Src/main.o
 .debug_macro   0x00001390      0x1df ./Core/Src/main.o
 .debug_macro   0x0000156f       0x1c ./Core/Src/main.o
 .debug_macro   0x0000158b       0x22 ./Core/Src/main.o
 .debug_macro   0x000015ad       0xfb ./Core/Src/main.o
 .debug_macro   0x000016a8     0x1305 ./Core/Src/main.o
 .debug_macro   0x000029ad      0x11f ./Core/Src/main.o
 .debug_macro   0x00002acc       0x27 ./Core/Src/main.o
 .debug_macro   0x00002af3    0x25b9b ./Core/Src/main.o
 .debug_macro   0x0002868e       0x6d ./Core/Src/main.o
 .debug_macro   0x000286fb     0x3d79 ./Core/Src/main.o
 .debug_macro   0x0002c474      0x190 ./Core/Src/main.o
 .debug_macro   0x0002c604       0x61 ./Core/Src/main.o
 .debug_macro   0x0002c665       0x29 ./Core/Src/main.o
 .debug_macro   0x0002c68e       0x43 ./Core/Src/main.o
 .debug_macro   0x0002c6d1       0x34 ./Core/Src/main.o
 .debug_macro   0x0002c705      0x370 ./Core/Src/main.o
 .debug_macro   0x0002ca75       0x16 ./Core/Src/main.o
 .debug_macro   0x0002ca8b       0x4a ./Core/Src/main.o
 .debug_macro   0x0002cad5       0x34 ./Core/Src/main.o
 .debug_macro   0x0002cb09       0x10 ./Core/Src/main.o
 .debug_macro   0x0002cb19       0x58 ./Core/Src/main.o
 .debug_macro   0x0002cb71       0x8e ./Core/Src/main.o
 .debug_macro   0x0002cbff       0x1c ./Core/Src/main.o
 .debug_macro   0x0002cc1b      0x185 ./Core/Src/main.o
 .debug_macro   0x0002cda0      0x19b ./Core/Src/main.o
 .debug_macro   0x0002cf3b       0x5d ./Core/Src/main.o
 .debug_macro   0x0002cf98     0x2382 ./Core/Src/main.o
 .debug_macro   0x0002f31a     0x102c ./Core/Src/main.o
 .debug_macro   0x00030346      0x154 ./Core/Src/main.o
 .debug_macro   0x0003049a      0x114 ./Core/Src/main.o
 .debug_macro   0x000305ae      0x3b6 ./Core/Src/main.o
 .debug_macro   0x00030964       0xac ./Core/Src/main.o
 .debug_macro   0x00030a10      0x72d ./Core/Src/main.o
 .debug_macro   0x0003113d      0x228 ./Core/Src/main.o
 .debug_macro   0x00031365       0x66 ./Core/Src/main.o
 .debug_macro   0x000313cb      0x3bb ./Core/Src/main.o
 .debug_macro   0x00031786      0x3e4 ./Core/Src/main.o
 .debug_macro   0x00031b6a      0x275 ./Core/Src/main.o
 .debug_macro   0x00031ddf     0x1044 ./Core/Src/main.o
 .debug_macro   0x00032e23      0x6cc ./Core/Src/main.o
 .debug_macro   0x000334ef      0x383 ./Core/Src/main.o
 .debug_macro   0x00033872      0x3ca ./Core/Src/main.o
 .debug_macro   0x00033c3c      0x408 ./Core/Src/main.o
 .debug_macro   0x00034044       0x51 ./Core/Src/main.o
 .debug_macro   0x00034095       0x4a ./Core/Src/main.o
 .debug_macro   0x000340df      0x22c ./Core/Src/main.o
 .debug_macro   0x0003430b       0x67 ./Core/Src/main.o
 .debug_macro   0x00034372       0xa5 ./Core/Src/main.o
 .debug_macro   0x00034417      0x1c4 ./Core/Src/main.o
 .debug_macro   0x000345db      0x25e ./Core/Src/main.o
 .debug_macro   0x00034839       0x35 ./Core/Src/main.o
 .debug_macro   0x0003486e      0x328 ./Core/Src/main.o
 .debug_macro   0x00034b96      0x65b ./Core/Src/main.o
 .debug_macro   0x000351f1       0xeb ./Core/Src/main.o
 .debug_macro   0x000352dc      0x5e4 ./Core/Src/main.o
 .debug_macro   0x000358c0       0xc1 ./Core/Src/main.o
 .debug_macro   0x00035981      0x693 ./Core/Src/main.o
 .debug_macro   0x00036014       0xa6 ./Core/Src/main.o
 .debug_macro   0x000360ba      0x5ac ./Core/Src/main.o
 .debug_macro   0x00036666       0x70 ./Core/Src/main.o
 .debug_macro   0x000366d6       0xeb ./Core/Src/main.o
 .debug_macro   0x000367c1       0x16 ./Core/Src/main.o
 .debug_macro   0x000367d7       0x3c ./Core/Src/main.o
 .debug_macro   0x00036813       0x16 ./Core/Src/main.o
 .debug_macro   0x00036829       0x29 ./Core/Src/main.o
 .debug_macro   0x00036852       0x12 ./Core/Src/main.o
 .debug_macro   0x00036864       0xe2 ./Core/Src/main.o
 .debug_macro   0x00036946       0x8e ./Core/Src/main.o
 .debug_macro   0x000369d4      0x2f8 ./Core/Src/stm32h7xx_hal_msp.o
 .debug_macro   0x00036ccc      0x302 ./Core/Src/stm32h7xx_it.o
 .debug_macro   0x00036fce      0x2e9 ./Core/Src/system_stm32h7xx.o
 .debug_macro   0x000372b7      0x313 ./Drivers/STM32H7xx_HAL_Driver/Src/stm32h7xx_hal.o
 .debug_macro   0x000375ca      0x30d ./Drivers/STM32H7xx_HAL_Driver/Src/stm32h7xx_hal_adc.o
 .debug_macro   0x000378d7      0x2f5 ./Drivers/STM32H7xx_HAL_Driver/Src/stm32h7xx_hal_adc_ex.o
 .debug_macro   0x00037bcc      0x2e9 ./Drivers/STM32H7xx_HAL_Driver/Src/stm32h7xx_hal_cortex.o
 .debug_macro   0x00037eb5      0x2f0 ./Drivers/STM32H7xx_HAL_Driver/Src/stm32h7xx_hal_gpio.o
 .debug_macro   0x000381a5      0x30d ./Drivers/STM32H7xx_HAL_Driver/Src/stm32h7xx_hal_pwr.o
 .debug_macro   0x000384b2      0x322 ./Drivers/STM32H7xx_HAL_Driver/Src/stm32h7xx_hal_pwr_ex.o
 .debug_macro   0x000387d4      0x30d ./Drivers/STM32H7xx_HAL_Driver/Src/stm32h7xx_hal_rcc.o
 .debug_macro   0x00038ae1      0x307 ./Drivers/STM32H7xx_HAL_Driver/Src/stm32h7xx_hal_rcc_ex.o
 .debug_macro   0x00038de8      0x2ea ./Drivers/STM32H7xx_HAL_Driver/Src/stm32h7xx_hal_rtc.o
 .debug_macro   0x000390d2      0x2f1 ./Drivers/STM32H7xx_HAL_Driver/Src/stm32h7xx_hal_spi.o
 .debug_macro   0x000393c3      0x314 ./Drivers/STM32H7xx_HAL_Driver/Src/stm32h7xx_hal_uart.o
 .debug_macro   0x000396d7      0x2f5 ./Drivers/STM32H7xx_HAL_Driver/Src/stm32h7xx_hal_uart_ex.o
 .debug_macro   0x000399cc      0x385 ./FATFS/App/fatfs.o
 .debug_macro   0x00039d51       0xe5 ./FATFS/App/fatfs.o
 .debug_macro   0x00039e36      0x3a2 ./FATFS/Target/user_diskio.o
 .debug_macro   0x0003a1d8       0x10 ./FATFS/Target/user_diskio.o
 .debug_macro   0x0003a1e8       0x20 ./FATFS/Target/user_diskio.o
 .debug_macro   0x0003a208       0x16 ./FATFS/Target/user_diskio.o
 .debug_macro   0x0003a21e       0x7c ./FATFS/Target/user_diskio.o
 .debug_macro   0x0003a29a      0x372 ./Middlewares/Third_Party/FatFs/src/ff_gen_drv.o

.debug_line     0x00000000    0x18d99
 .debug_line    0x00000000      0xdec ./Core/Src/main.o
 .debug_line    0x00000dec      0xbbb ./Core/Src/stm32h7xx_hal_msp.o
 .debug_line    0x000019a7      0xa01 ./Core/Src/stm32h7xx_it.o
 .debug_line    0x000023a8      0xb51 ./Core/Src/system_stm32h7xx.o
 .debug_line    0x00002ef9       0x7b ./Core/Startup/startup_stm32h743vitx.o
 .debug_line    0x00002f74      0xf2a ./Drivers/STM32H7xx_HAL_Driver/Src/stm32h7xx_hal.o
 .debug_line    0x00003e9e     0x23f8 ./Drivers/STM32H7xx_HAL_Driver/Src/stm32h7xx_hal_adc.o
 .debug_line    0x00006296     0x1fc4 ./Drivers/STM32H7xx_HAL_Driver/Src/stm32h7xx_hal_adc_ex.o
 .debug_line    0x0000825a      0xf14 ./Drivers/STM32H7xx_HAL_Driver/Src/stm32h7xx_hal_cortex.o
 .debug_line    0x0000916e      0xdb3 ./Drivers/STM32H7xx_HAL_Driver/Src/stm32h7xx_hal_gpio.o
 .debug_line    0x00009f21      0xb6d ./Drivers/STM32H7xx_HAL_Driver/Src/stm32h7xx_hal_pwr.o
 .debug_line    0x0000aa8e     0x10ae ./Drivers/STM32H7xx_HAL_Driver/Src/stm32h7xx_hal_pwr_ex.o
 .debug_line    0x0000bb3c     0x15d1 ./Drivers/STM32H7xx_HAL_Driver/Src/stm32h7xx_hal_rcc.o
 .debug_line    0x0000d10d     0x1edd ./Drivers/STM32H7xx_HAL_Driver/Src/stm32h7xx_hal_rcc_ex.o
 .debug_line    0x0000efea     0x135c ./Drivers/STM32H7xx_HAL_Driver/Src/stm32h7xx_hal_rtc.o
 .debug_line    0x00010346     0x22bc ./Drivers/STM32H7xx_HAL_Driver/Src/stm32h7xx_hal_spi.o
 .debug_line    0x00012602     0x39b1 ./Drivers/STM32H7xx_HAL_Driver/Src/stm32h7xx_hal_uart.o
 .debug_line    0x00015fb3      0xec0 ./Drivers/STM32H7xx_HAL_Driver/Src/stm32h7xx_hal_uart_ex.o
 .debug_line    0x00016e73      0xa16 ./FATFS/App/fatfs.o
 .debug_line    0x00017889      0xa71 ./FATFS/Target/user_diskio.o
 .debug_line    0x000182fa      0xa9f ./Middlewares/Third_Party/FatFs/src/ff_gen_drv.o

.debug_str      0x00000000   0x1773a9
 .debug_str     0x00000000   0x1773a9 ./Core/Src/main.o
                             0x172477 (size before relaxing)
 .debug_str     0x001773a9   0x171bbe ./Core/Src/stm32h7xx_hal_msp.o
 .debug_str     0x001773a9   0x170883 ./Core/Src/stm32h7xx_it.o
 .debug_str     0x001773a9   0x170b9d ./Core/Src/system_stm32h7xx.o
 .debug_str     0x001773a9       0x8d ./Core/Startup/startup_stm32h743vitx.o
 .debug_str     0x001773a9   0x171a74 ./Drivers/STM32H7xx_HAL_Driver/Src/stm32h7xx_hal.o
 .debug_str     0x001773a9   0x17191b ./Drivers/STM32H7xx_HAL_Driver/Src/stm32h7xx_hal_adc.o
 .debug_str     0x001773a9   0x17195a ./Drivers/STM32H7xx_HAL_Driver/Src/stm32h7xx_hal_adc_ex.o
 .debug_str     0x001773a9   0x1714af ./Drivers/STM32H7xx_HAL_Driver/Src/stm32h7xx_hal_cortex.o
 .debug_str     0x001773a9   0x170b15 ./Drivers/STM32H7xx_HAL_Driver/Src/stm32h7xx_hal_gpio.o
 .debug_str     0x001773a9   0x170adc ./Drivers/STM32H7xx_HAL_Driver/Src/stm32h7xx_hal_pwr.o
 .debug_str     0x001773a9   0x170fd6 ./Drivers/STM32H7xx_HAL_Driver/Src/stm32h7xx_hal_pwr_ex.o
 .debug_str     0x001773a9   0x170ef9 ./Drivers/STM32H7xx_HAL_Driver/Src/stm32h7xx_hal_rcc.o
 .debug_str     0x001773a9   0x1713da ./Drivers/STM32H7xx_HAL_Driver/Src/stm32h7xx_hal_rcc_ex.o
 .debug_str     0x001773a9   0x170cb0 ./Drivers/STM32H7xx_HAL_Driver/Src/stm32h7xx_hal_rtc.o
 .debug_str     0x001773a9   0x17121d ./Drivers/STM32H7xx_HAL_Driver/Src/stm32h7xx_hal_spi.o
 .debug_str     0x001773a9   0x171a3a ./Drivers/STM32H7xx_HAL_Driver/Src/stm32h7xx_hal_uart.o
 .debug_str     0x001773a9   0x170ffa ./Drivers/STM32H7xx_HAL_Driver/Src/stm32h7xx_hal_uart_ex.o
 .debug_str     0x001773a9   0x1710c3 ./FATFS/App/fatfs.o
 .debug_str     0x001773a9   0x171041 ./FATFS/Target/user_diskio.o
 .debug_str     0x001773a9   0x171023 ./Middlewares/Third_Party/FatFs/src/ff_gen_drv.o

.comment        0x00000000       0x43
 .comment       0x00000000       0x43 ./Core/Src/main.o
                                 0x44 (size before relaxing)
 .comment       0x00000043       0x44 ./Core/Src/stm32h7xx_hal_msp.o
 .comment       0x00000043       0x44 ./Core/Src/stm32h7xx_it.o
 .comment       0x00000043       0x44 ./Core/Src/system_stm32h7xx.o
 .comment       0x00000043       0x44 ./Drivers/STM32H7xx_HAL_Driver/Src/stm32h7xx_hal.o
 .comment       0x00000043       0x44 ./Drivers/STM32H7xx_HAL_Driver/Src/stm32h7xx_hal_adc.o
 .comment       0x00000043       0x44 ./Drivers/STM32H7xx_HAL_Driver/Src/stm32h7xx_hal_adc_ex.o
 .comment       0x00000043       0x44 ./Drivers/STM32H7xx_HAL_Driver/Src/stm32h7xx_hal_cortex.o
 .comment       0x00000043       0x44 ./Drivers/STM32H7xx_HAL_Driver/Src/stm32h7xx_hal_gpio.o
 .comment       0x00000043       0x44 ./Drivers/STM32H7xx_HAL_Driver/Src/stm32h7xx_hal_pwr.o
 .comment       0x00000043       0x44 ./Drivers/STM32H7xx_HAL_Driver/Src/stm32h7xx_hal_pwr_ex.o
 .comment       0x00000043       0x44 ./Drivers/STM32H7xx_HAL_Driver/Src/stm32h7xx_hal_rcc.o
 .comment       0x00000043       0x44 ./Drivers/STM32H7xx_HAL_Driver/Src/stm32h7xx_hal_rcc_ex.o
 .comment       0x00000043       0x44 ./Drivers/STM32H7xx_HAL_Driver/Src/stm32h7xx_hal_rtc.o
 .comment       0x00000043       0x44 ./Drivers/STM32H7xx_HAL_Driver/Src/stm32h7xx_hal_spi.o
 .comment       0x00000043       0x44 ./Drivers/STM32H7xx_HAL_Driver/Src/stm32h7xx_hal_uart.o
 .comment       0x00000043       0x44 ./Drivers/STM32H7xx_HAL_Driver/Src/stm32h7xx_hal_uart_ex.o
 .comment       0x00000043       0x44 ./FATFS/App/fatfs.o
 .comment       0x00000043       0x44 ./FATFS/Target/user_diskio.o
 .comment       0x00000043       0x44 ./Middlewares/Third_Party/FatFs/src/ff_gen_drv.o

.debug_frame    0x00000000     0x4ce8
 .debug_frame   0x00000000      0x17c ./Core/Src/main.o
 .debug_frame   0x0000017c      0x168 ./Core/Src/stm32h7xx_hal_msp.o
 .debug_frame   0x000002e4      0x104 ./Core/Src/stm32h7xx_it.o
 .debug_frame   0x000003e8       0x78 ./Core/Src/system_stm32h7xx.o
 .debug_frame   0x00000460      0x690 ./Drivers/STM32H7xx_HAL_Driver/Src/stm32h7xx_hal.o
 .debug_frame   0x00000af0      0xa50 ./Drivers/STM32H7xx_HAL_Driver/Src/stm32h7xx_hal_adc.o
 .debug_frame   0x00001540      0x8b4 ./Drivers/STM32H7xx_HAL_Driver/Src/stm32h7xx_hal_adc_ex.o
 .debug_frame   0x00001df4      0x508 ./Drivers/STM32H7xx_HAL_Driver/Src/stm32h7xx_hal_cortex.o
 .debug_frame   0x000022fc      0x14c ./Drivers/STM32H7xx_HAL_Driver/Src/stm32h7xx_hal_gpio.o
 .debug_frame   0x00002448      0x254 ./Drivers/STM32H7xx_HAL_Driver/Src/stm32h7xx_hal_pwr.o
 .debug_frame   0x0000269c      0x580 ./Drivers/STM32H7xx_HAL_Driver/Src/stm32h7xx_hal_pwr_ex.o
 .debug_frame   0x00002c1c      0x1f8 ./Drivers/STM32H7xx_HAL_Driver/Src/stm32h7xx_hal_rcc.o
 .debug_frame   0x00002e14      0x414 ./Drivers/STM32H7xx_HAL_Driver/Src/stm32h7xx_hal_rcc_ex.o
 .debug_frame   0x00003228      0x32c ./Drivers/STM32H7xx_HAL_Driver/Src/stm32h7xx_hal_rtc.o
 .debug_frame   0x00003554      0x7a8 ./Drivers/STM32H7xx_HAL_Driver/Src/stm32h7xx_hal_spi.o
 .debug_frame   0x00003cfc      0xa94 ./Drivers/STM32H7xx_HAL_Driver/Src/stm32h7xx_hal_uart.o
 .debug_frame   0x00004790      0x2c0 ./Drivers/STM32H7xx_HAL_Driver/Src/stm32h7xx_hal_uart_ex.o
 .debug_frame   0x00004a50       0x4c ./FATFS/App/fatfs.o
 .debug_frame   0x00004a9c       0xd8 ./FATFS/Target/user_diskio.o
 .debug_frame   0x00004b74       0xc8 ./Middlewares/Third_Party/FatFs/src/ff_gen_drv.o
 .debug_frame   0x00004c3c       0x20 C:/ST/STM32CubeIDE_1.18.1/STM32CubeIDE/plugins/com.st.stm32cube.ide.mcu.externaltools.gnu-tools-for-stm32.13.3.rel1.win32_1.0.0.202411081344/tools/bin/../lib/gcc/arm-none-eabi/13.3.1/../../../../arm-none-eabi/lib/thumb/v7e-m+dp/hard\libc_nano.a(libc_a-memset.o)
 .debug_frame   0x00004c5c       0x2c C:/ST/STM32CubeIDE_1.18.1/STM32CubeIDE/plugins/com.st.stm32cube.ide.mcu.externaltools.gnu-tools-for-stm32.13.3.rel1.win32_1.0.0.202411081344/tools/bin/../lib/gcc/arm-none-eabi/13.3.1/../../../../arm-none-eabi/lib/thumb/v7e-m+dp/hard\libc_nano.a(libc_a-init.o)
 .debug_frame   0x00004c88       0x2c C:/ST/STM32CubeIDE_1.18.1/STM32CubeIDE/plugins/com.st.stm32cube.ide.mcu.externaltools.gnu-tools-for-stm32.13.3.rel1.win32_1.0.0.202411081344/tools/bin/../lib/gcc/arm-none-eabi/13.3.1/thumb/v7e-m+dp/hard\libgcc.a(_aeabi_uldivmod.o)
 .debug_frame   0x00004cb4       0x34 C:/ST/STM32CubeIDE_1.18.1/STM32CubeIDE/plugins/com.st.stm32cube.ide.mcu.externaltools.gnu-tools-for-stm32.13.3.rel1.win32_1.0.0.202411081344/tools/bin/../lib/gcc/arm-none-eabi/13.3.1/thumb/v7e-m+dp/hard\libgcc.a(_udivmoddi4.o)

.debug_line_str
                0x00000000       0x71
 .debug_line_str
                0x00000000       0x71 ./Core/Startup/startup_stm32h743vitx.o
