../Core/Src/logging.c:67:24:log_addr	24	static
../Core/Src/logging.c:89:5:log_flash_read	32	static
../Core/Src/logging.c:116:5:log_flash_prog	32	static
../Core/Src/logging.c:143:5:log_flash_erase	24	static
../Core/Src/logging.c:167:5:log_flash_sync	16	static
../Core/Src/logging.c:183:6:log_init	8	static
../Core/Src/logging.c:216:6:log_test_write	16	static
../Core/Src/logging.c:238:6:log_test_read	80	static
../Core/Src/logging.c:269:6:log_list_files	328	static
../Core/Src/logging.c:290:6:log_flush	16	static
../Core/Src/logging.c:309:6:log_add_sample	24	static
