../Core/Src/main.c:168:5:main	64	static
../Core/Src/main.c:1122:6:SystemClock_Config	88	static
../Core/Src/main.c:1168:13:MX_ADC1_Init	24	static
../Core/Src/main.c:1229:13:MX_I2C3_Init	8	static
../Core/Src/main.c:1263:13:MX_SPI1_Init	8	static
../Core/Src/main.c:1301:13:MX_TIM1_Init	96	static
../Core/Src/main.c:1380:13:MX_TIM2_Init	64	static
../Core/Src/main.c:1443:13:MX_TIM3_Init	64	static
../Core/Src/main.c:1514:13:MX_TIM4_Init	32	static
../Core/Src/main.c:1559:13:MX_TIM5_Init	32	static
../Core/Src/main.c:1604:13:MX_TIM6_Init	16	static
../Core/Src/main.c:1642:13:MX_UART4_Init	8	static
../Core/Src/main.c:1673:13:MX_DMA_Init	16	static
../Core/Src/main.c:1695:13:MX_GPIO_Init	48	static
../Core/Src/main.c:1771:6:HAL_UART_RxCpltCallback	24	static
../Core/Src/main.c:1818:6:HAL_GPIO_EXTI_Callback	16	static
../Core/Src/main.c:1833:9:TVCServoEnable	16	static
../Core/Src/main.c:1848:9:TVCServoDisable	16	static
../Core/Src/main.c:1863:9:EDFEnable	16	static
../Core/Src/main.c:1874:9:EDFDisable	16	static
../Core/Src/main.c:1885:6:StatusLED	16	static
../Core/Src/main.c:1944:10:ADC_Read_Main_Battery	24	static
../Core/Src/main.c:1955:10:ADC_Read_EDF_Battery	24	static
../Core/Src/main.c:1966:6:HAL_ADC_ConvCpltCallback	16	static
../Core/Src/main.c:1979:6:HAL_TIM_PeriodElapsedCallback	16	static
../Core/Src/main.c:2171:6:Error_Handler	4	static,ignoring_inline_asm
