../Core/Src/main.c:161:5:main	24	static
../Core/Src/main.c:781:6:SystemClock_Config	88	static
../Core/Src/main.c:827:13:MX_ADC1_Init	24	static
../Core/Src/main.c:888:13:MX_I2C3_Init	8	static
../Core/Src/main.c:922:13:MX_SPI1_Init	8	static
../Core/Src/main.c:960:13:MX_TIM1_Init	96	static
../Core/Src/main.c:1039:13:MX_TIM2_Init	64	static
../Core/Src/main.c:1103:13:MX_TIM3_Init	64	static
../Core/Src/main.c:1174:13:MX_TIM4_Init	32	static
../Core/Src/main.c:1219:13:MX_TIM5_Init	32	static
../Core/Src/main.c:1264:13:MX_TIM6_Init	16	static
../Core/Src/main.c:1302:13:MX_UART4_Init	8	static
../Core/Src/main.c:1333:13:MX_DMA_Init	16	static
../Core/Src/main.c:1355:13:MX_GPIO_Init	48	static
../Core/Src/main.c:1428:6:HAL_UART_RxCpltCallback	16	static
../Core/Src/main.c:1436:6:HAL_GPIO_EXTI_Callback	16	static
../Core/Src/main.c:1451:9:TVCServoEnable	16	static
../Core/Src/main.c:1466:9:TVCServoDisable	16	static
../Core/Src/main.c:1481:9:EDFEnable	16	static
../Core/Src/main.c:1492:9:EDFDisable	16	static
../Core/Src/main.c:1503:6:StatusLED	16	static
../Core/Src/main.c:1568:10:ADC_Read_Main_Battery	24	static
../Core/Src/main.c:1581:10:ADC_Read_EDF_Battery	24	static
../Core/Src/main.c:1594:6:HAL_ADC_ConvCpltCallback	16	static
../Core/Src/main.c:1607:6:HAL_TIM_PeriodElapsedCallback	16	static
../Core/Src/main.c:1766:6:Error_Handler	4	static,ignoring_inline_asm
