../Core/Src/main.c:161:5:main	58
../Core/Src/main.c:928:6:SystemClock_Config	3
../Core/Src/main.c:974:13:MX_ADC1_Init	4
../Core/Src/main.c:1035:13:MX_I2C3_Init	2
../Core/Src/main.c:1069:13:MX_SPI1_Init	2
../Core/Src/main.c:1107:13:MX_TIM1_Init	8
../Core/Src/main.c:1186:13:MX_TIM2_Init	7
../Core/Src/main.c:1249:13:MX_TIM3_Init	9
../Core/Src/main.c:1320:13:MX_TIM4_Init	4
../Core/Src/main.c:1365:13:MX_TIM5_Init	4
../Core/Src/main.c:1410:13:MX_TIM6_Init	3
../Core/Src/main.c:1448:13:MX_UART4_Init	2
../Core/Src/main.c:1479:13:MX_DMA_Init	1
../Core/Src/main.c:1501:13:MX_GPIO_Init	1
../Core/Src/main.c:1574:6:HAL_UART_RxCpltCallback	1
../Core/Src/main.c:1582:6:HAL_GPIO_EXTI_Callback	3
../Core/Src/main.c:1597:9:TVCServoEnable	1
../Core/Src/main.c:1612:9:TVCServoDisable	1
../Core/Src/main.c:1627:9:EDFEnable	1
../Core/Src/main.c:1638:9:EDFDisable	1
../Core/Src/main.c:1649:6:StatusLED	9
../Core/Src/main.c:1714:10:ADC_Read_Main_Battery	1
../Core/Src/main.c:1725:10:ADC_Read_EDF_Battery	1
../Core/Src/main.c:1736:6:HAL_ADC_ConvCpltCallback	1
../Core/Src/main.c:1749:6:HAL_TIM_PeriodElapsedCallback	35
../Core/Src/main.c:1908:6:Error_Handler	1
