../Core/Src/main.c:161:5:main	24	static
../Core/Src/main.c:872:6:SystemClock_Config	88	static
../Core/Src/main.c:918:13:MX_ADC1_Init	24	static
../Core/Src/main.c:979:13:MX_I2C3_Init	8	static
../Core/Src/main.c:1013:13:MX_SPI1_Init	8	static
../Core/Src/main.c:1051:13:MX_TIM1_Init	96	static
../Core/Src/main.c:1130:13:MX_TIM2_Init	64	static
../Core/Src/main.c:1194:13:MX_TIM3_Init	64	static
../Core/Src/main.c:1265:13:MX_TIM4_Init	32	static
../Core/Src/main.c:1310:13:MX_TIM5_Init	32	static
../Core/Src/main.c:1355:13:MX_TIM6_Init	16	static
../Core/Src/main.c:1393:13:MX_UART4_Init	8	static
../Core/Src/main.c:1424:13:MX_DMA_Init	16	static
../Core/Src/main.c:1446:13:MX_GPIO_Init	48	static
../Core/Src/main.c:1519:6:HAL_UART_RxCpltCallback	16	static
../Core/Src/main.c:1527:6:HAL_GPIO_EXTI_Callback	16	static
../Core/Src/main.c:1542:9:TVCServoEnable	16	static
../Core/Src/main.c:1557:9:TVCServoDisable	16	static
../Core/Src/main.c:1572:9:EDFEnable	16	static
../Core/Src/main.c:1583:9:EDFDisable	16	static
../Core/Src/main.c:1594:6:StatusLED	16	static
../Core/Src/main.c:1659:10:ADC_Read_Main_Battery	24	static
../Core/Src/main.c:1672:10:ADC_Read_EDF_Battery	24	static
../Core/Src/main.c:1685:6:HAL_ADC_ConvCpltCallback	16	static
../Core/Src/main.c:1698:6:HAL_TIM_PeriodElapsedCallback	16	static
../Core/Src/main.c:1857:6:Error_Handler	4	static,ignoring_inline_asm
