../Drivers/littlefs/lfs.c:852:12:lfs_dir_traverse_filter	4	static
../Drivers/littlefs/lfs.c:1915:12:lfs_dir_commit_size	0	static
../Drivers/littlefs/lfs.c:5172:12:lfs_fs_size_count	0	static
../Drivers/littlefs/lfs.c:44:12:lfs_bd_read	64	static
../Drivers/littlefs/lfs.c:4835:12:lfs_fs_parent_match	40	static
../Drivers/littlefs/lfs.c:4198:12:lfs_init	32	static
../Drivers/littlefs/lfs.c:276:12:lfs_bd_erase.part.0	8	static
../Drivers/littlefs/lfs.c:4894:12:lfs_fs_preporphans.part.0	8	static
../Drivers/littlefs/lfs.c:3020:12:lfs_ctz_traverse.part.0	64	static
../Drivers/littlefs/lfs.c:212:12:lfs_bd_sync.part.0	8	static
../Drivers/littlefs/lfs.c:44:12:lfs_bd_read.constprop	64	static
../Drivers/littlefs/lfs.c:177:12:lfs_bd_flush	72	static
../Drivers/littlefs/lfs.c:228:12:lfs_bd_prog.part.0	48	static
../Drivers/littlefs/lfs.c:1395:12:lfs_dir_getgstate	88	static
../Drivers/littlefs/lfs.c:719:19:lfs_dir_getslice.constprop	72	static
../Drivers/littlefs/lfs.c:719:19:lfs_dir_getslice.constprop	72	static
../Drivers/littlefs/lfs.c:719:19:lfs_dir_getslice.constprop	72	static
../Drivers/littlefs/lfs.c:912:12:lfs_dir_traverse.constprop	224	static
../Drivers/littlefs/lfs.c:2886:12:lfs_ctz_find.constprop	64	static
../Drivers/littlefs/lfs.c:3492:20:lfs_file_flushedread	88	static
../Drivers/littlefs/lfs.c:3020:12:lfs_ctz_traverse.part.0.constprop	72	static
../Drivers/littlefs/lfs.c:1413:12:lfs_dir_getinfo	72	static
../Drivers/littlefs/lfs.c:1604:12:lfs_dir_commitprog	40	static
../Drivers/littlefs/lfs.c:1453:12:lfs_dir_find_match	72	static
../Drivers/littlefs/lfs.c:1107:19:lfs_dir_fetchmatch	144	static
../Drivers/littlefs/lfs.c:4856:19:lfs_fs_parent	64	static
../Drivers/littlefs/lfs.c:1483:19:lfs_dir_find	96	static
../Drivers/littlefs/lfs.c:4796:12:lfs_fs_pred	56	static
../Drivers/littlefs/lfs.c:4693:5:lfs_fs_traverse_.constprop	104	static
../Drivers/littlefs/lfs.c:1669:12:lfs_dir_commitcrc	96	static
../Drivers/littlefs/lfs.c:1815:12:lfs_dir_alloc	128	static
../Drivers/littlefs/lfs.c:666:12:lfs_alloc	128	static
../Drivers/littlefs/lfs.c:3266:12:lfs_file_relocate	88	static
../Drivers/littlefs/lfs.c:3572:20:lfs_file_flushedwrite	104	static
../Drivers/littlefs/lfs.c:3350:12:lfs_file_flush	128	static
../Drivers/littlefs/lfs.c:3700:19:lfs_file_seek_	32	static
../Drivers/littlefs/lfs.c:3656:20:lfs_file_write_	40	static
../Drivers/littlefs/lfs.c:1952:12:lfs_dir_compact	128	static
../Drivers/littlefs/lfs.c:2125:12:lfs_dir_splittingcompact.constprop	192	static
../Drivers/littlefs/lfs.c:2234:12:lfs_dir_relocatingcommit.constprop	136	static
../Drivers/littlefs/lfs.c:2234:12:lfs_dir_relocatingcommit	136	static
../Drivers/littlefs/lfs.c:2408:12:lfs_dir_orphaningcommit	160	static
../Drivers/littlefs/lfs.c:4991:12:lfs_fs_deorphan.part.0	184	static
../Drivers/littlefs/lfs.c:5122:12:lfs_fs_forceconsistency	96	static
../Drivers/littlefs/lfs.c:3431:12:lfs_file_sync_	40	static
../Drivers/littlefs/lfs.c:3065:12:lfs_file_opencfg_	72	static
../Drivers/littlefs/lfs.c:1932:12:lfs_dir_commit_commit	72	static
../Drivers/littlefs/lfs.c:5971:5:lfs_format	120	static
../Drivers/littlefs/lfs.c:6001:5:lfs_mount	120	static
../Drivers/littlefs/lfs.c:6030:5:lfs_unmount	8	static
../Drivers/littlefs/lfs.c:6045:5:lfs_remove	136	static
../Drivers/littlefs/lfs.c:6061:5:lfs_rename	232	static
../Drivers/littlefs/lfs.c:6076:5:lfs_stat	56	static
../Drivers/littlefs/lfs.c:6090:13:lfs_getattr	72	static
../Drivers/littlefs/lfs.c:6107:5:lfs_setattr	88	static
../Drivers/littlefs/lfs.c:6125:5:lfs_removeattr	80	static
../Drivers/littlefs/lfs.c:6141:5:lfs_file_open	16	static
../Drivers/littlefs/lfs.c:6158:5:lfs_file_opencfg	16	static
../Drivers/littlefs/lfs.c:6178:5:lfs_file_close	16	static
../Drivers/littlefs/lfs.c:6194:5:lfs_file_sync	40	static
../Drivers/littlefs/lfs.c:6210:13:lfs_file_read	24	static
../Drivers/littlefs/lfs.c:6228:13:lfs_file_write	8	static
../Drivers/littlefs/lfs.c:6246:12:lfs_file_seek	32	static
../Drivers/littlefs/lfs.c:6264:5:lfs_file_truncate	48	static
../Drivers/littlefs/lfs.c:6281:12:lfs_file_tell	8	static
../Drivers/littlefs/lfs.c:6296:5:lfs_file_rewind	24	static
../Drivers/littlefs/lfs.c:6310:12:lfs_file_size	8	static
../Drivers/littlefs/lfs.c:6326:5:lfs_mkdir	200	static
../Drivers/littlefs/lfs.c:6341:5:lfs_dir_open	56	static
../Drivers/littlefs/lfs.c:6356:5:lfs_dir_close	0	static
../Drivers/littlefs/lfs.c:6370:5:lfs_dir_read	48	static
../Drivers/littlefs/lfs.c:6385:5:lfs_dir_seek	56	static
../Drivers/littlefs/lfs.c:6400:12:lfs_dir_tell	0	static
../Drivers/littlefs/lfs.c:6414:5:lfs_dir_rewind	24	static
../Drivers/littlefs/lfs.c:6428:5:lfs_fs_stat	88	static
../Drivers/littlefs/lfs.c:6442:13:lfs_fs_size	16	static
../Drivers/littlefs/lfs.c:6456:5:lfs_fs_traverse	104	static
../Drivers/littlefs/lfs.c:6472:5:lfs_fs_mkconsistent	96	static
../Drivers/littlefs/lfs.c:6488:5:lfs_fs_gc	128	static
../Drivers/littlefs/lfs.c:6504:5:lfs_fs_grow	96	static
