../acados/acados/sim/sim_irk_integrator.c:57:15:sim_irk_dims_calculate_size	0	static
../acados/acados/sim/sim_irk_integrator.c:64:7:sim_irk_dims_assign	0	static
../acados/acados/sim/sim_irk_integrator.c:154:15:sim_irk_model_calculate_size	0	static
../acados/acados/sim/sim_irk_integrator.c:165:7:sim_irk_model_assign	0	static
../acados/acados/sim/sim_irk_integrator.c:959:5:sim_irk_precompute	0	static
../acados/acados/sim/sim_irk_integrator.c:553:5:sim_irk_memory_set_to_zero	40	static
../acados/acados/sim/sim_irk_integrator.c:250:15:sim_irk_opts_calculate_size	16	static
../acados/acados/sim/sim_irk_integrator.c:270:7:sim_irk_opts_assign	24	static
../acados/acados/sim/sim_irk_integrator.c:296:6:sim_irk_opts_initialize_default	24	static
../acados/acados/sim/sim_irk_integrator.c:370:6:sim_irk_opts_set	0	static
../acados/acados/sim/sim_irk_integrator.c:378:6:sim_irk_opts_get	0	static
../acados/acados/sim/sim_irk_integrator.c:390:15:sim_irk_memory_calculate_size	24	static
../acados/acados/sim/sim_irk_integrator.c:427:7:sim_irk_memory_assign	48	static
../acados/acados/sim/sim_irk_integrator.c:481:5:sim_irk_memory_set	48	static
../acados/acados/sim/sim_irk_integrator.c:633:15:sim_irk_workspace_calculate_size	56	static
../acados/acados/sim/sim_irk_integrator.c:925:8:sim_irk_get_external_fun_workspace_requirement	16	static
../acados/acados/sim/sim_irk_integrator.c:947:6:sim_irk_set_external_fun_workspaces	16	static
../acados/acados/sim/sim_irk_integrator.c:84:6:sim_irk_dims_set	16	static
../acados/acados/sim/sim_irk_integrator.c:121:6:sim_irk_dims_get	16	static
../acados/acados/sim/sim_irk_integrator.c:185:5:sim_irk_model_set	16	static
../acados/acados/sim/sim_irk_integrator.c:340:6:sim_irk_opts_update	16	static
../acados/acados/sim/sim_irk_integrator.c:581:6:sim_irk_memory_get	40	static
../acados/acados/sim/sim_irk_integrator.c:967:6:sim_irk_compute_z_and_algebraic_sens	304	static
../acados/acados/sim/sim_irk_integrator.c:1182:5:sim_irk	776	static
../acados/acados/sim/sim_irk_integrator.c:2280:6:sim_irk_config_initialize_default	0	static
