../acados/acados/sim/sim_gnsf.c:61:15:sim_gnsf_dims_calculate_size	0	static
../acados/acados/sim/sim_gnsf.c:67:7:sim_gnsf_dims_assign	0	static
../acados/acados/sim/sim_gnsf.c:264:15:sim_gnsf_opts_calculate_size	16	static
../acados/acados/sim/sim_gnsf.c:389:15:sim_gnsf_model_calculate_size	32	static
../acados/acados/sim/sim_gnsf.c:285:7:sim_gnsf_opts_assign	24	static
../acados/acados/sim/sim_gnsf.c:311:6:sim_gnsf_opts_initialize_default	24	static
../acados/acados/sim/sim_gnsf.c:369:6:sim_gnsf_opts_set	0	static
../acados/acados/sim/sim_gnsf.c:377:6:sim_gnsf_opts_get	0	static
../acados/acados/sim/sim_gnsf.c:431:7:sim_gnsf_model_assign	80	static
../acados/acados/sim/sim_gnsf.c:1186:15:sim_gnsf_memory_calculate_size	64	static
../acados/acados/sim/sim_gnsf.c:1291:7:sim_gnsf_memory_assign	96	static
../acados/acados/sim/sim_gnsf.c:1511:15:sim_gnsf_workspace_calculate_size	80	static
../acados/acados/sim/sim_gnsf.c:1428:5:sim_gnsf_memory_set	24	static
../acados/acados/sim/sim_gnsf.c:2134:8:sim_gnsf_get_external_fun_workspace_requirement	16	static
../acados/acados/sim/sim_gnsf.c:2156:6:sim_gnsf_set_external_fun_workspaces	16	static
../acados/acados/sim/sim_gnsf.c:92:6:sim_gnsf_dims_set	16	static
../acados/acados/sim/sim_gnsf.c:145:6:sim_gnsf_dims_get	16	static
../acados/acados/sim/sim_gnsf.c:496:5:sim_gnsf_model_set	16	static
../acados/acados/sim/sim_gnsf.c:1456:5:sim_gnsf_memory_set_to_zero	24	static
../acados/acados/sim/sim_gnsf.c:1479:6:sim_gnsf_memory_get	16	static
../acados/acados/sim/sim_gnsf.c:354:6:sim_gnsf_opts_update	16	static
../acados/acados/sim/sim_gnsf.c:1805:6:sim_gnsf_compute_z_and_algebraic_sens	144	static
../acados/acados/sim/sim_gnsf.c:2168:5:sim_gnsf	760	static
../acados/acados/sim/sim_gnsf.c:618:5:sim_gnsf_precompute	1280	static
../acados/acados/sim/sim_gnsf.c:3060:6:sim_gnsf_config_initialize_default	0	static
