../acados/acados/sim/sim_lifted_irk_integrator.c:56:15:sim_lifted_irk_dims_calculate_size	16	static
../acados/acados/sim/sim_lifted_irk_integrator.c:63:7:sim_lifted_irk_dims_assign	24	static
../acados/acados/sim/sim_lifted_irk_integrator.c:81:6:sim_lifted_irk_dims_set	32	static
../acados/acados/sim/sim_lifted_irk_integrator.c:114:6:sim_lifted_irk_dims_get	32	static
../acados/acados/sim/sim_lifted_irk_integrator.c:143:15:sim_lifted_irk_model_calculate_size	24	static
../acados/acados/sim/sim_lifted_irk_integrator.c:154:7:sim_lifted_irk_model_assign	32	static
../acados/acados/sim/sim_lifted_irk_integrator.c:168:5:sim_lifted_irk_model_set	32	static
../acados/acados/sim/sim_lifted_irk_integrator.c:195:15:sim_lifted_irk_opts_calculate_size	24	static
../acados/acados/sim/sim_lifted_irk_integrator.c:217:7:sim_lifted_irk_opts_assign	40	static
../acados/acados/sim/sim_lifted_irk_integrator.c:243:6:sim_lifted_irk_opts_initialize_default	48	static
../acados/acados/sim/sim_lifted_irk_integrator.c:285:6:sim_lifted_irk_opts_update	48	static
../acados/acados/sim/sim_lifted_irk_integrator.c:300:6:sim_lifted_irk_opts_set	32	static
../acados/acados/sim/sim_lifted_irk_integrator.c:308:6:sim_lifted_irk_opts_get	32	static
../acados/acados/sim/sim_lifted_irk_integrator.c:320:15:sim_lifted_irk_memory_calculate_size	56	static
../acados/acados/sim/sim_lifted_irk_integrator.c:357:7:sim_lifted_irk_memory_assign	80	static
../acados/acados/sim/sim_lifted_irk_integrator.c:431:5:sim_lifted_irk_memory_set	24	static
../acados/acados/sim/sim_lifted_irk_integrator.c:469:5:sim_lifted_irk_memory_set_to_zero	56	static
../acados/acados/sim/sim_lifted_irk_integrator.c:497:6:sim_lifted_irk_memory_get	40	static
../acados/acados/sim/sim_lifted_irk_integrator.c:529:15:sim_lifted_irk_workspace_calculate_size	48	static
../acados/acados/sim/sim_lifted_irk_integrator.c:563:14:sim_lifted_irk_cast_workspace	56	static
../acados/acados/sim/sim_lifted_irk_integrator.c:628:8:sim_lifted_irk_get_external_fun_workspace_requirement	40	static
../acados/acados/sim/sim_lifted_irk_integrator.c:644:6:sim_lifted_irk_set_external_fun_workspaces	32	static
../acados/acados/sim/sim_lifted_irk_integrator.c:653:5:sim_lifted_irk_precompute	24	static
../acados/acados/sim/sim_lifted_irk_integrator.c:665:5:sim_lifted_irk	424	static
../acados/acados/sim/sim_lifted_irk_integrator.c:1000:6:sim_lifted_irk_config_initialize_default	24	static
