../acados/acados/sim/sim_gnsf.c:61:15:sim_gnsf_dims_calculate_size	16	static
../acados/acados/sim/sim_gnsf.c:67:7:sim_gnsf_dims_assign	24	static
../acados/acados/sim/sim_gnsf.c:92:6:sim_gnsf_dims_set	32	static
../acados/acados/sim/sim_gnsf.c:145:6:sim_gnsf_dims_get	32	static
../acados/acados/sim/sim_gnsf.c:178:13:sim_gnsf_import_matrices	200	static
../acados/acados/sim/sim_gnsf.c:264:15:sim_gnsf_opts_calculate_size	24	static
../acados/acados/sim/sim_gnsf.c:285:7:sim_gnsf_opts_assign	40	static
../acados/acados/sim/sim_gnsf.c:311:6:sim_gnsf_opts_initialize_default	48	static
../acados/acados/sim/sim_gnsf.c:354:6:sim_gnsf_opts_update	48	static
../acados/acados/sim/sim_gnsf.c:369:6:sim_gnsf_opts_set	32	static
../acados/acados/sim/sim_gnsf.c:377:6:sim_gnsf_opts_get	32	static
../acados/acados/sim/sim_gnsf.c:389:15:sim_gnsf_model_calculate_size	64	static
../acados/acados/sim/sim_gnsf.c:431:7:sim_gnsf_model_assign	88	static
../acados/acados/sim/sim_gnsf.c:496:5:sim_gnsf_model_set	32	static
../acados/acados/sim/sim_gnsf.c:535:14:gnsf_cast_pre_workspace	80	static
../acados/acados/sim/sim_gnsf.c:618:5:sim_gnsf_precompute	1296	static
../acados/acados/sim/sim_gnsf.c:1186:15:sim_gnsf_memory_calculate_size	104	static
../acados/acados/sim/sim_gnsf.c:1291:7:sim_gnsf_memory_assign	112	static
../acados/acados/sim/sim_gnsf.c:1428:5:sim_gnsf_memory_set	56	static
../acados/acados/sim/sim_gnsf.c:1456:5:sim_gnsf_memory_set_to_zero	40	static
../acados/acados/sim/sim_gnsf.c:1479:6:sim_gnsf_memory_get	40	static
../acados/acados/sim/sim_gnsf.c:1511:15:sim_gnsf_workspace_calculate_size	112	static
../acados/acados/sim/sim_gnsf.c:1680:14:sim_gnsf_cast_workspace	128	static
../acados/acados/sim/sim_gnsf.c:1805:6:sim_gnsf_compute_z_and_algebraic_sens	224	static
../acados/acados/sim/sim_gnsf.c:2134:8:sim_gnsf_get_external_fun_workspace_requirement	40	static
../acados/acados/sim/sim_gnsf.c:2156:6:sim_gnsf_set_external_fun_workspaces	32	static
../acados/acados/sim/sim_gnsf.c:2168:5:sim_gnsf	800	static
../acados/acados/sim/sim_gnsf.c:3060:6:sim_gnsf_config_initialize_default	24	static
