../Core/Src/main.c:169:5:main	83
../Core/Src/main.c:1250:6:SystemClock_Config	3
../Core/Src/main.c:1296:13:MX_ADC1_Init	4
../Core/Src/main.c:1357:13:MX_I2C3_Init	2
../Core/Src/main.c:1391:13:MX_SPI1_Init	2
../Core/Src/main.c:1429:13:MX_TIM1_Init	8
../Core/Src/main.c:1508:13:MX_TIM2_Init	7
../Core/Src/main.c:1572:13:MX_TIM3_Init	9
../Core/Src/main.c:1643:13:MX_TIM4_Init	4
../Core/Src/main.c:1688:13:MX_TIM5_Init	4
../Core/Src/main.c:1733:13:MX_TIM6_Init	3
../Core/Src/main.c:1771:13:MX_UART4_Init	2
../Core/Src/main.c:1802:13:MX_DMA_Init	1
../Core/Src/main.c:1824:13:MX_GPIO_Init	1
../Core/Src/main.c:1900:6:HAL_UART_RxCpltCallback	6
../Core/Src/main.c:1957:6:HAL_GPIO_EXTI_Callback	3
../Core/Src/main.c:1972:9:TVCServoEnable	1
../Core/Src/main.c:1987:9:TVCServoDisable	1
../Core/Src/main.c:2002:9:EDFEnable	1
../Core/Src/main.c:2014:9:EDFDisable	1
../Core/Src/main.c:2025:6:StatusLED	8
../Core/Src/main.c:2084:10:ADC_Read_Main_Battery	1
../Core/Src/main.c:2095:10:ADC_Read_EDF_Battery	1
../Core/Src/main.c:2106:6:HAL_ADC_ConvCpltCallback	1
../Core/Src/main.c:2119:6:HAL_TIM_PeriodElapsedCallback	31
../Core/Src/main.c:2311:6:Error_Handler	1
