../Core/Src/main.c:168:5:main	79
../Core/Src/main.c:1147:6:SystemClock_Config	3
../Core/Src/main.c:1193:13:MX_ADC1_Init	4
../Core/Src/main.c:1254:13:MX_I2C3_Init	2
../Core/Src/main.c:1288:13:MX_SPI1_Init	2
../Core/Src/main.c:1326:13:MX_TIM1_Init	8
../Core/Src/main.c:1405:13:MX_TIM2_Init	7
../Core/Src/main.c:1468:13:MX_TIM3_Init	9
../Core/Src/main.c:1539:13:MX_TIM4_Init	4
../Core/Src/main.c:1584:13:MX_TIM5_Init	4
../Core/Src/main.c:1629:13:MX_TIM6_Init	3
../Core/Src/main.c:1667:13:MX_UART4_Init	2
../Core/Src/main.c:1698:13:MX_DMA_Init	1
../Core/Src/main.c:1720:13:MX_GPIO_Init	1
../Core/Src/main.c:1796:6:HAL_UART_RxCpltCallback	6
../Core/Src/main.c:1848:6:HAL_GPIO_EXTI_Callback	3
../Core/Src/main.c:1863:9:TVCServoEnable	1
../Core/Src/main.c:1878:9:TVCServoDisable	1
../Core/Src/main.c:1893:9:EDFEnable	1
../Core/Src/main.c:1904:9:EDFDisable	1
../Core/Src/main.c:1915:6:StatusLED	8
../Core/Src/main.c:1974:10:ADC_Read_Main_Battery	1
../Core/Src/main.c:1985:10:ADC_Read_EDF_Battery	1
../Core/Src/main.c:1996:6:HAL_ADC_ConvCpltCallback	1
../Core/Src/main.c:2009:6:HAL_TIM_PeriodElapsedCallback	31
../Core/Src/main.c:2201:6:Error_Handler	1
