../Drivers/vl53l1x/core/VL53L1X_api.c:143:15:VL53L1X_GetSWVersion	0	static
../Drivers/vl53l1x/core/VL53L1X_api.c:155:15:VL53L1X_SetI2CAddress	0	static
../Drivers/vl53l1x/core/VL53L1X_api.c:165:15:VL53L1X_SensorInit	40	static
../Drivers/vl53l1x/core/VL53L1X_api.c:186:15:VL53L1X_ClearInterrupt	0	static
../Drivers/vl53l1x/core/VL53L1X_api.c:196:15:VL53L1X_SetInterruptPolarity	24	static
../Drivers/vl53l1x/core/VL53L1X_api.c:208:15:VL53L1X_GetInterruptPolarity	16	static
../Drivers/vl53l1x/core/VL53L1X_api.c:220:15:VL53L1X_StartRanging	0	static
../Drivers/vl53l1x/core/VL53L1X_api.c:229:15:VL53L1X_StopRanging	0	static
../Drivers/vl53l1x/core/VL53L1X_api.c:238:15:VL53L1X_CheckForDataReady	24	static
../Drivers/vl53l1x/core/VL53L1X_api.c:258:15:VL53L1X_SetTimingBudgetInMs	24	static
../Drivers/vl53l1x/core/VL53L1X_api.c:335:15:VL53L1X_GetTimingBudgetInMs	16	static
../Drivers/vl53l1x/core/VL53L1X_api.c:377:15:VL53L1X_SetDistanceMode	32	static
../Drivers/vl53l1x/core/VL53L1X_api.c:414:15:VL53L1X_GetDistanceMode	16	static
../Drivers/vl53l1x/core/VL53L1X_api.c:427:15:VL53L1X_SetInterMeasurementInMs	24	static
../Drivers/vl53l1x/core/VL53L1X_api.c:441:15:VL53L1X_GetInterMeasurementInMs	24	static
../Drivers/vl53l1x/core/VL53L1X_api.c:456:15:VL53L1X_BootState	16	static
../Drivers/vl53l1x/core/VL53L1X_api.c:467:15:VL53L1X_GetSensorId	16	static
../Drivers/vl53l1x/core/VL53L1X_api.c:478:15:VL53L1X_GetDistance	16	static
../Drivers/vl53l1x/core/VL53L1X_api.c:489:15:VL53L1X_GetSignalPerSpad	24	static
../Drivers/vl53l1x/core/VL53L1X_api.c:502:15:VL53L1X_GetAmbientPerSpad	24	static
../Drivers/vl53l1x/core/VL53L1X_api.c:514:15:VL53L1X_GetSignalRate	16	static
../Drivers/vl53l1x/core/VL53L1X_api.c:526:15:VL53L1X_GetSpadNb	16	static
../Drivers/vl53l1x/core/VL53L1X_api.c:539:15:VL53L1X_GetAmbientRate	16	static
../Drivers/vl53l1x/core/VL53L1X_api.c:550:15:VL53L1X_GetRangeStatus	16	static
../Drivers/vl53l1x/core/VL53L1X_api.c:565:15:VL53L1X_GetResult	32	static
../Drivers/vl53l1x/core/VL53L1X_api.c:586:15:VL53L1X_SetOffset	16	static
../Drivers/vl53l1x/core/VL53L1X_api.c:599:16:VL53L1X_GetOffset	16	static
../Drivers/vl53l1x/core/VL53L1X_api.c:618:15:VL53L1X_SetXtalk	16	static
../Drivers/vl53l1x/core/VL53L1X_api.c:630:15:VL53L1X_GetXtalk	8	static
../Drivers/vl53l1x/core/VL53L1X_api.c:641:15:VL53L1X_SetDistanceThreshold	32	static
../Drivers/vl53l1x/core/VL53L1X_api.c:662:15:VL53L1X_GetDistanceThresholdWindow	16	static
../Drivers/vl53l1x/core/VL53L1X_api.c:674:15:VL53L1X_GetDistanceThresholdLow	16	static
../Drivers/vl53l1x/core/VL53L1X_api.c:686:15:VL53L1X_GetDistanceThresholdHigh	16	static
../Drivers/vl53l1x/core/VL53L1X_api.c:698:15:VL53L1X_SetROICenter	0	static
../Drivers/vl53l1x/core/VL53L1X_api.c:708:15:VL53L1X_GetROICenter	16	static
../Drivers/vl53l1x/core/VL53L1X_api.c:720:15:VL53L1X_SetROI	40	static
../Drivers/vl53l1x/core/VL53L1X_api.c:741:15:VL53L1X_GetROI_XY	24	static
../Drivers/vl53l1x/core/VL53L1X_api.c:754:15:VL53L1X_SetSignalThreshold	0	static
../Drivers/vl53l1x/core/VL53L1X_api.c:763:15:VL53L1X_GetSignalThreshold	16	static
../Drivers/vl53l1x/core/VL53L1X_api.c:775:15:VL53L1X_SetSigmaThreshold	0	static
../Drivers/vl53l1x/core/VL53L1X_api.c:789:15:VL53L1X_GetSigmaThreshold	16	static
../Drivers/vl53l1x/core/VL53L1X_api.c:801:15:VL53L1X_StartTemperatureUpdate	32	static
../Drivers/vl53l1x/core/VL53L1X_api.c:825:15:VL53L1X_ReadID	16	static
