../acados/acados/utils/math.c:64:6:dgemm_nn_3l	36	static
../acados/acados/utils/math.c:135:6:daxpy_3l	0	static
../acados/acados/utils/math.c:144:6:dscal_3l	0	static
../acados/acados/utils/math.c:156:6:dmcopy	28	static
../acados/acados/utils/math.c:168:5:idamax_3l	0	static
../acados/acados/utils/math.c:190:6:dswap_3l	28	static
../acados/acados/utils/math.c:206:6:dger_3l	32	static
../acados/acados/utils/math.c:230:6:dgetf2_3l	80	static
../acados/acados/utils/math.c:285:6:dlaswp_3l	48	static
../acados/acados/utils/math.c:339:6:dtrsm_llnu_3l	36	static
../acados/acados/utils/math.c:360:6:dtrsm_lunn_3l	56	static
../acados/acados/utils/math.c:381:6:dgetrs_3l	32	static
../acados/acados/utils/math.c:399:6:dgesv_3l	48	static
../acados/acados/utils/math.c:414:8:onenorm	16	static
../acados/acados/utils/math.c:445:6:padeapprox	88	static
../acados/acados/utils/math.c:749:6:expm	112	static
../acados/acados/utils/math.c:1098:6:acados_eigen_decomposition	160	static
../acados/acados/utils/math.c:1113:6:compute_gershgorin_max_abs_eig_estimate	20	static
../acados/acados/utils/math.c:1135:6:compute_gershgorin_min_eig_estimate	20	static
../acados/acados/utils/math.c:1159:8:minimum_of_doubles	0	static
../acados/acados/utils/math.c:1172:6:neville_algorithm	20	static
