../acados/acados/ocp_qp/ocp_qp_common.c:60:15:ocp_qp_solver_config_calculate_size	16	static
../acados/acados/ocp_qp/ocp_qp_common.c:71:19:ocp_qp_solver_config_assign	24	static
../acados/acados/ocp_qp/ocp_qp_common.c:83:15:ocp_qp_condensing_config_calculate_size	16	static
../acados/acados/ocp_qp/ocp_qp_common.c:94:22:ocp_qp_condensing_config_assign	24	static
../acados/acados/ocp_qp/ocp_qp_common.c:110:15:ocp_qp_dims_calculate_size	24	static
../acados/acados/ocp_qp/ocp_qp_common.c:124:14:ocp_qp_dims_assign	32	static
../acados/acados/ocp_qp/ocp_qp_common.c:147:6:ocp_qp_dims_set	32	static
../acados/acados/ocp_qp/ocp_qp_common.c:156:6:ocp_qp_dims_get	32	static
../acados/acados/ocp_qp/ocp_qp_common.c:166:12:ocp_qp_dims_get_ni	16	static
../acados/acados/ocp_qp/ocp_qp_common.c:175:15:ocp_qp_in_calculate_size	24	static
../acados/acados/ocp_qp/ocp_qp_common.c:189:12:ocp_qp_in_assign	32	static
../acados/acados/ocp_qp/ocp_qp_common.c:219:15:ocp_qp_out_calculate_size	24	static
../acados/acados/ocp_qp/ocp_qp_common.c:234:13:ocp_qp_out_assign	32	static
../acados/acados/ocp_qp/ocp_qp_common.c:263:8:ocp_qp_out_compute_primal_nrm_inf	56	static
../acados/acados/ocp_qp/ocp_qp_common.c:285:15:ocp_qp_seed_calculate_size	24	static
../acados/acados/ocp_qp/ocp_qp_common.c:294:14:ocp_qp_seed_assign	24	static
../acados/acados/ocp_qp/ocp_qp_common.c:309:8:ocp_qp_out_compute_dual_nrm_inf	56	static
../acados/acados/ocp_qp/ocp_qp_common.c:332:6:ocp_qp_out_copy	16	static
../acados/acados/ocp_qp/ocp_qp_common.c:338:6:ocp_qp_out_axpy	88	static
../acados/acados/ocp_qp/ocp_qp_common.c:364:8:ocp_qp_out_ddot	96	static
../acados/acados/ocp_qp/ocp_qp_common.c:423:6:ocp_qp_out_set_to_zero	48	static
../acados/acados/ocp_qp/ocp_qp_common.c:449:6:ocp_qp_out_sc	56	static
../acados/acados/ocp_qp/ocp_qp_common.c:476:6:ocp_qp_out_add	72	static
../acados/acados/ocp_qp/ocp_qp_common.c:507:15:ocp_qp_res_calculate_size	24	static
../acados/acados/ocp_qp/ocp_qp_common.c:516:13:ocp_qp_res_assign	24	static
../acados/acados/ocp_qp/ocp_qp_common.c:533:15:ocp_qp_res_workspace_calculate_size	24	static
../acados/acados/ocp_qp/ocp_qp_common.c:542:16:ocp_qp_res_workspace_assign	24	static
../acados/acados/ocp_qp/ocp_qp_common.c:559:6:ocp_qp_res_compute	32	static
../acados/acados/ocp_qp/ocp_qp_common.c:595:6:ocp_qp_res_compute_nrm_inf	56	static
../acados/acados/ocp_qp/ocp_qp_common.c:874:6:ocp_qp_compute_t	128	static
