../acados/acados/ocp_qp/ocp_qp_hpipm.c:133:6:ocp_qp_hpipm_opts_update	0	static
../acados/acados/ocp_qp/ocp_qp_hpipm.c:293:15:ocp_qp_hpipm_workspace_calculate_size	0	static
../acados/acados/ocp_qp/ocp_qp_hpipm.c:59:15:ocp_qp_hpipm_opts_calculate_size	16	static
../acados/acados/ocp_qp/ocp_qp_hpipm.c:76:7:ocp_qp_hpipm_opts_assign	24	static
../acados/acados/ocp_qp/ocp_qp_hpipm.c:186:6:ocp_qp_hpipm_opts_get	0	static
../acados/acados/ocp_qp/ocp_qp_hpipm.c:201:15:ocp_qp_hpipm_memory_calculate_size	16	static
../acados/acados/ocp_qp/ocp_qp_hpipm.c:221:7:ocp_qp_hpipm_memory_assign	32	static
../acados/acados/ocp_qp/ocp_qp_hpipm.c:398:6:ocp_qp_hpipm_memory_reset	24	static
../acados/acados/ocp_qp/ocp_qp_hpipm.c:304:5:ocp_qp_hpipm	136	static
../acados/acados/ocp_qp/ocp_qp_hpipm.c:407:6:ocp_qp_hpipm_solver_get	48	static
../acados/acados/ocp_qp/ocp_qp_hpipm.c:471:6:ocp_qp_hpipm_eval_forw_sens	4	static
../acados/acados/ocp_qp/ocp_qp_hpipm.c:485:6:ocp_qp_hpipm_eval_adj_sens	4	static
../acados/acados/ocp_qp/ocp_qp_hpipm.c:252:6:ocp_qp_hpipm_memory_get	16	static
../acados/acados/ocp_qp/ocp_qp_hpipm.c:500:6:ocp_qp_hpipm_terminate	0	static
../acados/acados/ocp_qp/ocp_qp_hpipm.c:101:13:ocp_qp_hpipm_opts_overwrite_mode_opts.isra	0	static
../acados/acados/ocp_qp/ocp_qp_hpipm.c:142:6:ocp_qp_hpipm_opts_set	16	static
../acados/acados/ocp_qp/ocp_qp_hpipm.c:116:6:ocp_qp_hpipm_opts_initialize_default	8	static
../acados/acados/ocp_qp/ocp_qp_hpipm.c:507:6:ocp_qp_hpipm_config_initialize_default	0	static
