../acados/acados/ocp_qp/ocp_qp_xcond_solver.c:242:6:ocp_qp_xcond_solver_opts_initialize_default	32	static
../acados/acados/ocp_qp/ocp_qp_xcond_solver.c:263:6:ocp_qp_xcond_solver_opts_update	32	static
../acados/acados/ocp_qp/ocp_qp_xcond_solver.c:314:6:ocp_qp_xcond_solver_opts_get_	4	static
../acados/acados/ocp_qp/ocp_qp_xcond_solver.c:331:15:ocp_qp_xcond_solver_memory_calculate_size	32	static
../acados/acados/ocp_qp/ocp_qp_xcond_solver.c:395:6:ocp_qp_xcond_solver_memory_reset	24	static
../acados/acados/ocp_qp/ocp_qp_xcond_solver.c:415:6:ocp_qp_xcond_solver_get	4	static
../acados/acados/ocp_qp/ocp_qp_xcond_solver.c:473:15:ocp_qp_xcond_solver_workspace_calculate_size	40	static
../acados/acados/ocp_qp/ocp_qp_xcond_solver.c:728:6:ocp_qp_xcond_solver_terminate	0	static
../acados/acados/ocp_qp/ocp_qp_xcond_solver.c:89:15:ocp_qp_xcond_solver_dims_calculate_size	16	static
../acados/acados/ocp_qp/ocp_qp_xcond_solver.c:106:27:ocp_qp_xcond_solver_dims_assign	24	static
../acados/acados/ocp_qp/ocp_qp_xcond_solver.c:130:6:ocp_qp_xcond_solver_dims_set_	32	static
../acados/acados/ocp_qp/ocp_qp_xcond_solver.c:188:15:ocp_qp_xcond_solver_opts_calculate_size	32	static
../acados/acados/ocp_qp/ocp_qp_xcond_solver.c:212:7:ocp_qp_xcond_solver_opts_assign	40	static
../acados/acados/ocp_qp/ocp_qp_xcond_solver.c:357:7:ocp_qp_xcond_solver_memory_assign	56	static
../acados/acados/ocp_qp/ocp_qp_xcond_solver.c:431:6:ocp_qp_xcond_solver_memory_get	24	static
C:/DATA/Projects/Amon_Board/Firmware/Amon_board_firmware-STM32H743/acados/acados/utils/strsep.h:42:20:extract_module_name.constprop	24	static
../acados/acados/ocp_qp/ocp_qp_xcond_solver.c:282:6:ocp_qp_xcond_solver_opts_set_	288	static
../acados/acados/ocp_qp/ocp_qp_xcond_solver.c:146:6:ocp_qp_xcond_solver_dims_get_	312	static
../acados/acados/ocp_qp/ocp_qp_xcond_solver.c:497:13:cast_workspace.isra	40	static
../acados/acados/ocp_qp/ocp_qp_xcond_solver.c:622:5:ocp_qp_xcond_condense_rhs_and_solve	128	static
../acados/acados/ocp_qp/ocp_qp_xcond_solver.c:590:5:ocp_qp_xcond_condense_lhs	112	static
../acados/acados/ocp_qp/ocp_qp_xcond_solver.c:528:5:ocp_qp_xcond_solve	136	static
../acados/acados/ocp_qp/ocp_qp_xcond_solver.c:699:6:ocp_qp_xcond_solver_eval_adj_sens	64	static
../acados/acados/ocp_qp/ocp_qp_xcond_solver.c:672:6:ocp_qp_xcond_solver_eval_forw_sens	64	static
../acados/acados/ocp_qp/ocp_qp_xcond_solver.c:53:15:ocp_qp_xcond_solver_config_calculate_size	8	static
../acados/acados/ocp_qp/ocp_qp_xcond_solver.c:67:29:ocp_qp_xcond_solver_config_assign	16	static
../acados/acados/ocp_qp/ocp_qp_xcond_solver.c:741:6:ocp_qp_xcond_solver_config_initialize_default	0	static
