C:/DATA/Projects/Amon_Board/Firmware/Amon_board_firmware-STM32H743/acados/acados/utils/strsep.h:42:20:extract_module_name	32	static
../acados/acados/ocp_qp/ocp_qp_xcond_solver.c:53:15:ocp_qp_xcond_solver_config_calculate_size	16	static
../acados/acados/ocp_qp/ocp_qp_xcond_solver.c:67:29:ocp_qp_xcond_solver_config_assign	24	static
../acados/acados/ocp_qp/ocp_qp_xcond_solver.c:89:15:ocp_qp_xcond_solver_dims_calculate_size	24	static
../acados/acados/ocp_qp/ocp_qp_xcond_solver.c:106:27:ocp_qp_xcond_solver_dims_assign	40	static
../acados/acados/ocp_qp/ocp_qp_xcond_solver.c:130:6:ocp_qp_xcond_solver_dims_set_	48	static
../acados/acados/ocp_qp/ocp_qp_xcond_solver.c:146:6:ocp_qp_xcond_solver_dims_get_	328	static
../acados/acados/ocp_qp/ocp_qp_xcond_solver.c:188:15:ocp_qp_xcond_solver_opts_calculate_size	48	static
../acados/acados/ocp_qp/ocp_qp_xcond_solver.c:212:7:ocp_qp_xcond_solver_opts_assign	56	static
../acados/acados/ocp_qp/ocp_qp_xcond_solver.c:242:6:ocp_qp_xcond_solver_opts_initialize_default	56	static
../acados/acados/ocp_qp/ocp_qp_xcond_solver.c:263:6:ocp_qp_xcond_solver_opts_update	56	static
../acados/acados/ocp_qp/ocp_qp_xcond_solver.c:282:6:ocp_qp_xcond_solver_opts_set_	320	static
../acados/acados/ocp_qp/ocp_qp_xcond_solver.c:314:6:ocp_qp_xcond_solver_opts_get_	48	static
../acados/acados/ocp_qp/ocp_qp_xcond_solver.c:331:15:ocp_qp_xcond_solver_memory_calculate_size	56	static
../acados/acados/ocp_qp/ocp_qp_xcond_solver.c:357:7:ocp_qp_xcond_solver_memory_assign	64	static
../acados/acados/ocp_qp/ocp_qp_xcond_solver.c:395:6:ocp_qp_xcond_solver_memory_reset	56	static
../acados/acados/ocp_qp/ocp_qp_xcond_solver.c:415:6:ocp_qp_xcond_solver_get	72	static
../acados/acados/ocp_qp/ocp_qp_xcond_solver.c:431:6:ocp_qp_xcond_solver_memory_get	48	static
../acados/acados/ocp_qp/ocp_qp_xcond_solver.c:473:15:ocp_qp_xcond_solver_workspace_calculate_size	56	static
../acados/acados/ocp_qp/ocp_qp_xcond_solver.c:497:13:cast_workspace	56	static
../acados/acados/ocp_qp/ocp_qp_xcond_solver.c:528:5:ocp_qp_xcond_solve	152	static
../acados/acados/ocp_qp/ocp_qp_xcond_solver.c:590:5:ocp_qp_xcond_condense_lhs	136	static
../acados/acados/ocp_qp/ocp_qp_xcond_solver.c:622:5:ocp_qp_xcond_condense_rhs_and_solve	144	static
../acados/acados/ocp_qp/ocp_qp_xcond_solver.c:672:6:ocp_qp_xcond_solver_eval_forw_sens	80	static
../acados/acados/ocp_qp/ocp_qp_xcond_solver.c:699:6:ocp_qp_xcond_solver_eval_adj_sens	80	static
../acados/acados/ocp_qp/ocp_qp_xcond_solver.c:728:6:ocp_qp_xcond_solver_terminate	40	static
../acados/acados/ocp_qp/ocp_qp_xcond_solver.c:741:6:ocp_qp_xcond_solver_config_initialize_default	24	static
