../acados/acados/ocp_qp/ocp_qp_full_condensing.c:58:15:ocp_qp_full_condensing_dims_calculate_size	24	static
../acados/acados/ocp_qp/ocp_qp_full_condensing.c:80:7:ocp_qp_full_condensing_dims_assign	32	static
../acados/acados/ocp_qp/ocp_qp_full_condensing.c:114:6:ocp_qp_full_condensing_dims_set	40	static
../acados/acados/ocp_qp/ocp_qp_full_condensing.c:127:6:ocp_qp_full_condensing_dims_get	32	static
../acados/acados/ocp_qp/ocp_qp_full_condensing.c:153:15:ocp_qp_full_condensing_opts_calculate_size	24	static
../acados/acados/ocp_qp/ocp_qp_full_condensing.c:185:7:ocp_qp_full_condensing_opts_assign	24	static
../acados/acados/ocp_qp/ocp_qp_full_condensing.c:222:6:ocp_qp_full_condensing_opts_initialize_default	24	static
../acados/acados/ocp_qp/ocp_qp_full_condensing.c:248:6:ocp_qp_full_condensing_opts_update	24	static
../acados/acados/ocp_qp/ocp_qp_full_condensing.c:260:6:ocp_qp_full_condensing_opts_set	40	static
../acados/acados/ocp_qp/ocp_qp_full_condensing.c:298:15:ocp_qp_full_condensing_memory_calculate_size	32	static
../acados/acados/ocp_qp/ocp_qp_full_condensing.c:333:7:ocp_qp_full_condensing_memory_assign	40	static
../acados/acados/ocp_qp/ocp_qp_full_condensing.c:392:6:ocp_qp_full_condensing_memory_get	48	static
../acados/acados/ocp_qp/ocp_qp_full_condensing.c:437:15:ocp_qp_full_condensing_workspace_calculate_size	16	static
../acados/acados/ocp_qp/ocp_qp_full_condensing.c:450:5:ocp_qp_full_condensing	72	static
../acados/acados/ocp_qp/ocp_qp_full_condensing.c:492:5:ocp_qp_full_condensing_condense_qp_out	56	static
../acados/acados/ocp_qp/ocp_qp_full_condensing.c:508:5:ocp_qp_full_condensing_condense_lhs	72	static
../acados/acados/ocp_qp/ocp_qp_full_condensing.c:537:5:ocp_qp_full_condensing_condense_rhs	72	static
../acados/acados/ocp_qp/ocp_qp_full_condensing.c:565:5:ocp_qp_full_condensing_condense_rhs_seed	80	static
../acados/acados/ocp_qp/ocp_qp_full_condensing.c:595:5:ocp_qp_full_expansion	80	static
../acados/acados/ocp_qp/ocp_qp_full_condensing.c:620:5:ocp_qp_full_condensing_expand_sol_seed	88	static
../acados/acados/ocp_qp/ocp_qp_full_condensing.c:645:6:ocp_qp_full_condensing_config_initialize_default	24	static
